#-----------------------------------------------------------
# Vivado v2021.2 (64-bit)
# SW Build 3367213 on Tue Oct 19 02:47:39 MDT 2021
# IP Build 3369179 on Thu Oct 21 08:25:16 MDT 2021
# Start of session at: Tue May 23 01:18:45 2023
# Process ID: 42321
# Current directory: /home/sam/project/vitis_hls/new_fixedpoint2205/solution1/impl/ip
# Command line: vivado -notrace -mode batch -source run_ippack.tcl
# Log file: /home/sam/project/vitis_hls/new_fixedpoint2205/solution1/impl/ip/vivado.log
# Journal file: /home/sam/project/vitis_hls/new_fixedpoint2205/solution1/impl/ip/vivado.jou
# Running On: sam-HP-Pavilion-Laptop-15-eg0xxx, OS: Linux, CPU Frequency: 2400.000 MHz, CPU Physical cores: 4, Host memory: 16532 MB
#-----------------------------------------------------------
source run_ippack.tcl -notrace
INFO: [IP_Flow 19-234] Refreshing IP repositories
INFO: [IP_Flow 19-1704] No user IP repositories specified
INFO: [IP_Flow 19-2313] Loaded Vivado IP repository '/tools/Xilinx/Vivado/2021.2/data/ip'.
WARNING: [IP_Flow 19-4832] The IP name 'rrt_dadd_64ns_64ns_64_12_full_dsp_0_ip' you have specified is long. The Windows operating system has path length limitations. It is recommended you use shorter names to reduce the likelihood of issues.
INFO: [IP_Flow 19-1686] Generating 'Synthesis' target for IP 'rrt_dadd_64ns_64ns_64_12_full_dsp_0_ip'...
INFO: [IP_Flow 19-1686] Generating 'Simulation' target for IP 'rrt_dadd_64ns_64ns_64_12_full_dsp_0_ip'...
WARNING: [IP_Flow 19-4832] The IP name 'rrt_fadd_32ns_32ns_32_9_full_dsp_1_ip' you have specified is long. The Windows operating system has path length limitations. It is recommended you use shorter names to reduce the likelihood of issues.
INFO: [IP_Flow 19-1686] Generating 'Synthesis' target for IP 'rrt_fadd_32ns_32ns_32_9_full_dsp_1_ip'...
INFO: [IP_Flow 19-1686] Generating 'Simulation' target for IP 'rrt_fadd_32ns_32ns_32_9_full_dsp_1_ip'...
WARNING: [IP_Flow 19-4832] The IP name 'rrt_fcmp_32ns_32ns_1_3_no_dsp_0_ip' you have specified is long. The Windows operating system has path length limitations. It is recommended you use shorter names to reduce the likelihood of issues.
INFO: [IP_Flow 19-1686] Generating 'Synthesis' target for IP 'rrt_fcmp_32ns_32ns_1_3_no_dsp_0_ip'...
INFO: [IP_Flow 19-1686] Generating 'Simulation' target for IP 'rrt_fcmp_32ns_32ns_1_3_no_dsp_0_ip'...
WARNING: [IP_Flow 19-4832] The IP name 'rrt_fmul_32ns_32ns_32_5_max_dsp_0_ip' you have specified is long. The Windows operating system has path length limitations. It is recommended you use shorter names to reduce the likelihood of issues.
INFO: [IP_Flow 19-1686] Generating 'Synthesis' target for IP 'rrt_fmul_32ns_32ns_32_5_max_dsp_0_ip'...
INFO: [IP_Flow 19-1686] Generating 'Simulation' target for IP 'rrt_fmul_32ns_32ns_32_5_max_dsp_0_ip'...
WARNING: [IP_Flow 19-4832] The IP name 'rrt_fpext_32ns_64_2_no_dsp_0_ip' you have specified is long. The Windows operating system has path length limitations. It is recommended you use shorter names to reduce the likelihood of issues.
INFO: [IP_Flow 19-1686] Generating 'Synthesis' target for IP 'rrt_fpext_32ns_64_2_no_dsp_0_ip'...
INFO: [IP_Flow 19-1686] Generating 'Simulation' target for IP 'rrt_fpext_32ns_64_2_no_dsp_0_ip'...
WARNING: [IP_Flow 19-4832] The IP name 'rrt_fptrunc_64ns_32_3_no_dsp_1_ip' you have specified is long. The Windows operating system has path length limitations. It is recommended you use shorter names to reduce the likelihood of issues.
INFO: [IP_Flow 19-1686] Generating 'Synthesis' target for IP 'rrt_fptrunc_64ns_32_3_no_dsp_1_ip'...
INFO: [IP_Flow 19-1686] Generating 'Simulation' target for IP 'rrt_fptrunc_64ns_32_3_no_dsp_1_ip'...
WARNING: [IP_Flow 19-4832] The IP name 'rrt_fsub_32ns_32ns_32_9_full_dsp_1_ip' you have specified is long. The Windows operating system has path length limitations. It is recommended you use shorter names to reduce the likelihood of issues.
INFO: [IP_Flow 19-1686] Generating 'Synthesis' target for IP 'rrt_fsub_32ns_32ns_32_9_full_dsp_1_ip'...
INFO: [IP_Flow 19-1686] Generating 'Simulation' target for IP 'rrt_fsub_32ns_32ns_32_9_full_dsp_1_ip'...
WARNING: [IP_Flow 19-4832] The IP name 'rrt_hptosp_16ns_32_2_no_dsp_1_ip' you have specified is long. The Windows operating system has path length limitations. It is recommended you use shorter names to reduce the likelihood of issues.
INFO: [IP_Flow 19-1686] Generating 'Synthesis' target for IP 'rrt_hptosp_16ns_32_2_no_dsp_1_ip'...
INFO: [IP_Flow 19-1686] Generating 'Simulation' target for IP 'rrt_hptosp_16ns_32_2_no_dsp_1_ip'...
WARNING: [IP_Flow 19-4832] The IP name 'rrt_sitofp_32ns_32_7_no_dsp_1_ip' you have specified is long. The Windows operating system has path length limitations. It is recommended you use shorter names to reduce the likelihood of issues.
INFO: [IP_Flow 19-1686] Generating 'Synthesis' target for IP 'rrt_sitofp_32ns_32_7_no_dsp_1_ip'...
INFO: [IP_Flow 19-1686] Generating 'Simulation' target for IP 'rrt_sitofp_32ns_32_7_no_dsp_1_ip'...
WARNING: [IP_Flow 19-4832] The IP name 'rrt_sitofp_32ns_32_7_no_dsp_1_x_ip' you have specified is long. The Windows operating system has path length limitations. It is recommended you use shorter names to reduce the likelihood of issues.
INFO: [IP_Flow 19-1686] Generating 'Synthesis' target for IP 'rrt_sitofp_32ns_32_7_no_dsp_1_x_ip'...
INFO: [IP_Flow 19-1686] Generating 'Simulation' target for IP 'rrt_sitofp_32ns_32_7_no_dsp_1_x_ip'...
INFO: [IP_Flow 19-234] Refreshing IP repositories
INFO: [IP_Flow 19-1704] No user IP repositories specified
INFO: [IP_Flow 19-2313] Loaded Vivado IP repository '/tools/Xilinx/Vivado/2021.2/data/ip'.
INFO: [Common 17-206] Exiting Vivado at Tue May 23 01:19:20 2023...
