

================================================================
== Vitis HLS Report for 'FloatToFixed_16ul_s'
================================================================
* Date:           Tue May 30 11:08:29 2023

* Version:        2021.2 (Build 3367213 on Tue Oct 19 02:47:39 MDT 2021)
* Project:        new_fixedpoint2205
* Solution:       solution1 (Vivado IP Flow Target)
* Product family: zynq
* Target device:  xc7z020-clg400-1


================================================================
== Performance Estimates
================================================================
+ Timing: 
    * Summary: 
    +--------+---------+----------+------------+
    |  Clock |  Target | Estimated| Uncertainty|
    +--------+---------+----------+------------+
    |ap_clk  |  6.75 ns|  4.820 ns|     1.82 ns|
    +--------+---------+----------+------------+

+ Latency: 
    * Summary: 
    +---------+---------+----------+----------+-----+-----+---------+
    |  Latency (cycles) |  Latency (absolute) |  Interval | Pipeline|
    |   min   |   max   |    min   |    max   | min | max |   Type  |
    +---------+---------+----------+----------+-----+-----+---------+
    |       21|       21|  0.142 us|  0.142 us|    1|    1|      yes|
    +---------+---------+----------+----------+-----+-----+---------+

    + Detail: 
        * Instance: 
        N/A

        * Loop: 
        N/A



================================================================
== Utilization Estimates
================================================================
* Summary: 
+-----------------+---------+-----+--------+-------+-----+
|       Name      | BRAM_18K| DSP |   FF   |  LUT  | URAM|
+-----------------+---------+-----+--------+-------+-----+
|DSP              |        -|    -|       -|      -|    -|
|Expression       |        -|    -|       0|   1153|    -|
|FIFO             |        -|    -|       -|      -|    -|
|Instance         |        -|    6|     994|   1487|    -|
|Memory           |        -|    -|       -|      -|    -|
|Multiplexer      |        -|    -|       -|     14|    -|
|Register         |        -|    -|     520|     96|    -|
+-----------------+---------+-----+--------+-------+-----+
|Total            |        0|    6|    1514|   2750|    0|
+-----------------+---------+-----+--------+-------+-----+
|Available        |      280|  220|  106400|  53200|    0|
+-----------------+---------+-----+--------+-------+-----+
|Utilization (%)  |        0|    2|       1|      5|    0|
+-----------------+---------+-----+--------+-------+-----+

+ Detail: 
    * Instance: 
    +------------------------------------+---------------------------------+---------+----+-----+------+-----+
    |              Instance              |              Module             | BRAM_18K| DSP|  FF |  LUT | URAM|
    +------------------------------------+---------------------------------+---------+----+-----+------+-----+
    |dadd_64ns_64ns_64_12_full_dsp_0_U4  |dadd_64ns_64ns_64_12_full_dsp_0  |        0|   3|  843|  1162|    0|
    |fcmp_32ns_32ns_1_3_no_dsp_0_U3      |fcmp_32ns_32ns_1_3_no_dsp_0      |        0|   0|    0|     0|    0|
    |fmul_32ns_32ns_32_5_max_dsp_0_U1    |fmul_32ns_32ns_32_5_max_dsp_0    |        0|   3|  151|   325|    0|
    |fpext_32ns_64_2_no_dsp_0_U2         |fpext_32ns_64_2_no_dsp_0         |        0|   0|    0|     0|    0|
    +------------------------------------+---------------------------------+---------+----+-----+------+-----+
    |Total                               |                                 |        0|   6|  994|  1487|    0|
    +------------------------------------+---------------------------------+---------+----+-----+------+-----+

    * DSP: 
    N/A

    * Memory: 
    N/A

    * FIFO: 
    N/A

    * Expression: 
    +-----------------------+----------+----+---+-----+------------+------------+
    |     Variable Name     | Operation| DSP| FF| LUT | Bitwidth P0| Bitwidth P1|
    +-----------------------+----------+----+---+-----+------------+------------+
    |add_ln513_fu_157_p2    |         +|   0|  0|   12|          12|          11|
    |result_V_23_fu_250_p2  |         -|   0|  0|   39|           1|          32|
    |sub_ln1364_fu_171_p2   |         -|   0|  0|   12|          10|          11|
    |and_ln7_fu_115_p2      |       and|   0|  0|    2|           1|           1|
    |icmp_ln7_2_fu_105_p2   |      icmp|   0|  0|   15|          23|           1|
    |icmp_ln7_fu_99_p2      |      icmp|   0|  0|   11|           8|           2|
    |r_V_fu_209_p2          |      lshr|   0|  0|  460|         137|         137|
    |or_ln7_fu_111_p2       |        or|   0|  0|    2|           1|           1|
    |result_V_fu_255_p3     |    select|   0|  0|   32|           1|          32|
    |select_ln7_fu_120_p3   |    select|   0|  0|   64|           1|          62|
    |ush_fu_181_p3          |    select|   0|  0|   12|           1|          12|
    |val_fu_243_p3          |    select|   0|  0|   32|           1|          32|
    |r_V_12_fu_215_p2       |       shl|   0|  0|  460|         137|         137|
    +-----------------------+----------+----+---+-----+------------+------------+
    |Total                  |          |   0|  0| 1153|         334|         471|
    +-----------------------+----------+----+---+-----+------------+------------+

    * Multiplexer: 
    +-----------+----+-----------+-----+-----------+
    |    Name   | LUT| Input Size| Bits| Total Bits|
    +-----------+----+-----------+-----+-----------+
    |ap_return  |  14|          3|   32|         96|
    +-----------+----+-----------+-----+-----------+
    |Total      |  14|          3|   32|         96|
    +-----------+----+-----------+-----+-----------+

    * Register: 
    +-----------------------------------+----+----+-----+-----------+
    |                Name               | FF | LUT| Bits| Const Bits|
    +-----------------------------------+----+----+-----+-----------+
    |ap_ce_reg                          |   1|   0|    1|          0|
    |ap_return_int_reg                  |  32|   0|   32|          0|
    |conv_reg_287                       |  64|   0|   64|          0|
    |d_int_reg                          |  32|   0|   32|          0|
    |dc_reg_297                         |  64|   0|   64|          0|
    |icmp_ln7_2_reg_272                 |   1|   0|    1|          0|
    |icmp_ln7_reg_267                   |   1|   0|    1|          0|
    |isNeg_reg_312                      |   1|   0|    1|          0|
    |mul_reg_282                        |  32|   0|   32|          0|
    |p_Result_s_reg_302                 |   1|   0|    1|          0|
    |p_Result_s_reg_302_pp0_iter20_reg  |   1|   0|    1|          0|
    |select_ln7_reg_292                 |   1|   0|   64|         63|
    |tmp_3_reg_277                      |   1|   0|    1|          0|
    |tmp_45_reg_307                     |  52|   0|   52|          0|
    |ush_reg_317                        |  12|   0|   12|          0|
    |val_reg_322                        |  32|   0|   32|          0|
    |icmp_ln7_2_reg_272                 |  64|  32|    1|          0|
    |icmp_ln7_reg_267                   |  64|  32|    1|          0|
    |tmp_3_reg_277                      |  64|  32|    1|          0|
    +-----------------------------------+----+----+-----+-----------+
    |Total                              | 520|  96|  394|         63|
    +-----------------------------------+----+----+-----+-----------+



================================================================
== Interface
================================================================
* Summary: 
+-----------+-----+-----+------------+--------------------+--------------+
| RTL Ports | Dir | Bits|  Protocol  |    Source Object   |    C Type    |
+-----------+-----+-----+------------+--------------------+--------------+
|ap_clk     |   in|    1|  ap_ctrl_hs|  FloatToFixed<16ul>|  return value|
|ap_rst     |   in|    1|  ap_ctrl_hs|  FloatToFixed<16ul>|  return value|
|ap_return  |  out|   32|  ap_ctrl_hs|  FloatToFixed<16ul>|  return value|
|ap_ce      |   in|    1|  ap_ctrl_hs|  FloatToFixed<16ul>|  return value|
|d          |   in|   32|     ap_none|                   d|        scalar|
+-----------+-----+-----+------------+--------------------+--------------+

============================================================
+ Verbose Summary: Synthesis Manager
============================================================
InlineROM: 1
ExposeGlobal: 0
============================================================
+ Verbose Summary: CDFG Model
============================================================
IsTopModel: 0
ResetActiveHigh: 1
IsCombinational: 2
IsDatapathOnly: 1
HasWiredReturn: 1
HasMFsm: 2
HasVarLatency: 0
IsPipeline: 1
IsRtlPipelined: 1
IsInstanceOverlapped: 1
IsDontTouch: 0
HasImplIP: 0
IsGatedGlobalClock: 0

+ Individual pipeline summary: 
  * Pipeline-0: initiation interval (II) = 1, depth = 22


============================================================
+ Verbose Summary: Schedule
============================================================
* Number of FSM states : 22
* Pipeline : 1
  Pipeline-0 : II = 1, D = 22, States = { 1 2 3 4 5 6 7 8 9 10 11 12 13 14 15 16 17 18 19 20 21 22 }
* Dataflow Pipeline: 0

* FSM state transitions: 
1 --> 2 
2 --> 3 
3 --> 4 
4 --> 5 
5 --> 6 
6 --> 7 
7 --> 8 
8 --> 9 
9 --> 10 
10 --> 11 
11 --> 12 
12 --> 13 
13 --> 14 
14 --> 15 
15 --> 16 
16 --> 17 
17 --> 18 
18 --> 19 
19 --> 20 
20 --> 21 
21 --> 22 
22 --> 

* FSM state operations: 

State 1 <SV = 0> <Delay = 4.52>
ST_1 : Operation 23 [1/1] (0.00ns)   --->   "%d_read = read i32 @_ssdm_op_Read.ap_auto.float, i32 %d" [new_fixedpoint2205/fixedpt.h:5]   --->   Operation 23 'read' 'd_read' <Predicate = true> <Delay = 0.00>
ST_1 : Operation 24 [5/5] (4.35ns)   --->   "%mul = fmul i32 %d_read, i32 65536" [new_fixedpoint2205/fixedpt.h:7]   --->   Operation 24 'fmul' 'mul' <Predicate = true> <Delay = 4.35> <CoreInst = "FMul_maxdsp">   --->   Core 30 'FMul_maxdsp' <Latency = 4> <II = 1> <Delay = 4.35> <FuncUnit> <Opcode : 'fmul'> <InPorts = 2> <OutPorts = 1>
ST_1 : Operation 25 [1/1] (0.00ns)   --->   "%bitcast_ln7 = bitcast i32 %d_read" [new_fixedpoint2205/fixedpt.h:7]   --->   Operation 25 'bitcast' 'bitcast_ln7' <Predicate = true> <Delay = 0.00>
ST_1 : Operation 26 [1/1] (0.00ns)   --->   "%tmp_s = partselect i8 @_ssdm_op_PartSelect.i8.i32.i32.i32, i32 %bitcast_ln7, i32 23, i32 30" [new_fixedpoint2205/fixedpt.h:7]   --->   Operation 26 'partselect' 'tmp_s' <Predicate = true> <Delay = 0.00>
ST_1 : Operation 27 [1/1] (0.00ns)   --->   "%trunc_ln7 = trunc i32 %bitcast_ln7" [new_fixedpoint2205/fixedpt.h:7]   --->   Operation 27 'trunc' 'trunc_ln7' <Predicate = true> <Delay = 0.00>
ST_1 : Operation 28 [1/1] (1.55ns)   --->   "%icmp_ln7 = icmp_ne  i8 %tmp_s, i8 255" [new_fixedpoint2205/fixedpt.h:7]   --->   Operation 28 'icmp' 'icmp_ln7' <Predicate = true> <Delay = 1.55> <CoreInst = "Cmp">   --->   Core 9 'Cmp' <Latency = 0> <II = 1> <Delay = 1.55> <FuncUnit> <Opcode : 'icmp'> <InPorts = 2> <OutPorts = 1>
ST_1 : Operation 29 [1/1] (2.44ns)   --->   "%icmp_ln7_2 = icmp_eq  i23 %trunc_ln7, i23 0" [new_fixedpoint2205/fixedpt.h:7]   --->   Operation 29 'icmp' 'icmp_ln7_2' <Predicate = true> <Delay = 2.44> <CoreInst = "Cmp">   --->   Core 9 'Cmp' <Latency = 0> <II = 1> <Delay = 1.55> <FuncUnit> <Opcode : 'icmp'> <InPorts = 2> <OutPorts = 1>
ST_1 : Operation 30 [3/3] (4.52ns)   --->   "%tmp_3 = fcmp_oge  i32 %d_read, i32 0" [new_fixedpoint2205/fixedpt.h:7]   --->   Operation 30 'fcmp' 'tmp_3' <Predicate = true> <Delay = 4.52> <CoreInst = "FCompare">   --->   Core 19 'FCompare' <Latency = 2> <II = 1> <Delay = 4.52> <FuncUnit> <Opcode : 'fcmp'> <InPorts = 2> <OutPorts = 1>

State 2 <SV = 1> <Delay = 4.52>
ST_2 : Operation 31 [4/5] (4.35ns)   --->   "%mul = fmul i32 %d_read, i32 65536" [new_fixedpoint2205/fixedpt.h:7]   --->   Operation 31 'fmul' 'mul' <Predicate = true> <Delay = 4.35> <CoreInst = "FMul_maxdsp">   --->   Core 30 'FMul_maxdsp' <Latency = 4> <II = 1> <Delay = 4.35> <FuncUnit> <Opcode : 'fmul'> <InPorts = 2> <OutPorts = 1>
ST_2 : Operation 32 [2/3] (4.52ns)   --->   "%tmp_3 = fcmp_oge  i32 %d_read, i32 0" [new_fixedpoint2205/fixedpt.h:7]   --->   Operation 32 'fcmp' 'tmp_3' <Predicate = true> <Delay = 4.52> <CoreInst = "FCompare">   --->   Core 19 'FCompare' <Latency = 2> <II = 1> <Delay = 4.52> <FuncUnit> <Opcode : 'fcmp'> <InPorts = 2> <OutPorts = 1>

State 3 <SV = 2> <Delay = 4.52>
ST_3 : Operation 33 [3/5] (4.35ns)   --->   "%mul = fmul i32 %d_read, i32 65536" [new_fixedpoint2205/fixedpt.h:7]   --->   Operation 33 'fmul' 'mul' <Predicate = true> <Delay = 4.35> <CoreInst = "FMul_maxdsp">   --->   Core 30 'FMul_maxdsp' <Latency = 4> <II = 1> <Delay = 4.35> <FuncUnit> <Opcode : 'fmul'> <InPorts = 2> <OutPorts = 1>
ST_3 : Operation 34 [1/3] (4.52ns)   --->   "%tmp_3 = fcmp_oge  i32 %d_read, i32 0" [new_fixedpoint2205/fixedpt.h:7]   --->   Operation 34 'fcmp' 'tmp_3' <Predicate = true> <Delay = 4.52> <CoreInst = "FCompare">   --->   Core 19 'FCompare' <Latency = 2> <II = 1> <Delay = 4.52> <FuncUnit> <Opcode : 'fcmp'> <InPorts = 2> <OutPorts = 1>

State 4 <SV = 3> <Delay = 4.35>
ST_4 : Operation 35 [2/5] (4.35ns)   --->   "%mul = fmul i32 %d_read, i32 65536" [new_fixedpoint2205/fixedpt.h:7]   --->   Operation 35 'fmul' 'mul' <Predicate = true> <Delay = 4.35> <CoreInst = "FMul_maxdsp">   --->   Core 30 'FMul_maxdsp' <Latency = 4> <II = 1> <Delay = 4.35> <FuncUnit> <Opcode : 'fmul'> <InPorts = 2> <OutPorts = 1>

State 5 <SV = 4> <Delay = 4.35>
ST_5 : Operation 36 [1/5] (4.35ns)   --->   "%mul = fmul i32 %d_read, i32 65536" [new_fixedpoint2205/fixedpt.h:7]   --->   Operation 36 'fmul' 'mul' <Predicate = true> <Delay = 4.35> <CoreInst = "FMul_maxdsp">   --->   Core 30 'FMul_maxdsp' <Latency = 4> <II = 1> <Delay = 4.35> <FuncUnit> <Opcode : 'fmul'> <InPorts = 2> <OutPorts = 1>

State 6 <SV = 5> <Delay = 4.43>
ST_6 : Operation 37 [2/2] (4.43ns)   --->   "%conv = fpext i32 %mul" [new_fixedpoint2205/fixedpt.h:7]   --->   Operation 37 'fpext' 'conv' <Predicate = true> <Delay = 4.43> <CoreInst = "Float2Double">   --->   Core 64 'Float2Double' <Latency = 1> <II = 1> <Delay = 4.43> <FuncUnit> <Opcode : 'fpext'> <InPorts = 1> <OutPorts = 1>

State 7 <SV = 6> <Delay = 4.43>
ST_7 : Operation 38 [1/2] (4.43ns)   --->   "%conv = fpext i32 %mul" [new_fixedpoint2205/fixedpt.h:7]   --->   Operation 38 'fpext' 'conv' <Predicate = true> <Delay = 4.43> <CoreInst = "Float2Double">   --->   Core 64 'Float2Double' <Latency = 1> <II = 1> <Delay = 4.43> <FuncUnit> <Opcode : 'fpext'> <InPorts = 1> <OutPorts = 1>
ST_7 : Operation 39 [1/1] (0.00ns) (grouped into LUT with out node select_ln7)   --->   "%or_ln7 = or i1 %icmp_ln7_2, i1 %icmp_ln7" [new_fixedpoint2205/fixedpt.h:7]   --->   Operation 39 'or' 'or_ln7' <Predicate = true> <Delay = 0.00> <CoreInst = "LogicGate">   --->   Core 74 'LogicGate' <Latency = 0> <II = 1> <Delay = 0.97> <FuncUnit> <Opcode : 'and' 'or' 'xor'> <InPorts = 2> <OutPorts = 1>
ST_7 : Operation 40 [1/1] (0.00ns) (grouped into LUT with out node select_ln7)   --->   "%and_ln7 = and i1 %or_ln7, i1 %tmp_3" [new_fixedpoint2205/fixedpt.h:7]   --->   Operation 40 'and' 'and_ln7' <Predicate = true> <Delay = 0.00> <CoreInst = "LogicGate">   --->   Core 74 'LogicGate' <Latency = 0> <II = 1> <Delay = 0.97> <FuncUnit> <Opcode : 'and' 'or' 'xor'> <InPorts = 2> <OutPorts = 1>
ST_7 : Operation 41 [1/1] (1.48ns) (out node of the LUT)   --->   "%select_ln7 = select i1 %and_ln7, i64 0.5, i64 -0.5" [new_fixedpoint2205/fixedpt.h:7]   --->   Operation 41 'select' 'select_ln7' <Predicate = true> <Delay = 1.48> <CoreInst = "Sel">   --->   Core 73 'Sel' <Latency = 0> <II = 1> <Delay = 0.69> <FuncUnit> <Opcode : 'select'> <InPorts = 3> <OutPorts = 1>

State 8 <SV = 7> <Delay = 4.82>
ST_8 : Operation 42 [12/12] (4.82ns)   --->   "%dc = dadd i64 %conv, i64 %select_ln7" [new_fixedpoint2205/fixedpt.h:7]   --->   Operation 42 'dadd' 'dc' <Predicate = true> <Delay = 4.82> <CoreInst = "DAddSub_fulldsp">   --->   Core 37 'DAddSub_fulldsp' <Latency = 11> <II = 1> <Delay = 4.82> <FuncUnit> <Opcode : 'dadd' 'dsub'> <InPorts = 2> <OutPorts = 1>

State 9 <SV = 8> <Delay = 4.82>
ST_9 : Operation 43 [11/12] (4.82ns)   --->   "%dc = dadd i64 %conv, i64 %select_ln7" [new_fixedpoint2205/fixedpt.h:7]   --->   Operation 43 'dadd' 'dc' <Predicate = true> <Delay = 4.82> <CoreInst = "DAddSub_fulldsp">   --->   Core 37 'DAddSub_fulldsp' <Latency = 11> <II = 1> <Delay = 4.82> <FuncUnit> <Opcode : 'dadd' 'dsub'> <InPorts = 2> <OutPorts = 1>

State 10 <SV = 9> <Delay = 4.82>
ST_10 : Operation 44 [10/12] (4.82ns)   --->   "%dc = dadd i64 %conv, i64 %select_ln7" [new_fixedpoint2205/fixedpt.h:7]   --->   Operation 44 'dadd' 'dc' <Predicate = true> <Delay = 4.82> <CoreInst = "DAddSub_fulldsp">   --->   Core 37 'DAddSub_fulldsp' <Latency = 11> <II = 1> <Delay = 4.82> <FuncUnit> <Opcode : 'dadd' 'dsub'> <InPorts = 2> <OutPorts = 1>

State 11 <SV = 10> <Delay = 4.82>
ST_11 : Operation 45 [9/12] (4.82ns)   --->   "%dc = dadd i64 %conv, i64 %select_ln7" [new_fixedpoint2205/fixedpt.h:7]   --->   Operation 45 'dadd' 'dc' <Predicate = true> <Delay = 4.82> <CoreInst = "DAddSub_fulldsp">   --->   Core 37 'DAddSub_fulldsp' <Latency = 11> <II = 1> <Delay = 4.82> <FuncUnit> <Opcode : 'dadd' 'dsub'> <InPorts = 2> <OutPorts = 1>

State 12 <SV = 11> <Delay = 4.82>
ST_12 : Operation 46 [8/12] (4.82ns)   --->   "%dc = dadd i64 %conv, i64 %select_ln7" [new_fixedpoint2205/fixedpt.h:7]   --->   Operation 46 'dadd' 'dc' <Predicate = true> <Delay = 4.82> <CoreInst = "DAddSub_fulldsp">   --->   Core 37 'DAddSub_fulldsp' <Latency = 11> <II = 1> <Delay = 4.82> <FuncUnit> <Opcode : 'dadd' 'dsub'> <InPorts = 2> <OutPorts = 1>

State 13 <SV = 12> <Delay = 4.82>
ST_13 : Operation 47 [7/12] (4.82ns)   --->   "%dc = dadd i64 %conv, i64 %select_ln7" [new_fixedpoint2205/fixedpt.h:7]   --->   Operation 47 'dadd' 'dc' <Predicate = true> <Delay = 4.82> <CoreInst = "DAddSub_fulldsp">   --->   Core 37 'DAddSub_fulldsp' <Latency = 11> <II = 1> <Delay = 4.82> <FuncUnit> <Opcode : 'dadd' 'dsub'> <InPorts = 2> <OutPorts = 1>

State 14 <SV = 13> <Delay = 4.82>
ST_14 : Operation 48 [6/12] (4.82ns)   --->   "%dc = dadd i64 %conv, i64 %select_ln7" [new_fixedpoint2205/fixedpt.h:7]   --->   Operation 48 'dadd' 'dc' <Predicate = true> <Delay = 4.82> <CoreInst = "DAddSub_fulldsp">   --->   Core 37 'DAddSub_fulldsp' <Latency = 11> <II = 1> <Delay = 4.82> <FuncUnit> <Opcode : 'dadd' 'dsub'> <InPorts = 2> <OutPorts = 1>

State 15 <SV = 14> <Delay = 4.82>
ST_15 : Operation 49 [5/12] (4.82ns)   --->   "%dc = dadd i64 %conv, i64 %select_ln7" [new_fixedpoint2205/fixedpt.h:7]   --->   Operation 49 'dadd' 'dc' <Predicate = true> <Delay = 4.82> <CoreInst = "DAddSub_fulldsp">   --->   Core 37 'DAddSub_fulldsp' <Latency = 11> <II = 1> <Delay = 4.82> <FuncUnit> <Opcode : 'dadd' 'dsub'> <InPorts = 2> <OutPorts = 1>

State 16 <SV = 15> <Delay = 4.82>
ST_16 : Operation 50 [4/12] (4.82ns)   --->   "%dc = dadd i64 %conv, i64 %select_ln7" [new_fixedpoint2205/fixedpt.h:7]   --->   Operation 50 'dadd' 'dc' <Predicate = true> <Delay = 4.82> <CoreInst = "DAddSub_fulldsp">   --->   Core 37 'DAddSub_fulldsp' <Latency = 11> <II = 1> <Delay = 4.82> <FuncUnit> <Opcode : 'dadd' 'dsub'> <InPorts = 2> <OutPorts = 1>

State 17 <SV = 16> <Delay = 4.82>
ST_17 : Operation 51 [3/12] (4.82ns)   --->   "%dc = dadd i64 %conv, i64 %select_ln7" [new_fixedpoint2205/fixedpt.h:7]   --->   Operation 51 'dadd' 'dc' <Predicate = true> <Delay = 4.82> <CoreInst = "DAddSub_fulldsp">   --->   Core 37 'DAddSub_fulldsp' <Latency = 11> <II = 1> <Delay = 4.82> <FuncUnit> <Opcode : 'dadd' 'dsub'> <InPorts = 2> <OutPorts = 1>

State 18 <SV = 17> <Delay = 4.82>
ST_18 : Operation 52 [2/12] (4.82ns)   --->   "%dc = dadd i64 %conv, i64 %select_ln7" [new_fixedpoint2205/fixedpt.h:7]   --->   Operation 52 'dadd' 'dc' <Predicate = true> <Delay = 4.82> <CoreInst = "DAddSub_fulldsp">   --->   Core 37 'DAddSub_fulldsp' <Latency = 11> <II = 1> <Delay = 4.82> <FuncUnit> <Opcode : 'dadd' 'dsub'> <InPorts = 2> <OutPorts = 1>

State 19 <SV = 18> <Delay = 4.82>
ST_19 : Operation 53 [1/12] (4.82ns)   --->   "%dc = dadd i64 %conv, i64 %select_ln7" [new_fixedpoint2205/fixedpt.h:7]   --->   Operation 53 'dadd' 'dc' <Predicate = true> <Delay = 4.82> <CoreInst = "DAddSub_fulldsp">   --->   Core 37 'DAddSub_fulldsp' <Latency = 11> <II = 1> <Delay = 4.82> <FuncUnit> <Opcode : 'dadd' 'dsub'> <InPorts = 2> <OutPorts = 1>

State 20 <SV = 19> <Delay = 2.33>
ST_20 : Operation 54 [1/1] (0.00ns)   --->   "%data_V = bitcast i64 %dc" [/wrk/ci/prod/2021.2/rdi_builds/continuous/2021_10_19_3367213/src/shared/hls/clib/src/hls/utils/x_hls_utils.h:486]   --->   Operation 54 'bitcast' 'data_V' <Predicate = true> <Delay = 0.00>
ST_20 : Operation 55 [1/1] (0.00ns)   --->   "%p_Result_s = bitselect i1 @_ssdm_op_BitSelect.i1.i64.i32, i64 %data_V, i32 63"   --->   Operation 55 'bitselect' 'p_Result_s' <Predicate = true> <Delay = 0.00>
ST_20 : Operation 56 [1/1] (0.00ns)   --->   "%tmp_44 = partselect i11 @_ssdm_op_PartSelect.i11.i64.i32.i32, i64 %data_V, i32 52, i32 62"   --->   Operation 56 'partselect' 'tmp_44' <Predicate = true> <Delay = 0.00>
ST_20 : Operation 57 [1/1] (0.00ns)   --->   "%tmp_45 = trunc i64 %data_V"   --->   Operation 57 'trunc' 'tmp_45' <Predicate = true> <Delay = 0.00>
ST_20 : Operation 58 [1/1] (0.00ns)   --->   "%zext_ln513 = zext i11 %tmp_44" [/wrk/ci/prod/2021.2/rdi_builds/continuous/2021_10_19_3367213/src/shared/hls/clib/src/hls/utils/x_hls_utils.h:513]   --->   Operation 58 'zext' 'zext_ln513' <Predicate = true> <Delay = 0.00>
ST_20 : Operation 59 [1/1] (1.63ns)   --->   "%add_ln513 = add i12 %zext_ln513, i12 3073" [/wrk/ci/prod/2021.2/rdi_builds/continuous/2021_10_19_3367213/src/shared/hls/clib/src/hls/utils/x_hls_utils.h:513]   --->   Operation 59 'add' 'add_ln513' <Predicate = true> <Delay = 1.63> <CoreInst = "Adder">   --->   Core 1 'Adder' <Latency = 0> <II = 1> <Delay = 1.63> <FuncUnit> <Opcode : 'add' 'sub'> <InPorts = 2> <OutPorts = 1>
ST_20 : Operation 60 [1/1] (0.00ns)   --->   "%isNeg = bitselect i1 @_ssdm_op_BitSelect.i1.i12.i32, i12 %add_ln513, i32 11"   --->   Operation 60 'bitselect' 'isNeg' <Predicate = true> <Delay = 0.00>
ST_20 : Operation 61 [1/1] (1.63ns)   --->   "%sub_ln1364 = sub i11 1023, i11 %tmp_44"   --->   Operation 61 'sub' 'sub_ln1364' <Predicate = true> <Delay = 1.63> <CoreInst = "Adder">   --->   Core 1 'Adder' <Latency = 0> <II = 1> <Delay = 1.63> <FuncUnit> <Opcode : 'add' 'sub'> <InPorts = 2> <OutPorts = 1>
ST_20 : Operation 62 [1/1] (0.00ns)   --->   "%sext_ln1364 = sext i11 %sub_ln1364"   --->   Operation 62 'sext' 'sext_ln1364' <Predicate = true> <Delay = 0.00>
ST_20 : Operation 63 [1/1] (0.69ns)   --->   "%ush = select i1 %isNeg, i12 %sext_ln1364, i12 %add_ln513"   --->   Operation 63 'select' 'ush' <Predicate = true> <Delay = 0.69> <CoreInst = "Sel">   --->   Core 73 'Sel' <Latency = 0> <II = 1> <Delay = 0.69> <FuncUnit> <Opcode : 'select'> <InPorts = 3> <OutPorts = 1>

State 21 <SV = 20> <Delay = 4.61>
ST_21 : Operation 64 [1/1] (0.00ns)   --->   "%mantissa = bitconcatenate i54 @_ssdm_op_BitConcatenate.i54.i1.i52.i1, i1 1, i52 %tmp_45, i1 0"   --->   Operation 64 'bitconcatenate' 'mantissa' <Predicate = true> <Delay = 0.00>
ST_21 : Operation 65 [1/1] (0.00ns)   --->   "%zext_ln15 = zext i54 %mantissa" [/wrk/ci/prod/2021.2/rdi_builds/continuous/2021_10_19_3367213/src/shared/hls/clib/hlsmath/include/FloatingPoint/hls_case_IEEE754.h:15]   --->   Operation 65 'zext' 'zext_ln15' <Predicate = true> <Delay = 0.00>
ST_21 : Operation 66 [1/1] (0.00ns)   --->   "%sext_ln1340 = sext i12 %ush"   --->   Operation 66 'sext' 'sext_ln1340' <Predicate = true> <Delay = 0.00>
ST_21 : Operation 67 [1/1] (0.00ns)   --->   "%zext_ln1340 = zext i32 %sext_ln1340"   --->   Operation 67 'zext' 'zext_ln1340' <Predicate = true> <Delay = 0.00>
ST_21 : Operation 68 [1/1] (0.00ns) (grouped into LUT with out node val)   --->   "%r_V = lshr i137 %zext_ln15, i137 %zext_ln1340"   --->   Operation 68 'lshr' 'r_V' <Predicate = (isNeg)> <Delay = 0.00> <CoreInst = "Shifter">   --->   Core 75 'Shifter' <Latency = 0> <II = 1> <Delay = 4.89> <FuncUnit> <Opcode : 'shl' 'lshr' 'ashr'> <InPorts = 2> <OutPorts = 1>
ST_21 : Operation 69 [1/1] (0.00ns) (grouped into LUT with out node val)   --->   "%r_V_12 = shl i137 %zext_ln15, i137 %zext_ln1340"   --->   Operation 69 'shl' 'r_V_12' <Predicate = (!isNeg)> <Delay = 0.00> <CoreInst = "Shifter">   --->   Core 75 'Shifter' <Latency = 0> <II = 1> <Delay = 4.89> <FuncUnit> <Opcode : 'shl' 'lshr' 'ashr'> <InPorts = 2> <OutPorts = 1>
ST_21 : Operation 70 [1/1] (0.00ns) (grouped into LUT with out node val)   --->   "%tmp = bitselect i1 @_ssdm_op_BitSelect.i1.i137.i32, i137 %r_V, i32 53"   --->   Operation 70 'bitselect' 'tmp' <Predicate = (isNeg)> <Delay = 0.00>
ST_21 : Operation 71 [1/1] (0.00ns) (grouped into LUT with out node val)   --->   "%zext_ln671 = zext i1 %tmp"   --->   Operation 71 'zext' 'zext_ln671' <Predicate = (isNeg)> <Delay = 0.00>
ST_21 : Operation 72 [1/1] (0.00ns) (grouped into LUT with out node val)   --->   "%tmp_8 = partselect i32 @_ssdm_op_PartSelect.i32.i137.i32.i32, i137 %r_V_12, i32 53, i32 84"   --->   Operation 72 'partselect' 'tmp_8' <Predicate = (!isNeg)> <Delay = 0.00>
ST_21 : Operation 73 [1/1] (4.61ns) (out node of the LUT)   --->   "%val = select i1 %isNeg, i32 %zext_ln671, i32 %tmp_8"   --->   Operation 73 'select' 'val' <Predicate = true> <Delay = 4.61> <CoreInst = "Sel">   --->   Core 73 'Sel' <Latency = 0> <II = 1> <Delay = 0.69> <FuncUnit> <Opcode : 'select'> <InPorts = 3> <OutPorts = 1>

State 22 <SV = 21> <Delay = 3.25>
ST_22 : Operation 74 [1/1] (2.55ns)   --->   "%result_V_23 = sub i32 0, i32 %val"   --->   Operation 74 'sub' 'result_V_23' <Predicate = (p_Result_s)> <Delay = 2.55> <CoreInst = "Adder">   --->   Core 1 'Adder' <Latency = 0> <II = 1> <Delay = 1.63> <FuncUnit> <Opcode : 'add' 'sub'> <InPorts = 2> <OutPorts = 1>
ST_22 : Operation 75 [1/1] (0.69ns)   --->   "%result_V = select i1 %p_Result_s, i32 %result_V_23, i32 %val" [/wrk/ci/prod/2021.2/rdi_builds/continuous/2021_10_19_3367213/src/shared/hls/clib/hlsmath/include/FloatingPoint/hls_case_IEEE754.h:59]   --->   Operation 75 'select' 'result_V' <Predicate = true> <Delay = 0.69> <CoreInst = "Sel">   --->   Core 73 'Sel' <Latency = 0> <II = 1> <Delay = 0.69> <FuncUnit> <Opcode : 'select'> <InPorts = 3> <OutPorts = 1>
ST_22 : Operation 76 [1/1] (0.00ns)   --->   "%ret_ln7 = ret i32 %result_V" [new_fixedpoint2205/fixedpt.h:7]   --->   Operation 76 'ret' 'ret_ln7' <Predicate = true> <Delay = 0.00>


============================================================
+ Verbose Summary: Binding
============================================================
STG Binding: 
---------------- STG Properties BEGIN ----------------
- Is combinational: 0
- Is one-state seq: 0
- Is datapath-only: 1
- Is pipelined: 1
- Is top level: 0
Port [ Return ] is wired: 1; IO mode=ap_ctrl_hs:ce=0
Port [ d]:  wired=1; compound=0; hidden=0; nouse=0; global=0; static=0; extern=0; dir=0; type=0; pingpong=0; private_global=0; IO mode=ap_none:ce=0
---------------- STG Properties END ------------------

---------------- Datapath Model BEGIN ----------------

<LifeTime>
<method=bitvector/>
d_read      (read          ) [ 01111100000000000000000]
bitcast_ln7 (bitcast       ) [ 00000000000000000000000]
tmp_s       (partselect    ) [ 00000000000000000000000]
trunc_ln7   (trunc         ) [ 00000000000000000000000]
icmp_ln7    (icmp          ) [ 01111111000000000000000]
icmp_ln7_2  (icmp          ) [ 01111111000000000000000]
tmp_3       (fcmp          ) [ 01001111000000000000000]
mul         (fmul          ) [ 01000011000000000000000]
conv        (fpext         ) [ 01000000111111111111000]
or_ln7      (or            ) [ 00000000000000000000000]
and_ln7     (and           ) [ 00000000000000000000000]
select_ln7  (select        ) [ 01000000111111111111000]
dc          (dadd          ) [ 01000000000000000000100]
data_V      (bitcast       ) [ 00000000000000000000000]
p_Result_s  (bitselect     ) [ 01000000000000000000011]
tmp_44      (partselect    ) [ 00000000000000000000000]
tmp_45      (trunc         ) [ 01000000000000000000010]
zext_ln513  (zext          ) [ 00000000000000000000000]
add_ln513   (add           ) [ 00000000000000000000000]
isNeg       (bitselect     ) [ 01000000000000000000010]
sub_ln1364  (sub           ) [ 00000000000000000000000]
sext_ln1364 (sext          ) [ 00000000000000000000000]
ush         (select        ) [ 01000000000000000000010]
mantissa    (bitconcatenate) [ 00000000000000000000000]
zext_ln15   (zext          ) [ 00000000000000000000000]
sext_ln1340 (sext          ) [ 00000000000000000000000]
zext_ln1340 (zext          ) [ 00000000000000000000000]
r_V         (lshr          ) [ 00000000000000000000000]
r_V_12      (shl           ) [ 00000000000000000000000]
tmp         (bitselect     ) [ 00000000000000000000000]
zext_ln671  (zext          ) [ 00000000000000000000000]
tmp_8       (partselect    ) [ 00000000000000000000000]
val         (select        ) [ 01000000000000000000001]
result_V_23 (sub           ) [ 00000000000000000000000]
result_V    (select        ) [ 00000000000000000000000]
ret_ln7     (ret           ) [ 00000000000000000000000]
</LifeTime>

<model>

<comp_list>
<comp id="0" class="1000" name="d">
<pin_list>
<pin id="1" dir="1" index="0" bw="1" slack="0"/>
</pin_list>
<bind>
<StgValue><ssdm name="d"/></StgValue>
</bind>
</comp>

<comp id="2" class="1001" name="const_2">
<pin_list>
<pin id="3" dir="1" index="0" bw="1" slack="0"/>
</pin_list>
<bind>
<StgValue><ssdm name="_ssdm_op_Read.ap_auto.float"/></StgValue>
</bind>
</comp>

<comp id="4" class="1001" name="const_4">
<pin_list>
<pin id="5" dir="1" index="0" bw="1" slack="0"/>
</pin_list>
<bind>
<StgValue><ssdm name=""/></StgValue>
</bind>
</comp>

<comp id="6" class="1001" name="const_6">
<pin_list>
<pin id="7" dir="1" index="0" bw="1" slack="0"/>
</pin_list>
<bind>
<StgValue><ssdm name="_ssdm_op_PartSelect.i8.i32.i32.i32"/></StgValue>
</bind>
</comp>

<comp id="8" class="1001" name="const_8">
<pin_list>
<pin id="9" dir="1" index="0" bw="1" slack="0"/>
</pin_list>
<bind>
<StgValue><ssdm name=""/></StgValue>
</bind>
</comp>

<comp id="10" class="1001" name="const_10">
<pin_list>
<pin id="11" dir="1" index="0" bw="1" slack="0"/>
</pin_list>
<bind>
<StgValue><ssdm name=""/></StgValue>
</bind>
</comp>

<comp id="12" class="1001" name="const_12">
<pin_list>
<pin id="13" dir="1" index="0" bw="1" slack="0"/>
</pin_list>
<bind>
<StgValue><ssdm name=""/></StgValue>
</bind>
</comp>

<comp id="14" class="1001" name="const_14">
<pin_list>
<pin id="15" dir="1" index="0" bw="1" slack="0"/>
</pin_list>
<bind>
<StgValue><ssdm name=""/></StgValue>
</bind>
</comp>

<comp id="16" class="1001" name="const_16">
<pin_list>
<pin id="17" dir="1" index="0" bw="1" slack="0"/>
</pin_list>
<bind>
<StgValue><ssdm name=""/></StgValue>
</bind>
</comp>

<comp id="18" class="1001" name="const_18">
<pin_list>
<pin id="19" dir="1" index="0" bw="1" slack="0"/>
</pin_list>
<bind>
<StgValue><ssdm name=""/></StgValue>
</bind>
</comp>

<comp id="20" class="1001" name="const_20">
<pin_list>
<pin id="21" dir="1" index="0" bw="1" slack="0"/>
</pin_list>
<bind>
<StgValue><ssdm name=""/></StgValue>
</bind>
</comp>

<comp id="22" class="1001" name="const_22">
<pin_list>
<pin id="23" dir="1" index="0" bw="1" slack="0"/>
</pin_list>
<bind>
<StgValue><ssdm name="_ssdm_op_BitSelect.i1.i64.i32"/></StgValue>
</bind>
</comp>

<comp id="24" class="1001" name="const_24">
<pin_list>
<pin id="25" dir="1" index="0" bw="1" slack="0"/>
</pin_list>
<bind>
<StgValue><ssdm name=""/></StgValue>
</bind>
</comp>

<comp id="26" class="1001" name="const_26">
<pin_list>
<pin id="27" dir="1" index="0" bw="1" slack="0"/>
</pin_list>
<bind>
<StgValue><ssdm name="_ssdm_op_PartSelect.i11.i64.i32.i32"/></StgValue>
</bind>
</comp>

<comp id="28" class="1001" name="const_28">
<pin_list>
<pin id="29" dir="1" index="0" bw="1" slack="0"/>
</pin_list>
<bind>
<StgValue><ssdm name=""/></StgValue>
</bind>
</comp>

<comp id="30" class="1001" name="const_30">
<pin_list>
<pin id="31" dir="1" index="0" bw="1" slack="0"/>
</pin_list>
<bind>
<StgValue><ssdm name=""/></StgValue>
</bind>
</comp>

<comp id="32" class="1001" name="const_32">
<pin_list>
<pin id="33" dir="1" index="0" bw="1" slack="0"/>
</pin_list>
<bind>
<StgValue><ssdm name=""/></StgValue>
</bind>
</comp>

<comp id="34" class="1001" name="const_34">
<pin_list>
<pin id="35" dir="1" index="0" bw="1" slack="0"/>
</pin_list>
<bind>
<StgValue><ssdm name="_ssdm_op_BitSelect.i1.i12.i32"/></StgValue>
</bind>
</comp>

<comp id="36" class="1001" name="const_36">
<pin_list>
<pin id="37" dir="1" index="0" bw="1" slack="0"/>
</pin_list>
<bind>
<StgValue><ssdm name=""/></StgValue>
</bind>
</comp>

<comp id="38" class="1001" name="const_38">
<pin_list>
<pin id="39" dir="1" index="0" bw="1" slack="0"/>
</pin_list>
<bind>
<StgValue><ssdm name=""/></StgValue>
</bind>
</comp>

<comp id="40" class="1001" name="const_40">
<pin_list>
<pin id="41" dir="1" index="0" bw="1" slack="0"/>
</pin_list>
<bind>
<StgValue><ssdm name="_ssdm_op_BitConcatenate.i54.i1.i52.i1"/></StgValue>
</bind>
</comp>

<comp id="42" class="1001" name="const_42">
<pin_list>
<pin id="43" dir="1" index="0" bw="1" slack="0"/>
</pin_list>
<bind>
<StgValue><ssdm name=""/></StgValue>
</bind>
</comp>

<comp id="44" class="1001" name="const_44">
<pin_list>
<pin id="45" dir="1" index="0" bw="1" slack="0"/>
</pin_list>
<bind>
<StgValue><ssdm name=""/></StgValue>
</bind>
</comp>

<comp id="46" class="1001" name="const_46">
<pin_list>
<pin id="47" dir="1" index="0" bw="1" slack="0"/>
</pin_list>
<bind>
<StgValue><ssdm name="_ssdm_op_BitSelect.i1.i137.i32"/></StgValue>
</bind>
</comp>

<comp id="48" class="1001" name="const_48">
<pin_list>
<pin id="49" dir="1" index="0" bw="1" slack="0"/>
</pin_list>
<bind>
<StgValue><ssdm name=""/></StgValue>
</bind>
</comp>

<comp id="50" class="1001" name="const_50">
<pin_list>
<pin id="51" dir="1" index="0" bw="1" slack="0"/>
</pin_list>
<bind>
<StgValue><ssdm name="_ssdm_op_PartSelect.i32.i137.i32.i32"/></StgValue>
</bind>
</comp>

<comp id="52" class="1001" name="const_52">
<pin_list>
<pin id="53" dir="1" index="0" bw="1" slack="0"/>
</pin_list>
<bind>
<StgValue><ssdm name=""/></StgValue>
</bind>
</comp>

<comp id="54" class="1001" name="const_54">
<pin_list>
<pin id="55" dir="1" index="0" bw="1" slack="0"/>
</pin_list>
<bind>
<StgValue><ssdm name=""/></StgValue>
</bind>
</comp>

<comp id="56" class="1004" name="d_read_read_fu_56">
<pin_list>
<pin id="57" dir="0" index="0" bw="32" slack="0"/>
<pin id="58" dir="0" index="1" bw="32" slack="0"/>
<pin id="59" dir="1" index="2" bw="32" slack="0"/>
</pin_list>
<bind>
<opcode="read(1150) " fcode="read"/>
<opset="d_read/1 "/>
</bind>
</comp>

<comp id="62" class="1004" name="grp_fu_62">
<pin_list>
<pin id="63" dir="0" index="0" bw="32" slack="0"/>
<pin id="64" dir="0" index="1" bw="32" slack="0"/>
<pin id="65" dir="1" index="2" bw="32" slack="1"/>
</pin_list>
<bind>
<opcode="fmul(13) " fcode="fmul"/>
<opset="mul/1 "/>
</bind>
</comp>

<comp id="68" class="1004" name="grp_fu_68">
<pin_list>
<pin id="69" dir="0" index="0" bw="32" slack="1"/>
<pin id="70" dir="1" index="1" bw="64" slack="1"/>
</pin_list>
<bind>
<opcode="fpext(41) " fcode="fpext"/>
<opset="conv/6 "/>
</bind>
</comp>

<comp id="71" class="1004" name="grp_fu_71">
<pin_list>
<pin id="72" dir="0" index="0" bw="32" slack="0"/>
<pin id="73" dir="0" index="1" bw="32" slack="0"/>
<pin id="74" dir="1" index="2" bw="1" slack="4"/>
</pin_list>
<bind>
<opcode="fcmp(46) " fcode="fcmp"/>
<opset="tmp_3/1 "/>
</bind>
</comp>

<comp id="77" class="1004" name="grp_fu_77">
<pin_list>
<pin id="78" dir="0" index="0" bw="64" slack="1"/>
<pin id="79" dir="0" index="1" bw="64" slack="1"/>
<pin id="80" dir="1" index="2" bw="64" slack="1"/>
</pin_list>
<bind>
<opcode="dadd(508) " fcode="dadd"/>
<opset="dc/8 "/>
</bind>
</comp>

<comp id="81" class="1004" name="bitcast_ln7_fu_81">
<pin_list>
<pin id="82" dir="0" index="0" bw="32" slack="0"/>
<pin id="83" dir="1" index="1" bw="32" slack="0"/>
</pin_list>
<bind>
<opcode="bitcast(44) " fcode="bitcast"/>
<opset="bitcast_ln7/1 "/>
</bind>
</comp>

<comp id="85" class="1004" name="tmp_s_fu_85">
<pin_list>
<pin id="86" dir="0" index="0" bw="8" slack="0"/>
<pin id="87" dir="0" index="1" bw="32" slack="0"/>
<pin id="88" dir="0" index="2" bw="6" slack="0"/>
<pin id="89" dir="0" index="3" bw="6" slack="0"/>
<pin id="90" dir="1" index="4" bw="8" slack="0"/>
</pin_list>
<bind>
<opcode="partselect(1002) " fcode="partselect"/>
<opset="tmp_s/1 "/>
</bind>
</comp>

<comp id="95" class="1004" name="trunc_ln7_fu_95">
<pin_list>
<pin id="96" dir="0" index="0" bw="32" slack="0"/>
<pin id="97" dir="1" index="1" bw="23" slack="0"/>
</pin_list>
<bind>
<opcode="trunc(33) " fcode="trunc"/>
<opset="trunc_ln7/1 "/>
</bind>
</comp>

<comp id="99" class="1004" name="icmp_ln7_fu_99">
<pin_list>
<pin id="100" dir="0" index="0" bw="8" slack="0"/>
<pin id="101" dir="0" index="1" bw="8" slack="0"/>
<pin id="102" dir="1" index="2" bw="1" slack="6"/>
</pin_list>
<bind>
<opcode="icmp(45) " fcode="icmp"/>
<opset="icmp_ln7/1 "/>
</bind>
</comp>

<comp id="105" class="1004" name="icmp_ln7_2_fu_105">
<pin_list>
<pin id="106" dir="0" index="0" bw="23" slack="0"/>
<pin id="107" dir="0" index="1" bw="23" slack="0"/>
<pin id="108" dir="1" index="2" bw="1" slack="6"/>
</pin_list>
<bind>
<opcode="icmp(45) " fcode="icmp"/>
<opset="icmp_ln7_2/1 "/>
</bind>
</comp>

<comp id="111" class="1004" name="or_ln7_fu_111">
<pin_list>
<pin id="112" dir="0" index="0" bw="1" slack="6"/>
<pin id="113" dir="0" index="1" bw="1" slack="6"/>
<pin id="114" dir="1" index="2" bw="1" slack="0"/>
</pin_list>
<bind>
<opcode="or(24) " fcode="or"/>
<opset="or_ln7/7 "/>
</bind>
</comp>

<comp id="115" class="1004" name="and_ln7_fu_115">
<pin_list>
<pin id="116" dir="0" index="0" bw="1" slack="0"/>
<pin id="117" dir="0" index="1" bw="1" slack="4"/>
<pin id="118" dir="1" index="2" bw="1" slack="0"/>
</pin_list>
<bind>
<opcode="and(23) " fcode="and"/>
<opset="and_ln7/7 "/>
</bind>
</comp>

<comp id="120" class="1004" name="select_ln7_fu_120">
<pin_list>
<pin id="121" dir="0" index="0" bw="1" slack="0"/>
<pin id="122" dir="0" index="1" bw="64" slack="0"/>
<pin id="123" dir="0" index="2" bw="64" slack="0"/>
<pin id="124" dir="1" index="3" bw="64" slack="1"/>
</pin_list>
<bind>
<opcode="select(49) " fcode="select"/>
<opset="select_ln7/7 "/>
</bind>
</comp>

<comp id="128" class="1004" name="data_V_fu_128">
<pin_list>
<pin id="129" dir="0" index="0" bw="64" slack="1"/>
<pin id="130" dir="1" index="1" bw="64" slack="0"/>
</pin_list>
<bind>
<opcode="bitcast(44) " fcode="bitcast"/>
<opset="data_V/20 "/>
</bind>
</comp>

<comp id="131" class="1004" name="p_Result_s_fu_131">
<pin_list>
<pin id="132" dir="0" index="0" bw="1" slack="0"/>
<pin id="133" dir="0" index="1" bw="64" slack="0"/>
<pin id="134" dir="0" index="2" bw="7" slack="0"/>
<pin id="135" dir="1" index="3" bw="1" slack="2"/>
</pin_list>
<bind>
<opcode="bitselect(1000) " fcode="bitselect"/>
<opset="p_Result_s/20 "/>
</bind>
</comp>

<comp id="139" class="1004" name="tmp_44_fu_139">
<pin_list>
<pin id="140" dir="0" index="0" bw="11" slack="0"/>
<pin id="141" dir="0" index="1" bw="64" slack="0"/>
<pin id="142" dir="0" index="2" bw="7" slack="0"/>
<pin id="143" dir="0" index="3" bw="7" slack="0"/>
<pin id="144" dir="1" index="4" bw="11" slack="0"/>
</pin_list>
<bind>
<opcode="partselect(1002) " fcode="partselect"/>
<opset="tmp_44/20 "/>
</bind>
</comp>

<comp id="149" class="1004" name="tmp_45_fu_149">
<pin_list>
<pin id="150" dir="0" index="0" bw="64" slack="0"/>
<pin id="151" dir="1" index="1" bw="52" slack="1"/>
</pin_list>
<bind>
<opcode="trunc(33) " fcode="trunc"/>
<opset="tmp_45/20 "/>
</bind>
</comp>

<comp id="153" class="1004" name="zext_ln513_fu_153">
<pin_list>
<pin id="154" dir="0" index="0" bw="11" slack="0"/>
<pin id="155" dir="1" index="1" bw="12" slack="0"/>
</pin_list>
<bind>
<opcode="zext(34) " fcode="zext"/>
<opset="zext_ln513/20 "/>
</bind>
</comp>

<comp id="157" class="1004" name="add_ln513_fu_157">
<pin_list>
<pin id="158" dir="0" index="0" bw="11" slack="0"/>
<pin id="159" dir="0" index="1" bw="11" slack="0"/>
<pin id="160" dir="1" index="2" bw="12" slack="0"/>
</pin_list>
<bind>
<opcode="add(8) " fcode="add"/>
<opset="add_ln513/20 "/>
</bind>
</comp>

<comp id="163" class="1004" name="isNeg_fu_163">
<pin_list>
<pin id="164" dir="0" index="0" bw="1" slack="0"/>
<pin id="165" dir="0" index="1" bw="12" slack="0"/>
<pin id="166" dir="0" index="2" bw="5" slack="0"/>
<pin id="167" dir="1" index="3" bw="1" slack="0"/>
</pin_list>
<bind>
<opcode="bitselect(1000) " fcode="bitselect"/>
<opset="isNeg/20 "/>
</bind>
</comp>

<comp id="171" class="1004" name="sub_ln1364_fu_171">
<pin_list>
<pin id="172" dir="0" index="0" bw="11" slack="0"/>
<pin id="173" dir="0" index="1" bw="11" slack="0"/>
<pin id="174" dir="1" index="2" bw="11" slack="0"/>
</pin_list>
<bind>
<opcode="sub(10) " fcode="sub"/>
<opset="sub_ln1364/20 "/>
</bind>
</comp>

<comp id="177" class="1004" name="sext_ln1364_fu_177">
<pin_list>
<pin id="178" dir="0" index="0" bw="11" slack="0"/>
<pin id="179" dir="1" index="1" bw="12" slack="0"/>
</pin_list>
<bind>
<opcode="sext(35) " fcode="sext"/>
<opset="sext_ln1364/20 "/>
</bind>
</comp>

<comp id="181" class="1004" name="ush_fu_181">
<pin_list>
<pin id="182" dir="0" index="0" bw="1" slack="0"/>
<pin id="183" dir="0" index="1" bw="12" slack="0"/>
<pin id="184" dir="0" index="2" bw="12" slack="0"/>
<pin id="185" dir="1" index="3" bw="12" slack="1"/>
</pin_list>
<bind>
<opcode="select(49) " fcode="select"/>
<opset="ush/20 "/>
</bind>
</comp>

<comp id="189" class="1004" name="mantissa_fu_189">
<pin_list>
<pin id="190" dir="0" index="0" bw="54" slack="0"/>
<pin id="191" dir="0" index="1" bw="1" slack="0"/>
<pin id="192" dir="0" index="2" bw="52" slack="1"/>
<pin id="193" dir="0" index="3" bw="1" slack="0"/>
<pin id="194" dir="1" index="4" bw="54" slack="0"/>
</pin_list>
<bind>
<opcode="bitconcatenate(1004) " fcode="bitconcatenate"/>
<opset="mantissa/21 "/>
</bind>
</comp>

<comp id="198" class="1004" name="zext_ln15_fu_198">
<pin_list>
<pin id="199" dir="0" index="0" bw="54" slack="0"/>
<pin id="200" dir="1" index="1" bw="137" slack="0"/>
</pin_list>
<bind>
<opcode="zext(34) " fcode="zext"/>
<opset="zext_ln15/21 "/>
</bind>
</comp>

<comp id="202" class="1004" name="sext_ln1340_fu_202">
<pin_list>
<pin id="203" dir="0" index="0" bw="12" slack="1"/>
<pin id="204" dir="1" index="1" bw="32" slack="0"/>
</pin_list>
<bind>
<opcode="sext(35) " fcode="sext"/>
<opset="sext_ln1340/21 "/>
</bind>
</comp>

<comp id="205" class="1004" name="zext_ln1340_fu_205">
<pin_list>
<pin id="206" dir="0" index="0" bw="12" slack="0"/>
<pin id="207" dir="1" index="1" bw="137" slack="0"/>
</pin_list>
<bind>
<opcode="zext(34) " fcode="zext"/>
<opset="zext_ln1340/21 "/>
</bind>
</comp>

<comp id="209" class="1004" name="r_V_fu_209">
<pin_list>
<pin id="210" dir="0" index="0" bw="54" slack="0"/>
<pin id="211" dir="0" index="1" bw="32" slack="0"/>
<pin id="212" dir="1" index="2" bw="137" slack="0"/>
</pin_list>
<bind>
<opcode="lshr(21) " fcode="lshr"/>
<opset="r_V/21 "/>
</bind>
</comp>

<comp id="215" class="1004" name="r_V_12_fu_215">
<pin_list>
<pin id="216" dir="0" index="0" bw="54" slack="0"/>
<pin id="217" dir="0" index="1" bw="32" slack="0"/>
<pin id="218" dir="1" index="2" bw="137" slack="0"/>
</pin_list>
<bind>
<opcode="shl(20) " fcode="shl"/>
<opset="r_V_12/21 "/>
</bind>
</comp>

<comp id="221" class="1004" name="tmp_fu_221">
<pin_list>
<pin id="222" dir="0" index="0" bw="1" slack="0"/>
<pin id="223" dir="0" index="1" bw="137" slack="0"/>
<pin id="224" dir="0" index="2" bw="7" slack="0"/>
<pin id="225" dir="1" index="3" bw="1" slack="0"/>
</pin_list>
<bind>
<opcode="bitselect(1000) " fcode="bitselect"/>
<opset="tmp/21 "/>
</bind>
</comp>

<comp id="229" class="1004" name="zext_ln671_fu_229">
<pin_list>
<pin id="230" dir="0" index="0" bw="1" slack="0"/>
<pin id="231" dir="1" index="1" bw="32" slack="0"/>
</pin_list>
<bind>
<opcode="zext(34) " fcode="zext"/>
<opset="zext_ln671/21 "/>
</bind>
</comp>

<comp id="233" class="1004" name="tmp_8_fu_233">
<pin_list>
<pin id="234" dir="0" index="0" bw="32" slack="0"/>
<pin id="235" dir="0" index="1" bw="137" slack="0"/>
<pin id="236" dir="0" index="2" bw="7" slack="0"/>
<pin id="237" dir="0" index="3" bw="8" slack="0"/>
<pin id="238" dir="1" index="4" bw="32" slack="0"/>
</pin_list>
<bind>
<opcode="partselect(1002) " fcode="partselect"/>
<opset="tmp_8/21 "/>
</bind>
</comp>

<comp id="243" class="1004" name="val_fu_243">
<pin_list>
<pin id="244" dir="0" index="0" bw="1" slack="1"/>
<pin id="245" dir="0" index="1" bw="32" slack="0"/>
<pin id="246" dir="0" index="2" bw="32" slack="0"/>
<pin id="247" dir="1" index="3" bw="32" slack="1"/>
</pin_list>
<bind>
<opcode="select(49) " fcode="select"/>
<opset="val/21 "/>
</bind>
</comp>

<comp id="250" class="1004" name="result_V_23_fu_250">
<pin_list>
<pin id="251" dir="0" index="0" bw="1" slack="0"/>
<pin id="252" dir="0" index="1" bw="32" slack="1"/>
<pin id="253" dir="1" index="2" bw="32" slack="0"/>
</pin_list>
<bind>
<opcode="sub(10) " fcode="sub"/>
<opset="result_V_23/22 "/>
</bind>
</comp>

<comp id="255" class="1004" name="result_V_fu_255">
<pin_list>
<pin id="256" dir="0" index="0" bw="1" slack="2"/>
<pin id="257" dir="0" index="1" bw="32" slack="0"/>
<pin id="258" dir="0" index="2" bw="32" slack="1"/>
<pin id="259" dir="1" index="3" bw="32" slack="2147483647"/>
</pin_list>
<bind>
<opcode="select(49) " fcode="select"/>
<opset="result_V/22 "/>
</bind>
</comp>

<comp id="261" class="1005" name="d_read_reg_261">
<pin_list>
<pin id="262" dir="0" index="0" bw="32" slack="1"/>
<pin id="263" dir="1" index="1" bw="32" slack="1"/>
</pin_list>
<bind>
<opset="d_read "/>
</bind>
</comp>

<comp id="267" class="1005" name="icmp_ln7_reg_267">
<pin_list>
<pin id="268" dir="0" index="0" bw="1" slack="6"/>
<pin id="269" dir="1" index="1" bw="1" slack="6"/>
</pin_list>
<bind>
<opset="icmp_ln7 "/>
</bind>
</comp>

<comp id="272" class="1005" name="icmp_ln7_2_reg_272">
<pin_list>
<pin id="273" dir="0" index="0" bw="1" slack="6"/>
<pin id="274" dir="1" index="1" bw="1" slack="6"/>
</pin_list>
<bind>
<opset="icmp_ln7_2 "/>
</bind>
</comp>

<comp id="277" class="1005" name="tmp_3_reg_277">
<pin_list>
<pin id="278" dir="0" index="0" bw="1" slack="4"/>
<pin id="279" dir="1" index="1" bw="1" slack="4"/>
</pin_list>
<bind>
<opset="tmp_3 "/>
</bind>
</comp>

<comp id="282" class="1005" name="mul_reg_282">
<pin_list>
<pin id="283" dir="0" index="0" bw="32" slack="1"/>
<pin id="284" dir="1" index="1" bw="32" slack="1"/>
</pin_list>
<bind>
<opset="mul "/>
</bind>
</comp>

<comp id="287" class="1005" name="conv_reg_287">
<pin_list>
<pin id="288" dir="0" index="0" bw="64" slack="1"/>
<pin id="289" dir="1" index="1" bw="64" slack="1"/>
</pin_list>
<bind>
<opset="conv "/>
</bind>
</comp>

<comp id="292" class="1005" name="select_ln7_reg_292">
<pin_list>
<pin id="293" dir="0" index="0" bw="64" slack="1"/>
<pin id="294" dir="1" index="1" bw="64" slack="1"/>
</pin_list>
<bind>
<opset="select_ln7 "/>
</bind>
</comp>

<comp id="297" class="1005" name="dc_reg_297">
<pin_list>
<pin id="298" dir="0" index="0" bw="64" slack="1"/>
<pin id="299" dir="1" index="1" bw="64" slack="1"/>
</pin_list>
<bind>
<opset="dc "/>
</bind>
</comp>

<comp id="302" class="1005" name="p_Result_s_reg_302">
<pin_list>
<pin id="303" dir="0" index="0" bw="1" slack="2"/>
<pin id="304" dir="1" index="1" bw="1" slack="2"/>
</pin_list>
<bind>
<opset="p_Result_s "/>
</bind>
</comp>

<comp id="307" class="1005" name="tmp_45_reg_307">
<pin_list>
<pin id="308" dir="0" index="0" bw="52" slack="1"/>
<pin id="309" dir="1" index="1" bw="52" slack="1"/>
</pin_list>
<bind>
<opset="tmp_45 "/>
</bind>
</comp>

<comp id="312" class="1005" name="isNeg_reg_312">
<pin_list>
<pin id="313" dir="0" index="0" bw="1" slack="1"/>
<pin id="314" dir="1" index="1" bw="1" slack="1"/>
</pin_list>
<bind>
<opset="isNeg "/>
</bind>
</comp>

<comp id="317" class="1005" name="ush_reg_317">
<pin_list>
<pin id="318" dir="0" index="0" bw="12" slack="1"/>
<pin id="319" dir="1" index="1" bw="12" slack="1"/>
</pin_list>
<bind>
<opset="ush "/>
</bind>
</comp>

<comp id="322" class="1005" name="val_reg_322">
<pin_list>
<pin id="323" dir="0" index="0" bw="32" slack="1"/>
<pin id="324" dir="1" index="1" bw="32" slack="1"/>
</pin_list>
<bind>
<opset="val "/>
</bind>
</comp>

</comp_list>

<net_list>
<net id="60"><net_src comp="2" pin="0"/><net_sink comp="56" pin=0"/></net>

<net id="61"><net_src comp="0" pin="0"/><net_sink comp="56" pin=1"/></net>

<net id="66"><net_src comp="56" pin="2"/><net_sink comp="62" pin=0"/></net>

<net id="67"><net_src comp="4" pin="0"/><net_sink comp="62" pin=1"/></net>

<net id="75"><net_src comp="56" pin="2"/><net_sink comp="71" pin=0"/></net>

<net id="76"><net_src comp="16" pin="0"/><net_sink comp="71" pin=1"/></net>

<net id="84"><net_src comp="56" pin="2"/><net_sink comp="81" pin=0"/></net>

<net id="91"><net_src comp="6" pin="0"/><net_sink comp="85" pin=0"/></net>

<net id="92"><net_src comp="81" pin="1"/><net_sink comp="85" pin=1"/></net>

<net id="93"><net_src comp="8" pin="0"/><net_sink comp="85" pin=2"/></net>

<net id="94"><net_src comp="10" pin="0"/><net_sink comp="85" pin=3"/></net>

<net id="98"><net_src comp="81" pin="1"/><net_sink comp="95" pin=0"/></net>

<net id="103"><net_src comp="85" pin="4"/><net_sink comp="99" pin=0"/></net>

<net id="104"><net_src comp="12" pin="0"/><net_sink comp="99" pin=1"/></net>

<net id="109"><net_src comp="95" pin="1"/><net_sink comp="105" pin=0"/></net>

<net id="110"><net_src comp="14" pin="0"/><net_sink comp="105" pin=1"/></net>

<net id="119"><net_src comp="111" pin="2"/><net_sink comp="115" pin=0"/></net>

<net id="125"><net_src comp="115" pin="2"/><net_sink comp="120" pin=0"/></net>

<net id="126"><net_src comp="18" pin="0"/><net_sink comp="120" pin=1"/></net>

<net id="127"><net_src comp="20" pin="0"/><net_sink comp="120" pin=2"/></net>

<net id="136"><net_src comp="22" pin="0"/><net_sink comp="131" pin=0"/></net>

<net id="137"><net_src comp="128" pin="1"/><net_sink comp="131" pin=1"/></net>

<net id="138"><net_src comp="24" pin="0"/><net_sink comp="131" pin=2"/></net>

<net id="145"><net_src comp="26" pin="0"/><net_sink comp="139" pin=0"/></net>

<net id="146"><net_src comp="128" pin="1"/><net_sink comp="139" pin=1"/></net>

<net id="147"><net_src comp="28" pin="0"/><net_sink comp="139" pin=2"/></net>

<net id="148"><net_src comp="30" pin="0"/><net_sink comp="139" pin=3"/></net>

<net id="152"><net_src comp="128" pin="1"/><net_sink comp="149" pin=0"/></net>

<net id="156"><net_src comp="139" pin="4"/><net_sink comp="153" pin=0"/></net>

<net id="161"><net_src comp="153" pin="1"/><net_sink comp="157" pin=0"/></net>

<net id="162"><net_src comp="32" pin="0"/><net_sink comp="157" pin=1"/></net>

<net id="168"><net_src comp="34" pin="0"/><net_sink comp="163" pin=0"/></net>

<net id="169"><net_src comp="157" pin="2"/><net_sink comp="163" pin=1"/></net>

<net id="170"><net_src comp="36" pin="0"/><net_sink comp="163" pin=2"/></net>

<net id="175"><net_src comp="38" pin="0"/><net_sink comp="171" pin=0"/></net>

<net id="176"><net_src comp="139" pin="4"/><net_sink comp="171" pin=1"/></net>

<net id="180"><net_src comp="171" pin="2"/><net_sink comp="177" pin=0"/></net>

<net id="186"><net_src comp="163" pin="3"/><net_sink comp="181" pin=0"/></net>

<net id="187"><net_src comp="177" pin="1"/><net_sink comp="181" pin=1"/></net>

<net id="188"><net_src comp="157" pin="2"/><net_sink comp="181" pin=2"/></net>

<net id="195"><net_src comp="40" pin="0"/><net_sink comp="189" pin=0"/></net>

<net id="196"><net_src comp="42" pin="0"/><net_sink comp="189" pin=1"/></net>

<net id="197"><net_src comp="44" pin="0"/><net_sink comp="189" pin=3"/></net>

<net id="201"><net_src comp="189" pin="4"/><net_sink comp="198" pin=0"/></net>

<net id="208"><net_src comp="202" pin="1"/><net_sink comp="205" pin=0"/></net>

<net id="213"><net_src comp="198" pin="1"/><net_sink comp="209" pin=0"/></net>

<net id="214"><net_src comp="205" pin="1"/><net_sink comp="209" pin=1"/></net>

<net id="219"><net_src comp="198" pin="1"/><net_sink comp="215" pin=0"/></net>

<net id="220"><net_src comp="205" pin="1"/><net_sink comp="215" pin=1"/></net>

<net id="226"><net_src comp="46" pin="0"/><net_sink comp="221" pin=0"/></net>

<net id="227"><net_src comp="209" pin="2"/><net_sink comp="221" pin=1"/></net>

<net id="228"><net_src comp="48" pin="0"/><net_sink comp="221" pin=2"/></net>

<net id="232"><net_src comp="221" pin="3"/><net_sink comp="229" pin=0"/></net>

<net id="239"><net_src comp="50" pin="0"/><net_sink comp="233" pin=0"/></net>

<net id="240"><net_src comp="215" pin="2"/><net_sink comp="233" pin=1"/></net>

<net id="241"><net_src comp="48" pin="0"/><net_sink comp="233" pin=2"/></net>

<net id="242"><net_src comp="52" pin="0"/><net_sink comp="233" pin=3"/></net>

<net id="248"><net_src comp="229" pin="1"/><net_sink comp="243" pin=1"/></net>

<net id="249"><net_src comp="233" pin="4"/><net_sink comp="243" pin=2"/></net>

<net id="254"><net_src comp="54" pin="0"/><net_sink comp="250" pin=0"/></net>

<net id="260"><net_src comp="250" pin="2"/><net_sink comp="255" pin=1"/></net>

<net id="264"><net_src comp="56" pin="2"/><net_sink comp="261" pin=0"/></net>

<net id="265"><net_src comp="261" pin="1"/><net_sink comp="62" pin=0"/></net>

<net id="266"><net_src comp="261" pin="1"/><net_sink comp="71" pin=0"/></net>

<net id="270"><net_src comp="99" pin="2"/><net_sink comp="267" pin=0"/></net>

<net id="271"><net_src comp="267" pin="1"/><net_sink comp="111" pin=1"/></net>

<net id="275"><net_src comp="105" pin="2"/><net_sink comp="272" pin=0"/></net>

<net id="276"><net_src comp="272" pin="1"/><net_sink comp="111" pin=0"/></net>

<net id="280"><net_src comp="71" pin="2"/><net_sink comp="277" pin=0"/></net>

<net id="281"><net_src comp="277" pin="1"/><net_sink comp="115" pin=1"/></net>

<net id="285"><net_src comp="62" pin="2"/><net_sink comp="282" pin=0"/></net>

<net id="286"><net_src comp="282" pin="1"/><net_sink comp="68" pin=0"/></net>

<net id="290"><net_src comp="68" pin="1"/><net_sink comp="287" pin=0"/></net>

<net id="291"><net_src comp="287" pin="1"/><net_sink comp="77" pin=0"/></net>

<net id="295"><net_src comp="120" pin="3"/><net_sink comp="292" pin=0"/></net>

<net id="296"><net_src comp="292" pin="1"/><net_sink comp="77" pin=1"/></net>

<net id="300"><net_src comp="77" pin="2"/><net_sink comp="297" pin=0"/></net>

<net id="301"><net_src comp="297" pin="1"/><net_sink comp="128" pin=0"/></net>

<net id="305"><net_src comp="131" pin="3"/><net_sink comp="302" pin=0"/></net>

<net id="306"><net_src comp="302" pin="1"/><net_sink comp="255" pin=0"/></net>

<net id="310"><net_src comp="149" pin="1"/><net_sink comp="307" pin=0"/></net>

<net id="311"><net_src comp="307" pin="1"/><net_sink comp="189" pin=2"/></net>

<net id="315"><net_src comp="163" pin="3"/><net_sink comp="312" pin=0"/></net>

<net id="316"><net_src comp="312" pin="1"/><net_sink comp="243" pin=0"/></net>

<net id="320"><net_src comp="181" pin="3"/><net_sink comp="317" pin=0"/></net>

<net id="321"><net_src comp="317" pin="1"/><net_sink comp="202" pin=0"/></net>

<net id="325"><net_src comp="243" pin="3"/><net_sink comp="322" pin=0"/></net>

<net id="326"><net_src comp="322" pin="1"/><net_sink comp="250" pin=1"/></net>

<net id="327"><net_src comp="322" pin="1"/><net_sink comp="255" pin=2"/></net>

</net_list>

</model> 
---------------- Datapath Model END ------------------

* FSMD analyzer results:
  - Output states:
	Port: d | {}
 - Input state : 
	Port: FloatToFixed<16ul> : d | {1 }
  - Chain level:
	State 1
		tmp_s : 1
		trunc_ln7 : 1
		icmp_ln7 : 2
		icmp_ln7_2 : 2
	State 2
	State 3
	State 4
	State 5
	State 6
	State 7
	State 8
	State 9
	State 10
	State 11
	State 12
	State 13
	State 14
	State 15
	State 16
	State 17
	State 18
	State 19
	State 20
		p_Result_s : 1
		tmp_44 : 1
		tmp_45 : 1
		zext_ln513 : 2
		add_ln513 : 3
		isNeg : 4
		sub_ln1364 : 2
		sext_ln1364 : 3
		ush : 5
	State 21
		zext_ln15 : 1
		zext_ln1340 : 1
		r_V : 2
		r_V_12 : 2
		tmp : 3
		zext_ln671 : 4
		tmp_8 : 3
		val : 5
	State 22
		result_V : 1
		ret_ln7 : 2


============================================================
+ Verbose Summary: Datapath Resource usage 
============================================================

* Functional unit list:
|----------|--------------------|---------|---------|---------|
| Operation|   Functional Unit  |   DSP   |    FF   |   LUT   |
|----------|--------------------|---------|---------|---------|
|   dadd   |      grp_fu_77     |    3    |   843   |   1162  |
|----------|--------------------|---------|---------|---------|
|   fmul   |      grp_fu_62     |    3    |   151   |   325   |
|----------|--------------------|---------|---------|---------|
|   lshr   |     r_V_fu_209     |    0    |    0    |   161   |
|----------|--------------------|---------|---------|---------|
|    shl   |    r_V_12_fu_215   |    0    |    0    |   161   |
|----------|--------------------|---------|---------|---------|
|          |  select_ln7_fu_120 |    0    |    0    |    64   |
|  select  |     ush_fu_181     |    0    |    0    |    12   |
|          |     val_fu_243     |    0    |    0    |    32   |
|          |   result_V_fu_255  |    0    |    0    |    32   |
|----------|--------------------|---------|---------|---------|
|    sub   |  sub_ln1364_fu_171 |    0    |    0    |    12   |
|          | result_V_23_fu_250 |    0    |    0    |    39   |
|----------|--------------------|---------|---------|---------|
|   icmp   |   icmp_ln7_fu_99   |    0    |    0    |    11   |
|          |  icmp_ln7_2_fu_105 |    0    |    0    |    15   |
|----------|--------------------|---------|---------|---------|
|    add   |  add_ln513_fu_157  |    0    |    0    |    12   |
|----------|--------------------|---------|---------|---------|
|    or    |    or_ln7_fu_111   |    0    |    0    |    2    |
|----------|--------------------|---------|---------|---------|
|    and   |   and_ln7_fu_115   |    0    |    0    |    2    |
|----------|--------------------|---------|---------|---------|
|   read   |  d_read_read_fu_56 |    0    |    0    |    0    |
|----------|--------------------|---------|---------|---------|
|   fpext  |      grp_fu_68     |    0    |    0    |    0    |
|----------|--------------------|---------|---------|---------|
|   fcmp   |      grp_fu_71     |    0    |    0    |    0    |
|----------|--------------------|---------|---------|---------|
|          |     tmp_s_fu_85    |    0    |    0    |    0    |
|partselect|    tmp_44_fu_139   |    0    |    0    |    0    |
|          |    tmp_8_fu_233    |    0    |    0    |    0    |
|----------|--------------------|---------|---------|---------|
|   trunc  |   trunc_ln7_fu_95  |    0    |    0    |    0    |
|          |    tmp_45_fu_149   |    0    |    0    |    0    |
|----------|--------------------|---------|---------|---------|
|          |  p_Result_s_fu_131 |    0    |    0    |    0    |
| bitselect|    isNeg_fu_163    |    0    |    0    |    0    |
|          |     tmp_fu_221     |    0    |    0    |    0    |
|----------|--------------------|---------|---------|---------|
|          |  zext_ln513_fu_153 |    0    |    0    |    0    |
|   zext   |  zext_ln15_fu_198  |    0    |    0    |    0    |
|          | zext_ln1340_fu_205 |    0    |    0    |    0    |
|          |  zext_ln671_fu_229 |    0    |    0    |    0    |
|----------|--------------------|---------|---------|---------|
|   sext   | sext_ln1364_fu_177 |    0    |    0    |    0    |
|          | sext_ln1340_fu_202 |    0    |    0    |    0    |
|----------|--------------------|---------|---------|---------|
|bitconcatenate|   mantissa_fu_189  |    0    |    0    |    0    |
|----------|--------------------|---------|---------|---------|
|   Total  |                    |    6    |   994   |   2042  |
|----------|--------------------|---------|---------|---------|

Memories:
N/A

* Register list:
+------------------+--------+
|                  |   FF   |
+------------------+--------+
|   conv_reg_287   |   64   |
|  d_read_reg_261  |   32   |
|    dc_reg_297    |   64   |
|icmp_ln7_2_reg_272|    1   |
| icmp_ln7_reg_267 |    1   |
|   isNeg_reg_312  |    1   |
|    mul_reg_282   |   32   |
|p_Result_s_reg_302|    1   |
|select_ln7_reg_292|   64   |
|   tmp_3_reg_277  |    1   |
|  tmp_45_reg_307  |   52   |
|    ush_reg_317   |   12   |
|    val_reg_322   |   32   |
+------------------+--------+
|       Total      |   357  |
+------------------+--------+

* Multiplexer (MUX) list: 
|-----------|------|------|------|--------||---------||---------|
|    Comp   |  Pin | Size |  BW  | S x BW ||  Delay  ||   LUT   |
|-----------|------|------|------|--------||---------||---------|
| grp_fu_62 |  p0  |   2  |  32  |   64   ||    9    |
| grp_fu_71 |  p0  |   2  |  32  |   64   ||    9    |
|-----------|------|------|------|--------||---------||---------|
|   Total   |      |      |      |   128  ||  3.176  ||    18   |
|-----------|------|------|------|--------||---------||---------|



* Summary:
+-----------+--------+--------+--------+--------+
|           |   DSP  |  Delay |   FF   |   LUT  |
+-----------+--------+--------+--------+--------+
|  Function |    6   |    -   |   994  |  2042  |
|   Memory  |    -   |    -   |    -   |    -   |
|Multiplexer|    -   |    3   |    -   |   18   |
|  Register |    -   |    -   |   357  |    -   |
+-----------+--------+--------+--------+--------+
|   Total   |    6   |    3   |  1351  |  2060  |
+-----------+--------+--------+--------+--------+
