

================================================================
== Vitis HLS Report for 'FloatToFixed_16ul_s'
================================================================
* Date:           Tue May 30 11:08:23 2023

* Version:        2021.2 (Build 3367213 on Tue Oct 19 02:47:39 MDT 2021)
* Project:        new_fixedpoint2205
* Solution:       solution1 (Vivado IP Flow Target)
* Product family: zynq
* Target device:  xc7z020-clg400-1


================================================================
== Performance Estimates
================================================================
+ Timing: 
    * Summary: 
    +--------+---------+----------+------------+
    |  Clock |  Target | Estimated| Uncertainty|
    +--------+---------+----------+------------+
    |ap_clk  |  6.75 ns|  4.820 ns|     1.82 ns|
    +--------+---------+----------+------------+

+ Latency: 
    * Summary: 
    +---------+---------+----------+----------+-----+-----+---------+
    |  Latency (cycles) |  Latency (absolute) |  Interval | Pipeline|
    |   min   |   max   |    min   |    max   | min | max |   Type  |
    +---------+---------+----------+----------+-----+-----+---------+
    |       21|       21|  0.142 us|  0.142 us|    1|    1|      yes|
    +---------+---------+----------+----------+-----+-----+---------+

    + Detail: 
        * Instance: 
        N/A

        * Loop: 
        N/A

============================================================
+ Verbose Summary: Synthesis Manager
============================================================
InlineROM: 1
ExposeGlobal: 0
============================================================
+ Verbose Summary: CDFG Model
============================================================
IsTopModel: 0
ResetActiveHigh: 1
IsCombinational: 0
IsDatapathOnly: 0
HasWiredReturn: 1
HasMFsm: 2
HasVarLatency: 0
IsPipeline: 1
IsRtlPipelined: 1
IsInstanceOverlapped: 0
IsDontTouch: 0
HasImplIP: 0
IsGatedGlobalClock: 0

+ Individual pipeline summary: 
  * Pipeline-0: initiation interval (II) = 1, depth = 22


============================================================
+ Verbose Summary: Schedule
============================================================
* Number of FSM states : 22
* Pipeline : 1
  Pipeline-0 : II = 1, D = 22, States = { 1 2 3 4 5 6 7 8 9 10 11 12 13 14 15 16 17 18 19 20 21 22 }
* Dataflow Pipeline: 0

* FSM state transitions: 
1 --> 2 
2 --> 3 
3 --> 4 
4 --> 5 
5 --> 6 
6 --> 7 
7 --> 8 
8 --> 9 
9 --> 10 
10 --> 11 
11 --> 12 
12 --> 13 
13 --> 14 
14 --> 15 
15 --> 16 
16 --> 17 
17 --> 18 
18 --> 19 
19 --> 20 
20 --> 21 
21 --> 22 
22 --> 

* FSM state operations: 

State 1 <SV = 0> <Delay = 4.52>
ST_1 : Operation 23 [1/1] (0.00ns)   --->   "%d_read = read i32 @_ssdm_op_Read.ap_auto.float, i32 %d" [new_fixedpoint2205/fixedpt.h:5]   --->   Operation 23 'read' 'd_read' <Predicate = true> <Delay = 0.00>
ST_1 : Operation 24 [5/5] (4.35ns)   --->   "%mul = fmul i32 %d_read, i32 65536" [new_fixedpoint2205/fixedpt.h:7]   --->   Operation 24 'fmul' 'mul' <Predicate = true> <Delay = 4.35> <CoreInst = "FMul_maxdsp">   --->   Core 30 'FMul_maxdsp' <Latency = 4> <II = 1> <Delay = 4.35> <FuncUnit> <Opcode : 'fmul'> <InPorts = 2> <OutPorts = 1>
ST_1 : Operation 25 [1/1] (0.00ns)   --->   "%bitcast_ln7 = bitcast i32 %d_read" [new_fixedpoint2205/fixedpt.h:7]   --->   Operation 25 'bitcast' 'bitcast_ln7' <Predicate = true> <Delay = 0.00>
ST_1 : Operation 26 [1/1] (0.00ns)   --->   "%tmp_s = partselect i8 @_ssdm_op_PartSelect.i8.i32.i32.i32, i32 %bitcast_ln7, i32 23, i32 30" [new_fixedpoint2205/fixedpt.h:7]   --->   Operation 26 'partselect' 'tmp_s' <Predicate = true> <Delay = 0.00>
ST_1 : Operation 27 [1/1] (0.00ns)   --->   "%trunc_ln7 = trunc i32 %bitcast_ln7" [new_fixedpoint2205/fixedpt.h:7]   --->   Operation 27 'trunc' 'trunc_ln7' <Predicate = true> <Delay = 0.00>
ST_1 : Operation 28 [1/1] (1.55ns)   --->   "%icmp_ln7 = icmp_ne  i8 %tmp_s, i8 255" [new_fixedpoint2205/fixedpt.h:7]   --->   Operation 28 'icmp' 'icmp_ln7' <Predicate = true> <Delay = 1.55> <CoreInst = "Cmp">   --->   Core 9 'Cmp' <Latency = 0> <II = 1> <Delay = 2.44> <FuncUnit> <Opcode : 'icmp'> <InPorts = 2> <OutPorts = 1>
ST_1 : Operation 29 [1/1] (2.44ns)   --->   "%icmp_ln7_2 = icmp_eq  i23 %trunc_ln7, i23 0" [new_fixedpoint2205/fixedpt.h:7]   --->   Operation 29 'icmp' 'icmp_ln7_2' <Predicate = true> <Delay = 2.44> <CoreInst = "Cmp">   --->   Core 9 'Cmp' <Latency = 0> <II = 1> <Delay = 2.44> <FuncUnit> <Opcode : 'icmp'> <InPorts = 2> <OutPorts = 1>
ST_1 : Operation 30 [3/3] (4.52ns)   --->   "%tmp_3 = fcmp_oge  i32 %d_read, i32 0" [new_fixedpoint2205/fixedpt.h:7]   --->   Operation 30 'fcmp' 'tmp_3' <Predicate = true> <Delay = 4.52> <CoreInst = "FCompare">   --->   Core 19 'FCompare' <Latency = 2> <II = 1> <Delay = 4.52> <FuncUnit> <Opcode : 'fcmp'> <InPorts = 2> <OutPorts = 1>

State 2 <SV = 1> <Delay = 4.52>
ST_2 : Operation 31 [4/5] (4.35ns)   --->   "%mul = fmul i32 %d_read, i32 65536" [new_fixedpoint2205/fixedpt.h:7]   --->   Operation 31 'fmul' 'mul' <Predicate = true> <Delay = 4.35> <CoreInst = "FMul_maxdsp">   --->   Core 30 'FMul_maxdsp' <Latency = 4> <II = 1> <Delay = 4.35> <FuncUnit> <Opcode : 'fmul'> <InPorts = 2> <OutPorts = 1>
ST_2 : Operation 32 [2/3] (4.52ns)   --->   "%tmp_3 = fcmp_oge  i32 %d_read, i32 0" [new_fixedpoint2205/fixedpt.h:7]   --->   Operation 32 'fcmp' 'tmp_3' <Predicate = true> <Delay = 4.52> <CoreInst = "FCompare">   --->   Core 19 'FCompare' <Latency = 2> <II = 1> <Delay = 4.52> <FuncUnit> <Opcode : 'fcmp'> <InPorts = 2> <OutPorts = 1>

State 3 <SV = 2> <Delay = 4.52>
ST_3 : Operation 33 [3/5] (4.35ns)   --->   "%mul = fmul i32 %d_read, i32 65536" [new_fixedpoint2205/fixedpt.h:7]   --->   Operation 33 'fmul' 'mul' <Predicate = true> <Delay = 4.35> <CoreInst = "FMul_maxdsp">   --->   Core 30 'FMul_maxdsp' <Latency = 4> <II = 1> <Delay = 4.35> <FuncUnit> <Opcode : 'fmul'> <InPorts = 2> <OutPorts = 1>
ST_3 : Operation 34 [1/3] (4.52ns)   --->   "%tmp_3 = fcmp_oge  i32 %d_read, i32 0" [new_fixedpoint2205/fixedpt.h:7]   --->   Operation 34 'fcmp' 'tmp_3' <Predicate = true> <Delay = 4.52> <CoreInst = "FCompare">   --->   Core 19 'FCompare' <Latency = 2> <II = 1> <Delay = 4.52> <FuncUnit> <Opcode : 'fcmp'> <InPorts = 2> <OutPorts = 1>

State 4 <SV = 3> <Delay = 4.35>
ST_4 : Operation 35 [2/5] (4.35ns)   --->   "%mul = fmul i32 %d_read, i32 65536" [new_fixedpoint2205/fixedpt.h:7]   --->   Operation 35 'fmul' 'mul' <Predicate = true> <Delay = 4.35> <CoreInst = "FMul_maxdsp">   --->   Core 30 'FMul_maxdsp' <Latency = 4> <II = 1> <Delay = 4.35> <FuncUnit> <Opcode : 'fmul'> <InPorts = 2> <OutPorts = 1>

State 5 <SV = 4> <Delay = 4.35>
ST_5 : Operation 36 [1/5] (4.35ns)   --->   "%mul = fmul i32 %d_read, i32 65536" [new_fixedpoint2205/fixedpt.h:7]   --->   Operation 36 'fmul' 'mul' <Predicate = true> <Delay = 4.35> <CoreInst = "FMul_maxdsp">   --->   Core 30 'FMul_maxdsp' <Latency = 4> <II = 1> <Delay = 4.35> <FuncUnit> <Opcode : 'fmul'> <InPorts = 2> <OutPorts = 1>

State 6 <SV = 5> <Delay = 4.43>
ST_6 : Operation 37 [2/2] (4.43ns)   --->   "%conv = fpext i32 %mul" [new_fixedpoint2205/fixedpt.h:7]   --->   Operation 37 'fpext' 'conv' <Predicate = true> <Delay = 4.43> <CoreInst = "Float2Double">   --->   Core 64 'Float2Double' <Latency = 1> <II = 1> <Delay = 4.43> <FuncUnit> <Opcode : 'fpext'> <InPorts = 1> <OutPorts = 1>

State 7 <SV = 6> <Delay = 4.43>
ST_7 : Operation 38 [1/2] (4.43ns)   --->   "%conv = fpext i32 %mul" [new_fixedpoint2205/fixedpt.h:7]   --->   Operation 38 'fpext' 'conv' <Predicate = true> <Delay = 4.43> <CoreInst = "Float2Double">   --->   Core 64 'Float2Double' <Latency = 1> <II = 1> <Delay = 4.43> <FuncUnit> <Opcode : 'fpext'> <InPorts = 1> <OutPorts = 1>
ST_7 : Operation 39 [1/1] (0.00ns) (grouped into LUT with out node select_ln7)   --->   "%or_ln7 = or i1 %icmp_ln7_2, i1 %icmp_ln7" [new_fixedpoint2205/fixedpt.h:7]   --->   Operation 39 'or' 'or_ln7' <Predicate = true> <Delay = 0.00> <CoreInst = "LogicGate">   --->   Core 74 'LogicGate' <Latency = 0> <II = 1> <Delay = 0.97> <FuncUnit> <Opcode : 'and' 'or' 'xor'> <InPorts = 2> <OutPorts = 1>
ST_7 : Operation 40 [1/1] (0.00ns) (grouped into LUT with out node select_ln7)   --->   "%and_ln7 = and i1 %or_ln7, i1 %tmp_3" [new_fixedpoint2205/fixedpt.h:7]   --->   Operation 40 'and' 'and_ln7' <Predicate = true> <Delay = 0.00> <CoreInst = "LogicGate">   --->   Core 74 'LogicGate' <Latency = 0> <II = 1> <Delay = 0.97> <FuncUnit> <Opcode : 'and' 'or' 'xor'> <InPorts = 2> <OutPorts = 1>
ST_7 : Operation 41 [1/1] (1.48ns) (out node of the LUT)   --->   "%select_ln7 = select i1 %and_ln7, i64 0.5, i64 -0.5" [new_fixedpoint2205/fixedpt.h:7]   --->   Operation 41 'select' 'select_ln7' <Predicate = true> <Delay = 1.48> <CoreInst = "Sel">   --->   Core 73 'Sel' <Latency = 0> <II = 1> <Delay = 0.69> <FuncUnit> <Opcode : 'select'> <InPorts = 3> <OutPorts = 1>

State 8 <SV = 7> <Delay = 4.82>
ST_8 : Operation 42 [12/12] (4.82ns)   --->   "%dc = dadd i64 %conv, i64 %select_ln7" [new_fixedpoint2205/fixedpt.h:7]   --->   Operation 42 'dadd' 'dc' <Predicate = true> <Delay = 4.82> <CoreInst = "DAddSub_fulldsp">   --->   Core 37 'DAddSub_fulldsp' <Latency = 11> <II = 1> <Delay = 4.82> <FuncUnit> <Opcode : 'dadd' 'dsub'> <InPorts = 2> <OutPorts = 1>

State 9 <SV = 8> <Delay = 4.82>
ST_9 : Operation 43 [11/12] (4.82ns)   --->   "%dc = dadd i64 %conv, i64 %select_ln7" [new_fixedpoint2205/fixedpt.h:7]   --->   Operation 43 'dadd' 'dc' <Predicate = true> <Delay = 4.82> <CoreInst = "DAddSub_fulldsp">   --->   Core 37 'DAddSub_fulldsp' <Latency = 11> <II = 1> <Delay = 4.82> <FuncUnit> <Opcode : 'dadd' 'dsub'> <InPorts = 2> <OutPorts = 1>

State 10 <SV = 9> <Delay = 4.82>
ST_10 : Operation 44 [10/12] (4.82ns)   --->   "%dc = dadd i64 %conv, i64 %select_ln7" [new_fixedpoint2205/fixedpt.h:7]   --->   Operation 44 'dadd' 'dc' <Predicate = true> <Delay = 4.82> <CoreInst = "DAddSub_fulldsp">   --->   Core 37 'DAddSub_fulldsp' <Latency = 11> <II = 1> <Delay = 4.82> <FuncUnit> <Opcode : 'dadd' 'dsub'> <InPorts = 2> <OutPorts = 1>

State 11 <SV = 10> <Delay = 4.82>
ST_11 : Operation 45 [9/12] (4.82ns)   --->   "%dc = dadd i64 %conv, i64 %select_ln7" [new_fixedpoint2205/fixedpt.h:7]   --->   Operation 45 'dadd' 'dc' <Predicate = true> <Delay = 4.82> <CoreInst = "DAddSub_fulldsp">   --->   Core 37 'DAddSub_fulldsp' <Latency = 11> <II = 1> <Delay = 4.82> <FuncUnit> <Opcode : 'dadd' 'dsub'> <InPorts = 2> <OutPorts = 1>

State 12 <SV = 11> <Delay = 4.82>
ST_12 : Operation 46 [8/12] (4.82ns)   --->   "%dc = dadd i64 %conv, i64 %select_ln7" [new_fixedpoint2205/fixedpt.h:7]   --->   Operation 46 'dadd' 'dc' <Predicate = true> <Delay = 4.82> <CoreInst = "DAddSub_fulldsp">   --->   Core 37 'DAddSub_fulldsp' <Latency = 11> <II = 1> <Delay = 4.82> <FuncUnit> <Opcode : 'dadd' 'dsub'> <InPorts = 2> <OutPorts = 1>

State 13 <SV = 12> <Delay = 4.82>
ST_13 : Operation 47 [7/12] (4.82ns)   --->   "%dc = dadd i64 %conv, i64 %select_ln7" [new_fixedpoint2205/fixedpt.h:7]   --->   Operation 47 'dadd' 'dc' <Predicate = true> <Delay = 4.82> <CoreInst = "DAddSub_fulldsp">   --->   Core 37 'DAddSub_fulldsp' <Latency = 11> <II = 1> <Delay = 4.82> <FuncUnit> <Opcode : 'dadd' 'dsub'> <InPorts = 2> <OutPorts = 1>

State 14 <SV = 13> <Delay = 4.82>
ST_14 : Operation 48 [6/12] (4.82ns)   --->   "%dc = dadd i64 %conv, i64 %select_ln7" [new_fixedpoint2205/fixedpt.h:7]   --->   Operation 48 'dadd' 'dc' <Predicate = true> <Delay = 4.82> <CoreInst = "DAddSub_fulldsp">   --->   Core 37 'DAddSub_fulldsp' <Latency = 11> <II = 1> <Delay = 4.82> <FuncUnit> <Opcode : 'dadd' 'dsub'> <InPorts = 2> <OutPorts = 1>

State 15 <SV = 14> <Delay = 4.82>
ST_15 : Operation 49 [5/12] (4.82ns)   --->   "%dc = dadd i64 %conv, i64 %select_ln7" [new_fixedpoint2205/fixedpt.h:7]   --->   Operation 49 'dadd' 'dc' <Predicate = true> <Delay = 4.82> <CoreInst = "DAddSub_fulldsp">   --->   Core 37 'DAddSub_fulldsp' <Latency = 11> <II = 1> <Delay = 4.82> <FuncUnit> <Opcode : 'dadd' 'dsub'> <InPorts = 2> <OutPorts = 1>

State 16 <SV = 15> <Delay = 4.82>
ST_16 : Operation 50 [4/12] (4.82ns)   --->   "%dc = dadd i64 %conv, i64 %select_ln7" [new_fixedpoint2205/fixedpt.h:7]   --->   Operation 50 'dadd' 'dc' <Predicate = true> <Delay = 4.82> <CoreInst = "DAddSub_fulldsp">   --->   Core 37 'DAddSub_fulldsp' <Latency = 11> <II = 1> <Delay = 4.82> <FuncUnit> <Opcode : 'dadd' 'dsub'> <InPorts = 2> <OutPorts = 1>

State 17 <SV = 16> <Delay = 4.82>
ST_17 : Operation 51 [3/12] (4.82ns)   --->   "%dc = dadd i64 %conv, i64 %select_ln7" [new_fixedpoint2205/fixedpt.h:7]   --->   Operation 51 'dadd' 'dc' <Predicate = true> <Delay = 4.82> <CoreInst = "DAddSub_fulldsp">   --->   Core 37 'DAddSub_fulldsp' <Latency = 11> <II = 1> <Delay = 4.82> <FuncUnit> <Opcode : 'dadd' 'dsub'> <InPorts = 2> <OutPorts = 1>

State 18 <SV = 17> <Delay = 4.82>
ST_18 : Operation 52 [2/12] (4.82ns)   --->   "%dc = dadd i64 %conv, i64 %select_ln7" [new_fixedpoint2205/fixedpt.h:7]   --->   Operation 52 'dadd' 'dc' <Predicate = true> <Delay = 4.82> <CoreInst = "DAddSub_fulldsp">   --->   Core 37 'DAddSub_fulldsp' <Latency = 11> <II = 1> <Delay = 4.82> <FuncUnit> <Opcode : 'dadd' 'dsub'> <InPorts = 2> <OutPorts = 1>

State 19 <SV = 18> <Delay = 4.82>
ST_19 : Operation 53 [1/12] (4.82ns)   --->   "%dc = dadd i64 %conv, i64 %select_ln7" [new_fixedpoint2205/fixedpt.h:7]   --->   Operation 53 'dadd' 'dc' <Predicate = true> <Delay = 4.82> <CoreInst = "DAddSub_fulldsp">   --->   Core 37 'DAddSub_fulldsp' <Latency = 11> <II = 1> <Delay = 4.82> <FuncUnit> <Opcode : 'dadd' 'dsub'> <InPorts = 2> <OutPorts = 1>

State 20 <SV = 19> <Delay = 2.33>
ST_20 : Operation 54 [1/1] (0.00ns)   --->   "%data_V = bitcast i64 %dc" [/wrk/ci/prod/2021.2/rdi_builds/continuous/2021_10_19_3367213/src/shared/hls/clib/src/hls/utils/x_hls_utils.h:486]   --->   Operation 54 'bitcast' 'data_V' <Predicate = true> <Delay = 0.00>
ST_20 : Operation 55 [1/1] (0.00ns)   --->   "%p_Result_s = bitselect i1 @_ssdm_op_BitSelect.i1.i64.i32, i64 %data_V, i32 63"   --->   Operation 55 'bitselect' 'p_Result_s' <Predicate = true> <Delay = 0.00>
ST_20 : Operation 56 [1/1] (0.00ns)   --->   "%tmp_44 = partselect i11 @_ssdm_op_PartSelect.i11.i64.i32.i32, i64 %data_V, i32 52, i32 62"   --->   Operation 56 'partselect' 'tmp_44' <Predicate = true> <Delay = 0.00>
ST_20 : Operation 57 [1/1] (0.00ns)   --->   "%tmp_45 = trunc i64 %data_V"   --->   Operation 57 'trunc' 'tmp_45' <Predicate = true> <Delay = 0.00>
ST_20 : Operation 58 [1/1] (0.00ns)   --->   "%zext_ln513 = zext i11 %tmp_44" [/wrk/ci/prod/2021.2/rdi_builds/continuous/2021_10_19_3367213/src/shared/hls/clib/src/hls/utils/x_hls_utils.h:513]   --->   Operation 58 'zext' 'zext_ln513' <Predicate = true> <Delay = 0.00>
ST_20 : Operation 59 [1/1] (1.63ns)   --->   "%add_ln513 = add i12 %zext_ln513, i12 3073" [/wrk/ci/prod/2021.2/rdi_builds/continuous/2021_10_19_3367213/src/shared/hls/clib/src/hls/utils/x_hls_utils.h:513]   --->   Operation 59 'add' 'add_ln513' <Predicate = true> <Delay = 1.63> <CoreInst = "Adder">   --->   Core 1 'Adder' <Latency = 0> <II = 1> <Delay = 2.55> <FuncUnit> <Opcode : 'add' 'sub'> <InPorts = 2> <OutPorts = 1>
ST_20 : Operation 60 [1/1] (0.00ns)   --->   "%isNeg = bitselect i1 @_ssdm_op_BitSelect.i1.i12.i32, i12 %add_ln513, i32 11"   --->   Operation 60 'bitselect' 'isNeg' <Predicate = true> <Delay = 0.00>
ST_20 : Operation 61 [1/1] (1.63ns)   --->   "%sub_ln1364 = sub i11 1023, i11 %tmp_44"   --->   Operation 61 'sub' 'sub_ln1364' <Predicate = true> <Delay = 1.63> <CoreInst = "Adder">   --->   Core 1 'Adder' <Latency = 0> <II = 1> <Delay = 2.55> <FuncUnit> <Opcode : 'add' 'sub'> <InPorts = 2> <OutPorts = 1>
ST_20 : Operation 62 [1/1] (0.00ns)   --->   "%sext_ln1364 = sext i11 %sub_ln1364"   --->   Operation 62 'sext' 'sext_ln1364' <Predicate = true> <Delay = 0.00>
ST_20 : Operation 63 [1/1] (0.69ns)   --->   "%ush = select i1 %isNeg, i12 %sext_ln1364, i12 %add_ln513"   --->   Operation 63 'select' 'ush' <Predicate = true> <Delay = 0.69> <CoreInst = "Sel">   --->   Core 73 'Sel' <Latency = 0> <II = 1> <Delay = 0.69> <FuncUnit> <Opcode : 'select'> <InPorts = 3> <OutPorts = 1>

State 21 <SV = 20> <Delay = 4.61>
ST_21 : Operation 64 [1/1] (0.00ns)   --->   "%mantissa = bitconcatenate i54 @_ssdm_op_BitConcatenate.i54.i1.i52.i1, i1 1, i52 %tmp_45, i1 0"   --->   Operation 64 'bitconcatenate' 'mantissa' <Predicate = true> <Delay = 0.00>
ST_21 : Operation 65 [1/1] (0.00ns)   --->   "%zext_ln15 = zext i54 %mantissa" [/wrk/ci/prod/2021.2/rdi_builds/continuous/2021_10_19_3367213/src/shared/hls/clib/hlsmath/include/FloatingPoint/hls_case_IEEE754.h:15]   --->   Operation 65 'zext' 'zext_ln15' <Predicate = true> <Delay = 0.00>
ST_21 : Operation 66 [1/1] (0.00ns)   --->   "%sext_ln1340 = sext i12 %ush"   --->   Operation 66 'sext' 'sext_ln1340' <Predicate = true> <Delay = 0.00>
ST_21 : Operation 67 [1/1] (0.00ns)   --->   "%zext_ln1340 = zext i32 %sext_ln1340"   --->   Operation 67 'zext' 'zext_ln1340' <Predicate = true> <Delay = 0.00>
ST_21 : Operation 68 [1/1] (0.00ns) (grouped into LUT with out node val)   --->   "%r_V = lshr i137 %zext_ln15, i137 %zext_ln1340"   --->   Operation 68 'lshr' 'r_V' <Predicate = (isNeg)> <Delay = 0.00> <CoreInst = "Shifter">   --->   Core 75 'Shifter' <Latency = 0> <II = 1> <Delay = 4.61> <FuncUnit> <Opcode : 'shl' 'lshr' 'ashr'> <InPorts = 2> <OutPorts = 1>
ST_21 : Operation 69 [1/1] (0.00ns) (grouped into LUT with out node val)   --->   "%r_V_12 = shl i137 %zext_ln15, i137 %zext_ln1340"   --->   Operation 69 'shl' 'r_V_12' <Predicate = (!isNeg)> <Delay = 0.00> <CoreInst = "Shifter">   --->   Core 75 'Shifter' <Latency = 0> <II = 1> <Delay = 4.61> <FuncUnit> <Opcode : 'shl' 'lshr' 'ashr'> <InPorts = 2> <OutPorts = 1>
ST_21 : Operation 70 [1/1] (0.00ns) (grouped into LUT with out node val)   --->   "%tmp = bitselect i1 @_ssdm_op_BitSelect.i1.i137.i32, i137 %r_V, i32 53"   --->   Operation 70 'bitselect' 'tmp' <Predicate = (isNeg)> <Delay = 0.00>
ST_21 : Operation 71 [1/1] (0.00ns) (grouped into LUT with out node val)   --->   "%zext_ln671 = zext i1 %tmp"   --->   Operation 71 'zext' 'zext_ln671' <Predicate = (isNeg)> <Delay = 0.00>
ST_21 : Operation 72 [1/1] (0.00ns) (grouped into LUT with out node val)   --->   "%tmp_8 = partselect i32 @_ssdm_op_PartSelect.i32.i137.i32.i32, i137 %r_V_12, i32 53, i32 84"   --->   Operation 72 'partselect' 'tmp_8' <Predicate = (!isNeg)> <Delay = 0.00>
ST_21 : Operation 73 [1/1] (4.61ns) (out node of the LUT)   --->   "%val = select i1 %isNeg, i32 %zext_ln671, i32 %tmp_8"   --->   Operation 73 'select' 'val' <Predicate = true> <Delay = 4.61> <CoreInst = "Sel">   --->   Core 73 'Sel' <Latency = 0> <II = 1> <Delay = 0.69> <FuncUnit> <Opcode : 'select'> <InPorts = 3> <OutPorts = 1>

State 22 <SV = 21> <Delay = 3.25>
ST_22 : Operation 74 [1/1] (2.55ns)   --->   "%result_V_23 = sub i32 0, i32 %val"   --->   Operation 74 'sub' 'result_V_23' <Predicate = (p_Result_s)> <Delay = 2.55> <CoreInst = "Adder">   --->   Core 1 'Adder' <Latency = 0> <II = 1> <Delay = 2.55> <FuncUnit> <Opcode : 'add' 'sub'> <InPorts = 2> <OutPorts = 1>
ST_22 : Operation 75 [1/1] (0.69ns)   --->   "%result_V = select i1 %p_Result_s, i32 %result_V_23, i32 %val" [/wrk/ci/prod/2021.2/rdi_builds/continuous/2021_10_19_3367213/src/shared/hls/clib/hlsmath/include/FloatingPoint/hls_case_IEEE754.h:59]   --->   Operation 75 'select' 'result_V' <Predicate = true> <Delay = 0.69> <CoreInst = "Sel">   --->   Core 73 'Sel' <Latency = 0> <II = 1> <Delay = 0.69> <FuncUnit> <Opcode : 'select'> <InPorts = 3> <OutPorts = 1>
ST_22 : Operation 76 [1/1] (0.00ns)   --->   "%ret_ln7 = ret i32 %result_V" [new_fixedpoint2205/fixedpt.h:7]   --->   Operation 76 'ret' 'ret_ln7' <Predicate = true> <Delay = 0.00>


============================================================
+ Verbose Summary: Timing violations
============================================================
Target clock period: 6.75ns, clock uncertainty: 1.82ns.

 <State 1>: 4.53ns
The critical path consists of the following:
	wire read operation ('d', new_fixedpoint2205/fixedpt.h:5) on port 'd' (new_fixedpoint2205/fixedpt.h:5) [2]  (0 ns)
	'fcmp' operation ('tmp_3', new_fixedpoint2205/fixedpt.h:7) [11]  (4.53 ns)

 <State 2>: 4.53ns
The critical path consists of the following:
	'fcmp' operation ('tmp_3', new_fixedpoint2205/fixedpt.h:7) [11]  (4.53 ns)

 <State 3>: 4.53ns
The critical path consists of the following:
	'fcmp' operation ('tmp_3', new_fixedpoint2205/fixedpt.h:7) [11]  (4.53 ns)

 <State 4>: 4.35ns
The critical path consists of the following:
	'fmul' operation ('mul', new_fixedpoint2205/fixedpt.h:7) [3]  (4.35 ns)

 <State 5>: 4.35ns
The critical path consists of the following:
	'fmul' operation ('mul', new_fixedpoint2205/fixedpt.h:7) [3]  (4.35 ns)

 <State 6>: 4.44ns
The critical path consists of the following:
	'fpext' operation ('conv', new_fixedpoint2205/fixedpt.h:7) [4]  (4.44 ns)

 <State 7>: 4.44ns
The critical path consists of the following:
	'fpext' operation ('conv', new_fixedpoint2205/fixedpt.h:7) [4]  (4.44 ns)

 <State 8>: 4.82ns
The critical path consists of the following:
	'dadd' operation ('x', new_fixedpoint2205/fixedpt.h:7) [14]  (4.82 ns)

 <State 9>: 4.82ns
The critical path consists of the following:
	'dadd' operation ('x', new_fixedpoint2205/fixedpt.h:7) [14]  (4.82 ns)

 <State 10>: 4.82ns
The critical path consists of the following:
	'dadd' operation ('x', new_fixedpoint2205/fixedpt.h:7) [14]  (4.82 ns)

 <State 11>: 4.82ns
The critical path consists of the following:
	'dadd' operation ('x', new_fixedpoint2205/fixedpt.h:7) [14]  (4.82 ns)

 <State 12>: 4.82ns
The critical path consists of the following:
	'dadd' operation ('x', new_fixedpoint2205/fixedpt.h:7) [14]  (4.82 ns)

 <State 13>: 4.82ns
The critical path consists of the following:
	'dadd' operation ('x', new_fixedpoint2205/fixedpt.h:7) [14]  (4.82 ns)

 <State 14>: 4.82ns
The critical path consists of the following:
	'dadd' operation ('x', new_fixedpoint2205/fixedpt.h:7) [14]  (4.82 ns)

 <State 15>: 4.82ns
The critical path consists of the following:
	'dadd' operation ('x', new_fixedpoint2205/fixedpt.h:7) [14]  (4.82 ns)

 <State 16>: 4.82ns
The critical path consists of the following:
	'dadd' operation ('x', new_fixedpoint2205/fixedpt.h:7) [14]  (4.82 ns)

 <State 17>: 4.82ns
The critical path consists of the following:
	'dadd' operation ('x', new_fixedpoint2205/fixedpt.h:7) [14]  (4.82 ns)

 <State 18>: 4.82ns
The critical path consists of the following:
	'dadd' operation ('x', new_fixedpoint2205/fixedpt.h:7) [14]  (4.82 ns)

 <State 19>: 4.82ns
The critical path consists of the following:
	'dadd' operation ('x', new_fixedpoint2205/fixedpt.h:7) [14]  (4.82 ns)

 <State 20>: 2.34ns
The critical path consists of the following:
	'add' operation ('sh', /wrk/ci/prod/2021.2/rdi_builds/continuous/2021_10_19_3367213/src/shared/hls/clib/src/hls/utils/x_hls_utils.h:513) [22]  (1.64 ns)
	'select' operation ('ush') [26]  (0.697 ns)

 <State 21>: 4.61ns
The critical path consists of the following:
	'lshr' operation ('r.V') [29]  (0 ns)
	'select' operation ('val') [34]  (4.61 ns)

 <State 22>: 3.25ns
The critical path consists of the following:
	'sub' operation ('result.V') [35]  (2.55 ns)
	'select' operation ('result.V', /wrk/ci/prod/2021.2/rdi_builds/continuous/2021_10_19_3367213/src/shared/hls/clib/hlsmath/include/FloatingPoint/hls_case_IEEE754.h:59) [36]  (0.698 ns)


============================================================
+ Verbose Summary: Binding
============================================================
N/A
* FSMD analyzer results:
  - Output states:
 - Input state : 
  - Chain level:
	State 1
	State 2
	State 3
	State 4
	State 5
	State 6
	State 7
	State 8
	State 9
	State 10
	State 11
	State 12
	State 13
	State 14
	State 15
	State 16
	State 17
	State 18
	State 19
	State 20
	State 21
	State 22


============================================================
+ Verbose Summary: Datapath Resource usage 
============================================================
N/A
