

================================================================
== Vitis HLS Report for 'Nearhw'
================================================================
* Date:           Tue May 30 11:08:26 2023

* Version:        2021.2 (Build 3367213 on Tue Oct 19 02:47:39 MDT 2021)
* Project:        new_fixedpoint2205
* Solution:       solution1 (Vivado IP Flow Target)
* Product family: zynq
* Target device:  xc7z020-clg400-1


================================================================
== Performance Estimates
================================================================
+ Timing: 
    * Summary: 
    +--------+---------+----------+------------+
    |  Clock |  Target | Estimated| Uncertainty|
    +--------+---------+----------+------------+
    |ap_clk  |  6.75 ns|  6.312 ns|     1.82 ns|
    +--------+---------+----------+------------+

+ Latency: 
    * Summary: 
    +---------+---------+----------+----------+-----+-----+---------+
    |  Latency (cycles) |  Latency (absolute) |  Interval | Pipeline|
    |   min   |   max   |    min   |    max   | min | max |   Type  |
    +---------+---------+----------+----------+-----+-----+---------+
    |        ?|        ?|         ?|         ?|    ?|    ?|       no|
    +---------+---------+----------+----------+-----+-----+---------+

    + Detail: 
        * Instance: 
        N/A

        * Loop: 
        +--------------------+---------+---------+----------+-----------+-----------+------+----------+
        |                    |  Latency (cycles) | Iteration|  Initiation Interval  | Trip |          |
        |      Loop Name     |   min   |   max   |  Latency |  achieved |   target  | Count| Pipelined|
        +--------------------+---------+---------+----------+-----------+-----------+------+----------+
        |- VITIS_LOOP_141_1  |        ?|        ?|        30|          1|          1|     ?|       yes|
        +--------------------+---------+---------+----------+-----------+-----------+------+----------+

============================================================
+ Verbose Summary: Synthesis Manager
============================================================
InlineROM: 1
ExposeGlobal: 0
============================================================
+ Verbose Summary: CDFG Model
============================================================
IsTopModel: 0
ResetActiveHigh: 1
IsCombinational: 0
IsDatapathOnly: 0
HasWiredReturn: 1
HasMFsm: 2
HasVarLatency: 1
IsPipeline: 0
IsRtlPipelined: 0
IsInstanceOverlapped: 0
IsDontTouch: 0
HasImplIP: 0
IsGatedGlobalClock: 0

+ Individual pipeline summary: 
  * Pipeline-0: initiation interval (II) = 1, depth = 30


============================================================
+ Verbose Summary: Schedule
============================================================
* Number of FSM states : 38
* Pipeline : 1
  Pipeline-0 : II = 1, D = 30, States = { 8 9 10 11 12 13 14 15 16 17 18 19 20 21 22 23 24 25 26 27 28 29 30 31 32 33 34 35 36 37 }
* Dataflow Pipeline: 0

* FSM state transitions: 
1 --> 2 
2 --> 3 
3 --> 4 
4 --> 5 
5 --> 6 
6 --> 7 
7 --> 8 
8 --> 38 9 
9 --> 10 
10 --> 11 
11 --> 12 
12 --> 13 
13 --> 14 
14 --> 15 
15 --> 16 
16 --> 17 
17 --> 18 
18 --> 19 
19 --> 20 
20 --> 21 
21 --> 22 
22 --> 23 
23 --> 24 
24 --> 25 
25 --> 26 
26 --> 27 
27 --> 28 
28 --> 29 
29 --> 30 
30 --> 31 
31 --> 32 
32 --> 33 
33 --> 34 
34 --> 35 
35 --> 36 
36 --> 37 
37 --> 8 
38 --> 

* FSM state operations: 

State 1 <SV = 0> <Delay = 6.31>
ST_1 : Operation 39 [1/1] (0.00ns)   --->   "%i = alloca i32 1"   --->   Operation 39 'alloca' 'i' <Predicate = true> <Delay = 0.00>
ST_1 : Operation 40 [1/1] (0.00ns)   --->   "%empty = alloca i32 1"   --->   Operation 40 'alloca' 'empty' <Predicate = true> <Delay = 0.00>
ST_1 : Operation 41 [1/1] (0.00ns)   --->   "%X_near_count_0 = alloca i32 1"   --->   Operation 41 'alloca' 'X_near_count_0' <Predicate = true> <Delay = 0.00>
ST_1 : Operation 42 [1/1] (0.00ns)   --->   "%p_read_1 = read i32 @_ssdm_op_Read.ap_auto.i32, i32 %p_read1"   --->   Operation 42 'read' 'p_read_1' <Predicate = true> <Delay = 0.00>
ST_1 : Operation 43 [1/1] (0.00ns)   --->   "%p_read_2 = read i32 @_ssdm_op_Read.ap_auto.i32, i32 %p_read"   --->   Operation 43 'read' 'p_read_2' <Predicate = true> <Delay = 0.00>
ST_1 : Operation 44 [7/7] (6.31ns)   --->   "%conv_i_i = sitofp i32 %p_read_2"   --->   Operation 44 'sitofp' 'conv_i_i' <Predicate = true> <Delay = 6.31> <CoreInst = "Int2Float">   --->   Core 62 'Int2Float' <Latency = 6> <II = 1> <Delay = 6.31> <FuncUnit> <Opcode : 'sitofp' 'uitofp'> <InPorts = 1> <OutPorts = 1>
ST_1 : Operation 45 [7/7] (6.31ns)   --->   "%conv9_i_i = sitofp i32 %p_read_1"   --->   Operation 45 'sitofp' 'conv9_i_i' <Predicate = true> <Delay = 6.31> <CoreInst = "Int2Float">   --->   Core 62 'Int2Float' <Latency = 6> <II = 1> <Delay = 6.31> <FuncUnit> <Opcode : 'sitofp' 'uitofp'> <InPorts = 1> <OutPorts = 1>
ST_1 : Operation 46 [1/1] (1.58ns)   --->   "%store_ln141 = store i32 0, i32 %X_near_count_0" [new_fixedpoint2205/main.cpp:141]   --->   Operation 46 'store' 'store_ln141' <Predicate = true> <Delay = 1.58>
ST_1 : Operation 47 [1/1] (1.58ns)   --->   "%store_ln141 = store i32 0, i32 %empty" [new_fixedpoint2205/main.cpp:141]   --->   Operation 47 'store' 'store_ln141' <Predicate = true> <Delay = 1.58>
ST_1 : Operation 48 [1/1] (1.58ns)   --->   "%store_ln141 = store i14 0, i14 %i" [new_fixedpoint2205/main.cpp:141]   --->   Operation 48 'store' 'store_ln141' <Predicate = true> <Delay = 1.58>

State 2 <SV = 1> <Delay = 6.31>
ST_2 : Operation 49 [6/7] (6.31ns)   --->   "%conv_i_i = sitofp i32 %p_read_2"   --->   Operation 49 'sitofp' 'conv_i_i' <Predicate = true> <Delay = 6.31> <CoreInst = "Int2Float">   --->   Core 62 'Int2Float' <Latency = 6> <II = 1> <Delay = 6.31> <FuncUnit> <Opcode : 'sitofp' 'uitofp'> <InPorts = 1> <OutPorts = 1>
ST_2 : Operation 50 [6/7] (6.31ns)   --->   "%conv9_i_i = sitofp i32 %p_read_1"   --->   Operation 50 'sitofp' 'conv9_i_i' <Predicate = true> <Delay = 6.31> <CoreInst = "Int2Float">   --->   Core 62 'Int2Float' <Latency = 6> <II = 1> <Delay = 6.31> <FuncUnit> <Opcode : 'sitofp' 'uitofp'> <InPorts = 1> <OutPorts = 1>

State 3 <SV = 2> <Delay = 6.31>
ST_3 : Operation 51 [5/7] (6.31ns)   --->   "%conv_i_i = sitofp i32 %p_read_2"   --->   Operation 51 'sitofp' 'conv_i_i' <Predicate = true> <Delay = 6.31> <CoreInst = "Int2Float">   --->   Core 62 'Int2Float' <Latency = 6> <II = 1> <Delay = 6.31> <FuncUnit> <Opcode : 'sitofp' 'uitofp'> <InPorts = 1> <OutPorts = 1>
ST_3 : Operation 52 [5/7] (6.31ns)   --->   "%conv9_i_i = sitofp i32 %p_read_1"   --->   Operation 52 'sitofp' 'conv9_i_i' <Predicate = true> <Delay = 6.31> <CoreInst = "Int2Float">   --->   Core 62 'Int2Float' <Latency = 6> <II = 1> <Delay = 6.31> <FuncUnit> <Opcode : 'sitofp' 'uitofp'> <InPorts = 1> <OutPorts = 1>

State 4 <SV = 3> <Delay = 6.31>
ST_4 : Operation 53 [4/7] (6.31ns)   --->   "%conv_i_i = sitofp i32 %p_read_2"   --->   Operation 53 'sitofp' 'conv_i_i' <Predicate = true> <Delay = 6.31> <CoreInst = "Int2Float">   --->   Core 62 'Int2Float' <Latency = 6> <II = 1> <Delay = 6.31> <FuncUnit> <Opcode : 'sitofp' 'uitofp'> <InPorts = 1> <OutPorts = 1>
ST_4 : Operation 54 [4/7] (6.31ns)   --->   "%conv9_i_i = sitofp i32 %p_read_1"   --->   Operation 54 'sitofp' 'conv9_i_i' <Predicate = true> <Delay = 6.31> <CoreInst = "Int2Float">   --->   Core 62 'Int2Float' <Latency = 6> <II = 1> <Delay = 6.31> <FuncUnit> <Opcode : 'sitofp' 'uitofp'> <InPorts = 1> <OutPorts = 1>

State 5 <SV = 4> <Delay = 6.31>
ST_5 : Operation 55 [3/7] (6.31ns)   --->   "%conv_i_i = sitofp i32 %p_read_2"   --->   Operation 55 'sitofp' 'conv_i_i' <Predicate = true> <Delay = 6.31> <CoreInst = "Int2Float">   --->   Core 62 'Int2Float' <Latency = 6> <II = 1> <Delay = 6.31> <FuncUnit> <Opcode : 'sitofp' 'uitofp'> <InPorts = 1> <OutPorts = 1>
ST_5 : Operation 56 [3/7] (6.31ns)   --->   "%conv9_i_i = sitofp i32 %p_read_1"   --->   Operation 56 'sitofp' 'conv9_i_i' <Predicate = true> <Delay = 6.31> <CoreInst = "Int2Float">   --->   Core 62 'Int2Float' <Latency = 6> <II = 1> <Delay = 6.31> <FuncUnit> <Opcode : 'sitofp' 'uitofp'> <InPorts = 1> <OutPorts = 1>

State 6 <SV = 5> <Delay = 6.31>
ST_6 : Operation 57 [2/7] (6.31ns)   --->   "%conv_i_i = sitofp i32 %p_read_2"   --->   Operation 57 'sitofp' 'conv_i_i' <Predicate = true> <Delay = 6.31> <CoreInst = "Int2Float">   --->   Core 62 'Int2Float' <Latency = 6> <II = 1> <Delay = 6.31> <FuncUnit> <Opcode : 'sitofp' 'uitofp'> <InPorts = 1> <OutPorts = 1>
ST_6 : Operation 58 [2/7] (6.31ns)   --->   "%conv9_i_i = sitofp i32 %p_read_1"   --->   Operation 58 'sitofp' 'conv9_i_i' <Predicate = true> <Delay = 6.31> <CoreInst = "Int2Float">   --->   Core 62 'Int2Float' <Latency = 6> <II = 1> <Delay = 6.31> <FuncUnit> <Opcode : 'sitofp' 'uitofp'> <InPorts = 1> <OutPorts = 1>

State 7 <SV = 6> <Delay = 6.31>
ST_7 : Operation 59 [1/1] (0.00ns)   --->   "%N_read = read i14 @_ssdm_op_Read.ap_auto.i14, i14 %N"   --->   Operation 59 'read' 'N_read' <Predicate = true> <Delay = 0.00>
ST_7 : Operation 60 [1/1] (0.00ns)   --->   "%Squared_r_n_read = read i32 @_ssdm_op_Read.ap_auto.i32, i32 %Squared_r_n"   --->   Operation 60 'read' 'Squared_r_n_read' <Predicate = true> <Delay = 0.00>
ST_7 : Operation 61 [1/7] (6.31ns)   --->   "%conv_i_i = sitofp i32 %p_read_2"   --->   Operation 61 'sitofp' 'conv_i_i' <Predicate = true> <Delay = 6.31> <CoreInst = "Int2Float">   --->   Core 62 'Int2Float' <Latency = 6> <II = 1> <Delay = 6.31> <FuncUnit> <Opcode : 'sitofp' 'uitofp'> <InPorts = 1> <OutPorts = 1>
ST_7 : Operation 62 [1/7] (6.31ns)   --->   "%conv9_i_i = sitofp i32 %p_read_1"   --->   Operation 62 'sitofp' 'conv9_i_i' <Predicate = true> <Delay = 6.31> <CoreInst = "Int2Float">   --->   Core 62 'Int2Float' <Latency = 6> <II = 1> <Delay = 6.31> <FuncUnit> <Opcode : 'sitofp' 'uitofp'> <InPorts = 1> <OutPorts = 1>
ST_7 : Operation 63 [1/1] (0.00ns)   --->   "%br_ln141 = br void" [new_fixedpoint2205/main.cpp:141]   --->   Operation 63 'br' 'br_ln141' <Predicate = true> <Delay = 0.00>

State 8 <SV = 7> <Delay = 3.79>
ST_8 : Operation 64 [1/1] (0.00ns)   --->   "%i_2 = load i14 %i" [new_fixedpoint2205/main.cpp:141]   --->   Operation 64 'load' 'i_2' <Predicate = true> <Delay = 0.00>
ST_8 : Operation 65 [1/1] (0.00ns)   --->   "%specpipeline_ln0 = specpipeline void @_ssdm_op_SpecPipeline, i32 4294967295, i32 0, i32 1, i32 0, void @p_str"   --->   Operation 65 'specpipeline' 'specpipeline_ln0' <Predicate = true> <Delay = 0.00>
ST_8 : Operation 66 [1/1] (2.20ns)   --->   "%icmp_ln141 = icmp_eq  i14 %i_2, i14 %N_read" [new_fixedpoint2205/main.cpp:141]   --->   Operation 66 'icmp' 'icmp_ln141' <Predicate = true> <Delay = 2.20> <CoreInst = "Cmp">   --->   Core 9 'Cmp' <Latency = 0> <II = 1> <Delay = 2.47> <FuncUnit> <Opcode : 'icmp'> <InPorts = 2> <OutPorts = 1>
ST_8 : Operation 67 [1/1] (1.81ns)   --->   "%add_ln141 = add i14 %i_2, i14 1" [new_fixedpoint2205/main.cpp:141]   --->   Operation 67 'add' 'add_ln141' <Predicate = true> <Delay = 1.81> <CoreInst = "Adder">   --->   Core 1 'Adder' <Latency = 0> <II = 1> <Delay = 2.55> <FuncUnit> <Opcode : 'add' 'sub'> <InPorts = 2> <OutPorts = 1>
ST_8 : Operation 68 [1/1] (0.00ns)   --->   "%br_ln141 = br i1 %icmp_ln141, void %.split, void %._crit_edge.loopexit" [new_fixedpoint2205/main.cpp:141]   --->   Operation 68 'br' 'br_ln141' <Predicate = true> <Delay = 0.00>
ST_8 : Operation 69 [1/1] (0.00ns)   --->   "%i_cast = zext i14 %i_2" [new_fixedpoint2205/main.cpp:141]   --->   Operation 69 'zext' 'i_cast' <Predicate = (!icmp_ln141)> <Delay = 0.00>
ST_8 : Operation 70 [1/1] (0.00ns)   --->   "%RRT_Star_Pos_0_0_addr = getelementptr i32 %RRT_Star_Pos_0_0, i64 0, i64 %i_cast" [new_fixedpoint2205/main.cpp:34]   --->   Operation 70 'getelementptr' 'RRT_Star_Pos_0_0_addr' <Predicate = (!icmp_ln141)> <Delay = 0.00>
ST_8 : Operation 71 [2/2] (3.25ns)   --->   "%B_x = load i14 %RRT_Star_Pos_0_0_addr" [new_fixedpoint2205/main.cpp:34]   --->   Operation 71 'load' 'B_x' <Predicate = (!icmp_ln141)> <Delay = 3.25> <CoreInst = "RAM">   --->   Core 82 'RAM' <Latency = 1> <II = 1> <Delay = 3.25> <Storage> <Opcode : 'load' 'store'> <Ports = 2> <Width = 32> <Depth = 10000> <RAM>
ST_8 : Operation 72 [1/1] (0.00ns)   --->   "%RRT_Star_Pos_0_1_addr = getelementptr i32 %RRT_Star_Pos_0_1, i64 0, i64 %i_cast" [new_fixedpoint2205/main.cpp:34]   --->   Operation 72 'getelementptr' 'RRT_Star_Pos_0_1_addr' <Predicate = (!icmp_ln141)> <Delay = 0.00>
ST_8 : Operation 73 [2/2] (3.25ns)   --->   "%B_y = load i14 %RRT_Star_Pos_0_1_addr" [new_fixedpoint2205/main.cpp:34]   --->   Operation 73 'load' 'B_y' <Predicate = (!icmp_ln141)> <Delay = 3.25> <CoreInst = "RAM">   --->   Core 82 'RAM' <Latency = 1> <II = 1> <Delay = 3.25> <Storage> <Opcode : 'load' 'store'> <Ports = 2> <Width = 32> <Depth = 10000> <RAM>
ST_8 : Operation 74 [1/1] (1.58ns)   --->   "%store_ln141 = store i14 %add_ln141, i14 %i" [new_fixedpoint2205/main.cpp:141]   --->   Operation 74 'store' 'store_ln141' <Predicate = (!icmp_ln141)> <Delay = 1.58>
ST_8 : Operation 75 [1/1] (0.00ns)   --->   "%br_ln0 = br void"   --->   Operation 75 'br' 'br_ln0' <Predicate = (!icmp_ln141)> <Delay = 0.00>

State 9 <SV = 8> <Delay = 3.25>
ST_9 : Operation 76 [1/2] (3.25ns)   --->   "%B_x = load i14 %RRT_Star_Pos_0_0_addr" [new_fixedpoint2205/main.cpp:34]   --->   Operation 76 'load' 'B_x' <Predicate = true> <Delay = 3.25> <CoreInst = "RAM">   --->   Core 82 'RAM' <Latency = 1> <II = 1> <Delay = 3.25> <Storage> <Opcode : 'load' 'store'> <Ports = 2> <Width = 32> <Depth = 10000> <RAM>
ST_9 : Operation 77 [1/2] (3.25ns)   --->   "%B_y = load i14 %RRT_Star_Pos_0_1_addr" [new_fixedpoint2205/main.cpp:34]   --->   Operation 77 'load' 'B_y' <Predicate = true> <Delay = 3.25> <CoreInst = "RAM">   --->   Core 82 'RAM' <Latency = 1> <II = 1> <Delay = 3.25> <Storage> <Opcode : 'load' 'store'> <Ports = 2> <Width = 32> <Depth = 10000> <RAM>

State 10 <SV = 9> <Delay = 6.31>
ST_10 : Operation 78 [7/7] (6.31ns)   --->   "%conv_i_i_i = sitofp i32 %B_x" [new_fixedpoint2205/Aux_Lib_hw.hpp:27]   --->   Operation 78 'sitofp' 'conv_i_i_i' <Predicate = true> <Delay = 6.31> <CoreInst = "Int2Float">   --->   Core 62 'Int2Float' <Latency = 6> <II = 1> <Delay = 6.31> <FuncUnit> <Opcode : 'sitofp' 'uitofp'> <InPorts = 1> <OutPorts = 1>
ST_10 : Operation 79 [7/7] (6.31ns)   --->   "%conv_i2_i_i = sitofp i32 %B_y" [new_fixedpoint2205/Aux_Lib_hw.hpp:31]   --->   Operation 79 'sitofp' 'conv_i2_i_i' <Predicate = true> <Delay = 6.31> <CoreInst = "Int2Float">   --->   Core 62 'Int2Float' <Latency = 6> <II = 1> <Delay = 6.31> <FuncUnit> <Opcode : 'sitofp' 'uitofp'> <InPorts = 1> <OutPorts = 1>

State 11 <SV = 10> <Delay = 6.31>
ST_11 : Operation 80 [6/7] (6.31ns)   --->   "%conv_i_i_i = sitofp i32 %B_x" [new_fixedpoint2205/Aux_Lib_hw.hpp:27]   --->   Operation 80 'sitofp' 'conv_i_i_i' <Predicate = true> <Delay = 6.31> <CoreInst = "Int2Float">   --->   Core 62 'Int2Float' <Latency = 6> <II = 1> <Delay = 6.31> <FuncUnit> <Opcode : 'sitofp' 'uitofp'> <InPorts = 1> <OutPorts = 1>
ST_11 : Operation 81 [6/7] (6.31ns)   --->   "%conv_i2_i_i = sitofp i32 %B_y" [new_fixedpoint2205/Aux_Lib_hw.hpp:31]   --->   Operation 81 'sitofp' 'conv_i2_i_i' <Predicate = true> <Delay = 6.31> <CoreInst = "Int2Float">   --->   Core 62 'Int2Float' <Latency = 6> <II = 1> <Delay = 6.31> <FuncUnit> <Opcode : 'sitofp' 'uitofp'> <InPorts = 1> <OutPorts = 1>

State 12 <SV = 11> <Delay = 6.31>
ST_12 : Operation 82 [5/7] (6.31ns)   --->   "%conv_i_i_i = sitofp i32 %B_x" [new_fixedpoint2205/Aux_Lib_hw.hpp:27]   --->   Operation 82 'sitofp' 'conv_i_i_i' <Predicate = true> <Delay = 6.31> <CoreInst = "Int2Float">   --->   Core 62 'Int2Float' <Latency = 6> <II = 1> <Delay = 6.31> <FuncUnit> <Opcode : 'sitofp' 'uitofp'> <InPorts = 1> <OutPorts = 1>
ST_12 : Operation 83 [5/7] (6.31ns)   --->   "%conv_i2_i_i = sitofp i32 %B_y" [new_fixedpoint2205/Aux_Lib_hw.hpp:31]   --->   Operation 83 'sitofp' 'conv_i2_i_i' <Predicate = true> <Delay = 6.31> <CoreInst = "Int2Float">   --->   Core 62 'Int2Float' <Latency = 6> <II = 1> <Delay = 6.31> <FuncUnit> <Opcode : 'sitofp' 'uitofp'> <InPorts = 1> <OutPorts = 1>

State 13 <SV = 12> <Delay = 6.31>
ST_13 : Operation 84 [4/7] (6.31ns)   --->   "%conv_i_i_i = sitofp i32 %B_x" [new_fixedpoint2205/Aux_Lib_hw.hpp:27]   --->   Operation 84 'sitofp' 'conv_i_i_i' <Predicate = true> <Delay = 6.31> <CoreInst = "Int2Float">   --->   Core 62 'Int2Float' <Latency = 6> <II = 1> <Delay = 6.31> <FuncUnit> <Opcode : 'sitofp' 'uitofp'> <InPorts = 1> <OutPorts = 1>
ST_13 : Operation 85 [4/7] (6.31ns)   --->   "%conv_i2_i_i = sitofp i32 %B_y" [new_fixedpoint2205/Aux_Lib_hw.hpp:31]   --->   Operation 85 'sitofp' 'conv_i2_i_i' <Predicate = true> <Delay = 6.31> <CoreInst = "Int2Float">   --->   Core 62 'Int2Float' <Latency = 6> <II = 1> <Delay = 6.31> <FuncUnit> <Opcode : 'sitofp' 'uitofp'> <InPorts = 1> <OutPorts = 1>

State 14 <SV = 13> <Delay = 6.31>
ST_14 : Operation 86 [3/7] (6.31ns)   --->   "%conv_i_i_i = sitofp i32 %B_x" [new_fixedpoint2205/Aux_Lib_hw.hpp:27]   --->   Operation 86 'sitofp' 'conv_i_i_i' <Predicate = true> <Delay = 6.31> <CoreInst = "Int2Float">   --->   Core 62 'Int2Float' <Latency = 6> <II = 1> <Delay = 6.31> <FuncUnit> <Opcode : 'sitofp' 'uitofp'> <InPorts = 1> <OutPorts = 1>
ST_14 : Operation 87 [3/7] (6.31ns)   --->   "%conv_i2_i_i = sitofp i32 %B_y" [new_fixedpoint2205/Aux_Lib_hw.hpp:31]   --->   Operation 87 'sitofp' 'conv_i2_i_i' <Predicate = true> <Delay = 6.31> <CoreInst = "Int2Float">   --->   Core 62 'Int2Float' <Latency = 6> <II = 1> <Delay = 6.31> <FuncUnit> <Opcode : 'sitofp' 'uitofp'> <InPorts = 1> <OutPorts = 1>

State 15 <SV = 14> <Delay = 6.31>
ST_15 : Operation 88 [2/7] (6.31ns)   --->   "%conv_i_i_i = sitofp i32 %B_x" [new_fixedpoint2205/Aux_Lib_hw.hpp:27]   --->   Operation 88 'sitofp' 'conv_i_i_i' <Predicate = true> <Delay = 6.31> <CoreInst = "Int2Float">   --->   Core 62 'Int2Float' <Latency = 6> <II = 1> <Delay = 6.31> <FuncUnit> <Opcode : 'sitofp' 'uitofp'> <InPorts = 1> <OutPorts = 1>
ST_15 : Operation 89 [2/7] (6.31ns)   --->   "%conv_i2_i_i = sitofp i32 %B_y" [new_fixedpoint2205/Aux_Lib_hw.hpp:31]   --->   Operation 89 'sitofp' 'conv_i2_i_i' <Predicate = true> <Delay = 6.31> <CoreInst = "Int2Float">   --->   Core 62 'Int2Float' <Latency = 6> <II = 1> <Delay = 6.31> <FuncUnit> <Opcode : 'sitofp' 'uitofp'> <InPorts = 1> <OutPorts = 1>

State 16 <SV = 15> <Delay = 6.31>
ST_16 : Operation 90 [1/7] (6.31ns)   --->   "%conv_i_i_i = sitofp i32 %B_x" [new_fixedpoint2205/Aux_Lib_hw.hpp:27]   --->   Operation 90 'sitofp' 'conv_i_i_i' <Predicate = true> <Delay = 6.31> <CoreInst = "Int2Float">   --->   Core 62 'Int2Float' <Latency = 6> <II = 1> <Delay = 6.31> <FuncUnit> <Opcode : 'sitofp' 'uitofp'> <InPorts = 1> <OutPorts = 1>
ST_16 : Operation 91 [1/7] (6.31ns)   --->   "%conv_i2_i_i = sitofp i32 %B_y" [new_fixedpoint2205/Aux_Lib_hw.hpp:31]   --->   Operation 91 'sitofp' 'conv_i2_i_i' <Predicate = true> <Delay = 6.31> <CoreInst = "Int2Float">   --->   Core 62 'Int2Float' <Latency = 6> <II = 1> <Delay = 6.31> <FuncUnit> <Opcode : 'sitofp' 'uitofp'> <InPorts = 1> <OutPorts = 1>

State 17 <SV = 16> <Delay = 4.34>
ST_17 : Operation 92 [9/9] (4.34ns)   --->   "%dc = fsub i32 %conv_i_i, i32 %conv_i_i_i" [new_fixedpoint2205/Aux_Lib_hw.hpp:35]   --->   Operation 92 'fsub' 'dc' <Predicate = true> <Delay = 4.34> <CoreInst = "FAddSub_fulldsp">   --->   Core 18 'FAddSub_fulldsp' <Latency = 8> <II = 1> <Delay = 4.34> <FuncUnit> <Opcode : 'fadd' 'fsub'> <InPorts = 2> <OutPorts = 1>
ST_17 : Operation 93 [9/9] (4.34ns)   --->   "%dc_3 = fsub i32 %conv9_i_i, i32 %conv_i2_i_i" [new_fixedpoint2205/Aux_Lib_hw.hpp:35]   --->   Operation 93 'fsub' 'dc_3' <Predicate = true> <Delay = 4.34> <CoreInst = "FAddSub_fulldsp">   --->   Core 18 'FAddSub_fulldsp' <Latency = 8> <II = 1> <Delay = 4.34> <FuncUnit> <Opcode : 'fadd' 'fsub'> <InPorts = 2> <OutPorts = 1>

State 18 <SV = 17> <Delay = 4.34>
ST_18 : Operation 94 [8/9] (4.34ns)   --->   "%dc = fsub i32 %conv_i_i, i32 %conv_i_i_i" [new_fixedpoint2205/Aux_Lib_hw.hpp:35]   --->   Operation 94 'fsub' 'dc' <Predicate = true> <Delay = 4.34> <CoreInst = "FAddSub_fulldsp">   --->   Core 18 'FAddSub_fulldsp' <Latency = 8> <II = 1> <Delay = 4.34> <FuncUnit> <Opcode : 'fadd' 'fsub'> <InPorts = 2> <OutPorts = 1>
ST_18 : Operation 95 [8/9] (4.34ns)   --->   "%dc_3 = fsub i32 %conv9_i_i, i32 %conv_i2_i_i" [new_fixedpoint2205/Aux_Lib_hw.hpp:35]   --->   Operation 95 'fsub' 'dc_3' <Predicate = true> <Delay = 4.34> <CoreInst = "FAddSub_fulldsp">   --->   Core 18 'FAddSub_fulldsp' <Latency = 8> <II = 1> <Delay = 4.34> <FuncUnit> <Opcode : 'fadd' 'fsub'> <InPorts = 2> <OutPorts = 1>

State 19 <SV = 18> <Delay = 4.34>
ST_19 : Operation 96 [7/9] (4.34ns)   --->   "%dc = fsub i32 %conv_i_i, i32 %conv_i_i_i" [new_fixedpoint2205/Aux_Lib_hw.hpp:35]   --->   Operation 96 'fsub' 'dc' <Predicate = true> <Delay = 4.34> <CoreInst = "FAddSub_fulldsp">   --->   Core 18 'FAddSub_fulldsp' <Latency = 8> <II = 1> <Delay = 4.34> <FuncUnit> <Opcode : 'fadd' 'fsub'> <InPorts = 2> <OutPorts = 1>
ST_19 : Operation 97 [7/9] (4.34ns)   --->   "%dc_3 = fsub i32 %conv9_i_i, i32 %conv_i2_i_i" [new_fixedpoint2205/Aux_Lib_hw.hpp:35]   --->   Operation 97 'fsub' 'dc_3' <Predicate = true> <Delay = 4.34> <CoreInst = "FAddSub_fulldsp">   --->   Core 18 'FAddSub_fulldsp' <Latency = 8> <II = 1> <Delay = 4.34> <FuncUnit> <Opcode : 'fadd' 'fsub'> <InPorts = 2> <OutPorts = 1>

State 20 <SV = 19> <Delay = 4.34>
ST_20 : Operation 98 [6/9] (4.34ns)   --->   "%dc = fsub i32 %conv_i_i, i32 %conv_i_i_i" [new_fixedpoint2205/Aux_Lib_hw.hpp:35]   --->   Operation 98 'fsub' 'dc' <Predicate = true> <Delay = 4.34> <CoreInst = "FAddSub_fulldsp">   --->   Core 18 'FAddSub_fulldsp' <Latency = 8> <II = 1> <Delay = 4.34> <FuncUnit> <Opcode : 'fadd' 'fsub'> <InPorts = 2> <OutPorts = 1>
ST_20 : Operation 99 [6/9] (4.34ns)   --->   "%dc_3 = fsub i32 %conv9_i_i, i32 %conv_i2_i_i" [new_fixedpoint2205/Aux_Lib_hw.hpp:35]   --->   Operation 99 'fsub' 'dc_3' <Predicate = true> <Delay = 4.34> <CoreInst = "FAddSub_fulldsp">   --->   Core 18 'FAddSub_fulldsp' <Latency = 8> <II = 1> <Delay = 4.34> <FuncUnit> <Opcode : 'fadd' 'fsub'> <InPorts = 2> <OutPorts = 1>

State 21 <SV = 20> <Delay = 4.34>
ST_21 : Operation 100 [5/9] (4.34ns)   --->   "%dc = fsub i32 %conv_i_i, i32 %conv_i_i_i" [new_fixedpoint2205/Aux_Lib_hw.hpp:35]   --->   Operation 100 'fsub' 'dc' <Predicate = true> <Delay = 4.34> <CoreInst = "FAddSub_fulldsp">   --->   Core 18 'FAddSub_fulldsp' <Latency = 8> <II = 1> <Delay = 4.34> <FuncUnit> <Opcode : 'fadd' 'fsub'> <InPorts = 2> <OutPorts = 1>
ST_21 : Operation 101 [5/9] (4.34ns)   --->   "%dc_3 = fsub i32 %conv9_i_i, i32 %conv_i2_i_i" [new_fixedpoint2205/Aux_Lib_hw.hpp:35]   --->   Operation 101 'fsub' 'dc_3' <Predicate = true> <Delay = 4.34> <CoreInst = "FAddSub_fulldsp">   --->   Core 18 'FAddSub_fulldsp' <Latency = 8> <II = 1> <Delay = 4.34> <FuncUnit> <Opcode : 'fadd' 'fsub'> <InPorts = 2> <OutPorts = 1>

State 22 <SV = 21> <Delay = 4.34>
ST_22 : Operation 102 [4/9] (4.34ns)   --->   "%dc = fsub i32 %conv_i_i, i32 %conv_i_i_i" [new_fixedpoint2205/Aux_Lib_hw.hpp:35]   --->   Operation 102 'fsub' 'dc' <Predicate = true> <Delay = 4.34> <CoreInst = "FAddSub_fulldsp">   --->   Core 18 'FAddSub_fulldsp' <Latency = 8> <II = 1> <Delay = 4.34> <FuncUnit> <Opcode : 'fadd' 'fsub'> <InPorts = 2> <OutPorts = 1>
ST_22 : Operation 103 [4/9] (4.34ns)   --->   "%dc_3 = fsub i32 %conv9_i_i, i32 %conv_i2_i_i" [new_fixedpoint2205/Aux_Lib_hw.hpp:35]   --->   Operation 103 'fsub' 'dc_3' <Predicate = true> <Delay = 4.34> <CoreInst = "FAddSub_fulldsp">   --->   Core 18 'FAddSub_fulldsp' <Latency = 8> <II = 1> <Delay = 4.34> <FuncUnit> <Opcode : 'fadd' 'fsub'> <InPorts = 2> <OutPorts = 1>

State 23 <SV = 22> <Delay = 4.34>
ST_23 : Operation 104 [3/9] (4.34ns)   --->   "%dc = fsub i32 %conv_i_i, i32 %conv_i_i_i" [new_fixedpoint2205/Aux_Lib_hw.hpp:35]   --->   Operation 104 'fsub' 'dc' <Predicate = true> <Delay = 4.34> <CoreInst = "FAddSub_fulldsp">   --->   Core 18 'FAddSub_fulldsp' <Latency = 8> <II = 1> <Delay = 4.34> <FuncUnit> <Opcode : 'fadd' 'fsub'> <InPorts = 2> <OutPorts = 1>
ST_23 : Operation 105 [3/9] (4.34ns)   --->   "%dc_3 = fsub i32 %conv9_i_i, i32 %conv_i2_i_i" [new_fixedpoint2205/Aux_Lib_hw.hpp:35]   --->   Operation 105 'fsub' 'dc_3' <Predicate = true> <Delay = 4.34> <CoreInst = "FAddSub_fulldsp">   --->   Core 18 'FAddSub_fulldsp' <Latency = 8> <II = 1> <Delay = 4.34> <FuncUnit> <Opcode : 'fadd' 'fsub'> <InPorts = 2> <OutPorts = 1>

State 24 <SV = 23> <Delay = 4.34>
ST_24 : Operation 106 [2/9] (4.34ns)   --->   "%dc = fsub i32 %conv_i_i, i32 %conv_i_i_i" [new_fixedpoint2205/Aux_Lib_hw.hpp:35]   --->   Operation 106 'fsub' 'dc' <Predicate = true> <Delay = 4.34> <CoreInst = "FAddSub_fulldsp">   --->   Core 18 'FAddSub_fulldsp' <Latency = 8> <II = 1> <Delay = 4.34> <FuncUnit> <Opcode : 'fadd' 'fsub'> <InPorts = 2> <OutPorts = 1>
ST_24 : Operation 107 [2/9] (4.34ns)   --->   "%dc_3 = fsub i32 %conv9_i_i, i32 %conv_i2_i_i" [new_fixedpoint2205/Aux_Lib_hw.hpp:35]   --->   Operation 107 'fsub' 'dc_3' <Predicate = true> <Delay = 4.34> <CoreInst = "FAddSub_fulldsp">   --->   Core 18 'FAddSub_fulldsp' <Latency = 8> <II = 1> <Delay = 4.34> <FuncUnit> <Opcode : 'fadd' 'fsub'> <InPorts = 2> <OutPorts = 1>

State 25 <SV = 24> <Delay = 4.34>
ST_25 : Operation 108 [1/9] (4.34ns)   --->   "%dc = fsub i32 %conv_i_i, i32 %conv_i_i_i" [new_fixedpoint2205/Aux_Lib_hw.hpp:35]   --->   Operation 108 'fsub' 'dc' <Predicate = true> <Delay = 4.34> <CoreInst = "FAddSub_fulldsp">   --->   Core 18 'FAddSub_fulldsp' <Latency = 8> <II = 1> <Delay = 4.34> <FuncUnit> <Opcode : 'fadd' 'fsub'> <InPorts = 2> <OutPorts = 1>
ST_25 : Operation 109 [1/9] (4.34ns)   --->   "%dc_3 = fsub i32 %conv9_i_i, i32 %conv_i2_i_i" [new_fixedpoint2205/Aux_Lib_hw.hpp:35]   --->   Operation 109 'fsub' 'dc_3' <Predicate = true> <Delay = 4.34> <CoreInst = "FAddSub_fulldsp">   --->   Core 18 'FAddSub_fulldsp' <Latency = 8> <II = 1> <Delay = 4.34> <FuncUnit> <Opcode : 'fadd' 'fsub'> <InPorts = 2> <OutPorts = 1>

State 26 <SV = 25> <Delay = 2.88>
ST_26 : Operation 110 [1/1] (0.00ns)   --->   "%data_V = bitcast i32 %dc" [/wrk/ci/prod/2021.2/rdi_builds/continuous/2021_10_19_3367213/src/shared/hls/clib/src/hls/utils/x_hls_utils.h:315]   --->   Operation 110 'bitcast' 'data_V' <Predicate = true> <Delay = 0.00>
ST_26 : Operation 111 [1/1] (0.00ns)   --->   "%p_Result_s = bitselect i1 @_ssdm_op_BitSelect.i1.i32.i32, i32 %data_V, i32 31"   --->   Operation 111 'bitselect' 'p_Result_s' <Predicate = true> <Delay = 0.00>
ST_26 : Operation 112 [1/1] (0.00ns)   --->   "%tmp_40 = partselect i8 @_ssdm_op_PartSelect.i8.i32.i32.i32, i32 %data_V, i32 23, i32 30"   --->   Operation 112 'partselect' 'tmp_40' <Predicate = true> <Delay = 0.00>
ST_26 : Operation 113 [1/1] (0.00ns)   --->   "%tmp_41 = trunc i32 %data_V"   --->   Operation 113 'trunc' 'tmp_41' <Predicate = true> <Delay = 0.00>
ST_26 : Operation 114 [1/1] (0.00ns)   --->   "%zext_ln344 = zext i8 %tmp_40" [/wrk/ci/prod/2021.2/rdi_builds/continuous/2021_10_19_3367213/src/shared/hls/clib/src/hls/utils/x_hls_utils.h:344]   --->   Operation 114 'zext' 'zext_ln344' <Predicate = true> <Delay = 0.00>
ST_26 : Operation 115 [1/1] (1.91ns)   --->   "%add_ln344 = add i9 %zext_ln344, i9 385" [/wrk/ci/prod/2021.2/rdi_builds/continuous/2021_10_19_3367213/src/shared/hls/clib/src/hls/utils/x_hls_utils.h:344]   --->   Operation 115 'add' 'add_ln344' <Predicate = true> <Delay = 1.91> <CoreInst = "Adder">   --->   Core 1 'Adder' <Latency = 0> <II = 1> <Delay = 2.55> <FuncUnit> <Opcode : 'add' 'sub'> <InPorts = 2> <OutPorts = 1>
ST_26 : Operation 116 [1/1] (0.00ns)   --->   "%isNeg = bitselect i1 @_ssdm_op_BitSelect.i1.i9.i32, i9 %add_ln344, i32 8"   --->   Operation 116 'bitselect' 'isNeg' <Predicate = true> <Delay = 0.00>
ST_26 : Operation 117 [1/1] (1.91ns)   --->   "%sub_ln1364 = sub i8 127, i8 %tmp_40"   --->   Operation 117 'sub' 'sub_ln1364' <Predicate = true> <Delay = 1.91> <CoreInst = "Adder">   --->   Core 1 'Adder' <Latency = 0> <II = 1> <Delay = 2.55> <FuncUnit> <Opcode : 'add' 'sub'> <InPorts = 2> <OutPorts = 1>
ST_26 : Operation 118 [1/1] (0.00ns)   --->   "%sext_ln1364 = sext i8 %sub_ln1364"   --->   Operation 118 'sext' 'sext_ln1364' <Predicate = true> <Delay = 0.00>
ST_26 : Operation 119 [1/1] (0.96ns)   --->   "%ush = select i1 %isNeg, i9 %sext_ln1364, i9 %add_ln344"   --->   Operation 119 'select' 'ush' <Predicate = true> <Delay = 0.96> <CoreInst = "Sel">   --->   Core 73 'Sel' <Latency = 0> <II = 1> <Delay = 0.69> <FuncUnit> <Opcode : 'select'> <InPorts = 3> <OutPorts = 1>
ST_26 : Operation 120 [1/1] (0.00ns)   --->   "%data_V_3 = bitcast i32 %dc_3" [/wrk/ci/prod/2021.2/rdi_builds/continuous/2021_10_19_3367213/src/shared/hls/clib/src/hls/utils/x_hls_utils.h:315]   --->   Operation 120 'bitcast' 'data_V_3' <Predicate = true> <Delay = 0.00>
ST_26 : Operation 121 [1/1] (0.00ns)   --->   "%p_Result_3 = bitselect i1 @_ssdm_op_BitSelect.i1.i32.i32, i32 %data_V_3, i32 31"   --->   Operation 121 'bitselect' 'p_Result_3' <Predicate = true> <Delay = 0.00>
ST_26 : Operation 122 [1/1] (0.00ns)   --->   "%tmp_42 = partselect i8 @_ssdm_op_PartSelect.i8.i32.i32.i32, i32 %data_V_3, i32 23, i32 30"   --->   Operation 122 'partselect' 'tmp_42' <Predicate = true> <Delay = 0.00>
ST_26 : Operation 123 [1/1] (0.00ns)   --->   "%tmp_43 = trunc i32 %data_V_3"   --->   Operation 123 'trunc' 'tmp_43' <Predicate = true> <Delay = 0.00>
ST_26 : Operation 124 [1/1] (0.00ns)   --->   "%zext_ln344_2 = zext i8 %tmp_42" [/wrk/ci/prod/2021.2/rdi_builds/continuous/2021_10_19_3367213/src/shared/hls/clib/src/hls/utils/x_hls_utils.h:344]   --->   Operation 124 'zext' 'zext_ln344_2' <Predicate = true> <Delay = 0.00>
ST_26 : Operation 125 [1/1] (1.91ns)   --->   "%add_ln344_2 = add i9 %zext_ln344_2, i9 385" [/wrk/ci/prod/2021.2/rdi_builds/continuous/2021_10_19_3367213/src/shared/hls/clib/src/hls/utils/x_hls_utils.h:344]   --->   Operation 125 'add' 'add_ln344_2' <Predicate = true> <Delay = 1.91> <CoreInst = "Adder">   --->   Core 1 'Adder' <Latency = 0> <II = 1> <Delay = 2.55> <FuncUnit> <Opcode : 'add' 'sub'> <InPorts = 2> <OutPorts = 1>
ST_26 : Operation 126 [1/1] (0.00ns)   --->   "%isNeg_3 = bitselect i1 @_ssdm_op_BitSelect.i1.i9.i32, i9 %add_ln344_2, i32 8"   --->   Operation 126 'bitselect' 'isNeg_3' <Predicate = true> <Delay = 0.00>
ST_26 : Operation 127 [1/1] (1.91ns)   --->   "%sub_ln1364_2 = sub i8 127, i8 %tmp_42"   --->   Operation 127 'sub' 'sub_ln1364_2' <Predicate = true> <Delay = 1.91> <CoreInst = "Adder">   --->   Core 1 'Adder' <Latency = 0> <II = 1> <Delay = 2.55> <FuncUnit> <Opcode : 'add' 'sub'> <InPorts = 2> <OutPorts = 1>
ST_26 : Operation 128 [1/1] (0.00ns)   --->   "%sext_ln1364_2 = sext i8 %sub_ln1364_2"   --->   Operation 128 'sext' 'sext_ln1364_2' <Predicate = true> <Delay = 0.00>
ST_26 : Operation 129 [1/1] (0.96ns)   --->   "%ush_3 = select i1 %isNeg_3, i9 %sext_ln1364_2, i9 %add_ln344_2"   --->   Operation 129 'select' 'ush_3' <Predicate = true> <Delay = 0.96> <CoreInst = "Sel">   --->   Core 73 'Sel' <Latency = 0> <II = 1> <Delay = 0.69> <FuncUnit> <Opcode : 'select'> <InPorts = 3> <OutPorts = 1>

State 27 <SV = 26> <Delay = 4.42>
ST_27 : Operation 130 [1/1] (0.00ns)   --->   "%mantissa = bitconcatenate i25 @_ssdm_op_BitConcatenate.i25.i1.i23.i1, i1 1, i23 %tmp_41, i1 0"   --->   Operation 130 'bitconcatenate' 'mantissa' <Predicate = true> <Delay = 0.00>
ST_27 : Operation 131 [1/1] (0.00ns)   --->   "%zext_ln15 = zext i25 %mantissa" [/wrk/ci/prod/2021.2/rdi_builds/continuous/2021_10_19_3367213/src/shared/hls/clib/hlsmath/include/FloatingPoint/hls_case_IEEE754.h:15]   --->   Operation 131 'zext' 'zext_ln15' <Predicate = true> <Delay = 0.00>
ST_27 : Operation 132 [1/1] (0.00ns)   --->   "%sext_ln1340 = sext i9 %ush"   --->   Operation 132 'sext' 'sext_ln1340' <Predicate = true> <Delay = 0.00>
ST_27 : Operation 133 [1/1] (0.00ns)   --->   "%zext_ln1340 = zext i32 %sext_ln1340"   --->   Operation 133 'zext' 'zext_ln1340' <Predicate = true> <Delay = 0.00>
ST_27 : Operation 134 [1/1] (0.00ns) (grouped into LUT with out node val)   --->   "%r_V = lshr i79 %zext_ln15, i79 %zext_ln1340"   --->   Operation 134 'lshr' 'r_V' <Predicate = (isNeg)> <Delay = 0.00> <CoreInst = "Shifter">   --->   Core 75 'Shifter' <Latency = 0> <II = 1> <Delay = 4.42> <FuncUnit> <Opcode : 'shl' 'lshr' 'ashr'> <InPorts = 2> <OutPorts = 1>
ST_27 : Operation 135 [1/1] (0.00ns) (grouped into LUT with out node val)   --->   "%r_V_9 = shl i79 %zext_ln15, i79 %zext_ln1340"   --->   Operation 135 'shl' 'r_V_9' <Predicate = (!isNeg)> <Delay = 0.00> <CoreInst = "Shifter">   --->   Core 75 'Shifter' <Latency = 0> <II = 1> <Delay = 4.42> <FuncUnit> <Opcode : 'shl' 'lshr' 'ashr'> <InPorts = 2> <OutPorts = 1>
ST_27 : Operation 136 [1/1] (0.00ns) (grouped into LUT with out node val)   --->   "%tmp = bitselect i1 @_ssdm_op_BitSelect.i1.i79.i32, i79 %r_V, i32 24"   --->   Operation 136 'bitselect' 'tmp' <Predicate = (isNeg)> <Delay = 0.00>
ST_27 : Operation 137 [1/1] (0.00ns) (grouped into LUT with out node val)   --->   "%zext_ln671 = zext i1 %tmp"   --->   Operation 137 'zext' 'zext_ln671' <Predicate = (isNeg)> <Delay = 0.00>
ST_27 : Operation 138 [1/1] (0.00ns) (grouped into LUT with out node val)   --->   "%tmp_s = partselect i32 @_ssdm_op_PartSelect.i32.i79.i32.i32, i79 %r_V_9, i32 24, i32 55"   --->   Operation 138 'partselect' 'tmp_s' <Predicate = (!isNeg)> <Delay = 0.00>
ST_27 : Operation 139 [1/1] (4.42ns) (out node of the LUT)   --->   "%val = select i1 %isNeg, i32 %zext_ln671, i32 %tmp_s"   --->   Operation 139 'select' 'val' <Predicate = true> <Delay = 4.42> <CoreInst = "Sel">   --->   Core 73 'Sel' <Latency = 0> <II = 1> <Delay = 0.69> <FuncUnit> <Opcode : 'select'> <InPorts = 3> <OutPorts = 1>
ST_27 : Operation 140 [1/1] (0.00ns)   --->   "%mantissa_2 = bitconcatenate i25 @_ssdm_op_BitConcatenate.i25.i1.i23.i1, i1 1, i23 %tmp_43, i1 0"   --->   Operation 140 'bitconcatenate' 'mantissa_2' <Predicate = true> <Delay = 0.00>
ST_27 : Operation 141 [1/1] (0.00ns)   --->   "%zext_ln15_2 = zext i25 %mantissa_2" [/wrk/ci/prod/2021.2/rdi_builds/continuous/2021_10_19_3367213/src/shared/hls/clib/hlsmath/include/FloatingPoint/hls_case_IEEE754.h:15]   --->   Operation 141 'zext' 'zext_ln15_2' <Predicate = true> <Delay = 0.00>
ST_27 : Operation 142 [1/1] (0.00ns)   --->   "%sext_ln1340_3 = sext i9 %ush_3"   --->   Operation 142 'sext' 'sext_ln1340_3' <Predicate = true> <Delay = 0.00>
ST_27 : Operation 143 [1/1] (0.00ns)   --->   "%zext_ln1340_3 = zext i32 %sext_ln1340_3"   --->   Operation 143 'zext' 'zext_ln1340_3' <Predicate = true> <Delay = 0.00>
ST_27 : Operation 144 [1/1] (0.00ns) (grouped into LUT with out node val_3)   --->   "%r_V_10 = lshr i79 %zext_ln15_2, i79 %zext_ln1340_3"   --->   Operation 144 'lshr' 'r_V_10' <Predicate = (isNeg_3)> <Delay = 0.00> <CoreInst = "Shifter">   --->   Core 75 'Shifter' <Latency = 0> <II = 1> <Delay = 4.42> <FuncUnit> <Opcode : 'shl' 'lshr' 'ashr'> <InPorts = 2> <OutPorts = 1>
ST_27 : Operation 145 [1/1] (0.00ns) (grouped into LUT with out node val_3)   --->   "%r_V_11 = shl i79 %zext_ln15_2, i79 %zext_ln1340_3"   --->   Operation 145 'shl' 'r_V_11' <Predicate = (!isNeg_3)> <Delay = 0.00> <CoreInst = "Shifter">   --->   Core 75 'Shifter' <Latency = 0> <II = 1> <Delay = 4.42> <FuncUnit> <Opcode : 'shl' 'lshr' 'ashr'> <InPorts = 2> <OutPorts = 1>
ST_27 : Operation 146 [1/1] (0.00ns) (grouped into LUT with out node val_3)   --->   "%tmp_39 = bitselect i1 @_ssdm_op_BitSelect.i1.i79.i32, i79 %r_V_10, i32 24"   --->   Operation 146 'bitselect' 'tmp_39' <Predicate = (isNeg_3)> <Delay = 0.00>
ST_27 : Operation 147 [1/1] (0.00ns) (grouped into LUT with out node val_3)   --->   "%zext_ln671_2 = zext i1 %tmp_39"   --->   Operation 147 'zext' 'zext_ln671_2' <Predicate = (isNeg_3)> <Delay = 0.00>
ST_27 : Operation 148 [1/1] (0.00ns) (grouped into LUT with out node val_3)   --->   "%tmp_6 = partselect i32 @_ssdm_op_PartSelect.i32.i79.i32.i32, i79 %r_V_11, i32 24, i32 55"   --->   Operation 148 'partselect' 'tmp_6' <Predicate = (!isNeg_3)> <Delay = 0.00>
ST_27 : Operation 149 [1/1] (4.42ns) (out node of the LUT)   --->   "%val_3 = select i1 %isNeg_3, i32 %zext_ln671_2, i32 %tmp_6"   --->   Operation 149 'select' 'val_3' <Predicate = true> <Delay = 4.42> <CoreInst = "Sel">   --->   Core 73 'Sel' <Latency = 0> <II = 1> <Delay = 0.69> <FuncUnit> <Opcode : 'select'> <InPorts = 3> <OutPorts = 1>

State 28 <SV = 27> <Delay = 3.25>
ST_28 : Operation 150 [1/1] (2.55ns)   --->   "%result_V_17 = sub i32 0, i32 %val"   --->   Operation 150 'sub' 'result_V_17' <Predicate = (p_Result_s)> <Delay = 2.55> <CoreInst = "Adder">   --->   Core 1 'Adder' <Latency = 0> <II = 1> <Delay = 2.55> <FuncUnit> <Opcode : 'add' 'sub'> <InPorts = 2> <OutPorts = 1>
ST_28 : Operation 151 [1/1] (0.69ns)   --->   "%result_V = select i1 %p_Result_s, i32 %result_V_17, i32 %val" [/wrk/ci/prod/2021.2/rdi_builds/continuous/2021_10_19_3367213/src/shared/hls/clib/hlsmath/include/FloatingPoint/hls_case_IEEE754.h:59]   --->   Operation 151 'select' 'result_V' <Predicate = true> <Delay = 0.69> <CoreInst = "Sel">   --->   Core 73 'Sel' <Latency = 0> <II = 1> <Delay = 0.69> <FuncUnit> <Opcode : 'select'> <InPorts = 3> <OutPorts = 1>
ST_28 : Operation 152 [1/1] (2.55ns)   --->   "%result_V_20 = sub i32 0, i32 %val_3"   --->   Operation 152 'sub' 'result_V_20' <Predicate = (p_Result_3)> <Delay = 2.55> <CoreInst = "Adder">   --->   Core 1 'Adder' <Latency = 0> <II = 1> <Delay = 2.55> <FuncUnit> <Opcode : 'add' 'sub'> <InPorts = 2> <OutPorts = 1>
ST_28 : Operation 153 [1/1] (0.69ns)   --->   "%result_V_21 = select i1 %p_Result_3, i32 %result_V_20, i32 %val_3" [/wrk/ci/prod/2021.2/rdi_builds/continuous/2021_10_19_3367213/src/shared/hls/clib/hlsmath/include/FloatingPoint/hls_case_IEEE754.h:59]   --->   Operation 153 'select' 'result_V_21' <Predicate = true> <Delay = 0.69> <CoreInst = "Sel">   --->   Core 73 'Sel' <Latency = 0> <II = 1> <Delay = 0.69> <FuncUnit> <Opcode : 'select'> <InPorts = 3> <OutPorts = 1>

State 29 <SV = 28> <Delay = 3.95>
ST_29 : Operation 154 [1/1] (0.00ns)   --->   "%sext_ln34 = sext i32 %result_V" [new_fixedpoint2205/fixedpt.h:34]   --->   Operation 154 'sext' 'sext_ln34' <Predicate = true> <Delay = 0.00>
ST_29 : Operation 155 [5/5] (3.95ns)   --->   "%mul_ln34 = mul i48 %sext_ln34, i48 %sext_ln34" [new_fixedpoint2205/fixedpt.h:34]   --->   Operation 155 'mul' 'mul_ln34' <Predicate = true> <Delay = 3.95> <CoreInst = "Multiplier">   --->   Core 3 'Multiplier' <Latency = 4> <II = 1> <Delay = 3.95> <FuncUnit> <Opcode : 'mul'> <InPorts = 2> <OutPorts = 1>
ST_29 : Operation 156 [1/1] (0.00ns)   --->   "%sext_ln34_6 = sext i32 %result_V_21" [new_fixedpoint2205/fixedpt.h:34]   --->   Operation 156 'sext' 'sext_ln34_6' <Predicate = true> <Delay = 0.00>
ST_29 : Operation 157 [5/5] (3.95ns)   --->   "%mul_ln34_5 = mul i48 %sext_ln34_6, i48 %sext_ln34_6" [new_fixedpoint2205/fixedpt.h:34]   --->   Operation 157 'mul' 'mul_ln34_5' <Predicate = true> <Delay = 3.95> <CoreInst = "Multiplier">   --->   Core 3 'Multiplier' <Latency = 4> <II = 1> <Delay = 3.95> <FuncUnit> <Opcode : 'mul'> <InPorts = 2> <OutPorts = 1>

State 30 <SV = 29> <Delay = 3.95>
ST_30 : Operation 158 [4/5] (3.95ns)   --->   "%mul_ln34 = mul i48 %sext_ln34, i48 %sext_ln34" [new_fixedpoint2205/fixedpt.h:34]   --->   Operation 158 'mul' 'mul_ln34' <Predicate = true> <Delay = 3.95> <CoreInst = "Multiplier">   --->   Core 3 'Multiplier' <Latency = 4> <II = 1> <Delay = 3.95> <FuncUnit> <Opcode : 'mul'> <InPorts = 2> <OutPorts = 1>
ST_30 : Operation 159 [4/5] (3.95ns)   --->   "%mul_ln34_5 = mul i48 %sext_ln34_6, i48 %sext_ln34_6" [new_fixedpoint2205/fixedpt.h:34]   --->   Operation 159 'mul' 'mul_ln34_5' <Predicate = true> <Delay = 3.95> <CoreInst = "Multiplier">   --->   Core 3 'Multiplier' <Latency = 4> <II = 1> <Delay = 3.95> <FuncUnit> <Opcode : 'mul'> <InPorts = 2> <OutPorts = 1>

State 31 <SV = 30> <Delay = 3.95>
ST_31 : Operation 160 [3/5] (3.95ns)   --->   "%mul_ln34 = mul i48 %sext_ln34, i48 %sext_ln34" [new_fixedpoint2205/fixedpt.h:34]   --->   Operation 160 'mul' 'mul_ln34' <Predicate = true> <Delay = 3.95> <CoreInst = "Multiplier">   --->   Core 3 'Multiplier' <Latency = 4> <II = 1> <Delay = 3.95> <FuncUnit> <Opcode : 'mul'> <InPorts = 2> <OutPorts = 1>
ST_31 : Operation 161 [3/5] (3.95ns)   --->   "%mul_ln34_5 = mul i48 %sext_ln34_6, i48 %sext_ln34_6" [new_fixedpoint2205/fixedpt.h:34]   --->   Operation 161 'mul' 'mul_ln34_5' <Predicate = true> <Delay = 3.95> <CoreInst = "Multiplier">   --->   Core 3 'Multiplier' <Latency = 4> <II = 1> <Delay = 3.95> <FuncUnit> <Opcode : 'mul'> <InPorts = 2> <OutPorts = 1>

State 32 <SV = 31> <Delay = 3.95>
ST_32 : Operation 162 [2/5] (3.95ns)   --->   "%mul_ln34 = mul i48 %sext_ln34, i48 %sext_ln34" [new_fixedpoint2205/fixedpt.h:34]   --->   Operation 162 'mul' 'mul_ln34' <Predicate = true> <Delay = 3.95> <CoreInst = "Multiplier">   --->   Core 3 'Multiplier' <Latency = 4> <II = 1> <Delay = 3.95> <FuncUnit> <Opcode : 'mul'> <InPorts = 2> <OutPorts = 1>
ST_32 : Operation 163 [2/5] (3.95ns)   --->   "%mul_ln34_5 = mul i48 %sext_ln34_6, i48 %sext_ln34_6" [new_fixedpoint2205/fixedpt.h:34]   --->   Operation 163 'mul' 'mul_ln34_5' <Predicate = true> <Delay = 3.95> <CoreInst = "Multiplier">   --->   Core 3 'Multiplier' <Latency = 4> <II = 1> <Delay = 3.95> <FuncUnit> <Opcode : 'mul'> <InPorts = 2> <OutPorts = 1>

State 33 <SV = 32> <Delay = 3.95>
ST_33 : Operation 164 [1/5] (3.95ns)   --->   "%mul_ln34 = mul i48 %sext_ln34, i48 %sext_ln34" [new_fixedpoint2205/fixedpt.h:34]   --->   Operation 164 'mul' 'mul_ln34' <Predicate = true> <Delay = 3.95> <CoreInst = "Multiplier">   --->   Core 3 'Multiplier' <Latency = 4> <II = 1> <Delay = 3.95> <FuncUnit> <Opcode : 'mul'> <InPorts = 2> <OutPorts = 1>
ST_33 : Operation 165 [1/1] (0.00ns)   --->   "%trunc_ln = partselect i32 @_ssdm_op_PartSelect.i32.i48.i32.i32, i48 %mul_ln34, i32 16, i32 47" [new_fixedpoint2205/fixedpt.h:34]   --->   Operation 165 'partselect' 'trunc_ln' <Predicate = true> <Delay = 0.00>
ST_33 : Operation 166 [1/5] (3.95ns)   --->   "%mul_ln34_5 = mul i48 %sext_ln34_6, i48 %sext_ln34_6" [new_fixedpoint2205/fixedpt.h:34]   --->   Operation 166 'mul' 'mul_ln34_5' <Predicate = true> <Delay = 3.95> <CoreInst = "Multiplier">   --->   Core 3 'Multiplier' <Latency = 4> <II = 1> <Delay = 3.95> <FuncUnit> <Opcode : 'mul'> <InPorts = 2> <OutPorts = 1>
ST_33 : Operation 167 [1/1] (0.00ns)   --->   "%trunc_ln34_4 = partselect i32 @_ssdm_op_PartSelect.i32.i48.i32.i32, i48 %mul_ln34_5, i32 16, i32 47" [new_fixedpoint2205/fixedpt.h:34]   --->   Operation 167 'partselect' 'trunc_ln34_4' <Predicate = true> <Delay = 0.00>

State 34 <SV = 33> <Delay = 2.55>
ST_34 : Operation 168 [1/1] (2.55ns)   --->   "%D = add i32 %trunc_ln34_4, i32 %trunc_ln" [new_fixedpoint2205/Aux_Lib_hw.hpp:35]   --->   Operation 168 'add' 'D' <Predicate = true> <Delay = 2.55> <CoreInst = "Adder">   --->   Core 1 'Adder' <Latency = 0> <II = 1> <Delay = 2.55> <FuncUnit> <Opcode : 'add' 'sub'> <InPorts = 2> <OutPorts = 1>

State 35 <SV = 34> <Delay = 3.25>
ST_35 : Operation 169 [1/1] (0.00ns)   --->   "%specloopname_ln13 = specloopname void @_ssdm_op_SpecLoopName, void @empty_16" [/wrk/ci/prod/2021.2/rdi_builds/continuous/2021_10_19_3367213/src/shared/hls/clib/hlsmath/include/FloatingPoint/hls_case_IEEE754.h:13]   --->   Operation 169 'specloopname' 'specloopname_ln13' <Predicate = true> <Delay = 0.00>
ST_35 : Operation 170 [1/1] (2.47ns)   --->   "%icmp_ln149 = icmp_slt  i32 %D, i32 %Squared_r_n_read" [new_fixedpoint2205/main.cpp:149]   --->   Operation 170 'icmp' 'icmp_ln149' <Predicate = true> <Delay = 2.47> <CoreInst = "Cmp">   --->   Core 9 'Cmp' <Latency = 0> <II = 1> <Delay = 2.47> <FuncUnit> <Opcode : 'icmp'> <InPorts = 2> <OutPorts = 1>
ST_35 : Operation 171 [1/1] (0.00ns)   --->   "%br_ln149 = br i1 %icmp_ln149, void %.split._crit_edge, void" [new_fixedpoint2205/main.cpp:149]   --->   Operation 171 'br' 'br_ln149' <Predicate = true> <Delay = 0.00>
ST_35 : Operation 172 [1/1] (0.00ns)   --->   "%RRT_Star_Pos_1_addr = getelementptr i16 %RRT_Star_Pos_1, i64 0, i64 %i_cast" [new_fixedpoint2205/main.cpp:151]   --->   Operation 172 'getelementptr' 'RRT_Star_Pos_1_addr' <Predicate = (icmp_ln149)> <Delay = 0.00>
ST_35 : Operation 173 [2/2] (3.25ns)   --->   "%RRT_Star_Pos_1_load = load i14 %RRT_Star_Pos_1_addr" [new_fixedpoint2205/main.cpp:151]   --->   Operation 173 'load' 'RRT_Star_Pos_1_load' <Predicate = (icmp_ln149)> <Delay = 3.25> <CoreInst = "RAM">   --->   Core 82 'RAM' <Latency = 1> <II = 1> <Delay = 3.25> <Storage> <Opcode : 'load' 'store'> <Ports = 2> <Width = 16> <Depth = 10000> <RAM>

State 36 <SV = 35> <Delay = 3.25>
ST_36 : Operation 174 [1/2] (3.25ns)   --->   "%RRT_Star_Pos_1_load = load i14 %RRT_Star_Pos_1_addr" [new_fixedpoint2205/main.cpp:151]   --->   Operation 174 'load' 'RRT_Star_Pos_1_load' <Predicate = (icmp_ln149)> <Delay = 3.25> <CoreInst = "RAM">   --->   Core 82 'RAM' <Latency = 1> <II = 1> <Delay = 3.25> <Storage> <Opcode : 'load' 'store'> <Ports = 2> <Width = 16> <Depth = 10000> <RAM>

State 37 <SV = 36> <Delay = 4.14>
ST_37 : Operation 175 [1/1] (0.00ns)   --->   "%p_load = load i32 %empty" [new_fixedpoint2205/main.cpp:152]   --->   Operation 175 'load' 'p_load' <Predicate = (icmp_ln149)> <Delay = 0.00>
ST_37 : Operation 176 [1/1] (0.00ns)   --->   "%zext_ln151 = zext i32 %p_load" [new_fixedpoint2205/main.cpp:151]   --->   Operation 176 'zext' 'zext_ln151' <Predicate = (icmp_ln149)> <Delay = 0.00>
ST_37 : Operation 177 [1/1] (0.00ns)   --->   "%X_near_addr = getelementptr i16 %X_near, i64 0, i64 %zext_ln151" [new_fixedpoint2205/main.cpp:151]   --->   Operation 177 'getelementptr' 'X_near_addr' <Predicate = (icmp_ln149)> <Delay = 0.00>
ST_37 : Operation 178 [1/1] (3.25ns)   --->   "%store_ln151 = store i16 %RRT_Star_Pos_1_load, i10 %X_near_addr" [new_fixedpoint2205/main.cpp:151]   --->   Operation 178 'store' 'store_ln151' <Predicate = (icmp_ln149)> <Delay = 3.25> <CoreInst = "RAM">   --->   Core 82 'RAM' <Latency = 1> <II = 1> <Delay = 3.25> <Storage> <Opcode : 'load' 'store'> <Ports = 2> <Width = 16> <Depth = 1000> <RAM>
ST_37 : Operation 179 [1/1] (2.55ns)   --->   "%add_ln152 = add i32 %p_load, i32 1" [new_fixedpoint2205/main.cpp:152]   --->   Operation 179 'add' 'add_ln152' <Predicate = (icmp_ln149)> <Delay = 2.55> <CoreInst = "Adder">   --->   Core 1 'Adder' <Latency = 0> <II = 1> <Delay = 2.55> <FuncUnit> <Opcode : 'add' 'sub'> <InPorts = 2> <OutPorts = 1>
ST_37 : Operation 180 [1/1] (1.58ns)   --->   "%store_ln153 = store i32 %add_ln152, i32 %X_near_count_0" [new_fixedpoint2205/main.cpp:153]   --->   Operation 180 'store' 'store_ln153' <Predicate = (icmp_ln149)> <Delay = 1.58>
ST_37 : Operation 181 [1/1] (1.58ns)   --->   "%store_ln153 = store i32 %add_ln152, i32 %empty" [new_fixedpoint2205/main.cpp:153]   --->   Operation 181 'store' 'store_ln153' <Predicate = (icmp_ln149)> <Delay = 1.58>
ST_37 : Operation 182 [1/1] (0.00ns)   --->   "%br_ln153 = br void %.split._crit_edge" [new_fixedpoint2205/main.cpp:153]   --->   Operation 182 'br' 'br_ln153' <Predicate = (icmp_ln149)> <Delay = 0.00>

State 38 <SV = 8> <Delay = 0.00>
ST_38 : Operation 183 [1/1] (0.00ns)   --->   "%X_near_count_0_load = load i32 %X_near_count_0" [new_fixedpoint2205/main.cpp:155]   --->   Operation 183 'load' 'X_near_count_0_load' <Predicate = true> <Delay = 0.00>
ST_38 : Operation 184 [1/1] (0.00ns)   --->   "%ret_ln155 = ret i32 %X_near_count_0_load" [new_fixedpoint2205/main.cpp:155]   --->   Operation 184 'ret' 'ret_ln155' <Predicate = true> <Delay = 0.00>


============================================================
+ Verbose Summary: Timing violations
============================================================
Target clock period: 6.75ns, clock uncertainty: 1.82ns.

 <State 1>: 6.31ns
The critical path consists of the following:
	wire read operation ('p_read_2') on port 'p_read' [15]  (0 ns)
	'sitofp' operation ('conv_i_i') [16]  (6.31 ns)

 <State 2>: 6.31ns
The critical path consists of the following:
	'sitofp' operation ('conv_i_i') [16]  (6.31 ns)

 <State 3>: 6.31ns
The critical path consists of the following:
	'sitofp' operation ('conv_i_i') [16]  (6.31 ns)

 <State 4>: 6.31ns
The critical path consists of the following:
	'sitofp' operation ('conv_i_i') [16]  (6.31 ns)

 <State 5>: 6.31ns
The critical path consists of the following:
	'sitofp' operation ('conv_i_i') [16]  (6.31 ns)

 <State 6>: 6.31ns
The critical path consists of the following:
	'sitofp' operation ('conv_i_i') [16]  (6.31 ns)

 <State 7>: 6.31ns
The critical path consists of the following:
	'sitofp' operation ('conv_i_i') [16]  (6.31 ns)

 <State 8>: 3.8ns
The critical path consists of the following:
	'load' operation ('i', new_fixedpoint2205/main.cpp:141) on local variable 'i' [23]  (0 ns)
	'add' operation ('add_ln141', new_fixedpoint2205/main.cpp:141) [26]  (1.81 ns)
	'store' operation ('store_ln141', new_fixedpoint2205/main.cpp:141) of variable 'add_ln141', new_fixedpoint2205/main.cpp:141 on local variable 'i' [104]  (1.59 ns)
	blocking operation 0.397 ns on control path)

 <State 9>: 3.25ns
The critical path consists of the following:
	'load' operation ('B._x', new_fixedpoint2205/main.cpp:34) on array 'RRT_Star_Pos_0_0' [32]  (3.25 ns)

 <State 10>: 6.31ns
The critical path consists of the following:
	'sitofp' operation ('conv_i_i_i', new_fixedpoint2205/Aux_Lib_hw.hpp:27) [35]  (6.31 ns)

 <State 11>: 6.31ns
The critical path consists of the following:
	'sitofp' operation ('conv_i_i_i', new_fixedpoint2205/Aux_Lib_hw.hpp:27) [35]  (6.31 ns)

 <State 12>: 6.31ns
The critical path consists of the following:
	'sitofp' operation ('conv_i_i_i', new_fixedpoint2205/Aux_Lib_hw.hpp:27) [35]  (6.31 ns)

 <State 13>: 6.31ns
The critical path consists of the following:
	'sitofp' operation ('conv_i_i_i', new_fixedpoint2205/Aux_Lib_hw.hpp:27) [35]  (6.31 ns)

 <State 14>: 6.31ns
The critical path consists of the following:
	'sitofp' operation ('conv_i_i_i', new_fixedpoint2205/Aux_Lib_hw.hpp:27) [35]  (6.31 ns)

 <State 15>: 6.31ns
The critical path consists of the following:
	'sitofp' operation ('conv_i_i_i', new_fixedpoint2205/Aux_Lib_hw.hpp:27) [35]  (6.31 ns)

 <State 16>: 6.31ns
The critical path consists of the following:
	'sitofp' operation ('conv_i_i_i', new_fixedpoint2205/Aux_Lib_hw.hpp:27) [35]  (6.31 ns)

 <State 17>: 4.35ns
The critical path consists of the following:
	'fsub' operation ('x', new_fixedpoint2205/Aux_Lib_hw.hpp:35) [36]  (4.35 ns)

 <State 18>: 4.35ns
The critical path consists of the following:
	'fsub' operation ('x', new_fixedpoint2205/Aux_Lib_hw.hpp:35) [36]  (4.35 ns)

 <State 19>: 4.35ns
The critical path consists of the following:
	'fsub' operation ('x', new_fixedpoint2205/Aux_Lib_hw.hpp:35) [36]  (4.35 ns)

 <State 20>: 4.35ns
The critical path consists of the following:
	'fsub' operation ('x', new_fixedpoint2205/Aux_Lib_hw.hpp:35) [36]  (4.35 ns)

 <State 21>: 4.35ns
The critical path consists of the following:
	'fsub' operation ('x', new_fixedpoint2205/Aux_Lib_hw.hpp:35) [36]  (4.35 ns)

 <State 22>: 4.35ns
The critical path consists of the following:
	'fsub' operation ('x', new_fixedpoint2205/Aux_Lib_hw.hpp:35) [36]  (4.35 ns)

 <State 23>: 4.35ns
The critical path consists of the following:
	'fsub' operation ('x', new_fixedpoint2205/Aux_Lib_hw.hpp:35) [36]  (4.35 ns)

 <State 24>: 4.35ns
The critical path consists of the following:
	'fsub' operation ('x', new_fixedpoint2205/Aux_Lib_hw.hpp:35) [36]  (4.35 ns)

 <State 25>: 4.35ns
The critical path consists of the following:
	'fsub' operation ('x', new_fixedpoint2205/Aux_Lib_hw.hpp:35) [36]  (4.35 ns)

 <State 26>: 2.88ns
The critical path consists of the following:
	'add' operation ('sh', /wrk/ci/prod/2021.2/rdi_builds/continuous/2021_10_19_3367213/src/shared/hls/clib/src/hls/utils/x_hls_utils.h:344) [44]  (1.92 ns)
	'select' operation ('ush') [48]  (0.968 ns)

 <State 27>: 4.42ns
The critical path consists of the following:
	'lshr' operation ('r.V') [51]  (0 ns)
	'select' operation ('val') [56]  (4.42 ns)

 <State 28>: 3.25ns
The critical path consists of the following:
	'sub' operation ('result.V') [57]  (2.55 ns)
	'select' operation ('result.V', /wrk/ci/prod/2021.2/rdi_builds/continuous/2021_10_19_3367213/src/shared/hls/clib/hlsmath/include/FloatingPoint/hls_case_IEEE754.h:59) [58]  (0.698 ns)

 <State 29>: 3.95ns
The critical path consists of the following:
	'mul' operation ('mul_ln34', new_fixedpoint2205/fixedpt.h:34) [60]  (3.95 ns)

 <State 30>: 3.95ns
The critical path consists of the following:
	'mul' operation ('mul_ln34', new_fixedpoint2205/fixedpt.h:34) [60]  (3.95 ns)

 <State 31>: 3.95ns
The critical path consists of the following:
	'mul' operation ('mul_ln34', new_fixedpoint2205/fixedpt.h:34) [60]  (3.95 ns)

 <State 32>: 3.95ns
The critical path consists of the following:
	'mul' operation ('mul_ln34', new_fixedpoint2205/fixedpt.h:34) [60]  (3.95 ns)

 <State 33>: 3.95ns
The critical path consists of the following:
	'mul' operation ('mul_ln34', new_fixedpoint2205/fixedpt.h:34) [60]  (3.95 ns)

 <State 34>: 2.55ns
The critical path consists of the following:
	'add' operation ('D', new_fixedpoint2205/Aux_Lib_hw.hpp:35) [89]  (2.55 ns)

 <State 35>: 3.25ns
The critical path consists of the following:
	'getelementptr' operation ('RRT_Star_Pos_1_addr', new_fixedpoint2205/main.cpp:151) [94]  (0 ns)
	'load' operation ('RRT_Star_Pos_1_load', new_fixedpoint2205/main.cpp:151) on array 'RRT_Star_Pos_1' [95]  (3.25 ns)

 <State 36>: 3.25ns
The critical path consists of the following:
	'load' operation ('RRT_Star_Pos_1_load', new_fixedpoint2205/main.cpp:151) on array 'RRT_Star_Pos_1' [95]  (3.25 ns)

 <State 37>: 4.14ns
The critical path consists of the following:
	'load' operation ('p_load', new_fixedpoint2205/main.cpp:152) on local variable 'empty' [93]  (0 ns)
	'add' operation ('add_ln152', new_fixedpoint2205/main.cpp:152) [99]  (2.55 ns)
	'store' operation ('store_ln153', new_fixedpoint2205/main.cpp:153) of variable 'add_ln152', new_fixedpoint2205/main.cpp:152 on local variable 'X_near_count_0' [100]  (1.59 ns)

 <State 38>: 0ns
The critical path consists of the following:


============================================================
+ Verbose Summary: Binding
============================================================
N/A
* FSMD analyzer results:
  - Output states:
 - Input state : 
  - Chain level:
	State 1
	State 2
	State 3
	State 4
	State 5
	State 6
	State 7
	State 8
	State 9
	State 10
	State 11
	State 12
	State 13
	State 14
	State 15
	State 16
	State 17
	State 18
	State 19
	State 20
	State 21
	State 22
	State 23
	State 24
	State 25
	State 26
	State 27
	State 28
	State 29
	State 30
	State 31
	State 32
	State 33
	State 34
	State 35
	State 36
	State 37
	State 38


============================================================
+ Verbose Summary: Datapath Resource usage 
============================================================
N/A
