

================================================================
== Vitis HLS Report for 'rrt_Pipeline_VITIS_LOOP_47_12'
================================================================
* Date:           Tue May 30 11:08:31 2023

* Version:        2021.2 (Build 3367213 on Tue Oct 19 02:47:39 MDT 2021)
* Project:        new_fixedpoint2205
* Solution:       solution1 (Vivado IP Flow Target)
* Product family: zynq
* Target device:  xc7z020-clg400-1


================================================================
== Performance Estimates
================================================================
+ Timing: 
    * Summary: 
    +--------+---------+----------+------------+
    |  Clock |  Target | Estimated| Uncertainty|
    +--------+---------+----------+------------+
    |ap_clk  |  6.75 ns|  4.342 ns|     1.82 ns|
    +--------+---------+----------+------------+

+ Latency: 
    * Summary: 
    +---------+---------+----------+----------+-----+-----+---------+
    |  Latency (cycles) |  Latency (absolute) |  Interval | Pipeline|
    |   min   |   max   |    min   |    max   | min | max |   Type  |
    +---------+---------+----------+----------+-----+-----+---------+
    |       50|       50|  0.338 us|  0.338 us|   50|   50|       no|
    +---------+---------+----------+----------+-----+-----+---------+

    + Detail: 
        * Instance: 
        N/A

        * Loop: 
        +-------------------+---------+---------+----------+-----------+-----------+------+----------+
        |                   |  Latency (cycles) | Iteration|  Initiation Interval  | Trip |          |
        |     Loop Name     |   min   |   max   |  Latency |  achieved |   target  | Count| Pipelined|
        +-------------------+---------+---------+----------+-----------+-----------+------+----------+
        |- VITIS_LOOP_47_1  |       48|       48|         3|          2|          1|    24|       yes|
        +-------------------+---------+---------+----------+-----------+-----------+------+----------+



================================================================
== Utilization Estimates
================================================================
* Summary: 
+-----------------+---------+-----+--------+-------+-----+
|       Name      | BRAM_18K| DSP |   FF   |  LUT  | URAM|
+-----------------+---------+-----+--------+-------+-----+
|DSP              |        -|    -|       -|      -|    -|
|Expression       |        -|    -|       0|    242|    -|
|FIFO             |        -|    -|       -|      -|    -|
|Instance         |        -|    -|       -|      -|    -|
|Memory           |        -|    -|       -|      -|    -|
|Multiplexer      |        -|    -|       -|     77|    -|
|Register         |        -|    -|     353|      -|    -|
+-----------------+---------+-----+--------+-------+-----+
|Total            |        0|    0|     353|    319|    0|
+-----------------+---------+-----+--------+-------+-----+
|Available        |      280|  220|  106400|  53200|    0|
+-----------------+---------+-----+--------+-------+-----+
|Utilization (%)  |        0|    0|      ~0|     ~0|    0|
+-----------------+---------+-----+--------+-------+-----+

+ Detail: 
    * Instance: 
    N/A

    * DSP: 
    N/A

    * Memory: 
    N/A

    * FIFO: 
    N/A

    * Expression: 
    +-----------------------+----------+----+---+----+------------+------------+
    |     Variable Name     | Operation| DSP| FF| LUT| Bitwidth P0| Bitwidth P1|
    +-----------------------+----------+----+---+----+------------+------------+
    |add_ln43_fu_132_p2     |         +|   0|  0|  31|          31|          31|
    |q_1_fu_153_p2          |         +|   0|  0|  39|          32|          32|
    |t_fu_100_p2            |         +|   0|  0|  39|          32|          32|
    |r_1_fu_147_p2          |         -|   0|  0|  31|          31|          31|
    |icmp_ln47_fu_83_p2     |      icmp|   0|  0|  17|          31|           7|
    |icmp_ln50_fu_136_p2    |      icmp|   0|  0|  18|          32|          32|
    |q_2_fu_157_p3          |    select|   0|  0|  32|           1|          32|
    |select_ln50_fu_164_p3  |    select|   0|  0|  31|           1|          31|
    |ap_enable_pp0          |       xor|   0|  0|   2|           1|           2|
    |xor_ln50_fu_141_p2     |       xor|   0|  0|   2|           1|           2|
    +-----------------------+----------+----+---+----+------------+------------+
    |Total                  |          |   0|  0| 242|         193|         232|
    +-----------------------+----------+----+---+----+------------+------------+

    * Multiplexer: 
    +-------------------------+----+-----------+-----+-----------+
    |           Name          | LUT| Input Size| Bits| Total Bits|
    +-------------------------+----+-----------+-----+-----------+
    |ap_NS_fsm                |  14|          3|    1|          3|
    |ap_done_int              |   9|          2|    1|          2|
    |ap_enable_reg_pp0_iter0  |   9|          2|    1|          2|
    |ap_enable_reg_pp0_iter1  |   9|          2|    1|          2|
    |ap_sig_allocacmp_q_load  |   9|          2|   32|         64|
    |b_fu_44                  |   9|          2|   31|         62|
    |q_fu_48                  |   9|          2|   32|         64|
    |r_fu_40                  |   9|          2|   32|         64|
    +-------------------------+----+-----------+-----+-----------+
    |Total                    |  77|         17|  131|        263|
    +-------------------------+----+-----------+-----+-----------+

    * Register: 
    +-----------------------------+----+----+-----+-----------+
    |             Name            | FF | LUT| Bits| Const Bits|
    +-----------------------------+----+----+-----+-----------+
    |ap_CS_fsm                    |   2|   0|    2|          0|
    |ap_done_reg                  |   1|   0|    1|          0|
    |ap_enable_reg_pp0_iter0_reg  |   1|   0|    1|          0|
    |ap_enable_reg_pp0_iter1      |   1|   0|    1|          0|
    |b_1_reg_212                  |  31|   0|   31|          0|
    |b_cast_reg_226               |  31|   0|   32|          1|
    |b_fu_44                      |  31|   0|   31|          0|
    |empty_37_reg_242             |  31|   0|   31|          0|
    |icmp_ln47_reg_217            |   1|   0|    1|          0|
    |q_2_reg_257                  |  32|   0|   32|          0|
    |q_fu_48                      |  32|   0|   32|          0|
    |q_load_reg_221               |  32|   0|   32|          0|
    |r_1_reg_252                  |  31|   0|   31|          0|
    |r_fu_40                      |  32|   0|   32|          0|
    |t_reg_236                    |  32|   0|   32|          0|
    |trunc_ln49_reg_231           |  31|   0|   31|          0|
    |xor_ln50_reg_247             |   1|   0|    1|          0|
    +-----------------------------+----+----+-----+-----------+
    |Total                        | 353|   0|  354|          1|
    +-----------------------------+----+----+-----+-----------+



================================================================
== Interface
================================================================
* Summary: 
+--------------+-----+-----+------------+-------------------------------+--------------+
|   RTL Ports  | Dir | Bits|  Protocol  |         Source Object         |    C Type    |
+--------------+-----+-----+------------+-------------------------------+--------------+
|ap_clk        |   in|    1|  ap_ctrl_hs|  rrt_Pipeline_VITIS_LOOP_47_12|  return value|
|ap_rst        |   in|    1|  ap_ctrl_hs|  rrt_Pipeline_VITIS_LOOP_47_12|  return value|
|ap_start      |   in|    1|  ap_ctrl_hs|  rrt_Pipeline_VITIS_LOOP_47_12|  return value|
|ap_done       |  out|    1|  ap_ctrl_hs|  rrt_Pipeline_VITIS_LOOP_47_12|  return value|
|ap_idle       |  out|    1|  ap_ctrl_hs|  rrt_Pipeline_VITIS_LOOP_47_12|  return value|
|ap_ready      |  out|    1|  ap_ctrl_hs|  rrt_Pipeline_VITIS_LOOP_47_12|  return value|
|Dist_sqr      |   in|   32|     ap_none|                       Dist_sqr|        scalar|
|q_out         |  out|   32|      ap_vld|                          q_out|       pointer|
|q_out_ap_vld  |  out|    1|      ap_vld|                          q_out|       pointer|
+--------------+-----+-----+------------+-------------------------------+--------------+

============================================================
+ Verbose Summary: Synthesis Manager
============================================================
InlineROM: 1
ExposeGlobal: 0
============================================================
+ Verbose Summary: CDFG Model
============================================================
IsTopModel: 0
ResetActiveHigh: 1
IsCombinational: 2
IsDatapathOnly: 2
HasWiredReturn: 1
HasMFsm: 2
HasVarLatency: 1
IsPipeline: 0
IsRtlPipelined: 0
IsInstanceOverlapped: 0
IsDontTouch: 0
HasImplIP: 0
IsGatedGlobalClock: 0

+ Individual pipeline summary: 
  * Pipeline-0: initiation interval (II) = 2, depth = 4


============================================================
+ Verbose Summary: Schedule
============================================================
* Number of FSM states : 4
* Pipeline : 1
  Pipeline-0 : II = 2, D = 4, States = { 1 2 3 4 }
* Dataflow Pipeline: 0

* FSM state transitions: 
1 --> 2 
2 --> 3 
3 --> 4 
4 --> 

* FSM state operations: 

State 1 <SV = 0> <Delay = 1.58>
ST_1 : Operation 6 [1/1] (0.00ns)   --->   "%r = alloca i32 1"   --->   Operation 6 'alloca' 'r' <Predicate = true> <Delay = 0.00>
ST_1 : Operation 7 [1/1] (0.00ns)   --->   "%b = alloca i32 1"   --->   Operation 7 'alloca' 'b' <Predicate = true> <Delay = 0.00>
ST_1 : Operation 8 [1/1] (0.00ns)   --->   "%q = alloca i32 1"   --->   Operation 8 'alloca' 'q' <Predicate = true> <Delay = 0.00>
ST_1 : Operation 9 [1/1] (0.00ns)   --->   "%Dist_sqr_read = read i32 @_ssdm_op_Read.ap_auto.i32, i32 %Dist_sqr"   --->   Operation 9 'read' 'Dist_sqr_read' <Predicate = true> <Delay = 0.00>
ST_1 : Operation 10 [1/1] (1.58ns)   --->   "%store_ln0 = store i32 0, i32 %q"   --->   Operation 10 'store' 'store_ln0' <Predicate = true> <Delay = 1.58>
ST_1 : Operation 11 [1/1] (1.58ns)   --->   "%store_ln0 = store i31 1073741824, i31 %b"   --->   Operation 11 'store' 'store_ln0' <Predicate = true> <Delay = 1.58>
ST_1 : Operation 12 [1/1] (1.58ns)   --->   "%store_ln0 = store i32 %Dist_sqr_read, i32 %r"   --->   Operation 12 'store' 'store_ln0' <Predicate = true> <Delay = 1.58>
ST_1 : Operation 13 [1/1] (0.00ns)   --->   "%br_ln0 = br void"   --->   Operation 13 'br' 'br_ln0' <Predicate = true> <Delay = 0.00>

State 2 <SV = 1> <Delay = 4.05>
ST_2 : Operation 14 [1/1] (0.00ns)   --->   "%b_1 = load i31 %b" [new_fixedpoint2205/fixedpt.h:43]   --->   Operation 14 'load' 'b_1' <Predicate = true> <Delay = 0.00>
ST_2 : Operation 15 [1/1] (0.00ns)   --->   "%specpipeline_ln0 = specpipeline void @_ssdm_op_SpecPipeline, i32 4294967295, i32 0, i32 1, i32 0, void @p_str"   --->   Operation 15 'specpipeline' 'specpipeline_ln0' <Predicate = true> <Delay = 0.00>
ST_2 : Operation 16 [1/1] (2.47ns)   --->   "%icmp_ln47 = icmp_ugt  i31 %b_1, i31 64" [new_fixedpoint2205/fixedpt.h:47]   --->   Operation 16 'icmp' 'icmp_ln47' <Predicate = true> <Delay = 2.47> <CoreInst = "Cmp">   --->   Core 9 'Cmp' <Latency = 0> <II = 1> <Delay = 2.47> <FuncUnit> <Opcode : 'icmp'> <InPorts = 2> <OutPorts = 1>
ST_2 : Operation 17 [1/1] (0.00ns)   --->   "%empty = speclooptripcount i32 @_ssdm_op_SpecLoopTripCount, i64 24, i64 24, i64 24"   --->   Operation 17 'speclooptripcount' 'empty' <Predicate = true> <Delay = 0.00>
ST_2 : Operation 18 [1/1] (0.00ns)   --->   "%br_ln47 = br i1 %icmp_ln47, void %_ZL6CosthwR21Position_Holonomic_hwS0_.exit.exitStub, void" [new_fixedpoint2205/fixedpt.h:47]   --->   Operation 18 'br' 'br_ln47' <Predicate = true> <Delay = 0.00>
ST_2 : Operation 19 [1/1] (0.00ns)   --->   "%q_load = load i32 %q" [new_fixedpoint2205/fixedpt.h:49]   --->   Operation 19 'load' 'q_load' <Predicate = (icmp_ln47)> <Delay = 0.00>
ST_2 : Operation 20 [1/1] (0.00ns)   --->   "%b_cast = zext i31 %b_1" [new_fixedpoint2205/fixedpt.h:43]   --->   Operation 20 'zext' 'b_cast' <Predicate = (icmp_ln47)> <Delay = 0.00>
ST_2 : Operation 21 [1/1] (0.00ns)   --->   "%trunc_ln49 = trunc i32 %q_load" [new_fixedpoint2205/fixedpt.h:49]   --->   Operation 21 'trunc' 'trunc_ln49' <Predicate = (icmp_ln47)> <Delay = 0.00>
ST_2 : Operation 22 [1/1] (2.55ns)   --->   "%t = add i32 %b_cast, i32 %q_load" [new_fixedpoint2205/fixedpt.h:49]   --->   Operation 22 'add' 't' <Predicate = (icmp_ln47)> <Delay = 2.55> <CoreInst = "Adder">   --->   Core 1 'Adder' <Latency = 0> <II = 1> <Delay = 2.55> <FuncUnit> <Opcode : 'add' 'sub'> <InPorts = 2> <OutPorts = 1>
ST_2 : Operation 23 [1/1] (0.00ns)   --->   "%b_2 = partselect i30 @_ssdm_op_PartSelect.i30.i31.i32.i32, i31 %b_1, i32 1, i32 30" [new_fixedpoint2205/fixedpt.h:56]   --->   Operation 23 'partselect' 'b_2' <Predicate = (icmp_ln47)> <Delay = 0.00>
ST_2 : Operation 24 [1/1] (0.00ns)   --->   "%zext_ln56 = zext i30 %b_2" [new_fixedpoint2205/fixedpt.h:56]   --->   Operation 24 'zext' 'zext_ln56' <Predicate = (icmp_ln47)> <Delay = 0.00>
ST_2 : Operation 25 [1/1] (1.58ns)   --->   "%store_ln47 = store i31 %zext_ln56, i31 %b" [new_fixedpoint2205/fixedpt.h:47]   --->   Operation 25 'store' 'store_ln47' <Predicate = (icmp_ln47)> <Delay = 1.58>
ST_2 : Operation 40 [1/1] (0.00ns)   --->   "%q_load_1 = load i32 %q"   --->   Operation 40 'load' 'q_load_1' <Predicate = (!icmp_ln47)> <Delay = 0.00>
ST_2 : Operation 41 [1/1] (0.00ns)   --->   "%write_ln0 = write void @_ssdm_op_Write.ap_auto.i32P0A, i32 %q_out, i32 %q_load_1"   --->   Operation 41 'write' 'write_ln0' <Predicate = (!icmp_ln47)> <Delay = 0.00>
ST_2 : Operation 42 [1/1] (0.00ns)   --->   "%ret_ln0 = ret"   --->   Operation 42 'ret' 'ret_ln0' <Predicate = (!icmp_ln47)> <Delay = 0.00>

State 3 <SV = 2> <Delay = 4.34>
ST_3 : Operation 26 [1/1] (0.00ns)   --->   "%r_load = load i32 %r" [new_fixedpoint2205/fixedpt.h:50]   --->   Operation 26 'load' 'r_load' <Predicate = (icmp_ln47)> <Delay = 0.00>
ST_3 : Operation 27 [1/1] (0.00ns)   --->   "%empty_37 = trunc i32 %r_load" [new_fixedpoint2205/fixedpt.h:50]   --->   Operation 27 'trunc' 'empty_37' <Predicate = (icmp_ln47)> <Delay = 0.00>
ST_3 : Operation 28 [1/1] (0.00ns) (grouped into TernaryAdder)   --->   "%add_ln43 = add i31 %b_1, i31 %trunc_ln49" [new_fixedpoint2205/fixedpt.h:43]   --->   Operation 28 'add' 'add_ln43' <Predicate = (icmp_ln47)> <Delay = 0.00> <CoreInst = "TAddSub">   --->   Core 10 'TAddSub' <Latency = 0> <II = 1> <Delay = 2.17> <IPBlock> <Opcode : 'add' 'sub'> <InPorts = 3> <OutPorts = 1> <Sync> <CReg>
ST_3 : Operation 29 [1/1] (2.47ns)   --->   "%icmp_ln50 = icmp_ult  i32 %r_load, i32 %t" [new_fixedpoint2205/fixedpt.h:50]   --->   Operation 29 'icmp' 'icmp_ln50' <Predicate = (icmp_ln47)> <Delay = 2.47> <CoreInst = "Cmp">   --->   Core 9 'Cmp' <Latency = 0> <II = 1> <Delay = 2.47> <FuncUnit> <Opcode : 'icmp'> <InPorts = 2> <OutPorts = 1>
ST_3 : Operation 30 [1/1] (0.97ns)   --->   "%xor_ln50 = xor i1 %icmp_ln50, i1 1" [new_fixedpoint2205/fixedpt.h:50]   --->   Operation 30 'xor' 'xor_ln50' <Predicate = (icmp_ln47)> <Delay = 0.97> <CoreInst = "LogicGate">   --->   Core 74 'LogicGate' <Latency = 0> <II = 1> <Delay = 0.97> <FuncUnit> <Opcode : 'and' 'or' 'xor'> <InPorts = 2> <OutPorts = 1>
ST_3 : Operation 31 [1/1] (4.34ns) (root node of TernaryAdder)   --->   "%r_1 = sub i31 %empty_37, i31 %add_ln43" [new_fixedpoint2205/fixedpt.h:52]   --->   Operation 31 'sub' 'r_1' <Predicate = (icmp_ln47)> <Delay = 4.34> <CoreInst = "TAddSub">   --->   Core 10 'TAddSub' <Latency = 0> <II = 1> <Delay = 2.17> <IPBlock> <Opcode : 'add' 'sub'> <InPorts = 3> <OutPorts = 1> <Sync> <CReg>
ST_3 : Operation 32 [1/1] (2.55ns)   --->   "%q_1 = add i32 %t, i32 %b_cast" [new_fixedpoint2205/fixedpt.h:53]   --->   Operation 32 'add' 'q_1' <Predicate = (icmp_ln47)> <Delay = 2.55> <CoreInst = "Adder">   --->   Core 1 'Adder' <Latency = 0> <II = 1> <Delay = 2.55> <FuncUnit> <Opcode : 'add' 'sub'> <InPorts = 2> <OutPorts = 1>
ST_3 : Operation 33 [1/1] (0.69ns)   --->   "%q_2 = select i1 %xor_ln50, i32 %q_1, i32 %q_load" [new_fixedpoint2205/fixedpt.h:50]   --->   Operation 33 'select' 'q_2' <Predicate = (icmp_ln47)> <Delay = 0.69> <CoreInst = "Sel">   --->   Core 73 'Sel' <Latency = 0> <II = 1> <Delay = 0.73> <FuncUnit> <Opcode : 'select'> <InPorts = 3> <OutPorts = 1>

State 4 <SV = 3> <Delay = 2.32>
ST_4 : Operation 34 [1/1] (0.00ns)   --->   "%specloopname_ln49 = specloopname void @_ssdm_op_SpecLoopName, void @empty_13" [new_fixedpoint2205/fixedpt.h:49]   --->   Operation 34 'specloopname' 'specloopname_ln49' <Predicate = true> <Delay = 0.00>
ST_4 : Operation 35 [1/1] (0.73ns)   --->   "%select_ln50 = select i1 %xor_ln50, i31 %r_1, i31 %empty_37" [new_fixedpoint2205/fixedpt.h:50]   --->   Operation 35 'select' 'select_ln50' <Predicate = true> <Delay = 0.73> <CoreInst = "Sel">   --->   Core 73 'Sel' <Latency = 0> <II = 1> <Delay = 0.73> <FuncUnit> <Opcode : 'select'> <InPorts = 3> <OutPorts = 1>
ST_4 : Operation 36 [1/1] (0.00ns)   --->   "%r_2 = bitconcatenate i32 @_ssdm_op_BitConcatenate.i32.i31.i1, i31 %select_ln50, i1 0" [new_fixedpoint2205/fixedpt.h:55]   --->   Operation 36 'bitconcatenate' 'r_2' <Predicate = true> <Delay = 0.00>
ST_4 : Operation 37 [1/1] (1.58ns)   --->   "%store_ln47 = store i32 %q_2, i32 %q" [new_fixedpoint2205/fixedpt.h:47]   --->   Operation 37 'store' 'store_ln47' <Predicate = true> <Delay = 1.58>
ST_4 : Operation 38 [1/1] (1.58ns)   --->   "%store_ln47 = store i32 %r_2, i32 %r" [new_fixedpoint2205/fixedpt.h:47]   --->   Operation 38 'store' 'store_ln47' <Predicate = true> <Delay = 1.58>
ST_4 : Operation 39 [1/1] (0.00ns)   --->   "%br_ln47 = br void" [new_fixedpoint2205/fixedpt.h:47]   --->   Operation 39 'br' 'br_ln47' <Predicate = true> <Delay = 0.00>


============================================================
+ Verbose Summary: Binding
============================================================
STG Binding: 
---------------- STG Properties BEGIN ----------------
- Is combinational: 0
- Is one-state seq: 0
- Is datapath-only: 0
- Is pipelined: 0
- Is top level: 0
Port [ Return ] is wired: 1; IO mode=ap_ctrl_hs:ce=0
Port [ Dist_sqr]:  wired=1; compound=0; hidden=0; nouse=0; global=0; static=0; extern=0; dir=0; type=0; pingpong=0; private_global=0; IO mode=ap_none:ce=0
Port [ q_out]:  wired=1; compound=0; hidden=0; nouse=0; global=0; static=0; extern=0; dir=1; type=0; pingpong=0; private_global=0; IO mode=ap_vld:ce=0
---------------- STG Properties END ------------------

---------------- Datapath Model BEGIN ----------------

<LifeTime>
<method=bitvector/>
r                 (alloca           ) [ 01111]
b                 (alloca           ) [ 01100]
q                 (alloca           ) [ 01111]
Dist_sqr_read     (read             ) [ 00000]
store_ln0         (store            ) [ 00000]
store_ln0         (store            ) [ 00000]
store_ln0         (store            ) [ 00000]
br_ln0            (br               ) [ 00000]
b_1               (load             ) [ 01010]
specpipeline_ln0  (specpipeline     ) [ 00000]
icmp_ln47         (icmp             ) [ 01110]
empty             (speclooptripcount) [ 00000]
br_ln47           (br               ) [ 00000]
q_load            (load             ) [ 01010]
b_cast            (zext             ) [ 01010]
trunc_ln49        (trunc            ) [ 01010]
t                 (add              ) [ 01010]
b_2               (partselect       ) [ 00000]
zext_ln56         (zext             ) [ 00000]
store_ln47        (store            ) [ 00000]
r_load            (load             ) [ 00000]
empty_37          (trunc            ) [ 00101]
add_ln43          (add              ) [ 00000]
icmp_ln50         (icmp             ) [ 00000]
xor_ln50          (xor              ) [ 00101]
r_1               (sub              ) [ 00101]
q_1               (add              ) [ 00000]
q_2               (select           ) [ 00101]
specloopname_ln49 (specloopname     ) [ 00000]
select_ln50       (select           ) [ 00000]
r_2               (bitconcatenate   ) [ 00000]
store_ln47        (store            ) [ 00000]
store_ln47        (store            ) [ 00000]
br_ln47           (br               ) [ 00000]
q_load_1          (load             ) [ 00000]
write_ln0         (write            ) [ 00000]
ret_ln0           (ret              ) [ 00000]
</LifeTime>

<model>

<comp_list>
<comp id="0" class="1000" name="Dist_sqr">
<pin_list>
<pin id="1" dir="1" index="0" bw="1" slack="0"/>
</pin_list>
<bind>
<StgValue><ssdm name="Dist_sqr"/></StgValue>
</bind>
</comp>

<comp id="2" class="1000" name="q_out">
<pin_list>
<pin id="3" dir="1" index="0" bw="1" slack="0"/>
</pin_list>
<bind>
<StgValue><ssdm name="q_out"/></StgValue>
</bind>
</comp>

<comp id="4" class="1001" name="const_4">
<pin_list>
<pin id="5" dir="1" index="0" bw="1" slack="0"/>
</pin_list>
<bind>
<StgValue><ssdm name=""/></StgValue>
</bind>
</comp>

<comp id="6" class="1001" name="const_6">
<pin_list>
<pin id="7" dir="1" index="0" bw="1" slack="0"/>
</pin_list>
<bind>
<StgValue><ssdm name="_ssdm_op_Read.ap_auto.i32"/></StgValue>
</bind>
</comp>

<comp id="8" class="1001" name="const_8">
<pin_list>
<pin id="9" dir="1" index="0" bw="1" slack="0"/>
</pin_list>
<bind>
<StgValue><ssdm name=""/></StgValue>
</bind>
</comp>

<comp id="10" class="1001" name="const_10">
<pin_list>
<pin id="11" dir="1" index="0" bw="1" slack="0"/>
</pin_list>
<bind>
<StgValue><ssdm name=""/></StgValue>
</bind>
</comp>

<comp id="12" class="1001" name="const_12">
<pin_list>
<pin id="13" dir="1" index="0" bw="1" slack="2147483647"/>
</pin_list>
<bind>
<StgValue><ssdm name="_ssdm_op_SpecPipeline"/></StgValue>
</bind>
</comp>

<comp id="14" class="1001" name="const_14">
<pin_list>
<pin id="15" dir="1" index="0" bw="1" slack="2147483647"/>
</pin_list>
<bind>
<StgValue><ssdm name=""/></StgValue>
</bind>
</comp>

<comp id="16" class="1001" name="const_16">
<pin_list>
<pin id="17" dir="1" index="0" bw="1" slack="2147483647"/>
</pin_list>
<bind>
<StgValue><ssdm name="p_str"/></StgValue>
</bind>
</comp>

<comp id="18" class="1001" name="const_18">
<pin_list>
<pin id="19" dir="1" index="0" bw="1" slack="0"/>
</pin_list>
<bind>
<StgValue><ssdm name=""/></StgValue>
</bind>
</comp>

<comp id="20" class="1001" name="const_20">
<pin_list>
<pin id="21" dir="1" index="0" bw="1" slack="2147483647"/>
</pin_list>
<bind>
<StgValue><ssdm name="_ssdm_op_SpecLoopTripCount"/></StgValue>
</bind>
</comp>

<comp id="22" class="1001" name="const_22">
<pin_list>
<pin id="23" dir="1" index="0" bw="1" slack="2147483647"/>
</pin_list>
<bind>
<StgValue><ssdm name=""/></StgValue>
</bind>
</comp>

<comp id="24" class="1001" name="const_24">
<pin_list>
<pin id="25" dir="1" index="0" bw="1" slack="0"/>
</pin_list>
<bind>
<StgValue><ssdm name="_ssdm_op_PartSelect.i30.i31.i32.i32"/></StgValue>
</bind>
</comp>

<comp id="26" class="1001" name="const_26">
<pin_list>
<pin id="27" dir="1" index="0" bw="1" slack="0"/>
</pin_list>
<bind>
<StgValue><ssdm name=""/></StgValue>
</bind>
</comp>

<comp id="28" class="1001" name="const_28">
<pin_list>
<pin id="29" dir="1" index="0" bw="1" slack="0"/>
</pin_list>
<bind>
<StgValue><ssdm name=""/></StgValue>
</bind>
</comp>

<comp id="30" class="1001" name="const_30">
<pin_list>
<pin id="31" dir="1" index="0" bw="1" slack="2147483647"/>
</pin_list>
<bind>
<StgValue><ssdm name="_ssdm_op_SpecLoopName"/></StgValue>
</bind>
</comp>

<comp id="32" class="1001" name="const_32">
<pin_list>
<pin id="33" dir="1" index="0" bw="1" slack="2147483647"/>
</pin_list>
<bind>
<StgValue><ssdm name="empty_13"/></StgValue>
</bind>
</comp>

<comp id="34" class="1001" name="const_34">
<pin_list>
<pin id="35" dir="1" index="0" bw="1" slack="0"/>
</pin_list>
<bind>
<StgValue><ssdm name="_ssdm_op_BitConcatenate.i32.i31.i1"/></StgValue>
</bind>
</comp>

<comp id="36" class="1001" name="const_36">
<pin_list>
<pin id="37" dir="1" index="0" bw="1" slack="0"/>
</pin_list>
<bind>
<StgValue><ssdm name=""/></StgValue>
</bind>
</comp>

<comp id="38" class="1001" name="const_38">
<pin_list>
<pin id="39" dir="1" index="0" bw="1" slack="0"/>
</pin_list>
<bind>
<StgValue><ssdm name="_ssdm_op_Write.ap_auto.i32P0A"/></StgValue>
</bind>
</comp>

<comp id="40" class="1004" name="r_fu_40">
<pin_list>
<pin id="41" dir="0" index="0" bw="1" slack="0"/>
<pin id="42" dir="1" index="1" bw="32" slack="0"/>
</pin_list>
<bind>
<opcode="alloca(26) " fcode="alloca"/>
<opset="r/1 "/>
</bind>
</comp>

<comp id="44" class="1004" name="b_fu_44">
<pin_list>
<pin id="45" dir="0" index="0" bw="1" slack="0"/>
<pin id="46" dir="1" index="1" bw="31" slack="0"/>
</pin_list>
<bind>
<opcode="alloca(26) " fcode="alloca"/>
<opset="b/1 "/>
</bind>
</comp>

<comp id="48" class="1004" name="q_fu_48">
<pin_list>
<pin id="49" dir="0" index="0" bw="1" slack="0"/>
<pin id="50" dir="1" index="1" bw="32" slack="0"/>
</pin_list>
<bind>
<opcode="alloca(26) " fcode="alloca"/>
<opset="q/1 "/>
</bind>
</comp>

<comp id="52" class="1004" name="Dist_sqr_read_read_fu_52">
<pin_list>
<pin id="53" dir="0" index="0" bw="32" slack="0"/>
<pin id="54" dir="0" index="1" bw="32" slack="0"/>
<pin id="55" dir="1" index="2" bw="32" slack="0"/>
</pin_list>
<bind>
<opcode="read(1150) " fcode="read"/>
<opset="Dist_sqr_read/1 "/>
</bind>
</comp>

<comp id="58" class="1004" name="write_ln0_write_fu_58">
<pin_list>
<pin id="59" dir="0" index="0" bw="0" slack="0"/>
<pin id="60" dir="0" index="1" bw="32" slack="0"/>
<pin id="61" dir="0" index="2" bw="32" slack="0"/>
<pin id="62" dir="1" index="3" bw="0" slack="2147483647"/>
</pin_list>
<bind>
<opcode="write(1151) " fcode="write"/>
<opset="write_ln0/2 "/>
</bind>
</comp>

<comp id="65" class="1004" name="store_ln0_store_fu_65">
<pin_list>
<pin id="66" dir="0" index="0" bw="1" slack="0"/>
<pin id="67" dir="0" index="1" bw="32" slack="0"/>
<pin id="68" dir="1" index="2" bw="0" slack="2147483647"/>
</pin_list>
<bind>
<opcode="store(28) " fcode="store"/>
<opset="store_ln0/1 "/>
</bind>
</comp>

<comp id="70" class="1004" name="store_ln0_store_fu_70">
<pin_list>
<pin id="71" dir="0" index="0" bw="31" slack="0"/>
<pin id="72" dir="0" index="1" bw="31" slack="0"/>
<pin id="73" dir="1" index="2" bw="0" slack="2147483647"/>
</pin_list>
<bind>
<opcode="store(28) " fcode="store"/>
<opset="store_ln0/1 "/>
</bind>
</comp>

<comp id="75" class="1004" name="store_ln0_store_fu_75">
<pin_list>
<pin id="76" dir="0" index="0" bw="32" slack="0"/>
<pin id="77" dir="0" index="1" bw="32" slack="0"/>
<pin id="78" dir="1" index="2" bw="0" slack="2147483647"/>
</pin_list>
<bind>
<opcode="store(28) " fcode="store"/>
<opset="store_ln0/1 "/>
</bind>
</comp>

<comp id="80" class="1004" name="b_1_load_fu_80">
<pin_list>
<pin id="81" dir="0" index="0" bw="31" slack="1"/>
<pin id="82" dir="1" index="1" bw="31" slack="0"/>
</pin_list>
<bind>
<opcode="load(27) " fcode="load"/>
<opset="b_1/2 "/>
</bind>
</comp>

<comp id="83" class="1004" name="icmp_ln47_fu_83">
<pin_list>
<pin id="84" dir="0" index="0" bw="31" slack="0"/>
<pin id="85" dir="0" index="1" bw="31" slack="0"/>
<pin id="86" dir="1" index="2" bw="1" slack="1"/>
</pin_list>
<bind>
<opcode="icmp(45) " fcode="icmp"/>
<opset="icmp_ln47/2 "/>
</bind>
</comp>

<comp id="89" class="1004" name="q_load_load_fu_89">
<pin_list>
<pin id="90" dir="0" index="0" bw="32" slack="1"/>
<pin id="91" dir="1" index="1" bw="32" slack="0"/>
</pin_list>
<bind>
<opcode="load(27) " fcode="load"/>
<opset="q_load/2 "/>
</bind>
</comp>

<comp id="92" class="1004" name="b_cast_fu_92">
<pin_list>
<pin id="93" dir="0" index="0" bw="31" slack="0"/>
<pin id="94" dir="1" index="1" bw="32" slack="0"/>
</pin_list>
<bind>
<opcode="zext(34) " fcode="zext"/>
<opset="b_cast/2 "/>
</bind>
</comp>

<comp id="96" class="1004" name="trunc_ln49_fu_96">
<pin_list>
<pin id="97" dir="0" index="0" bw="32" slack="0"/>
<pin id="98" dir="1" index="1" bw="31" slack="1"/>
</pin_list>
<bind>
<opcode="trunc(33) " fcode="trunc"/>
<opset="trunc_ln49/2 "/>
</bind>
</comp>

<comp id="100" class="1004" name="t_fu_100">
<pin_list>
<pin id="101" dir="0" index="0" bw="31" slack="0"/>
<pin id="102" dir="0" index="1" bw="32" slack="0"/>
<pin id="103" dir="1" index="2" bw="32" slack="1"/>
</pin_list>
<bind>
<opcode="add(8) " fcode="add"/>
<opset="t/2 "/>
</bind>
</comp>

<comp id="106" class="1004" name="b_2_fu_106">
<pin_list>
<pin id="107" dir="0" index="0" bw="30" slack="0"/>
<pin id="108" dir="0" index="1" bw="31" slack="0"/>
<pin id="109" dir="0" index="2" bw="1" slack="0"/>
<pin id="110" dir="0" index="3" bw="6" slack="0"/>
<pin id="111" dir="1" index="4" bw="30" slack="0"/>
</pin_list>
<bind>
<opcode="partselect(1002) " fcode="partselect"/>
<opset="b_2/2 "/>
</bind>
</comp>

<comp id="116" class="1004" name="zext_ln56_fu_116">
<pin_list>
<pin id="117" dir="0" index="0" bw="30" slack="0"/>
<pin id="118" dir="1" index="1" bw="31" slack="0"/>
</pin_list>
<bind>
<opcode="zext(34) " fcode="zext"/>
<opset="zext_ln56/2 "/>
</bind>
</comp>

<comp id="120" class="1004" name="store_ln47_store_fu_120">
<pin_list>
<pin id="121" dir="0" index="0" bw="30" slack="0"/>
<pin id="122" dir="0" index="1" bw="31" slack="1"/>
<pin id="123" dir="1" index="2" bw="0" slack="2147483647"/>
</pin_list>
<bind>
<opcode="store(28) " fcode="store"/>
<opset="store_ln47/2 "/>
</bind>
</comp>

<comp id="125" class="1004" name="r_load_load_fu_125">
<pin_list>
<pin id="126" dir="0" index="0" bw="32" slack="2"/>
<pin id="127" dir="1" index="1" bw="32" slack="0"/>
</pin_list>
<bind>
<opcode="load(27) " fcode="load"/>
<opset="r_load/3 "/>
</bind>
</comp>

<comp id="128" class="1004" name="empty_37_fu_128">
<pin_list>
<pin id="129" dir="0" index="0" bw="32" slack="0"/>
<pin id="130" dir="1" index="1" bw="31" slack="0"/>
</pin_list>
<bind>
<opcode="trunc(33) " fcode="trunc"/>
<opset="empty_37/3 "/>
</bind>
</comp>

<comp id="132" class="1004" name="add_ln43_fu_132">
<pin_list>
<pin id="133" dir="0" index="0" bw="31" slack="1"/>
<pin id="134" dir="0" index="1" bw="31" slack="1"/>
<pin id="135" dir="1" index="2" bw="31" slack="0"/>
</pin_list>
<bind>
<opcode="add(8) " fcode="add"/>
<opset="add_ln43/3 "/>
</bind>
</comp>

<comp id="136" class="1004" name="icmp_ln50_fu_136">
<pin_list>
<pin id="137" dir="0" index="0" bw="32" slack="0"/>
<pin id="138" dir="0" index="1" bw="32" slack="1"/>
<pin id="139" dir="1" index="2" bw="1" slack="0"/>
</pin_list>
<bind>
<opcode="icmp(45) " fcode="icmp"/>
<opset="icmp_ln50/3 "/>
</bind>
</comp>

<comp id="141" class="1004" name="xor_ln50_fu_141">
<pin_list>
<pin id="142" dir="0" index="0" bw="1" slack="0"/>
<pin id="143" dir="0" index="1" bw="1" slack="0"/>
<pin id="144" dir="1" index="2" bw="1" slack="0"/>
</pin_list>
<bind>
<opcode="xor(25) " fcode="xor"/>
<opset="xor_ln50/3 "/>
</bind>
</comp>

<comp id="147" class="1004" name="r_1_fu_147">
<pin_list>
<pin id="148" dir="0" index="0" bw="31" slack="0"/>
<pin id="149" dir="0" index="1" bw="31" slack="0"/>
<pin id="150" dir="1" index="2" bw="31" slack="1"/>
</pin_list>
<bind>
<opcode="sub(10) " fcode="sub"/>
<opset="r_1/3 "/>
</bind>
</comp>

<comp id="153" class="1004" name="q_1_fu_153">
<pin_list>
<pin id="154" dir="0" index="0" bw="32" slack="1"/>
<pin id="155" dir="0" index="1" bw="31" slack="1"/>
<pin id="156" dir="1" index="2" bw="32" slack="0"/>
</pin_list>
<bind>
<opcode="add(8) " fcode="add"/>
<opset="q_1/3 "/>
</bind>
</comp>

<comp id="157" class="1004" name="q_2_fu_157">
<pin_list>
<pin id="158" dir="0" index="0" bw="1" slack="0"/>
<pin id="159" dir="0" index="1" bw="32" slack="0"/>
<pin id="160" dir="0" index="2" bw="32" slack="1"/>
<pin id="161" dir="1" index="3" bw="32" slack="1"/>
</pin_list>
<bind>
<opcode="select(49) " fcode="select"/>
<opset="q_2/3 "/>
</bind>
</comp>

<comp id="164" class="1004" name="select_ln50_fu_164">
<pin_list>
<pin id="165" dir="0" index="0" bw="1" slack="1"/>
<pin id="166" dir="0" index="1" bw="31" slack="1"/>
<pin id="167" dir="0" index="2" bw="31" slack="1"/>
<pin id="168" dir="1" index="3" bw="31" slack="0"/>
</pin_list>
<bind>
<opcode="select(49) " fcode="select"/>
<opset="select_ln50/4 "/>
</bind>
</comp>

<comp id="169" class="1004" name="r_2_fu_169">
<pin_list>
<pin id="170" dir="0" index="0" bw="32" slack="0"/>
<pin id="171" dir="0" index="1" bw="31" slack="0"/>
<pin id="172" dir="0" index="2" bw="1" slack="0"/>
<pin id="173" dir="1" index="3" bw="32" slack="0"/>
</pin_list>
<bind>
<opcode="bitconcatenate(1004) " fcode="bitconcatenate"/>
<opset="r_2/4 "/>
</bind>
</comp>

<comp id="177" class="1004" name="store_ln47_store_fu_177">
<pin_list>
<pin id="178" dir="0" index="0" bw="32" slack="1"/>
<pin id="179" dir="0" index="1" bw="32" slack="3"/>
<pin id="180" dir="1" index="2" bw="0" slack="2147483647"/>
</pin_list>
<bind>
<opcode="store(28) " fcode="store"/>
<opset="store_ln47/4 "/>
</bind>
</comp>

<comp id="181" class="1004" name="store_ln47_store_fu_181">
<pin_list>
<pin id="182" dir="0" index="0" bw="32" slack="0"/>
<pin id="183" dir="0" index="1" bw="32" slack="3"/>
<pin id="184" dir="1" index="2" bw="0" slack="2147483647"/>
</pin_list>
<bind>
<opcode="store(28) " fcode="store"/>
<opset="store_ln47/4 "/>
</bind>
</comp>

<comp id="186" class="1004" name="q_load_1_load_fu_186">
<pin_list>
<pin id="187" dir="0" index="0" bw="32" slack="1"/>
<pin id="188" dir="1" index="1" bw="32" slack="0"/>
</pin_list>
<bind>
<opcode="load(27) " fcode="load"/>
<opset="q_load_1/2 "/>
</bind>
</comp>

<comp id="190" class="1005" name="r_reg_190">
<pin_list>
<pin id="191" dir="0" index="0" bw="32" slack="0"/>
<pin id="192" dir="1" index="1" bw="32" slack="0"/>
</pin_list>
<bind>
<opset="r "/>
</bind>
</comp>

<comp id="197" class="1005" name="b_reg_197">
<pin_list>
<pin id="198" dir="0" index="0" bw="31" slack="0"/>
<pin id="199" dir="1" index="1" bw="31" slack="0"/>
</pin_list>
<bind>
<opset="b "/>
</bind>
</comp>

<comp id="204" class="1005" name="q_reg_204">
<pin_list>
<pin id="205" dir="0" index="0" bw="32" slack="0"/>
<pin id="206" dir="1" index="1" bw="32" slack="0"/>
</pin_list>
<bind>
<opset="q "/>
</bind>
</comp>

<comp id="212" class="1005" name="b_1_reg_212">
<pin_list>
<pin id="213" dir="0" index="0" bw="31" slack="1"/>
<pin id="214" dir="1" index="1" bw="31" slack="1"/>
</pin_list>
<bind>
<opset="b_1 "/>
</bind>
</comp>

<comp id="217" class="1005" name="icmp_ln47_reg_217">
<pin_list>
<pin id="218" dir="0" index="0" bw="1" slack="1"/>
<pin id="219" dir="1" index="1" bw="1" slack="2147483647"/>
</pin_list>
<bind>
<opset="icmp_ln47 "/>
</bind>
</comp>

<comp id="221" class="1005" name="q_load_reg_221">
<pin_list>
<pin id="222" dir="0" index="0" bw="32" slack="1"/>
<pin id="223" dir="1" index="1" bw="32" slack="1"/>
</pin_list>
<bind>
<opset="q_load "/>
</bind>
</comp>

<comp id="226" class="1005" name="b_cast_reg_226">
<pin_list>
<pin id="227" dir="0" index="0" bw="32" slack="1"/>
<pin id="228" dir="1" index="1" bw="32" slack="1"/>
</pin_list>
<bind>
<opset="b_cast "/>
</bind>
</comp>

<comp id="231" class="1005" name="trunc_ln49_reg_231">
<pin_list>
<pin id="232" dir="0" index="0" bw="31" slack="1"/>
<pin id="233" dir="1" index="1" bw="31" slack="1"/>
</pin_list>
<bind>
<opset="trunc_ln49 "/>
</bind>
</comp>

<comp id="236" class="1005" name="t_reg_236">
<pin_list>
<pin id="237" dir="0" index="0" bw="32" slack="1"/>
<pin id="238" dir="1" index="1" bw="32" slack="1"/>
</pin_list>
<bind>
<opset="t "/>
</bind>
</comp>

<comp id="242" class="1005" name="empty_37_reg_242">
<pin_list>
<pin id="243" dir="0" index="0" bw="31" slack="1"/>
<pin id="244" dir="1" index="1" bw="31" slack="1"/>
</pin_list>
<bind>
<opset="empty_37 "/>
</bind>
</comp>

<comp id="247" class="1005" name="xor_ln50_reg_247">
<pin_list>
<pin id="248" dir="0" index="0" bw="1" slack="1"/>
<pin id="249" dir="1" index="1" bw="1" slack="1"/>
</pin_list>
<bind>
<opset="xor_ln50 "/>
</bind>
</comp>

<comp id="252" class="1005" name="r_1_reg_252">
<pin_list>
<pin id="253" dir="0" index="0" bw="31" slack="1"/>
<pin id="254" dir="1" index="1" bw="31" slack="1"/>
</pin_list>
<bind>
<opset="r_1 "/>
</bind>
</comp>

<comp id="257" class="1005" name="q_2_reg_257">
<pin_list>
<pin id="258" dir="0" index="0" bw="32" slack="1"/>
<pin id="259" dir="1" index="1" bw="32" slack="1"/>
</pin_list>
<bind>
<opset="q_2 "/>
</bind>
</comp>

</comp_list>

<net_list>
<net id="43"><net_src comp="4" pin="0"/><net_sink comp="40" pin=0"/></net>

<net id="47"><net_src comp="4" pin="0"/><net_sink comp="44" pin=0"/></net>

<net id="51"><net_src comp="4" pin="0"/><net_sink comp="48" pin=0"/></net>

<net id="56"><net_src comp="6" pin="0"/><net_sink comp="52" pin=0"/></net>

<net id="57"><net_src comp="0" pin="0"/><net_sink comp="52" pin=1"/></net>

<net id="63"><net_src comp="38" pin="0"/><net_sink comp="58" pin=0"/></net>

<net id="64"><net_src comp="2" pin="0"/><net_sink comp="58" pin=1"/></net>

<net id="69"><net_src comp="8" pin="0"/><net_sink comp="65" pin=0"/></net>

<net id="74"><net_src comp="10" pin="0"/><net_sink comp="70" pin=0"/></net>

<net id="79"><net_src comp="52" pin="2"/><net_sink comp="75" pin=0"/></net>

<net id="87"><net_src comp="80" pin="1"/><net_sink comp="83" pin=0"/></net>

<net id="88"><net_src comp="18" pin="0"/><net_sink comp="83" pin=1"/></net>

<net id="95"><net_src comp="80" pin="1"/><net_sink comp="92" pin=0"/></net>

<net id="99"><net_src comp="89" pin="1"/><net_sink comp="96" pin=0"/></net>

<net id="104"><net_src comp="92" pin="1"/><net_sink comp="100" pin=0"/></net>

<net id="105"><net_src comp="89" pin="1"/><net_sink comp="100" pin=1"/></net>

<net id="112"><net_src comp="24" pin="0"/><net_sink comp="106" pin=0"/></net>

<net id="113"><net_src comp="80" pin="1"/><net_sink comp="106" pin=1"/></net>

<net id="114"><net_src comp="4" pin="0"/><net_sink comp="106" pin=2"/></net>

<net id="115"><net_src comp="26" pin="0"/><net_sink comp="106" pin=3"/></net>

<net id="119"><net_src comp="106" pin="4"/><net_sink comp="116" pin=0"/></net>

<net id="124"><net_src comp="116" pin="1"/><net_sink comp="120" pin=0"/></net>

<net id="131"><net_src comp="125" pin="1"/><net_sink comp="128" pin=0"/></net>

<net id="140"><net_src comp="125" pin="1"/><net_sink comp="136" pin=0"/></net>

<net id="145"><net_src comp="136" pin="2"/><net_sink comp="141" pin=0"/></net>

<net id="146"><net_src comp="28" pin="0"/><net_sink comp="141" pin=1"/></net>

<net id="151"><net_src comp="128" pin="1"/><net_sink comp="147" pin=0"/></net>

<net id="152"><net_src comp="132" pin="2"/><net_sink comp="147" pin=1"/></net>

<net id="162"><net_src comp="141" pin="2"/><net_sink comp="157" pin=0"/></net>

<net id="163"><net_src comp="153" pin="2"/><net_sink comp="157" pin=1"/></net>

<net id="174"><net_src comp="34" pin="0"/><net_sink comp="169" pin=0"/></net>

<net id="175"><net_src comp="164" pin="3"/><net_sink comp="169" pin=1"/></net>

<net id="176"><net_src comp="36" pin="0"/><net_sink comp="169" pin=2"/></net>

<net id="185"><net_src comp="169" pin="3"/><net_sink comp="181" pin=0"/></net>

<net id="189"><net_src comp="186" pin="1"/><net_sink comp="58" pin=2"/></net>

<net id="193"><net_src comp="40" pin="1"/><net_sink comp="190" pin=0"/></net>

<net id="194"><net_src comp="190" pin="1"/><net_sink comp="75" pin=1"/></net>

<net id="195"><net_src comp="190" pin="1"/><net_sink comp="125" pin=0"/></net>

<net id="196"><net_src comp="190" pin="1"/><net_sink comp="181" pin=1"/></net>

<net id="200"><net_src comp="44" pin="1"/><net_sink comp="197" pin=0"/></net>

<net id="201"><net_src comp="197" pin="1"/><net_sink comp="70" pin=1"/></net>

<net id="202"><net_src comp="197" pin="1"/><net_sink comp="80" pin=0"/></net>

<net id="203"><net_src comp="197" pin="1"/><net_sink comp="120" pin=1"/></net>

<net id="207"><net_src comp="48" pin="1"/><net_sink comp="204" pin=0"/></net>

<net id="208"><net_src comp="204" pin="1"/><net_sink comp="65" pin=1"/></net>

<net id="209"><net_src comp="204" pin="1"/><net_sink comp="89" pin=0"/></net>

<net id="210"><net_src comp="204" pin="1"/><net_sink comp="177" pin=1"/></net>

<net id="211"><net_src comp="204" pin="1"/><net_sink comp="186" pin=0"/></net>

<net id="215"><net_src comp="80" pin="1"/><net_sink comp="212" pin=0"/></net>

<net id="216"><net_src comp="212" pin="1"/><net_sink comp="132" pin=0"/></net>

<net id="220"><net_src comp="83" pin="2"/><net_sink comp="217" pin=0"/></net>

<net id="224"><net_src comp="89" pin="1"/><net_sink comp="221" pin=0"/></net>

<net id="225"><net_src comp="221" pin="1"/><net_sink comp="157" pin=2"/></net>

<net id="229"><net_src comp="92" pin="1"/><net_sink comp="226" pin=0"/></net>

<net id="230"><net_src comp="226" pin="1"/><net_sink comp="153" pin=1"/></net>

<net id="234"><net_src comp="96" pin="1"/><net_sink comp="231" pin=0"/></net>

<net id="235"><net_src comp="231" pin="1"/><net_sink comp="132" pin=1"/></net>

<net id="239"><net_src comp="100" pin="2"/><net_sink comp="236" pin=0"/></net>

<net id="240"><net_src comp="236" pin="1"/><net_sink comp="136" pin=1"/></net>

<net id="241"><net_src comp="236" pin="1"/><net_sink comp="153" pin=0"/></net>

<net id="245"><net_src comp="128" pin="1"/><net_sink comp="242" pin=0"/></net>

<net id="246"><net_src comp="242" pin="1"/><net_sink comp="164" pin=2"/></net>

<net id="250"><net_src comp="141" pin="2"/><net_sink comp="247" pin=0"/></net>

<net id="251"><net_src comp="247" pin="1"/><net_sink comp="164" pin=0"/></net>

<net id="255"><net_src comp="147" pin="2"/><net_sink comp="252" pin=0"/></net>

<net id="256"><net_src comp="252" pin="1"/><net_sink comp="164" pin=1"/></net>

<net id="260"><net_src comp="157" pin="3"/><net_sink comp="257" pin=0"/></net>

<net id="261"><net_src comp="257" pin="1"/><net_sink comp="177" pin=0"/></net>

</net_list>

</model> 
---------------- Datapath Model END ------------------

* FSMD analyzer results:
  - Output states:
	Port: q_out | {2 }
 - Input state : 
	Port: rrt_Pipeline_VITIS_LOOP_47_12 : Dist_sqr | {1 }
  - Chain level:
	State 1
		store_ln0 : 1
		store_ln0 : 1
	State 2
		icmp_ln47 : 1
		br_ln47 : 2
		b_cast : 1
		trunc_ln49 : 1
		t : 2
		b_2 : 1
		zext_ln56 : 2
		store_ln47 : 3
		write_ln0 : 1
	State 3
		empty_37 : 1
		icmp_ln50 : 1
		xor_ln50 : 2
		r_1 : 2
		q_2 : 2
	State 4
		r_2 : 1
		store_ln47 : 2


============================================================
+ Verbose Summary: Datapath Resource usage 
============================================================

* Functional unit list:
|----------|--------------------------|---------|---------|
| Operation|      Functional Unit     |    FF   |   LUT   |
|----------|--------------------------|---------|---------|
|          |         t_fu_100         |    0    |    39   |
|    add   |      add_ln43_fu_132     |    0    |    31   |
|          |        q_1_fu_153        |    0    |    39   |
|----------|--------------------------|---------|---------|
|  select  |        q_2_fu_157        |    0    |    32   |
|          |    select_ln50_fu_164    |    0    |    31   |
|----------|--------------------------|---------|---------|
|   icmp   |      icmp_ln47_fu_83     |    0    |    17   |
|          |     icmp_ln50_fu_136     |    0    |    18   |
|----------|--------------------------|---------|---------|
|    sub   |        r_1_fu_147        |    0    |    31   |
|----------|--------------------------|---------|---------|
|    xor   |      xor_ln50_fu_141     |    0    |    2    |
|----------|--------------------------|---------|---------|
|   read   | Dist_sqr_read_read_fu_52 |    0    |    0    |
|----------|--------------------------|---------|---------|
|   write  |   write_ln0_write_fu_58  |    0    |    0    |
|----------|--------------------------|---------|---------|
|   zext   |       b_cast_fu_92       |    0    |    0    |
|          |     zext_ln56_fu_116     |    0    |    0    |
|----------|--------------------------|---------|---------|
|   trunc  |     trunc_ln49_fu_96     |    0    |    0    |
|          |      empty_37_fu_128     |    0    |    0    |
|----------|--------------------------|---------|---------|
|partselect|        b_2_fu_106        |    0    |    0    |
|----------|--------------------------|---------|---------|
|bitconcatenate|        r_2_fu_169        |    0    |    0    |
|----------|--------------------------|---------|---------|
|   Total  |                          |    0    |   240   |
|----------|--------------------------|---------|---------|

Memories:
N/A

* Register list:
+------------------+--------+
|                  |   FF   |
+------------------+--------+
|    b_1_reg_212   |   31   |
|  b_cast_reg_226  |   32   |
|     b_reg_197    |   31   |
| empty_37_reg_242 |   31   |
| icmp_ln47_reg_217|    1   |
|    q_2_reg_257   |   32   |
|  q_load_reg_221  |   32   |
|     q_reg_204    |   32   |
|    r_1_reg_252   |   31   |
|     r_reg_190    |   32   |
|     t_reg_236    |   32   |
|trunc_ln49_reg_231|   31   |
| xor_ln50_reg_247 |    1   |
+------------------+--------+
|       Total      |   349  |
+------------------+--------+

* Multiplexer (MUX) list: 
|--------|------|------|------|--------|
|  Comp  |  Pin | Size |  BW  | S x BW |
|--------|------|------|------|--------|
|  Total |      |      |      |    0   |
|--------|------|------|------|--------|



* Summary:
+-----------+--------+--------+
|           |   FF   |   LUT  |
+-----------+--------+--------+
|  Function |    0   |   240  |
|   Memory  |    -   |    -   |
|Multiplexer|    -   |    -   |
|  Register |   349  |    -   |
+-----------+--------+--------+
|   Total   |   349  |   240  |
+-----------+--------+--------+
