

================================================================
== Vitis HLS Report for 'rrt_Pipeline_VITIS_LOOP_47_12'
================================================================
* Date:           Tue May 30 11:08:26 2023

* Version:        2021.2 (Build 3367213 on Tue Oct 19 02:47:39 MDT 2021)
* Project:        new_fixedpoint2205
* Solution:       solution1 (Vivado IP Flow Target)
* Product family: zynq
* Target device:  xc7z020-clg400-1


================================================================
== Performance Estimates
================================================================
+ Timing: 
    * Summary: 
    +--------+---------+----------+------------+
    |  Clock |  Target | Estimated| Uncertainty|
    +--------+---------+----------+------------+
    |ap_clk  |  6.75 ns|  4.342 ns|     1.82 ns|
    +--------+---------+----------+------------+

+ Latency: 
    * Summary: 
    +---------+---------+----------+----------+-----+-----+---------+
    |  Latency (cycles) |  Latency (absolute) |  Interval | Pipeline|
    |   min   |   max   |    min   |    max   | min | max |   Type  |
    +---------+---------+----------+----------+-----+-----+---------+
    |       50|       50|  0.338 us|  0.338 us|   50|   50|       no|
    +---------+---------+----------+----------+-----+-----+---------+

    + Detail: 
        * Instance: 
        N/A

        * Loop: 
        +-------------------+---------+---------+----------+-----------+-----------+------+----------+
        |                   |  Latency (cycles) | Iteration|  Initiation Interval  | Trip |          |
        |     Loop Name     |   min   |   max   |  Latency |  achieved |   target  | Count| Pipelined|
        +-------------------+---------+---------+----------+-----------+-----------+------+----------+
        |- VITIS_LOOP_47_1  |       48|       48|         3|          2|          1|    24|       yes|
        +-------------------+---------+---------+----------+-----------+-----------+------+----------+

============================================================
+ Verbose Summary: Synthesis Manager
============================================================
InlineROM: 1
ExposeGlobal: 0
============================================================
+ Verbose Summary: CDFG Model
============================================================
IsTopModel: 0
ResetActiveHigh: 1
IsCombinational: 0
IsDatapathOnly: 0
HasWiredReturn: 1
HasMFsm: 2
HasVarLatency: 1
IsPipeline: 0
IsRtlPipelined: 0
IsInstanceOverlapped: 0
IsDontTouch: 0
HasImplIP: 0
IsGatedGlobalClock: 0

+ Individual pipeline summary: 
  * Pipeline-0: initiation interval (II) = 2, depth = 4


============================================================
+ Verbose Summary: Schedule
============================================================
* Number of FSM states : 4
* Pipeline : 1
  Pipeline-0 : II = 2, D = 4, States = { 1 2 3 4 }
* Dataflow Pipeline: 0

* FSM state transitions: 
1 --> 2 
2 --> 3 
3 --> 4 
4 --> 

* FSM state operations: 

State 1 <SV = 0> <Delay = 1.58>
ST_1 : Operation 6 [1/1] (0.00ns)   --->   "%r = alloca i32 1"   --->   Operation 6 'alloca' 'r' <Predicate = true> <Delay = 0.00>
ST_1 : Operation 7 [1/1] (0.00ns)   --->   "%b = alloca i32 1"   --->   Operation 7 'alloca' 'b' <Predicate = true> <Delay = 0.00>
ST_1 : Operation 8 [1/1] (0.00ns)   --->   "%q = alloca i32 1"   --->   Operation 8 'alloca' 'q' <Predicate = true> <Delay = 0.00>
ST_1 : Operation 9 [1/1] (0.00ns)   --->   "%Dist_sqr_read = read i32 @_ssdm_op_Read.ap_auto.i32, i32 %Dist_sqr"   --->   Operation 9 'read' 'Dist_sqr_read' <Predicate = true> <Delay = 0.00>
ST_1 : Operation 10 [1/1] (1.58ns)   --->   "%store_ln0 = store i32 0, i32 %q"   --->   Operation 10 'store' 'store_ln0' <Predicate = true> <Delay = 1.58>
ST_1 : Operation 11 [1/1] (1.58ns)   --->   "%store_ln0 = store i31 1073741824, i31 %b"   --->   Operation 11 'store' 'store_ln0' <Predicate = true> <Delay = 1.58>
ST_1 : Operation 12 [1/1] (1.58ns)   --->   "%store_ln0 = store i32 %Dist_sqr_read, i32 %r"   --->   Operation 12 'store' 'store_ln0' <Predicate = true> <Delay = 1.58>
ST_1 : Operation 13 [1/1] (0.00ns)   --->   "%br_ln0 = br void"   --->   Operation 13 'br' 'br_ln0' <Predicate = true> <Delay = 0.00>

State 2 <SV = 1> <Delay = 4.05>
ST_2 : Operation 14 [1/1] (0.00ns)   --->   "%b_1 = load i31 %b" [new_fixedpoint2205/fixedpt.h:43]   --->   Operation 14 'load' 'b_1' <Predicate = true> <Delay = 0.00>
ST_2 : Operation 15 [1/1] (0.00ns)   --->   "%specpipeline_ln0 = specpipeline void @_ssdm_op_SpecPipeline, i32 4294967295, i32 0, i32 1, i32 0, void @p_str"   --->   Operation 15 'specpipeline' 'specpipeline_ln0' <Predicate = true> <Delay = 0.00>
ST_2 : Operation 16 [1/1] (2.47ns)   --->   "%icmp_ln47 = icmp_ugt  i31 %b_1, i31 64" [new_fixedpoint2205/fixedpt.h:47]   --->   Operation 16 'icmp' 'icmp_ln47' <Predicate = true> <Delay = 2.47> <CoreInst = "Cmp">   --->   Core 9 'Cmp' <Latency = 0> <II = 1> <Delay = 2.47> <FuncUnit> <Opcode : 'icmp'> <InPorts = 2> <OutPorts = 1>
ST_2 : Operation 17 [1/1] (0.00ns)   --->   "%empty = speclooptripcount i32 @_ssdm_op_SpecLoopTripCount, i64 24, i64 24, i64 24"   --->   Operation 17 'speclooptripcount' 'empty' <Predicate = true> <Delay = 0.00>
ST_2 : Operation 18 [1/1] (0.00ns)   --->   "%br_ln47 = br i1 %icmp_ln47, void %_ZL6CosthwR21Position_Holonomic_hwS0_.exit.exitStub, void" [new_fixedpoint2205/fixedpt.h:47]   --->   Operation 18 'br' 'br_ln47' <Predicate = true> <Delay = 0.00>
ST_2 : Operation 19 [1/1] (0.00ns)   --->   "%q_load = load i32 %q" [new_fixedpoint2205/fixedpt.h:49]   --->   Operation 19 'load' 'q_load' <Predicate = (icmp_ln47)> <Delay = 0.00>
ST_2 : Operation 20 [1/1] (0.00ns)   --->   "%b_cast = zext i31 %b_1" [new_fixedpoint2205/fixedpt.h:43]   --->   Operation 20 'zext' 'b_cast' <Predicate = (icmp_ln47)> <Delay = 0.00>
ST_2 : Operation 21 [1/1] (0.00ns)   --->   "%trunc_ln49 = trunc i32 %q_load" [new_fixedpoint2205/fixedpt.h:49]   --->   Operation 21 'trunc' 'trunc_ln49' <Predicate = (icmp_ln47)> <Delay = 0.00>
ST_2 : Operation 22 [1/1] (2.55ns)   --->   "%t = add i32 %b_cast, i32 %q_load" [new_fixedpoint2205/fixedpt.h:49]   --->   Operation 22 'add' 't' <Predicate = (icmp_ln47)> <Delay = 2.55> <CoreInst = "Adder">   --->   Core 1 'Adder' <Latency = 0> <II = 1> <Delay = 2.55> <FuncUnit> <Opcode : 'add' 'sub'> <InPorts = 2> <OutPorts = 1>
ST_2 : Operation 23 [1/1] (0.00ns)   --->   "%b_2 = partselect i30 @_ssdm_op_PartSelect.i30.i31.i32.i32, i31 %b_1, i32 1, i32 30" [new_fixedpoint2205/fixedpt.h:56]   --->   Operation 23 'partselect' 'b_2' <Predicate = (icmp_ln47)> <Delay = 0.00>
ST_2 : Operation 24 [1/1] (0.00ns)   --->   "%zext_ln56 = zext i30 %b_2" [new_fixedpoint2205/fixedpt.h:56]   --->   Operation 24 'zext' 'zext_ln56' <Predicate = (icmp_ln47)> <Delay = 0.00>
ST_2 : Operation 25 [1/1] (1.58ns)   --->   "%store_ln47 = store i31 %zext_ln56, i31 %b" [new_fixedpoint2205/fixedpt.h:47]   --->   Operation 25 'store' 'store_ln47' <Predicate = (icmp_ln47)> <Delay = 1.58>
ST_2 : Operation 40 [1/1] (0.00ns)   --->   "%q_load_1 = load i32 %q"   --->   Operation 40 'load' 'q_load_1' <Predicate = (!icmp_ln47)> <Delay = 0.00>
ST_2 : Operation 41 [1/1] (0.00ns)   --->   "%write_ln0 = write void @_ssdm_op_Write.ap_auto.i32P0A, i32 %q_out, i32 %q_load_1"   --->   Operation 41 'write' 'write_ln0' <Predicate = (!icmp_ln47)> <Delay = 0.00>
ST_2 : Operation 42 [1/1] (0.00ns)   --->   "%ret_ln0 = ret"   --->   Operation 42 'ret' 'ret_ln0' <Predicate = (!icmp_ln47)> <Delay = 0.00>

State 3 <SV = 2> <Delay = 4.34>
ST_3 : Operation 26 [1/1] (0.00ns)   --->   "%r_load = load i32 %r" [new_fixedpoint2205/fixedpt.h:50]   --->   Operation 26 'load' 'r_load' <Predicate = (icmp_ln47)> <Delay = 0.00>
ST_3 : Operation 27 [1/1] (0.00ns)   --->   "%empty_37 = trunc i32 %r_load" [new_fixedpoint2205/fixedpt.h:50]   --->   Operation 27 'trunc' 'empty_37' <Predicate = (icmp_ln47)> <Delay = 0.00>
ST_3 : Operation 28 [1/1] (0.00ns) (grouped into TernaryAdder)   --->   "%add_ln43 = add i31 %b_1, i31 %trunc_ln49" [new_fixedpoint2205/fixedpt.h:43]   --->   Operation 28 'add' 'add_ln43' <Predicate = (icmp_ln47)> <Delay = 0.00> <CoreInst = "TAddSub">   --->   Core 10 'TAddSub' <Latency = 0> <II = 1> <Delay = 2.17> <IPBlock> <Opcode : 'add' 'sub'> <InPorts = 3> <OutPorts = 1> <Sync> <CReg>
ST_3 : Operation 29 [1/1] (2.47ns)   --->   "%icmp_ln50 = icmp_ult  i32 %r_load, i32 %t" [new_fixedpoint2205/fixedpt.h:50]   --->   Operation 29 'icmp' 'icmp_ln50' <Predicate = (icmp_ln47)> <Delay = 2.47> <CoreInst = "Cmp">   --->   Core 9 'Cmp' <Latency = 0> <II = 1> <Delay = 2.47> <FuncUnit> <Opcode : 'icmp'> <InPorts = 2> <OutPorts = 1>
ST_3 : Operation 30 [1/1] (0.97ns)   --->   "%xor_ln50 = xor i1 %icmp_ln50, i1 1" [new_fixedpoint2205/fixedpt.h:50]   --->   Operation 30 'xor' 'xor_ln50' <Predicate = (icmp_ln47)> <Delay = 0.97> <CoreInst = "LogicGate">   --->   Core 74 'LogicGate' <Latency = 0> <II = 1> <Delay = 0.97> <FuncUnit> <Opcode : 'and' 'or' 'xor'> <InPorts = 2> <OutPorts = 1>
ST_3 : Operation 31 [1/1] (4.34ns) (root node of TernaryAdder)   --->   "%r_1 = sub i31 %empty_37, i31 %add_ln43" [new_fixedpoint2205/fixedpt.h:52]   --->   Operation 31 'sub' 'r_1' <Predicate = (icmp_ln47)> <Delay = 4.34> <CoreInst = "TAddSub">   --->   Core 10 'TAddSub' <Latency = 0> <II = 1> <Delay = 2.17> <IPBlock> <Opcode : 'add' 'sub'> <InPorts = 3> <OutPorts = 1> <Sync> <CReg>
ST_3 : Operation 32 [1/1] (2.55ns)   --->   "%q_1 = add i32 %t, i32 %b_cast" [new_fixedpoint2205/fixedpt.h:53]   --->   Operation 32 'add' 'q_1' <Predicate = (icmp_ln47)> <Delay = 2.55> <CoreInst = "Adder">   --->   Core 1 'Adder' <Latency = 0> <II = 1> <Delay = 2.55> <FuncUnit> <Opcode : 'add' 'sub'> <InPorts = 2> <OutPorts = 1>
ST_3 : Operation 33 [1/1] (0.69ns)   --->   "%q_2 = select i1 %xor_ln50, i32 %q_1, i32 %q_load" [new_fixedpoint2205/fixedpt.h:50]   --->   Operation 33 'select' 'q_2' <Predicate = (icmp_ln47)> <Delay = 0.69> <CoreInst = "Sel">   --->   Core 73 'Sel' <Latency = 0> <II = 1> <Delay = 0.73> <FuncUnit> <Opcode : 'select'> <InPorts = 3> <OutPorts = 1>

State 4 <SV = 3> <Delay = 2.32>
ST_4 : Operation 34 [1/1] (0.00ns)   --->   "%specloopname_ln49 = specloopname void @_ssdm_op_SpecLoopName, void @empty_13" [new_fixedpoint2205/fixedpt.h:49]   --->   Operation 34 'specloopname' 'specloopname_ln49' <Predicate = true> <Delay = 0.00>
ST_4 : Operation 35 [1/1] (0.73ns)   --->   "%select_ln50 = select i1 %xor_ln50, i31 %r_1, i31 %empty_37" [new_fixedpoint2205/fixedpt.h:50]   --->   Operation 35 'select' 'select_ln50' <Predicate = true> <Delay = 0.73> <CoreInst = "Sel">   --->   Core 73 'Sel' <Latency = 0> <II = 1> <Delay = 0.73> <FuncUnit> <Opcode : 'select'> <InPorts = 3> <OutPorts = 1>
ST_4 : Operation 36 [1/1] (0.00ns)   --->   "%r_2 = bitconcatenate i32 @_ssdm_op_BitConcatenate.i32.i31.i1, i31 %select_ln50, i1 0" [new_fixedpoint2205/fixedpt.h:55]   --->   Operation 36 'bitconcatenate' 'r_2' <Predicate = true> <Delay = 0.00>
ST_4 : Operation 37 [1/1] (1.58ns)   --->   "%store_ln47 = store i32 %q_2, i32 %q" [new_fixedpoint2205/fixedpt.h:47]   --->   Operation 37 'store' 'store_ln47' <Predicate = true> <Delay = 1.58>
ST_4 : Operation 38 [1/1] (1.58ns)   --->   "%store_ln47 = store i32 %r_2, i32 %r" [new_fixedpoint2205/fixedpt.h:47]   --->   Operation 38 'store' 'store_ln47' <Predicate = true> <Delay = 1.58>
ST_4 : Operation 39 [1/1] (0.00ns)   --->   "%br_ln47 = br void" [new_fixedpoint2205/fixedpt.h:47]   --->   Operation 39 'br' 'br_ln47' <Predicate = true> <Delay = 0.00>


============================================================
+ Verbose Summary: Timing violations
============================================================
Target clock period: 6.75ns, clock uncertainty: 1.82ns.

 <State 1>: 1.59ns
The critical path consists of the following:
	'alloca' operation ('q') [5]  (0 ns)
	'store' operation ('store_ln0') of constant 0 on local variable 'q' [7]  (1.59 ns)

 <State 2>: 4.06ns
The critical path consists of the following:
	'load' operation ('b', new_fixedpoint2205/fixedpt.h:43) on local variable 'b' [12]  (0 ns)
	'add' operation ('t', new_fixedpoint2205/fixedpt.h:49) [24]  (2.55 ns)
	blocking operation 1.51 ns on control path)

 <State 3>: 4.34ns
The critical path consists of the following:
	'load' operation ('r_load', new_fixedpoint2205/fixedpt.h:50) on local variable 'r' [18]  (0 ns)
	'sub' operation ('r', new_fixedpoint2205/fixedpt.h:52) [28]  (4.34 ns)

 <State 4>: 2.32ns
The critical path consists of the following:
	'select' operation ('select_ln50', new_fixedpoint2205/fixedpt.h:50) [31]  (0.733 ns)
	'store' operation ('store_ln47', new_fixedpoint2205/fixedpt.h:47) of variable 'r', new_fixedpoint2205/fixedpt.h:55 on local variable 'r' [37]  (1.59 ns)


============================================================
+ Verbose Summary: Binding
============================================================
N/A
* FSMD analyzer results:
  - Output states:
 - Input state : 
  - Chain level:
	State 1
	State 2
	State 3
	State 4


============================================================
+ Verbose Summary: Datapath Resource usage 
============================================================
N/A
