

================================================================
== Vitis HLS Report for 'rrt_Pipeline_1'
================================================================
* Date:           Tue May 30 11:08:24 2023

* Version:        2021.2 (Build 3367213 on Tue Oct 19 02:47:39 MDT 2021)
* Project:        new_fixedpoint2205
* Solution:       solution1 (Vivado IP Flow Target)
* Product family: zynq
* Target device:  xc7z020-clg400-1


================================================================
== Performance Estimates
================================================================
+ Timing: 
    * Summary: 
    +--------+---------+----------+------------+
    |  Clock |  Target | Estimated| Uncertainty|
    +--------+---------+----------+------------+
    |ap_clk  |  6.75 ns|  3.797 ns|     1.82 ns|
    +--------+---------+----------+------------+

+ Latency: 
    * Summary: 
    +---------+---------+-----------+-----------+-------+-------+---------+
    |  Latency (cycles) |   Latency (absolute)  |    Interval   | Pipeline|
    |   min   |   max   |    min    |    max    |  min  |  max  |   Type  |
    +---------+---------+-----------+-----------+-------+-------+---------+
    |    10002|    10002|  67.513 us|  67.513 us|  10002|  10002|       no|
    +---------+---------+-----------+-----------+-------+-------+---------+

    + Detail: 
        * Instance: 
        N/A

        * Loop: 
        +----------+---------+---------+----------+-----------+-----------+-------+----------+
        |          |  Latency (cycles) | Iteration|  Initiation Interval  |  Trip |          |
        | Loop Name|   min   |   max   |  Latency |  achieved |   target  | Count | Pipelined|
        +----------+---------+---------+----------+-----------+-----------+-------+----------+
        |- Loop 1  |    10000|    10000|         1|          1|          1|  10000|       yes|
        +----------+---------+---------+----------+-----------+-----------+-------+----------+

============================================================
+ Verbose Summary: Synthesis Manager
============================================================
InlineROM: 1
ExposeGlobal: 0
============================================================
+ Verbose Summary: CDFG Model
============================================================
IsTopModel: 0
ResetActiveHigh: 1
IsCombinational: 0
IsDatapathOnly: 0
HasWiredReturn: 1
HasMFsm: 2
HasVarLatency: 1
IsPipeline: 0
IsRtlPipelined: 0
IsInstanceOverlapped: 0
IsDontTouch: 0
HasImplIP: 0
IsGatedGlobalClock: 0

+ Individual pipeline summary: 
  * Pipeline-0: initiation interval (II) = 1, depth = 1


============================================================
+ Verbose Summary: Schedule
============================================================
* Number of FSM states : 1
* Pipeline : 1
  Pipeline-0 : II = 1, D = 1, States = { 1 }
* Dataflow Pipeline: 0

* FSM state transitions: 
1 --> 

* FSM state operations: 

State 1 <SV = 0> <Delay = 3.79>
ST_1 : Operation 4 [1/1] (0.00ns)   --->   "%indvar227 = alloca i32 1"   --->   Operation 4 'alloca' 'indvar227' <Predicate = true> <Delay = 0.00>
ST_1 : Operation 5 [1/1] (1.58ns)   --->   "%store_ln0 = store i14 0, i14 %indvar227"   --->   Operation 5 'store' 'store_ln0' <Predicate = true> <Delay = 1.58>
ST_1 : Operation 6 [1/1] (0.00ns)   --->   "%br_ln0 = br void %arrayctor.loop226"   --->   Operation 6 'br' 'br_ln0' <Predicate = true> <Delay = 0.00>
ST_1 : Operation 7 [1/1] (0.00ns)   --->   "%indvar227_load = load i14 %indvar227" [new_fixedpoint2205/main.cpp:335]   --->   Operation 7 'load' 'indvar227_load' <Predicate = true> <Delay = 0.00>
ST_1 : Operation 8 [1/1] (0.00ns)   --->   "%specpipeline_ln0 = specpipeline void @_ssdm_op_SpecPipeline, i32 4294967295, i32 0, i32 1, i32 0, void @p_str"   --->   Operation 8 'specpipeline' 'specpipeline_ln0' <Predicate = true> <Delay = 0.00>
ST_1 : Operation 9 [1/1] (1.81ns)   --->   "%add_ln335 = add i14 %indvar227_load, i14 1" [new_fixedpoint2205/main.cpp:335]   --->   Operation 9 'add' 'add_ln335' <Predicate = true> <Delay = 1.81> <CoreInst = "Adder">   --->   Core 1 'Adder' <Latency = 0> <II = 1> <Delay = 1.81> <FuncUnit> <Opcode : 'add' 'sub'> <InPorts = 2> <OutPorts = 1>
ST_1 : Operation 10 [1/1] (0.00ns)   --->   "%zext_ln14 = zext i14 %indvar227_load" [new_fixedpoint2205/RRT_Star_hw.hpp:14]   --->   Operation 10 'zext' 'zext_ln14' <Predicate = true> <Delay = 0.00>
ST_1 : Operation 11 [1/1] (0.00ns)   --->   "%RRT_Star_Position_x_addr = getelementptr i32 %RRT_Star_Position_x, i64 0, i64 %zext_ln14" [new_fixedpoint2205/RRT_Star_hw.hpp:14]   --->   Operation 11 'getelementptr' 'RRT_Star_Position_x_addr' <Predicate = true> <Delay = 0.00>
ST_1 : Operation 12 [1/1] (3.25ns)   --->   "%store_ln14 = store i32 0, i14 %RRT_Star_Position_x_addr" [new_fixedpoint2205/RRT_Star_hw.hpp:14]   --->   Operation 12 'store' 'store_ln14' <Predicate = true> <Delay = 3.25> <CoreInst = "RAM">   --->   Core 82 'RAM' <Latency = 1> <II = 1> <Delay = 3.25> <Storage> <Opcode : 'load' 'store'> <Ports = 2> <Width = 32> <Depth = 10000> <RAM>
ST_1 : Operation 13 [1/1] (0.00ns)   --->   "%RRT_Star_Position_y_addr = getelementptr i32 %RRT_Star_Position_y, i64 0, i64 %zext_ln14" [new_fixedpoint2205/RRT_Star_hw.hpp:15]   --->   Operation 13 'getelementptr' 'RRT_Star_Position_y_addr' <Predicate = true> <Delay = 0.00>
ST_1 : Operation 14 [1/1] (3.25ns)   --->   "%store_ln15 = store i32 0, i14 %RRT_Star_Position_y_addr" [new_fixedpoint2205/RRT_Star_hw.hpp:15]   --->   Operation 14 'store' 'store_ln15' <Predicate = true> <Delay = 3.25> <CoreInst = "RAM">   --->   Core 82 'RAM' <Latency = 1> <II = 1> <Delay = 3.25> <Storage> <Opcode : 'load' 'store'> <Ports = 2> <Width = 32> <Depth = 10000> <RAM>
ST_1 : Operation 15 [1/1] (0.00ns)   --->   "%RRT_Star_Location_List_addr = getelementptr i16 %RRT_Star_Location_List, i64 0, i64 %zext_ln14" [new_fixedpoint2205/RRT_Star_hw.hpp:87]   --->   Operation 15 'getelementptr' 'RRT_Star_Location_List_addr' <Predicate = true> <Delay = 0.00>
ST_1 : Operation 16 [1/1] (3.25ns)   --->   "%store_ln87 = store i16 0, i14 %RRT_Star_Location_List_addr" [new_fixedpoint2205/RRT_Star_hw.hpp:87]   --->   Operation 16 'store' 'store_ln87' <Predicate = true> <Delay = 3.25> <CoreInst = "RAM">   --->   Core 82 'RAM' <Latency = 1> <II = 1> <Delay = 3.25> <Storage> <Opcode : 'load' 'store'> <Ports = 2> <Width = 16> <Depth = 10000> <RAM>
ST_1 : Operation 17 [1/1] (2.20ns)   --->   "%icmp_ln335 = icmp_eq  i14 %indvar227_load, i14 9999" [new_fixedpoint2205/main.cpp:335]   --->   Operation 17 'icmp' 'icmp_ln335' <Predicate = true> <Delay = 2.20> <CoreInst = "Cmp">   --->   Core 9 'Cmp' <Latency = 0> <II = 1> <Delay = 2.20> <FuncUnit> <Opcode : 'icmp'> <InPorts = 2> <OutPorts = 1>
ST_1 : Operation 18 [1/1] (0.00ns)   --->   "%empty = speclooptripcount i32 @_ssdm_op_SpecLoopTripCount, i64 10000, i64 10000, i64 10000"   --->   Operation 18 'speclooptripcount' 'empty' <Predicate = true> <Delay = 0.00>
ST_1 : Operation 19 [1/1] (0.00ns)   --->   "%br_ln335 = br i1 %icmp_ln335, void %arrayctor.loop226.arrayctor.loop226_crit_edge, void %.lr.ph466.exitStub" [new_fixedpoint2205/main.cpp:335]   --->   Operation 19 'br' 'br_ln335' <Predicate = true> <Delay = 0.00>
ST_1 : Operation 20 [1/1] (1.58ns)   --->   "%store_ln335 = store i14 %add_ln335, i14 %indvar227" [new_fixedpoint2205/main.cpp:335]   --->   Operation 20 'store' 'store_ln335' <Predicate = (!icmp_ln335)> <Delay = 1.58>
ST_1 : Operation 21 [1/1] (0.00ns)   --->   "%br_ln335 = br void %arrayctor.loop226" [new_fixedpoint2205/main.cpp:335]   --->   Operation 21 'br' 'br_ln335' <Predicate = (!icmp_ln335)> <Delay = 0.00>
ST_1 : Operation 22 [1/1] (0.00ns)   --->   "%ret_ln0 = ret"   --->   Operation 22 'ret' 'ret_ln0' <Predicate = (icmp_ln335)> <Delay = 0.00>


============================================================
+ Verbose Summary: Timing violations
============================================================
Target clock period: 6.75ns, clock uncertainty: 1.82ns.

 <State 1>: 3.8ns
The critical path consists of the following:
	'alloca' operation ('indvar227') [4]  (0 ns)
	'load' operation ('indvar227_load', new_fixedpoint2205/main.cpp:335) on local variable 'indvar227' [8]  (0 ns)
	'add' operation ('add_ln335', new_fixedpoint2205/main.cpp:335) [10]  (1.81 ns)
	'store' operation ('store_ln335', new_fixedpoint2205/main.cpp:335) of variable 'add_ln335', new_fixedpoint2205/main.cpp:335 on local variable 'indvar227' [22]  (1.59 ns)
	blocking operation 0.397 ns on control path)


============================================================
+ Verbose Summary: Binding
============================================================
N/A
* FSMD analyzer results:
  - Output states:
 - Input state : 
  - Chain level:
	State 1


============================================================
+ Verbose Summary: Datapath Resource usage 
============================================================
N/A
