

================================================================
== Vitis HLS Report for 'rrt_Pipeline_VITIS_LOOP_396_2'
================================================================
* Date:           Tue May 30 11:08:31 2023

* Version:        2021.2 (Build 3367213 on Tue Oct 19 02:47:39 MDT 2021)
* Project:        new_fixedpoint2205
* Solution:       solution1 (Vivado IP Flow Target)
* Product family: zynq
* Target device:  xc7z020-clg400-1


================================================================
== Performance Estimates
================================================================
+ Timing: 
    * Summary: 
    +--------+---------+----------+------------+
    |  Clock |  Target | Estimated| Uncertainty|
    +--------+---------+----------+------------+
    |ap_clk  |  6.75 ns|  4.140 ns|     1.82 ns|
    +--------+---------+----------+------------+

+ Latency: 
    * Summary: 
    +---------+---------+----------+----------+-----+-----+---------+
    |  Latency (cycles) |  Latency (absolute) |  Interval | Pipeline|
    |   min   |   max   |    min   |    max   | min | max |   Type  |
    +---------+---------+----------+----------+-----+-----+---------+
    |        ?|        ?|         ?|         ?|    ?|    ?|       no|
    +---------+---------+----------+----------+-----+-----+---------+

    + Detail: 
        * Instance: 
        N/A

        * Loop: 
        +--------------------+---------+---------+----------+-----------+-----------+------+----------+
        |                    |  Latency (cycles) | Iteration|  Initiation Interval  | Trip |          |
        |      Loop Name     |   min   |   max   |  Latency |  achieved |   target  | Count| Pipelined|
        +--------------------+---------+---------+----------+-----------+-----------+------+----------+
        |- VITIS_LOOP_396_2  |        ?|        ?|         2|          1|          1|     ?|       yes|
        +--------------------+---------+---------+----------+-----------+-----------+------+----------+



================================================================
== Utilization Estimates
================================================================
* Summary: 
+-----------------+---------+-----+--------+-------+-----+
|       Name      | BRAM_18K| DSP |   FF   |  LUT  | URAM|
+-----------------+---------+-----+--------+-------+-----+
|DSP              |        -|    -|       -|      -|    -|
|Expression       |        -|    -|       0|     79|    -|
|FIFO             |        -|    -|       -|      -|    -|
|Instance         |        -|    -|       -|      -|    -|
|Memory           |        -|    -|       -|      -|    -|
|Multiplexer      |        -|    -|       -|     45|    -|
|Register         |        -|    -|      36|      -|    -|
+-----------------+---------+-----+--------+-------+-----+
|Total            |        0|    0|      36|    124|    0|
+-----------------+---------+-----+--------+-------+-----+
|Available        |      280|  220|  106400|  53200|    0|
+-----------------+---------+-----+--------+-------+-----+
|Utilization (%)  |        0|    0|      ~0|     ~0|    0|
+-----------------+---------+-----+--------+-------+-----+

+ Detail: 
    * Instance: 
    N/A

    * DSP: 
    N/A

    * Memory: 
    N/A

    * FIFO: 
    N/A

    * Expression: 
    +--------------------------------+----------+----+---+----+------------+------------+
    |          Variable Name         | Operation| DSP| FF| LUT| Bitwidth P0| Bitwidth P1|
    +--------------------------------+----------+----+---+----+------------+------------+
    |add_ln396_fu_164_p2             |         +|   0|  0|  39|          32|           1|
    |ap_block_pp0_stage0_01001       |       and|   0|  0|   2|           1|           1|
    |icmp_ln396_fu_158_p2            |      icmp|   0|  0|  18|          32|          32|
    |output_stream_last_V_fu_175_p2  |      icmp|   0|  0|  18|          32|          32|
    |ap_enable_pp0                   |       xor|   0|  0|   2|           1|           2|
    +--------------------------------+----------+----+---+----+------------+------------+
    |Total                           |          |   0|  0|  79|          98|          68|
    +--------------------------------+----------+----+---+----+------------+------------+

    * Multiplexer: 
    +-------------------------+----+-----------+-----+-----------+
    |           Name          | LUT| Input Size| Bits| Total Bits|
    +-------------------------+----+-----------+-----+-----------+
    |XNearStream_TDATA_blk_n  |   9|          2|    1|          2|
    |ap_done_int              |   9|          2|    1|          2|
    |ap_enable_reg_pp0_iter1  |   9|          2|    1|          2|
    |ap_sig_allocacmp_j       |   9|          2|   32|         64|
    |j_2_fu_66                |   9|          2|   32|         64|
    +-------------------------+----+-----------+-----+-----------+
    |Total                    |  45|         10|   67|        134|
    +-------------------------+----+-----------+-----+-----------+

    * Register: 
    +------------------------------+----+----+-----+-----------+
    |             Name             | FF | LUT| Bits| Const Bits|
    +------------------------------+----+----+-----+-----------+
    |ap_CS_fsm                     |   1|   0|    1|          0|
    |ap_done_reg                   |   1|   0|    1|          0|
    |ap_enable_reg_pp0_iter1       |   1|   0|    1|          0|
    |j_2_fu_66                     |  32|   0|   32|          0|
    |output_stream_last_V_reg_231  |   1|   0|    1|          0|
    +------------------------------+----+----+-----+-----------+
    |Total                         |  36|   0|   36|          0|
    +------------------------------+----+----+-----+-----------+



================================================================
== Interface
================================================================
* Summary: 
+-----------------------------+-----+-----+------------+-------------------------------+--------------+
|          RTL Ports          | Dir | Bits|  Protocol  |         Source Object         |    C Type    |
+-----------------------------+-----+-----+------------+-------------------------------+--------------+
|ap_clk                       |   in|    1|  ap_ctrl_hs|  rrt_Pipeline_VITIS_LOOP_396_2|  return value|
|ap_rst                       |   in|    1|  ap_ctrl_hs|  rrt_Pipeline_VITIS_LOOP_396_2|  return value|
|ap_start                     |   in|    1|  ap_ctrl_hs|  rrt_Pipeline_VITIS_LOOP_396_2|  return value|
|ap_done                      |  out|    1|  ap_ctrl_hs|  rrt_Pipeline_VITIS_LOOP_396_2|  return value|
|ap_idle                      |  out|    1|  ap_ctrl_hs|  rrt_Pipeline_VITIS_LOOP_396_2|  return value|
|ap_ready                     |  out|    1|  ap_ctrl_hs|  rrt_Pipeline_VITIS_LOOP_396_2|  return value|
|XNearStream_TREADY           |   in|    1|        axis|           XNearStream_V_data_V|       pointer|
|XNearStream_TDATA            |  out|   32|        axis|           XNearStream_V_data_V|       pointer|
|add                          |   in|   32|     ap_none|                            add|        scalar|
|x_near_address0              |  out|   10|   ap_memory|                         x_near|         array|
|x_near_ce0                   |  out|    1|   ap_memory|                         x_near|         array|
|x_near_q0                    |   in|   16|   ap_memory|                         x_near|         array|
|XNearCnt                     |   in|   32|     ap_none|                       XNearCnt|        scalar|
|output_stream_keep_V_reload  |   in|    4|     ap_none|    output_stream_keep_V_reload|        scalar|
|output_stream_strb_V_reload  |   in|    4|     ap_none|    output_stream_strb_V_reload|        scalar|
|tmp_user_V_reload            |   in|    2|     ap_none|              tmp_user_V_reload|        scalar|
|tmp_id_V_reload              |   in|    5|     ap_none|                tmp_id_V_reload|        scalar|
|tmp_dest_V_reload            |   in|    6|     ap_none|              tmp_dest_V_reload|        scalar|
|XNearStream_TVALID           |  out|    1|        axis|           XNearStream_V_dest_V|       pointer|
|XNearStream_TDEST            |  out|    6|        axis|           XNearStream_V_dest_V|       pointer|
|XNearStream_TKEEP            |  out|    4|        axis|           XNearStream_V_keep_V|       pointer|
|XNearStream_TSTRB            |  out|    4|        axis|           XNearStream_V_strb_V|       pointer|
|XNearStream_TUSER            |  out|    2|        axis|           XNearStream_V_user_V|       pointer|
|XNearStream_TLAST            |  out|    1|        axis|           XNearStream_V_last_V|       pointer|
|XNearStream_TID              |  out|    5|        axis|             XNearStream_V_id_V|       pointer|
+-----------------------------+-----+-----+------------+-------------------------------+--------------+

============================================================
+ Verbose Summary: Synthesis Manager
============================================================
InlineROM: 1
ExposeGlobal: 0
============================================================
+ Verbose Summary: CDFG Model
============================================================
IsTopModel: 0
ResetActiveHigh: 1
IsCombinational: 2
IsDatapathOnly: 2
HasWiredReturn: 1
HasMFsm: 2
HasVarLatency: 1
IsPipeline: 0
IsRtlPipelined: 0
IsInstanceOverlapped: 0
IsDontTouch: 0
HasImplIP: 0
IsGatedGlobalClock: 0

+ Individual pipeline summary: 
  * Pipeline-0: initiation interval (II) = 1, depth = 2


============================================================
+ Verbose Summary: Schedule
============================================================
* Number of FSM states : 2
* Pipeline : 1
  Pipeline-0 : II = 1, D = 2, States = { 1 2 }
* Dataflow Pipeline: 0

* FSM state transitions: 
1 --> 2 
2 --> 

* FSM state operations: 

State 1 <SV = 0> <Delay = 4.14>
ST_1 : Operation 5 [1/1] (0.00ns)   --->   "%j_2 = alloca i32 1"   --->   Operation 5 'alloca' 'j_2' <Predicate = true> <Delay = 0.00>
ST_1 : Operation 6 [1/1] (0.00ns)   --->   "%specinterface_ln0 = specinterface void @_ssdm_op_SpecInterface, i6 %XNearStream_V_dest_V, void @empty_12, i32 0, i32 0, void @empty_17, i32 0, i32 0, void @empty_10, void @empty_10, void @empty_10, i32 0, i32 0, i32 0, i32 0, void @empty_10, void @empty_10"   --->   Operation 6 'specinterface' 'specinterface_ln0' <Predicate = true> <Delay = 0.00>
ST_1 : Operation 7 [1/1] (0.00ns)   --->   "%specinterface_ln0 = specinterface void @_ssdm_op_SpecInterface, i5 %XNearStream_V_id_V, void @empty_12, i32 0, i32 0, void @empty_17, i32 0, i32 0, void @empty_10, void @empty_10, void @empty_10, i32 0, i32 0, i32 0, i32 0, void @empty_10, void @empty_10"   --->   Operation 7 'specinterface' 'specinterface_ln0' <Predicate = true> <Delay = 0.00>
ST_1 : Operation 8 [1/1] (0.00ns)   --->   "%specinterface_ln0 = specinterface void @_ssdm_op_SpecInterface, i1 %XNearStream_V_last_V, void @empty_12, i32 0, i32 0, void @empty_17, i32 0, i32 0, void @empty_10, void @empty_10, void @empty_10, i32 0, i32 0, i32 0, i32 0, void @empty_10, void @empty_10"   --->   Operation 8 'specinterface' 'specinterface_ln0' <Predicate = true> <Delay = 0.00>
ST_1 : Operation 9 [1/1] (0.00ns)   --->   "%specinterface_ln0 = specinterface void @_ssdm_op_SpecInterface, i2 %XNearStream_V_user_V, void @empty_12, i32 0, i32 0, void @empty_17, i32 0, i32 0, void @empty_10, void @empty_10, void @empty_10, i32 0, i32 0, i32 0, i32 0, void @empty_10, void @empty_10"   --->   Operation 9 'specinterface' 'specinterface_ln0' <Predicate = true> <Delay = 0.00>
ST_1 : Operation 10 [1/1] (0.00ns)   --->   "%specinterface_ln0 = specinterface void @_ssdm_op_SpecInterface, i4 %XNearStream_V_strb_V, void @empty_12, i32 0, i32 0, void @empty_17, i32 0, i32 0, void @empty_10, void @empty_10, void @empty_10, i32 0, i32 0, i32 0, i32 0, void @empty_10, void @empty_10"   --->   Operation 10 'specinterface' 'specinterface_ln0' <Predicate = true> <Delay = 0.00>
ST_1 : Operation 11 [1/1] (0.00ns)   --->   "%specinterface_ln0 = specinterface void @_ssdm_op_SpecInterface, i4 %XNearStream_V_keep_V, void @empty_12, i32 0, i32 0, void @empty_17, i32 0, i32 0, void @empty_10, void @empty_10, void @empty_10, i32 0, i32 0, i32 0, i32 0, void @empty_10, void @empty_10"   --->   Operation 11 'specinterface' 'specinterface_ln0' <Predicate = true> <Delay = 0.00>
ST_1 : Operation 12 [1/1] (0.00ns)   --->   "%specinterface_ln0 = specinterface void @_ssdm_op_SpecInterface, i32 %XNearStream_V_data_V, void @empty_12, i32 0, i32 0, void @empty_17, i32 0, i32 0, void @empty_10, void @empty_10, void @empty_10, i32 0, i32 0, i32 0, i32 0, void @empty_10, void @empty_10"   --->   Operation 12 'specinterface' 'specinterface_ln0' <Predicate = true> <Delay = 0.00>
ST_1 : Operation 13 [1/1] (0.00ns)   --->   "%tmp_dest_V_reload_read = read i6 @_ssdm_op_Read.ap_auto.i6, i6 %tmp_dest_V_reload"   --->   Operation 13 'read' 'tmp_dest_V_reload_read' <Predicate = true> <Delay = 0.00>
ST_1 : Operation 14 [1/1] (0.00ns)   --->   "%tmp_id_V_reload_read = read i5 @_ssdm_op_Read.ap_auto.i5, i5 %tmp_id_V_reload"   --->   Operation 14 'read' 'tmp_id_V_reload_read' <Predicate = true> <Delay = 0.00>
ST_1 : Operation 15 [1/1] (0.00ns)   --->   "%tmp_user_V_reload_read = read i2 @_ssdm_op_Read.ap_auto.i2, i2 %tmp_user_V_reload"   --->   Operation 15 'read' 'tmp_user_V_reload_read' <Predicate = true> <Delay = 0.00>
ST_1 : Operation 16 [1/1] (0.00ns)   --->   "%output_stream_strb_V_reload_read = read i4 @_ssdm_op_Read.ap_auto.i4, i4 %output_stream_strb_V_reload"   --->   Operation 16 'read' 'output_stream_strb_V_reload_read' <Predicate = true> <Delay = 0.00>
ST_1 : Operation 17 [1/1] (0.00ns)   --->   "%output_stream_keep_V_reload_read = read i4 @_ssdm_op_Read.ap_auto.i4, i4 %output_stream_keep_V_reload"   --->   Operation 17 'read' 'output_stream_keep_V_reload_read' <Predicate = true> <Delay = 0.00>
ST_1 : Operation 18 [1/1] (0.00ns)   --->   "%XNearCnt_read = read i32 @_ssdm_op_Read.ap_auto.i32, i32 %XNearCnt"   --->   Operation 18 'read' 'XNearCnt_read' <Predicate = true> <Delay = 0.00>
ST_1 : Operation 19 [1/1] (0.00ns)   --->   "%add_read = read i32 @_ssdm_op_Read.ap_auto.i32, i32 %add"   --->   Operation 19 'read' 'add_read' <Predicate = true> <Delay = 0.00>
ST_1 : Operation 20 [1/1] (1.58ns)   --->   "%store_ln0 = store i32 0, i32 %j_2"   --->   Operation 20 'store' 'store_ln0' <Predicate = true> <Delay = 1.58>
ST_1 : Operation 21 [1/1] (0.00ns)   --->   "%br_ln0 = br void"   --->   Operation 21 'br' 'br_ln0' <Predicate = true> <Delay = 0.00>
ST_1 : Operation 22 [1/1] (0.00ns)   --->   "%j = load i32 %j_2" [new_fixedpoint2205/main.cpp:396]   --->   Operation 22 'load' 'j' <Predicate = true> <Delay = 0.00>
ST_1 : Operation 23 [1/1] (0.00ns)   --->   "%specpipeline_ln0 = specpipeline void @_ssdm_op_SpecPipeline, i32 4294967295, i32 0, i32 1, i32 0, void @p_str"   --->   Operation 23 'specpipeline' 'specpipeline_ln0' <Predicate = true> <Delay = 0.00>
ST_1 : Operation 24 [1/1] (2.47ns)   --->   "%icmp_ln396 = icmp_eq  i32 %j, i32 %add_read" [new_fixedpoint2205/main.cpp:396]   --->   Operation 24 'icmp' 'icmp_ln396' <Predicate = true> <Delay = 2.47> <CoreInst = "Cmp">   --->   Core 9 'Cmp' <Latency = 0> <II = 1> <Delay = 2.47> <FuncUnit> <Opcode : 'icmp'> <InPorts = 2> <OutPorts = 1>
ST_1 : Operation 25 [1/1] (2.55ns)   --->   "%add_ln396 = add i32 %j, i32 1" [new_fixedpoint2205/main.cpp:396]   --->   Operation 25 'add' 'add_ln396' <Predicate = true> <Delay = 2.55> <CoreInst = "Adder">   --->   Core 1 'Adder' <Latency = 0> <II = 1> <Delay = 2.55> <FuncUnit> <Opcode : 'add' 'sub'> <InPorts = 2> <OutPorts = 1>
ST_1 : Operation 26 [1/1] (0.00ns)   --->   "%br_ln396 = br i1 %icmp_ln396, void %.split, void %.loopexit.loopexit10.exitStub" [new_fixedpoint2205/main.cpp:396]   --->   Operation 26 'br' 'br_ln396' <Predicate = true> <Delay = 0.00>
ST_1 : Operation 27 [1/1] (0.00ns)   --->   "%j_2_cast = zext i32 %j" [new_fixedpoint2205/main.cpp:396]   --->   Operation 27 'zext' 'j_2_cast' <Predicate = (!icmp_ln396)> <Delay = 0.00>
ST_1 : Operation 28 [1/1] (0.00ns)   --->   "%x_near_addr = getelementptr i16 %x_near, i64 0, i64 %j_2_cast" [new_fixedpoint2205/main.cpp:398]   --->   Operation 28 'getelementptr' 'x_near_addr' <Predicate = (!icmp_ln396)> <Delay = 0.00>
ST_1 : Operation 29 [2/2] (3.25ns)   --->   "%output_stream_data_V = load i10 %x_near_addr" [new_fixedpoint2205/main.cpp:398]   --->   Operation 29 'load' 'output_stream_data_V' <Predicate = (!icmp_ln396)> <Delay = 3.25> <CoreInst = "RAM">   --->   Core 82 'RAM' <Latency = 1> <II = 1> <Delay = 3.25> <Storage> <Opcode : 'load' 'store'> <Ports = 2> <Width = 16> <Depth = 1000> <RAM>
ST_1 : Operation 30 [1/1] (2.47ns)   --->   "%output_stream_last_V = icmp_eq  i32 %j, i32 %XNearCnt_read" [new_fixedpoint2205/main.cpp:410]   --->   Operation 30 'icmp' 'output_stream_last_V' <Predicate = (!icmp_ln396)> <Delay = 2.47> <CoreInst = "Cmp">   --->   Core 9 'Cmp' <Latency = 0> <II = 1> <Delay = 2.47> <FuncUnit> <Opcode : 'icmp'> <InPorts = 2> <OutPorts = 1>
ST_1 : Operation 31 [1/1] (1.58ns)   --->   "%store_ln396 = store i32 %add_ln396, i32 %j_2" [new_fixedpoint2205/main.cpp:396]   --->   Operation 31 'store' 'store_ln396' <Predicate = (!icmp_ln396)> <Delay = 1.58>
ST_1 : Operation 37 [1/1] (0.00ns)   --->   "%ret_ln0 = ret"   --->   Operation 37 'ret' 'ret_ln0' <Predicate = (icmp_ln396)> <Delay = 0.00>

State 2 <SV = 1> <Delay = 3.25>
ST_2 : Operation 32 [1/1] (0.00ns)   --->   "%specloopname_ln396 = specloopname void @_ssdm_op_SpecLoopName, void @empty_11" [new_fixedpoint2205/main.cpp:396]   --->   Operation 32 'specloopname' 'specloopname_ln396' <Predicate = true> <Delay = 0.00>
ST_2 : Operation 33 [1/2] (3.25ns)   --->   "%output_stream_data_V = load i10 %x_near_addr" [new_fixedpoint2205/main.cpp:398]   --->   Operation 33 'load' 'output_stream_data_V' <Predicate = true> <Delay = 3.25> <CoreInst = "RAM">   --->   Core 82 'RAM' <Latency = 1> <II = 1> <Delay = 3.25> <Storage> <Opcode : 'load' 'store'> <Ports = 2> <Width = 16> <Depth = 1000> <RAM>
ST_2 : Operation 34 [1/1] (0.00ns)   --->   "%sext_ln204 = sext i16 %output_stream_data_V" [new_fixedpoint2205/main.cpp:204]   --->   Operation 34 'sext' 'sext_ln204' <Predicate = true> <Delay = 0.00>
ST_2 : Operation 35 [1/1] (0.00ns)   --->   "%write_ln304 = write void @_ssdm_op_Write.axis.volatile.i32P0A.i4P0A.i4P0A.i2P0A.i1P0A.i5P0A.i6P0A, i32 %XNearStream_V_data_V, i4 %XNearStream_V_keep_V, i4 %XNearStream_V_strb_V, i2 %XNearStream_V_user_V, i1 %XNearStream_V_last_V, i5 %XNearStream_V_id_V, i6 %XNearStream_V_dest_V, i32 %sext_ln204, i4 %output_stream_keep_V_reload_read, i4 %output_stream_strb_V_reload_read, i2 %tmp_user_V_reload_read, i1 %output_stream_last_V, i5 %tmp_id_V_reload_read, i6 %tmp_dest_V_reload_read"   --->   Operation 35 'write' 'write_ln304' <Predicate = true> <Delay = 0.00> <CoreInst = "axis">   --->   Core 115 'axis' <Latency = 0> <II = 1> <Delay = 1.00> <Adapter> <Opcode : >
ST_2 : Operation 36 [1/1] (0.00ns)   --->   "%br_ln0 = br void"   --->   Operation 36 'br' 'br_ln0' <Predicate = true> <Delay = 0.00>


============================================================
+ Verbose Summary: Binding
============================================================
STG Binding: 
---------------- STG Properties BEGIN ----------------
- Is combinational: 0
- Is one-state seq: 0
- Is datapath-only: 0
- Is pipelined: 0
- Is top level: 0
Port [ Return ] is wired: 1; IO mode=ap_ctrl_hs:ce=0
Port [ add]:  wired=1; compound=0; hidden=0; nouse=0; global=0; static=0; extern=0; dir=0; type=0; pingpong=0; private_global=0; IO mode=ap_none:ce=0
Port [ x_near]:  wired=1; compound=1; hidden=0; nouse=0; global=0; static=0; extern=0; dir=0; type=1; pingpong=0; private_global=0; MemPort=[13]; IO mode=ap_memory:ce=0
Port [ XNearCnt]:  wired=1; compound=0; hidden=0; nouse=0; global=0; static=0; extern=0; dir=0; type=0; pingpong=0; private_global=0; IO mode=ap_none:ce=0
Port [ output_stream_keep_V_reload]:  wired=1; compound=0; hidden=0; nouse=0; global=0; static=0; extern=0; dir=0; type=0; pingpong=0; private_global=0; IO mode=ap_none:ce=0
Port [ output_stream_strb_V_reload]:  wired=1; compound=0; hidden=0; nouse=0; global=0; static=0; extern=0; dir=0; type=0; pingpong=0; private_global=0; IO mode=ap_none:ce=0
Port [ tmp_user_V_reload]:  wired=1; compound=0; hidden=0; nouse=0; global=0; static=0; extern=0; dir=0; type=0; pingpong=0; private_global=0; IO mode=ap_none:ce=0
Port [ tmp_id_V_reload]:  wired=1; compound=0; hidden=0; nouse=0; global=0; static=0; extern=0; dir=0; type=0; pingpong=0; private_global=0; IO mode=ap_none:ce=0
Port [ tmp_dest_V_reload]:  wired=1; compound=0; hidden=0; nouse=0; global=0; static=0; extern=0; dir=0; type=0; pingpong=0; private_global=0; IO mode=ap_none:ce=0
Port [ XNearStream_V_data_V]:  wired=1; compound=1; hidden=0; nouse=0; global=0; static=0; extern=0; dir=1; type=0; pingpong=0; private_global=0; IO mode=axis:ce=0
Port [ XNearStream_V_keep_V]:  wired=1; compound=1; hidden=0; nouse=0; global=0; static=0; extern=0; dir=1; type=0; pingpong=0; private_global=0; IO mode=axis:ce=0
Port [ XNearStream_V_strb_V]:  wired=1; compound=1; hidden=0; nouse=0; global=0; static=0; extern=0; dir=1; type=0; pingpong=0; private_global=0; IO mode=axis:ce=0
Port [ XNearStream_V_user_V]:  wired=1; compound=1; hidden=0; nouse=0; global=0; static=0; extern=0; dir=1; type=0; pingpong=0; private_global=0; IO mode=axis:ce=0
Port [ XNearStream_V_last_V]:  wired=1; compound=1; hidden=0; nouse=0; global=0; static=0; extern=0; dir=1; type=0; pingpong=0; private_global=0; IO mode=axis:ce=0
Port [ XNearStream_V_id_V]:  wired=1; compound=1; hidden=0; nouse=0; global=0; static=0; extern=0; dir=1; type=0; pingpong=0; private_global=0; IO mode=axis:ce=0
Port [ XNearStream_V_dest_V]:  wired=1; compound=1; hidden=0; nouse=0; global=0; static=0; extern=0; dir=1; type=0; pingpong=0; private_global=0; IO mode=axis:ce=0
---------------- STG Properties END ------------------

---------------- Datapath Model BEGIN ----------------

<LifeTime>
<method=bitvector/>
j_2                              (alloca       ) [ 010]
specinterface_ln0                (specinterface) [ 000]
specinterface_ln0                (specinterface) [ 000]
specinterface_ln0                (specinterface) [ 000]
specinterface_ln0                (specinterface) [ 000]
specinterface_ln0                (specinterface) [ 000]
specinterface_ln0                (specinterface) [ 000]
specinterface_ln0                (specinterface) [ 000]
tmp_dest_V_reload_read           (read         ) [ 011]
tmp_id_V_reload_read             (read         ) [ 011]
tmp_user_V_reload_read           (read         ) [ 011]
output_stream_strb_V_reload_read (read         ) [ 011]
output_stream_keep_V_reload_read (read         ) [ 011]
XNearCnt_read                    (read         ) [ 000]
add_read                         (read         ) [ 000]
store_ln0                        (store        ) [ 000]
br_ln0                           (br           ) [ 000]
j                                (load         ) [ 000]
specpipeline_ln0                 (specpipeline ) [ 000]
icmp_ln396                       (icmp         ) [ 010]
add_ln396                        (add          ) [ 000]
br_ln396                         (br           ) [ 000]
j_2_cast                         (zext         ) [ 000]
x_near_addr                      (getelementptr) [ 011]
output_stream_last_V             (icmp         ) [ 011]
store_ln396                      (store        ) [ 000]
specloopname_ln396               (specloopname ) [ 000]
output_stream_data_V             (load         ) [ 000]
sext_ln204                       (sext         ) [ 000]
write_ln304                      (write        ) [ 000]
br_ln0                           (br           ) [ 000]
ret_ln0                          (ret          ) [ 000]
</LifeTime>

<model>

<comp_list>
<comp id="0" class="1000" name="add">
<pin_list>
<pin id="1" dir="1" index="0" bw="1" slack="0"/>
</pin_list>
<bind>
<StgValue><ssdm name="add"/></StgValue>
</bind>
</comp>

<comp id="2" class="1000" name="x_near">
<pin_list>
<pin id="3" dir="1" index="0" bw="1" slack="0"/>
</pin_list>
<bind>
<StgValue><ssdm name="x_near"/><MemPortTyVec>1 3 </MemPortTyVec>
</StgValue>
</bind>
</comp>

<comp id="4" class="1000" name="XNearCnt">
<pin_list>
<pin id="5" dir="1" index="0" bw="1" slack="0"/>
</pin_list>
<bind>
<StgValue><ssdm name="XNearCnt"/></StgValue>
</bind>
</comp>

<comp id="6" class="1000" name="output_stream_keep_V_reload">
<pin_list>
<pin id="7" dir="1" index="0" bw="1" slack="0"/>
</pin_list>
<bind>
<StgValue><ssdm name="output_stream_keep_V_reload"/></StgValue>
</bind>
</comp>

<comp id="8" class="1000" name="output_stream_strb_V_reload">
<pin_list>
<pin id="9" dir="1" index="0" bw="1" slack="0"/>
</pin_list>
<bind>
<StgValue><ssdm name="output_stream_strb_V_reload"/></StgValue>
</bind>
</comp>

<comp id="10" class="1000" name="tmp_user_V_reload">
<pin_list>
<pin id="11" dir="1" index="0" bw="1" slack="0"/>
</pin_list>
<bind>
<StgValue><ssdm name="tmp_user_V_reload"/></StgValue>
</bind>
</comp>

<comp id="12" class="1000" name="tmp_id_V_reload">
<pin_list>
<pin id="13" dir="1" index="0" bw="1" slack="0"/>
</pin_list>
<bind>
<StgValue><ssdm name="tmp_id_V_reload"/></StgValue>
</bind>
</comp>

<comp id="14" class="1000" name="tmp_dest_V_reload">
<pin_list>
<pin id="15" dir="1" index="0" bw="1" slack="0"/>
</pin_list>
<bind>
<StgValue><ssdm name="tmp_dest_V_reload"/></StgValue>
</bind>
</comp>

<comp id="16" class="1000" name="XNearStream_V_data_V">
<pin_list>
<pin id="17" dir="1" index="0" bw="1" slack="0"/>
</pin_list>
<bind>
<StgValue><ssdm name="XNearStream_V_data_V"/></StgValue>
</bind>
</comp>

<comp id="18" class="1000" name="XNearStream_V_keep_V">
<pin_list>
<pin id="19" dir="1" index="0" bw="1" slack="0"/>
</pin_list>
<bind>
<StgValue><ssdm name="XNearStream_V_keep_V"/></StgValue>
</bind>
</comp>

<comp id="20" class="1000" name="XNearStream_V_strb_V">
<pin_list>
<pin id="21" dir="1" index="0" bw="1" slack="0"/>
</pin_list>
<bind>
<StgValue><ssdm name="XNearStream_V_strb_V"/></StgValue>
</bind>
</comp>

<comp id="22" class="1000" name="XNearStream_V_user_V">
<pin_list>
<pin id="23" dir="1" index="0" bw="1" slack="0"/>
</pin_list>
<bind>
<StgValue><ssdm name="XNearStream_V_user_V"/></StgValue>
</bind>
</comp>

<comp id="24" class="1000" name="XNearStream_V_last_V">
<pin_list>
<pin id="25" dir="1" index="0" bw="1" slack="0"/>
</pin_list>
<bind>
<StgValue><ssdm name="XNearStream_V_last_V"/></StgValue>
</bind>
</comp>

<comp id="26" class="1000" name="XNearStream_V_id_V">
<pin_list>
<pin id="27" dir="1" index="0" bw="1" slack="0"/>
</pin_list>
<bind>
<StgValue><ssdm name="XNearStream_V_id_V"/></StgValue>
</bind>
</comp>

<comp id="28" class="1000" name="XNearStream_V_dest_V">
<pin_list>
<pin id="29" dir="1" index="0" bw="1" slack="0"/>
</pin_list>
<bind>
<StgValue><ssdm name="XNearStream_V_dest_V"/></StgValue>
</bind>
</comp>

<comp id="30" class="1001" name="const_30">
<pin_list>
<pin id="31" dir="1" index="0" bw="1" slack="0"/>
</pin_list>
<bind>
<StgValue><ssdm name=""/></StgValue>
</bind>
</comp>

<comp id="32" class="1001" name="const_32">
<pin_list>
<pin id="33" dir="1" index="0" bw="1" slack="2147483647"/>
</pin_list>
<bind>
<StgValue><ssdm name="_ssdm_op_SpecInterface"/></StgValue>
</bind>
</comp>

<comp id="34" class="1001" name="const_34">
<pin_list>
<pin id="35" dir="1" index="0" bw="1" slack="2147483647"/>
</pin_list>
<bind>
<StgValue><ssdm name="empty_12"/></StgValue>
</bind>
</comp>

<comp id="36" class="1001" name="const_36">
<pin_list>
<pin id="37" dir="1" index="0" bw="1" slack="0"/>
</pin_list>
<bind>
<StgValue><ssdm name=""/></StgValue>
</bind>
</comp>

<comp id="38" class="1001" name="const_38">
<pin_list>
<pin id="39" dir="1" index="0" bw="1" slack="2147483647"/>
</pin_list>
<bind>
<StgValue><ssdm name="empty_17"/></StgValue>
</bind>
</comp>

<comp id="40" class="1001" name="const_40">
<pin_list>
<pin id="41" dir="1" index="0" bw="1" slack="2147483647"/>
</pin_list>
<bind>
<StgValue><ssdm name="empty_10"/></StgValue>
</bind>
</comp>

<comp id="42" class="1001" name="const_42">
<pin_list>
<pin id="43" dir="1" index="0" bw="1" slack="0"/>
</pin_list>
<bind>
<StgValue><ssdm name="_ssdm_op_Read.ap_auto.i6"/></StgValue>
</bind>
</comp>

<comp id="44" class="1001" name="const_44">
<pin_list>
<pin id="45" dir="1" index="0" bw="1" slack="0"/>
</pin_list>
<bind>
<StgValue><ssdm name="_ssdm_op_Read.ap_auto.i5"/></StgValue>
</bind>
</comp>

<comp id="46" class="1001" name="const_46">
<pin_list>
<pin id="47" dir="1" index="0" bw="1" slack="0"/>
</pin_list>
<bind>
<StgValue><ssdm name="_ssdm_op_Read.ap_auto.i2"/></StgValue>
</bind>
</comp>

<comp id="48" class="1001" name="const_48">
<pin_list>
<pin id="49" dir="1" index="0" bw="1" slack="0"/>
</pin_list>
<bind>
<StgValue><ssdm name="_ssdm_op_Read.ap_auto.i4"/></StgValue>
</bind>
</comp>

<comp id="50" class="1001" name="const_50">
<pin_list>
<pin id="51" dir="1" index="0" bw="1" slack="0"/>
</pin_list>
<bind>
<StgValue><ssdm name="_ssdm_op_Read.ap_auto.i32"/></StgValue>
</bind>
</comp>

<comp id="52" class="1001" name="const_52">
<pin_list>
<pin id="53" dir="1" index="0" bw="1" slack="2147483647"/>
</pin_list>
<bind>
<StgValue><ssdm name="_ssdm_op_SpecPipeline"/></StgValue>
</bind>
</comp>

<comp id="54" class="1001" name="const_54">
<pin_list>
<pin id="55" dir="1" index="0" bw="1" slack="2147483647"/>
</pin_list>
<bind>
<StgValue><ssdm name=""/></StgValue>
</bind>
</comp>

<comp id="56" class="1001" name="const_56">
<pin_list>
<pin id="57" dir="1" index="0" bw="1" slack="2147483647"/>
</pin_list>
<bind>
<StgValue><ssdm name="p_str"/></StgValue>
</bind>
</comp>

<comp id="58" class="1001" name="const_58">
<pin_list>
<pin id="59" dir="1" index="0" bw="1" slack="0"/>
</pin_list>
<bind>
<StgValue><ssdm name=""/></StgValue>
</bind>
</comp>

<comp id="60" class="1001" name="const_60">
<pin_list>
<pin id="61" dir="1" index="0" bw="1" slack="2147483647"/>
</pin_list>
<bind>
<StgValue><ssdm name="_ssdm_op_SpecLoopName"/></StgValue>
</bind>
</comp>

<comp id="62" class="1001" name="const_62">
<pin_list>
<pin id="63" dir="1" index="0" bw="1" slack="2147483647"/>
</pin_list>
<bind>
<StgValue><ssdm name="empty_11"/></StgValue>
</bind>
</comp>

<comp id="64" class="1001" name="const_64">
<pin_list>
<pin id="65" dir="1" index="0" bw="1" slack="0"/>
</pin_list>
<bind>
<StgValue><ssdm name="_ssdm_op_Write.axis.volatile.i32P0A.i4P0A.i4P0A.i2P0A.i1P0A.i5P0A.i6P0A"/></StgValue>
</bind>
</comp>

<comp id="66" class="1004" name="j_2_fu_66">
<pin_list>
<pin id="67" dir="0" index="0" bw="1" slack="0"/>
<pin id="68" dir="1" index="1" bw="32" slack="0"/>
</pin_list>
<bind>
<opcode="alloca(26) " fcode="alloca"/>
<opset="j_2/1 "/>
</bind>
</comp>

<comp id="70" class="1004" name="tmp_dest_V_reload_read_read_fu_70">
<pin_list>
<pin id="71" dir="0" index="0" bw="6" slack="0"/>
<pin id="72" dir="0" index="1" bw="6" slack="0"/>
<pin id="73" dir="1" index="2" bw="6" slack="1"/>
</pin_list>
<bind>
<opcode="read(1150) " fcode="read"/>
<opset="tmp_dest_V_reload_read/1 "/>
</bind>
</comp>

<comp id="76" class="1004" name="tmp_id_V_reload_read_read_fu_76">
<pin_list>
<pin id="77" dir="0" index="0" bw="5" slack="0"/>
<pin id="78" dir="0" index="1" bw="5" slack="0"/>
<pin id="79" dir="1" index="2" bw="5" slack="1"/>
</pin_list>
<bind>
<opcode="read(1150) " fcode="read"/>
<opset="tmp_id_V_reload_read/1 "/>
</bind>
</comp>

<comp id="82" class="1004" name="tmp_user_V_reload_read_read_fu_82">
<pin_list>
<pin id="83" dir="0" index="0" bw="2" slack="0"/>
<pin id="84" dir="0" index="1" bw="2" slack="0"/>
<pin id="85" dir="1" index="2" bw="2" slack="1"/>
</pin_list>
<bind>
<opcode="read(1150) " fcode="read"/>
<opset="tmp_user_V_reload_read/1 "/>
</bind>
</comp>

<comp id="88" class="1004" name="output_stream_strb_V_reload_read_read_fu_88">
<pin_list>
<pin id="89" dir="0" index="0" bw="4" slack="0"/>
<pin id="90" dir="0" index="1" bw="4" slack="0"/>
<pin id="91" dir="1" index="2" bw="4" slack="1"/>
</pin_list>
<bind>
<opcode="read(1150) " fcode="read"/>
<opset="output_stream_strb_V_reload_read/1 "/>
</bind>
</comp>

<comp id="94" class="1004" name="output_stream_keep_V_reload_read_read_fu_94">
<pin_list>
<pin id="95" dir="0" index="0" bw="4" slack="0"/>
<pin id="96" dir="0" index="1" bw="4" slack="0"/>
<pin id="97" dir="1" index="2" bw="4" slack="1"/>
</pin_list>
<bind>
<opcode="read(1150) " fcode="read"/>
<opset="output_stream_keep_V_reload_read/1 "/>
</bind>
</comp>

<comp id="100" class="1004" name="XNearCnt_read_read_fu_100">
<pin_list>
<pin id="101" dir="0" index="0" bw="32" slack="0"/>
<pin id="102" dir="0" index="1" bw="32" slack="0"/>
<pin id="103" dir="1" index="2" bw="32" slack="0"/>
</pin_list>
<bind>
<opcode="read(1150) " fcode="read"/>
<opset="XNearCnt_read/1 "/>
</bind>
</comp>

<comp id="106" class="1004" name="add_read_read_fu_106">
<pin_list>
<pin id="107" dir="0" index="0" bw="32" slack="0"/>
<pin id="108" dir="0" index="1" bw="32" slack="0"/>
<pin id="109" dir="1" index="2" bw="32" slack="0"/>
</pin_list>
<bind>
<opcode="read(1150) " fcode="read"/>
<opset="add_read/1 "/>
</bind>
</comp>

<comp id="112" class="1004" name="write_ln304_write_fu_112">
<pin_list>
<pin id="113" dir="0" index="0" bw="0" slack="0"/>
<pin id="114" dir="0" index="1" bw="32" slack="0"/>
<pin id="115" dir="0" index="2" bw="4" slack="0"/>
<pin id="116" dir="0" index="3" bw="4" slack="0"/>
<pin id="117" dir="0" index="4" bw="2" slack="0"/>
<pin id="118" dir="0" index="5" bw="1" slack="0"/>
<pin id="119" dir="0" index="6" bw="5" slack="0"/>
<pin id="120" dir="0" index="7" bw="6" slack="0"/>
<pin id="121" dir="0" index="8" bw="16" slack="0"/>
<pin id="122" dir="0" index="9" bw="4" slack="1"/>
<pin id="123" dir="0" index="10" bw="4" slack="1"/>
<pin id="124" dir="0" index="11" bw="2" slack="1"/>
<pin id="125" dir="0" index="12" bw="1" slack="1"/>
<pin id="126" dir="0" index="13" bw="5" slack="1"/>
<pin id="127" dir="0" index="14" bw="6" slack="1"/>
<pin id="128" dir="1" index="15" bw="0" slack="2147483647"/>
</pin_list>
<bind>
<opcode="write(1151) " fcode="write"/>
<opset="write_ln304/2 "/>
</bind>
</comp>

<comp id="137" class="1004" name="x_near_addr_gep_fu_137">
<pin_list>
<pin id="138" dir="0" index="0" bw="16" slack="0"/>
<pin id="139" dir="0" index="1" bw="1" slack="0"/>
<pin id="140" dir="0" index="2" bw="32" slack="0"/>
<pin id="141" dir="1" index="3" bw="10" slack="0"/>
</pin_list>
<bind>
<opcode="getelementptr(29) " fcode="getelementptr"/>
<opset="x_near_addr/1 "/>
</bind>
</comp>

<comp id="144" class="1004" name="grp_access_fu_144">
<pin_list>
<pin id="145" dir="0" index="0" bw="10" slack="0"/>
<pin id="146" dir="0" index="1" bw="16" slack="2147483647"/>
<pin id="147" dir="0" index="2" bw="0" slack="2147483647"/>
<pin id="148" dir="1" index="3" bw="16" slack="0"/>
</pin_list>
<bind>
<opcode="load(27) " fcode="load"/>
<opset="output_stream_data_V/1 "/>
</bind>
</comp>

<comp id="150" class="1004" name="store_ln0_store_fu_150">
<pin_list>
<pin id="151" dir="0" index="0" bw="1" slack="0"/>
<pin id="152" dir="0" index="1" bw="32" slack="0"/>
<pin id="153" dir="1" index="2" bw="0" slack="2147483647"/>
</pin_list>
<bind>
<opcode="store(28) " fcode="store"/>
<opset="store_ln0/1 "/>
</bind>
</comp>

<comp id="155" class="1004" name="j_load_fu_155">
<pin_list>
<pin id="156" dir="0" index="0" bw="32" slack="0"/>
<pin id="157" dir="1" index="1" bw="32" slack="0"/>
</pin_list>
<bind>
<opcode="load(27) " fcode="load"/>
<opset="j/1 "/>
</bind>
</comp>

<comp id="158" class="1004" name="icmp_ln396_fu_158">
<pin_list>
<pin id="159" dir="0" index="0" bw="32" slack="0"/>
<pin id="160" dir="0" index="1" bw="32" slack="0"/>
<pin id="161" dir="1" index="2" bw="1" slack="2147483647"/>
</pin_list>
<bind>
<opcode="icmp(45) " fcode="icmp"/>
<opset="icmp_ln396/1 "/>
</bind>
</comp>

<comp id="164" class="1004" name="add_ln396_fu_164">
<pin_list>
<pin id="165" dir="0" index="0" bw="32" slack="0"/>
<pin id="166" dir="0" index="1" bw="1" slack="0"/>
<pin id="167" dir="1" index="2" bw="32" slack="0"/>
</pin_list>
<bind>
<opcode="add(8) " fcode="add"/>
<opset="add_ln396/1 "/>
</bind>
</comp>

<comp id="170" class="1004" name="j_2_cast_fu_170">
<pin_list>
<pin id="171" dir="0" index="0" bw="32" slack="0"/>
<pin id="172" dir="1" index="1" bw="64" slack="0"/>
</pin_list>
<bind>
<opcode="zext(34) " fcode="zext"/>
<opset="j_2_cast/1 "/>
</bind>
</comp>

<comp id="175" class="1004" name="output_stream_last_V_fu_175">
<pin_list>
<pin id="176" dir="0" index="0" bw="32" slack="0"/>
<pin id="177" dir="0" index="1" bw="32" slack="0"/>
<pin id="178" dir="1" index="2" bw="1" slack="1"/>
</pin_list>
<bind>
<opcode="icmp(45) " fcode="icmp"/>
<opset="output_stream_last_V/1 "/>
</bind>
</comp>

<comp id="181" class="1004" name="store_ln396_store_fu_181">
<pin_list>
<pin id="182" dir="0" index="0" bw="32" slack="0"/>
<pin id="183" dir="0" index="1" bw="32" slack="0"/>
<pin id="184" dir="1" index="2" bw="0" slack="2147483647"/>
</pin_list>
<bind>
<opcode="store(28) " fcode="store"/>
<opset="store_ln396/1 "/>
</bind>
</comp>

<comp id="186" class="1004" name="sext_ln204_fu_186">
<pin_list>
<pin id="187" dir="0" index="0" bw="16" slack="0"/>
<pin id="188" dir="1" index="1" bw="32" slack="0"/>
</pin_list>
<bind>
<opcode="sext(35) " fcode="sext"/>
<opset="sext_ln204/2 "/>
</bind>
</comp>

<comp id="191" class="1005" name="j_2_reg_191">
<pin_list>
<pin id="192" dir="0" index="0" bw="32" slack="0"/>
<pin id="193" dir="1" index="1" bw="32" slack="0"/>
</pin_list>
<bind>
<opset="j_2 "/>
</bind>
</comp>

<comp id="198" class="1005" name="tmp_dest_V_reload_read_reg_198">
<pin_list>
<pin id="199" dir="0" index="0" bw="6" slack="1"/>
<pin id="200" dir="1" index="1" bw="6" slack="1"/>
</pin_list>
<bind>
<opset="tmp_dest_V_reload_read "/>
</bind>
</comp>

<comp id="203" class="1005" name="tmp_id_V_reload_read_reg_203">
<pin_list>
<pin id="204" dir="0" index="0" bw="5" slack="1"/>
<pin id="205" dir="1" index="1" bw="5" slack="1"/>
</pin_list>
<bind>
<opset="tmp_id_V_reload_read "/>
</bind>
</comp>

<comp id="208" class="1005" name="tmp_user_V_reload_read_reg_208">
<pin_list>
<pin id="209" dir="0" index="0" bw="2" slack="1"/>
<pin id="210" dir="1" index="1" bw="2" slack="1"/>
</pin_list>
<bind>
<opset="tmp_user_V_reload_read "/>
</bind>
</comp>

<comp id="213" class="1005" name="output_stream_strb_V_reload_read_reg_213">
<pin_list>
<pin id="214" dir="0" index="0" bw="4" slack="1"/>
<pin id="215" dir="1" index="1" bw="4" slack="1"/>
</pin_list>
<bind>
<opset="output_stream_strb_V_reload_read "/>
</bind>
</comp>

<comp id="218" class="1005" name="output_stream_keep_V_reload_read_reg_218">
<pin_list>
<pin id="219" dir="0" index="0" bw="4" slack="1"/>
<pin id="220" dir="1" index="1" bw="4" slack="1"/>
</pin_list>
<bind>
<opset="output_stream_keep_V_reload_read "/>
</bind>
</comp>

<comp id="226" class="1005" name="x_near_addr_reg_226">
<pin_list>
<pin id="227" dir="0" index="0" bw="10" slack="1"/>
<pin id="228" dir="1" index="1" bw="10" slack="1"/>
</pin_list>
<bind>
<opset="x_near_addr "/>
</bind>
</comp>

<comp id="231" class="1005" name="output_stream_last_V_reg_231">
<pin_list>
<pin id="232" dir="0" index="0" bw="1" slack="1"/>
<pin id="233" dir="1" index="1" bw="1" slack="1"/>
</pin_list>
<bind>
<opset="output_stream_last_V "/>
</bind>
</comp>

</comp_list>

<net_list>
<net id="69"><net_src comp="30" pin="0"/><net_sink comp="66" pin=0"/></net>

<net id="74"><net_src comp="42" pin="0"/><net_sink comp="70" pin=0"/></net>

<net id="75"><net_src comp="14" pin="0"/><net_sink comp="70" pin=1"/></net>

<net id="80"><net_src comp="44" pin="0"/><net_sink comp="76" pin=0"/></net>

<net id="81"><net_src comp="12" pin="0"/><net_sink comp="76" pin=1"/></net>

<net id="86"><net_src comp="46" pin="0"/><net_sink comp="82" pin=0"/></net>

<net id="87"><net_src comp="10" pin="0"/><net_sink comp="82" pin=1"/></net>

<net id="92"><net_src comp="48" pin="0"/><net_sink comp="88" pin=0"/></net>

<net id="93"><net_src comp="8" pin="0"/><net_sink comp="88" pin=1"/></net>

<net id="98"><net_src comp="48" pin="0"/><net_sink comp="94" pin=0"/></net>

<net id="99"><net_src comp="6" pin="0"/><net_sink comp="94" pin=1"/></net>

<net id="104"><net_src comp="50" pin="0"/><net_sink comp="100" pin=0"/></net>

<net id="105"><net_src comp="4" pin="0"/><net_sink comp="100" pin=1"/></net>

<net id="110"><net_src comp="50" pin="0"/><net_sink comp="106" pin=0"/></net>

<net id="111"><net_src comp="0" pin="0"/><net_sink comp="106" pin=1"/></net>

<net id="129"><net_src comp="64" pin="0"/><net_sink comp="112" pin=0"/></net>

<net id="130"><net_src comp="16" pin="0"/><net_sink comp="112" pin=1"/></net>

<net id="131"><net_src comp="18" pin="0"/><net_sink comp="112" pin=2"/></net>

<net id="132"><net_src comp="20" pin="0"/><net_sink comp="112" pin=3"/></net>

<net id="133"><net_src comp="22" pin="0"/><net_sink comp="112" pin=4"/></net>

<net id="134"><net_src comp="24" pin="0"/><net_sink comp="112" pin=5"/></net>

<net id="135"><net_src comp="26" pin="0"/><net_sink comp="112" pin=6"/></net>

<net id="136"><net_src comp="28" pin="0"/><net_sink comp="112" pin=7"/></net>

<net id="142"><net_src comp="2" pin="0"/><net_sink comp="137" pin=0"/></net>

<net id="143"><net_src comp="58" pin="0"/><net_sink comp="137" pin=1"/></net>

<net id="149"><net_src comp="137" pin="3"/><net_sink comp="144" pin=0"/></net>

<net id="154"><net_src comp="36" pin="0"/><net_sink comp="150" pin=0"/></net>

<net id="162"><net_src comp="155" pin="1"/><net_sink comp="158" pin=0"/></net>

<net id="163"><net_src comp="106" pin="2"/><net_sink comp="158" pin=1"/></net>

<net id="168"><net_src comp="155" pin="1"/><net_sink comp="164" pin=0"/></net>

<net id="169"><net_src comp="30" pin="0"/><net_sink comp="164" pin=1"/></net>

<net id="173"><net_src comp="155" pin="1"/><net_sink comp="170" pin=0"/></net>

<net id="174"><net_src comp="170" pin="1"/><net_sink comp="137" pin=2"/></net>

<net id="179"><net_src comp="155" pin="1"/><net_sink comp="175" pin=0"/></net>

<net id="180"><net_src comp="100" pin="2"/><net_sink comp="175" pin=1"/></net>

<net id="185"><net_src comp="164" pin="2"/><net_sink comp="181" pin=0"/></net>

<net id="189"><net_src comp="144" pin="3"/><net_sink comp="186" pin=0"/></net>

<net id="190"><net_src comp="186" pin="1"/><net_sink comp="112" pin=8"/></net>

<net id="194"><net_src comp="66" pin="1"/><net_sink comp="191" pin=0"/></net>

<net id="195"><net_src comp="191" pin="1"/><net_sink comp="150" pin=1"/></net>

<net id="196"><net_src comp="191" pin="1"/><net_sink comp="155" pin=0"/></net>

<net id="197"><net_src comp="191" pin="1"/><net_sink comp="181" pin=1"/></net>

<net id="201"><net_src comp="70" pin="2"/><net_sink comp="198" pin=0"/></net>

<net id="202"><net_src comp="198" pin="1"/><net_sink comp="112" pin=14"/></net>

<net id="206"><net_src comp="76" pin="2"/><net_sink comp="203" pin=0"/></net>

<net id="207"><net_src comp="203" pin="1"/><net_sink comp="112" pin=13"/></net>

<net id="211"><net_src comp="82" pin="2"/><net_sink comp="208" pin=0"/></net>

<net id="212"><net_src comp="208" pin="1"/><net_sink comp="112" pin=11"/></net>

<net id="216"><net_src comp="88" pin="2"/><net_sink comp="213" pin=0"/></net>

<net id="217"><net_src comp="213" pin="1"/><net_sink comp="112" pin=10"/></net>

<net id="221"><net_src comp="94" pin="2"/><net_sink comp="218" pin=0"/></net>

<net id="222"><net_src comp="218" pin="1"/><net_sink comp="112" pin=9"/></net>

<net id="229"><net_src comp="137" pin="3"/><net_sink comp="226" pin=0"/></net>

<net id="230"><net_src comp="226" pin="1"/><net_sink comp="144" pin=0"/></net>

<net id="234"><net_src comp="175" pin="2"/><net_sink comp="231" pin=0"/></net>

<net id="235"><net_src comp="231" pin="1"/><net_sink comp="112" pin=12"/></net>

</net_list>

</model> 
---------------- Datapath Model END ------------------

* FSMD analyzer results:
  - Output states:
	Port: XNearStream_V_data_V | {2 }
	Port: XNearStream_V_keep_V | {2 }
	Port: XNearStream_V_strb_V | {2 }
	Port: XNearStream_V_user_V | {2 }
	Port: XNearStream_V_last_V | {2 }
	Port: XNearStream_V_id_V | {2 }
	Port: XNearStream_V_dest_V | {2 }
 - Input state : 
	Port: rrt_Pipeline_VITIS_LOOP_396_2 : add | {1 }
	Port: rrt_Pipeline_VITIS_LOOP_396_2 : x_near | {1 2 }
	Port: rrt_Pipeline_VITIS_LOOP_396_2 : XNearCnt | {1 }
	Port: rrt_Pipeline_VITIS_LOOP_396_2 : output_stream_keep_V_reload | {1 }
	Port: rrt_Pipeline_VITIS_LOOP_396_2 : output_stream_strb_V_reload | {1 }
	Port: rrt_Pipeline_VITIS_LOOP_396_2 : tmp_user_V_reload | {1 }
	Port: rrt_Pipeline_VITIS_LOOP_396_2 : tmp_id_V_reload | {1 }
	Port: rrt_Pipeline_VITIS_LOOP_396_2 : tmp_dest_V_reload | {1 }
	Port: rrt_Pipeline_VITIS_LOOP_396_2 : XNearStream_V_data_V | {}
	Port: rrt_Pipeline_VITIS_LOOP_396_2 : XNearStream_V_keep_V | {}
	Port: rrt_Pipeline_VITIS_LOOP_396_2 : XNearStream_V_strb_V | {}
	Port: rrt_Pipeline_VITIS_LOOP_396_2 : XNearStream_V_user_V | {}
	Port: rrt_Pipeline_VITIS_LOOP_396_2 : XNearStream_V_last_V | {}
	Port: rrt_Pipeline_VITIS_LOOP_396_2 : XNearStream_V_id_V | {}
	Port: rrt_Pipeline_VITIS_LOOP_396_2 : XNearStream_V_dest_V | {}
  - Chain level:
	State 1
		store_ln0 : 1
		j : 1
		icmp_ln396 : 2
		add_ln396 : 2
		br_ln396 : 3
		j_2_cast : 2
		x_near_addr : 3
		output_stream_data_V : 4
		output_stream_last_V : 2
		store_ln396 : 3
	State 2
		sext_ln204 : 1
		write_ln304 : 2


============================================================
+ Verbose Summary: Datapath Resource usage 
============================================================

* Functional unit list:
|----------|---------------------------------------------|---------|---------|
| Operation|               Functional Unit               |    FF   |   LUT   |
|----------|---------------------------------------------|---------|---------|
|    add   |               add_ln396_fu_164              |    0    |    39   |
|----------|---------------------------------------------|---------|---------|
|   icmp   |              icmp_ln396_fu_158              |    0    |    18   |
|          |         output_stream_last_V_fu_175         |    0    |    18   |
|----------|---------------------------------------------|---------|---------|
|          |      tmp_dest_V_reload_read_read_fu_70      |    0    |    0    |
|          |       tmp_id_V_reload_read_read_fu_76       |    0    |    0    |
|          |      tmp_user_V_reload_read_read_fu_82      |    0    |    0    |
|   read   | output_stream_strb_V_reload_read_read_fu_88 |    0    |    0    |
|          | output_stream_keep_V_reload_read_read_fu_94 |    0    |    0    |
|          |          XNearCnt_read_read_fu_100          |    0    |    0    |
|          |             add_read_read_fu_106            |    0    |    0    |
|----------|---------------------------------------------|---------|---------|
|   write  |           write_ln304_write_fu_112          |    0    |    0    |
|----------|---------------------------------------------|---------|---------|
|   zext   |               j_2_cast_fu_170               |    0    |    0    |
|----------|---------------------------------------------|---------|---------|
|   sext   |              sext_ln204_fu_186              |    0    |    0    |
|----------|---------------------------------------------|---------|---------|
|   Total  |                                             |    0    |    75   |
|----------|---------------------------------------------|---------|---------|

Memories:
N/A

* Register list:
+----------------------------------------+--------+
|                                        |   FF   |
+----------------------------------------+--------+
|               j_2_reg_191              |   32   |
|output_stream_keep_V_reload_read_reg_218|    4   |
|      output_stream_last_V_reg_231      |    1   |
|output_stream_strb_V_reload_read_reg_213|    4   |
|     tmp_dest_V_reload_read_reg_198     |    6   |
|      tmp_id_V_reload_read_reg_203      |    5   |
|     tmp_user_V_reload_read_reg_208     |    2   |
|           x_near_addr_reg_226          |   10   |
+----------------------------------------+--------+
|                  Total                 |   64   |
+----------------------------------------+--------+

* Multiplexer (MUX) list: 
|-------------------|------|------|------|--------||---------||---------|
|        Comp       |  Pin | Size |  BW  | S x BW ||  Delay  ||   LUT   |
|-------------------|------|------|------|--------||---------||---------|
| grp_access_fu_144 |  p0  |   2  |  10  |   20   ||    9    |
|-------------------|------|------|------|--------||---------||---------|
|       Total       |      |      |      |   20   ||  1.588  ||    9    |
|-------------------|------|------|------|--------||---------||---------|



* Summary:
+-----------+--------+--------+--------+
|           |  Delay |   FF   |   LUT  |
+-----------+--------+--------+--------+
|  Function |    -   |    0   |   75   |
|   Memory  |    -   |    -   |    -   |
|Multiplexer|    1   |    -   |    9   |
|  Register |    -   |   64   |    -   |
+-----------+--------+--------+--------+
|   Total   |    1   |   64   |   84   |
+-----------+--------+--------+--------+
