

================================================================
== Vitis HLS Report for 'rrt_Pipeline_VITIS_LOOP_342_1'
================================================================
* Date:           Tue May 30 11:08:24 2023

* Version:        2021.2 (Build 3367213 on Tue Oct 19 02:47:39 MDT 2021)
* Project:        new_fixedpoint2205
* Solution:       solution1 (Vivado IP Flow Target)
* Product family: zynq
* Target device:  xc7z020-clg400-1


================================================================
== Performance Estimates
================================================================
+ Timing: 
    * Summary: 
    +--------+---------+----------+------------+
    |  Clock |  Target | Estimated| Uncertainty|
    +--------+---------+----------+------------+
    |ap_clk  |  6.75 ns|  6.312 ns|     1.82 ns|
    +--------+---------+----------+------------+

+ Latency: 
    * Summary: 
    +---------+---------+----------+----------+-----+-----+---------+
    |  Latency (cycles) |  Latency (absolute) |  Interval | Pipeline|
    |   min   |   max   |    min   |    max   | min | max |   Type  |
    +---------+---------+----------+----------+-----+-----+---------+
    |        ?|        ?|         ?|         ?|    ?|    ?|       no|
    +---------+---------+----------+----------+-----+-----+---------+

    + Detail: 
        * Instance: 
        N/A

        * Loop: 
        +--------------------+---------+---------+----------+-----------+-----------+------+----------+
        |                    |  Latency (cycles) | Iteration|  Initiation Interval  | Trip |          |
        |      Loop Name     |   min   |   max   |  Latency |  achieved |   target  | Count| Pipelined|
        +--------------------+---------+---------+----------+-----------+-----------+------+----------+
        |- VITIS_LOOP_342_1  |        ?|        ?|        52|          1|          1|     ?|       yes|
        +--------------------+---------+---------+----------+-----------+-----------+------+----------+

============================================================
+ Verbose Summary: Synthesis Manager
============================================================
InlineROM: 1
ExposeGlobal: 0
============================================================
+ Verbose Summary: CDFG Model
============================================================
IsTopModel: 0
ResetActiveHigh: 1
IsCombinational: 0
IsDatapathOnly: 0
HasWiredReturn: 1
HasMFsm: 2
HasVarLatency: 1
IsPipeline: 0
IsRtlPipelined: 0
IsInstanceOverlapped: 0
IsDontTouch: 0
HasImplIP: 0
IsGatedGlobalClock: 0

+ Individual pipeline summary: 
  * Pipeline-0: initiation interval (II) = 1, depth = 52


============================================================
+ Verbose Summary: Schedule
============================================================
* Number of FSM states : 52
* Pipeline : 1
  Pipeline-0 : II = 1, D = 52, States = { 1 2 3 4 5 6 7 8 9 10 11 12 13 14 15 16 17 18 19 20 21 22 23 24 25 26 27 28 29 30 31 32 33 34 35 36 37 38 39 40 41 42 43 44 45 46 47 48 49 50 51 52 }
* Dataflow Pipeline: 0

* FSM state transitions: 
1 --> 2 
2 --> 3 
3 --> 4 
4 --> 5 
5 --> 6 
6 --> 7 
7 --> 8 
8 --> 9 
9 --> 10 
10 --> 11 
11 --> 12 
12 --> 13 
13 --> 14 
14 --> 15 
15 --> 16 
16 --> 17 
17 --> 18 
18 --> 19 
19 --> 20 
20 --> 21 
21 --> 22 
22 --> 23 
23 --> 24 
24 --> 25 
25 --> 26 
26 --> 27 
27 --> 28 
28 --> 29 
29 --> 30 
30 --> 31 
31 --> 32 
32 --> 33 
33 --> 34 
34 --> 35 
35 --> 36 
36 --> 37 
37 --> 38 
38 --> 39 
39 --> 40 
40 --> 41 
41 --> 42 
42 --> 43 
43 --> 44 
44 --> 45 
45 --> 46 
46 --> 47 
47 --> 48 
48 --> 49 
49 --> 50 
50 --> 51 
51 --> 52 
52 --> 

* FSM state operations: 

State 1 <SV = 0> <Delay = 4.06>
ST_1 : Operation 55 [1/1] (0.00ns)   --->   "%input_stream_dest_V = alloca i32 1"   --->   Operation 55 'alloca' 'input_stream_dest_V' <Predicate = true> <Delay = 0.00>
ST_1 : Operation 56 [1/1] (0.00ns)   --->   "%input_stream_id_V = alloca i32 1"   --->   Operation 56 'alloca' 'input_stream_id_V' <Predicate = true> <Delay = 0.00>
ST_1 : Operation 57 [1/1] (0.00ns)   --->   "%input_stream_user_V = alloca i32 1"   --->   Operation 57 'alloca' 'input_stream_user_V' <Predicate = true> <Delay = 0.00>
ST_1 : Operation 58 [1/1] (0.00ns)   --->   "%output_stream_strb_V = alloca i32 1"   --->   Operation 58 'alloca' 'output_stream_strb_V' <Predicate = true> <Delay = 0.00>
ST_1 : Operation 59 [1/1] (0.00ns)   --->   "%output_stream_keep_V = alloca i32 1"   --->   Operation 59 'alloca' 'output_stream_keep_V' <Predicate = true> <Delay = 0.00>
ST_1 : Operation 60 [1/1] (0.00ns)   --->   "%Pos_Nearest_Node = alloca i32 1"   --->   Operation 60 'alloca' 'Pos_Nearest_Node' <Predicate = true> <Delay = 0.00>
ST_1 : Operation 61 [1/1] (0.00ns)   --->   "%Dist = alloca i32 1"   --->   Operation 61 'alloca' 'Dist' <Predicate = true> <Delay = 0.00>
ST_1 : Operation 62 [1/1] (0.00ns)   --->   "%i = alloca i32 1"   --->   Operation 62 'alloca' 'i' <Predicate = true> <Delay = 0.00>
ST_1 : Operation 63 [1/1] (0.00ns)   --->   "%specinterface_ln0 = specinterface void @_ssdm_op_SpecInterface, i6 %dataInStream_V_dest_V, i5 %dataInStream_V_id_V, i1 %dataInStream_V_last_V, i2 %dataInStream_V_user_V, i8 %dataInStream_V_strb_V, i8 %dataInStream_V_keep_V, i64 %dataInStream_V_data_V, void @empty_12, i32 0, i32 0, void @empty_17, i32 0, i32 0, void @empty_10, void @empty_10, void @empty_10, i32 0, i32 0, i32 0, i32 0, void @empty_10, void @empty_10"   --->   Operation 63 'specinterface' 'specinterface_ln0' <Predicate = true> <Delay = 0.00>
ST_1 : Operation 64 [1/1] (0.00ns)   --->   "%conv9_i_i_read = read i32 @_ssdm_op_Read.ap_auto.float, i32 %conv9_i_i"   --->   Operation 64 'read' 'conv9_i_i_read' <Predicate = true> <Delay = 0.00>
ST_1 : Operation 65 [1/1] (0.00ns)   --->   "%conv_i_i_read = read i32 @_ssdm_op_Read.ap_auto.float, i32 %conv_i_i"   --->   Operation 65 'read' 'conv_i_i_read' <Predicate = true> <Delay = 0.00>
ST_1 : Operation 66 [1/1] (0.00ns)   --->   "%N_read = read i32 @_ssdm_op_Read.ap_auto.i32, i32 %N"   --->   Operation 66 'read' 'N_read' <Predicate = true> <Delay = 0.00>
ST_1 : Operation 67 [1/1] (1.58ns)   --->   "%store_ln0 = store i14 0, i14 %i"   --->   Operation 67 'store' 'store_ln0' <Predicate = true> <Delay = 1.58>
ST_1 : Operation 68 [1/1] (1.58ns)   --->   "%store_ln0 = store i32 0, i32 %Dist"   --->   Operation 68 'store' 'store_ln0' <Predicate = true> <Delay = 1.58>
ST_1 : Operation 69 [1/1] (1.58ns)   --->   "%store_ln0 = store i32 0, i32 %Pos_Nearest_Node"   --->   Operation 69 'store' 'store_ln0' <Predicate = true> <Delay = 1.58>
ST_1 : Operation 70 [1/1] (0.00ns)   --->   "%br_ln0 = br void"   --->   Operation 70 'br' 'br_ln0' <Predicate = true> <Delay = 0.00>
ST_1 : Operation 71 [1/1] (0.00ns)   --->   "%i_1 = load i14 %i" [new_fixedpoint2205/main.cpp:342]   --->   Operation 71 'load' 'i_1' <Predicate = true> <Delay = 0.00>
ST_1 : Operation 72 [1/1] (0.00ns)   --->   "%zext_ln342_1 = zext i14 %i_1" [new_fixedpoint2205/main.cpp:342]   --->   Operation 72 'zext' 'zext_ln342_1' <Predicate = true> <Delay = 0.00>
ST_1 : Operation 73 [1/1] (2.47ns)   --->   "%icmp_ln342 = icmp_eq  i32 %zext_ln342_1, i32 %N_read" [new_fixedpoint2205/main.cpp:342]   --->   Operation 73 'icmp' 'icmp_ln342' <Predicate = true> <Delay = 2.47> <CoreInst = "Cmp">   --->   Core 9 'Cmp' <Latency = 0> <II = 1> <Delay = 2.47> <FuncUnit> <Opcode : 'icmp'> <InPorts = 2> <OutPorts = 1>
ST_1 : Operation 74 [1/1] (1.81ns)   --->   "%add_ln342 = add i14 %i_1, i14 1" [new_fixedpoint2205/main.cpp:342]   --->   Operation 74 'add' 'add_ln342' <Predicate = true> <Delay = 1.81> <CoreInst = "Adder">   --->   Core 1 'Adder' <Latency = 0> <II = 1> <Delay = 2.55> <FuncUnit> <Opcode : 'add' 'sub'> <InPorts = 2> <OutPorts = 1>
ST_1 : Operation 75 [1/1] (0.00ns)   --->   "%br_ln342 = br i1 %icmp_ln342, void %.split16_ifconv, void %._crit_edge467.loopexit.exitStub" [new_fixedpoint2205/main.cpp:342]   --->   Operation 75 'br' 'br_ln342' <Predicate = true> <Delay = 0.00>
ST_1 : Operation 76 [1/1] (0.00ns)   --->   "%empty = read i94 @_ssdm_op_Read.axis.volatile.i64P0A.i8P0A.i8P0A.i2P0A.i1P0A.i5P0A.i6P0A, i64 %dataInStream_V_data_V, i8 %dataInStream_V_keep_V, i8 %dataInStream_V_strb_V, i2 %dataInStream_V_user_V, i1 %dataInStream_V_last_V, i5 %dataInStream_V_id_V, i6 %dataInStream_V_dest_V"   --->   Operation 76 'read' 'empty' <Predicate = (!icmp_ln342)> <Delay = 0.00> <CoreInst = "axis">   --->   Core 115 'axis' <Latency = 0> <II = 1> <Delay = 1.00> <Adapter> <Opcode : >
ST_1 : Operation 77 [1/1] (0.00ns)   --->   "%tmp_data_V = extractvalue i94 %empty"   --->   Operation 77 'extractvalue' 'tmp_data_V' <Predicate = (!icmp_ln342)> <Delay = 0.00>
ST_1 : Operation 78 [1/1] (0.00ns)   --->   "%tmp_keep_V = extractvalue i94 %empty"   --->   Operation 78 'extractvalue' 'tmp_keep_V' <Predicate = (!icmp_ln342)> <Delay = 0.00>
ST_1 : Operation 79 [1/1] (0.00ns)   --->   "%tmp_strb_V = extractvalue i94 %empty"   --->   Operation 79 'extractvalue' 'tmp_strb_V' <Predicate = (!icmp_ln342)> <Delay = 0.00>
ST_1 : Operation 80 [1/1] (0.00ns)   --->   "%tmp_user_V = extractvalue i94 %empty"   --->   Operation 80 'extractvalue' 'tmp_user_V' <Predicate = (!icmp_ln342)> <Delay = 0.00>
ST_1 : Operation 81 [1/1] (0.00ns)   --->   "%tmp_id_V = extractvalue i94 %empty"   --->   Operation 81 'extractvalue' 'tmp_id_V' <Predicate = (!icmp_ln342)> <Delay = 0.00>
ST_1 : Operation 82 [1/1] (0.00ns)   --->   "%tmp_dest_V = extractvalue i94 %empty"   --->   Operation 82 'extractvalue' 'tmp_dest_V' <Predicate = (!icmp_ln342)> <Delay = 0.00>
ST_1 : Operation 83 [1/1] (0.00ns)   --->   "%trunc_ln348 = trunc i64 %tmp_data_V" [new_fixedpoint2205/main.cpp:348]   --->   Operation 83 'trunc' 'trunc_ln348' <Predicate = (!icmp_ln342)> <Delay = 0.00>
ST_1 : Operation 84 [1/1] (0.00ns)   --->   "%trunc_ln1 = partselect i16 @_ssdm_op_PartSelect.i16.i64.i32.i32, i64 %tmp_data_V, i32 16, i32 31" [new_fixedpoint2205/main.cpp:349]   --->   Operation 84 'partselect' 'trunc_ln1' <Predicate = (!icmp_ln342)> <Delay = 0.00>
ST_1 : Operation 85 [1/1] (0.00ns)   --->   "%trunc_ln2 = partselect i16 @_ssdm_op_PartSelect.i16.i64.i32.i32, i64 %tmp_data_V, i32 32, i32 47" [new_fixedpoint2205/main.cpp:350]   --->   Operation 85 'partselect' 'trunc_ln2' <Predicate = (!icmp_ln342)> <Delay = 0.00>
ST_1 : Operation 86 [1/1] (0.00ns)   --->   "%empty_39 = trunc i8 %tmp_keep_V"   --->   Operation 86 'trunc' 'empty_39' <Predicate = (!icmp_ln342)> <Delay = 0.00>
ST_1 : Operation 87 [1/1] (0.00ns)   --->   "%empty_40 = trunc i8 %tmp_strb_V"   --->   Operation 87 'trunc' 'empty_40' <Predicate = (!icmp_ln342)> <Delay = 0.00>
ST_1 : Operation 88 [1/1] (1.58ns)   --->   "%store_ln342 = store i14 %add_ln342, i14 %i" [new_fixedpoint2205/main.cpp:342]   --->   Operation 88 'store' 'store_ln342' <Predicate = (!icmp_ln342)> <Delay = 1.58>
ST_1 : Operation 89 [1/1] (0.00ns)   --->   "%store_ln293 = store i4 %empty_39, i4 %output_stream_keep_V"   --->   Operation 89 'store' 'store_ln293' <Predicate = (!icmp_ln342)> <Delay = 0.00>
ST_1 : Operation 90 [1/1] (0.00ns)   --->   "%store_ln293 = store i4 %empty_40, i4 %output_stream_strb_V"   --->   Operation 90 'store' 'store_ln293' <Predicate = (!icmp_ln342)> <Delay = 0.00>
ST_1 : Operation 91 [1/1] (0.00ns)   --->   "%store_ln293 = store i2 %tmp_user_V, i2 %input_stream_user_V"   --->   Operation 91 'store' 'store_ln293' <Predicate = (!icmp_ln342)> <Delay = 0.00>
ST_1 : Operation 92 [1/1] (0.00ns)   --->   "%store_ln293 = store i5 %tmp_id_V, i5 %input_stream_id_V"   --->   Operation 92 'store' 'store_ln293' <Predicate = (!icmp_ln342)> <Delay = 0.00>
ST_1 : Operation 93 [1/1] (0.00ns)   --->   "%store_ln293 = store i6 %tmp_dest_V, i6 %input_stream_dest_V"   --->   Operation 93 'store' 'store_ln293' <Predicate = (!icmp_ln342)> <Delay = 0.00>

State 2 <SV = 1> <Delay = 3.52>
ST_2 : Operation 94 [1/1] (0.00ns)   --->   "%zext_ln342 = zext i14 %i_1" [new_fixedpoint2205/main.cpp:342]   --->   Operation 94 'zext' 'zext_ln342' <Predicate = true> <Delay = 0.00>
ST_2 : Operation 95 [1/1] (0.00ns)   --->   "%bitcast_ln348 = bitcast i16 %trunc_ln348" [new_fixedpoint2205/main.cpp:348]   --->   Operation 95 'bitcast' 'bitcast_ln348' <Predicate = true> <Delay = 0.00>
ST_2 : Operation 96 [2/2] (3.52ns)   --->   "%conv3 = hptosp i16 %bitcast_ln348" [new_fixedpoint2205/main.cpp:348]   --->   Operation 96 'hptosp' 'conv3' <Predicate = true> <Delay = 3.52> <CoreInst = "Half2Float">   --->   Core 68 'Half2Float' <Latency = 1> <II = 1> <Delay = 3.52> <FuncUnit> <Opcode : 'hptosp'> <InPorts = 1> <OutPorts = 1>
ST_2 : Operation 97 [1/1] (0.00ns)   --->   "%bitcast_ln349 = bitcast i16 %trunc_ln1" [new_fixedpoint2205/main.cpp:349]   --->   Operation 97 'bitcast' 'bitcast_ln349' <Predicate = true> <Delay = 0.00>
ST_2 : Operation 98 [2/2] (3.52ns)   --->   "%conv4 = hptosp i16 %bitcast_ln349" [new_fixedpoint2205/main.cpp:349]   --->   Operation 98 'hptosp' 'conv4' <Predicate = true> <Delay = 3.52> <CoreInst = "Half2Float">   --->   Core 68 'Half2Float' <Latency = 1> <II = 1> <Delay = 3.52> <FuncUnit> <Opcode : 'hptosp'> <InPorts = 1> <OutPorts = 1>
ST_2 : Operation 99 [1/1] (0.00ns)   --->   "%RRT_Star_Location_List_addr = getelementptr i16 %RRT_Star_Location_List, i64 0, i64 %zext_ln342" [new_fixedpoint2205/main.cpp:350]   --->   Operation 99 'getelementptr' 'RRT_Star_Location_List_addr' <Predicate = true> <Delay = 0.00>
ST_2 : Operation 100 [1/1] (3.25ns)   --->   "%store_ln350 = store i16 %trunc_ln2, i14 %RRT_Star_Location_List_addr" [new_fixedpoint2205/main.cpp:350]   --->   Operation 100 'store' 'store_ln350' <Predicate = true> <Delay = 3.25> <CoreInst = "RAM">   --->   Core 82 'RAM' <Latency = 1> <II = 1> <Delay = 3.25> <Storage> <Opcode : 'load' 'store'> <Ports = 2> <Width = 16> <Depth = 10000> <RAM>
ST_2 : Operation 101 [1/1] (2.20ns)   --->   "%icmp_ln355 = icmp_eq  i14 %i_1, i14 0" [new_fixedpoint2205/main.cpp:355]   --->   Operation 101 'icmp' 'icmp_ln355' <Predicate = true> <Delay = 2.20> <CoreInst = "Cmp">   --->   Core 9 'Cmp' <Latency = 0> <II = 1> <Delay = 2.47> <FuncUnit> <Opcode : 'icmp'> <InPorts = 2> <OutPorts = 1>

State 3 <SV = 2> <Delay = 3.52>
ST_3 : Operation 102 [1/2] (3.52ns)   --->   "%conv3 = hptosp i16 %bitcast_ln348" [new_fixedpoint2205/main.cpp:348]   --->   Operation 102 'hptosp' 'conv3' <Predicate = true> <Delay = 3.52> <CoreInst = "Half2Float">   --->   Core 68 'Half2Float' <Latency = 1> <II = 1> <Delay = 3.52> <FuncUnit> <Opcode : 'hptosp'> <InPorts = 1> <OutPorts = 1>
ST_3 : Operation 103 [1/2] (3.52ns)   --->   "%conv4 = hptosp i16 %bitcast_ln349" [new_fixedpoint2205/main.cpp:349]   --->   Operation 103 'hptosp' 'conv4' <Predicate = true> <Delay = 3.52> <CoreInst = "Half2Float">   --->   Core 68 'Half2Float' <Latency = 1> <II = 1> <Delay = 3.52> <FuncUnit> <Opcode : 'hptosp'> <InPorts = 1> <OutPorts = 1>

State 4 <SV = 3> <Delay = 4.52>
ST_4 : Operation 104 [23/23] (4.52ns)   --->   "%B_x = call i32 @FloatToFixed<16ul>, i32 %conv3" [new_fixedpoint2205/main.cpp:348]   --->   Operation 104 'call' 'B_x' <Predicate = true> <Delay = 4.52> <CoreType = "Generic">   --->   Core 0 '' <Latency = 0> <II = 1> <Delay = 1.00> <Generic> <Opcode : >
ST_4 : Operation 105 [23/23] (4.52ns)   --->   "%B_y = call i32 @FloatToFixed<16ul>, i32 %conv4" [new_fixedpoint2205/main.cpp:349]   --->   Operation 105 'call' 'B_y' <Predicate = true> <Delay = 4.52> <CoreType = "Generic">   --->   Core 0 '' <Latency = 0> <II = 1> <Delay = 1.00> <Generic> <Opcode : >

State 5 <SV = 4> <Delay = 4.82>
ST_5 : Operation 106 [22/23] (4.82ns)   --->   "%B_x = call i32 @FloatToFixed<16ul>, i32 %conv3" [new_fixedpoint2205/main.cpp:348]   --->   Operation 106 'call' 'B_x' <Predicate = true> <Delay = 4.82> <CoreType = "Generic">   --->   Core 0 '' <Latency = 0> <II = 1> <Delay = 1.00> <Generic> <Opcode : >
ST_5 : Operation 107 [22/23] (4.82ns)   --->   "%B_y = call i32 @FloatToFixed<16ul>, i32 %conv4" [new_fixedpoint2205/main.cpp:349]   --->   Operation 107 'call' 'B_y' <Predicate = true> <Delay = 4.82> <CoreType = "Generic">   --->   Core 0 '' <Latency = 0> <II = 1> <Delay = 1.00> <Generic> <Opcode : >

State 6 <SV = 5> <Delay = 4.82>
ST_6 : Operation 108 [21/23] (4.82ns)   --->   "%B_x = call i32 @FloatToFixed<16ul>, i32 %conv3" [new_fixedpoint2205/main.cpp:348]   --->   Operation 108 'call' 'B_x' <Predicate = true> <Delay = 4.82> <CoreType = "Generic">   --->   Core 0 '' <Latency = 0> <II = 1> <Delay = 1.00> <Generic> <Opcode : >
ST_6 : Operation 109 [21/23] (4.82ns)   --->   "%B_y = call i32 @FloatToFixed<16ul>, i32 %conv4" [new_fixedpoint2205/main.cpp:349]   --->   Operation 109 'call' 'B_y' <Predicate = true> <Delay = 4.82> <CoreType = "Generic">   --->   Core 0 '' <Latency = 0> <II = 1> <Delay = 1.00> <Generic> <Opcode : >

State 7 <SV = 6> <Delay = 4.82>
ST_7 : Operation 110 [20/23] (4.82ns)   --->   "%B_x = call i32 @FloatToFixed<16ul>, i32 %conv3" [new_fixedpoint2205/main.cpp:348]   --->   Operation 110 'call' 'B_x' <Predicate = true> <Delay = 4.82> <CoreType = "Generic">   --->   Core 0 '' <Latency = 0> <II = 1> <Delay = 1.00> <Generic> <Opcode : >
ST_7 : Operation 111 [20/23] (4.82ns)   --->   "%B_y = call i32 @FloatToFixed<16ul>, i32 %conv4" [new_fixedpoint2205/main.cpp:349]   --->   Operation 111 'call' 'B_y' <Predicate = true> <Delay = 4.82> <CoreType = "Generic">   --->   Core 0 '' <Latency = 0> <II = 1> <Delay = 1.00> <Generic> <Opcode : >

State 8 <SV = 7> <Delay = 4.82>
ST_8 : Operation 112 [19/23] (4.82ns)   --->   "%B_x = call i32 @FloatToFixed<16ul>, i32 %conv3" [new_fixedpoint2205/main.cpp:348]   --->   Operation 112 'call' 'B_x' <Predicate = true> <Delay = 4.82> <CoreType = "Generic">   --->   Core 0 '' <Latency = 0> <II = 1> <Delay = 1.00> <Generic> <Opcode : >
ST_8 : Operation 113 [19/23] (4.82ns)   --->   "%B_y = call i32 @FloatToFixed<16ul>, i32 %conv4" [new_fixedpoint2205/main.cpp:349]   --->   Operation 113 'call' 'B_y' <Predicate = true> <Delay = 4.82> <CoreType = "Generic">   --->   Core 0 '' <Latency = 0> <II = 1> <Delay = 1.00> <Generic> <Opcode : >

State 9 <SV = 8> <Delay = 4.82>
ST_9 : Operation 114 [18/23] (4.82ns)   --->   "%B_x = call i32 @FloatToFixed<16ul>, i32 %conv3" [new_fixedpoint2205/main.cpp:348]   --->   Operation 114 'call' 'B_x' <Predicate = true> <Delay = 4.82> <CoreType = "Generic">   --->   Core 0 '' <Latency = 0> <II = 1> <Delay = 1.00> <Generic> <Opcode : >
ST_9 : Operation 115 [18/23] (4.82ns)   --->   "%B_y = call i32 @FloatToFixed<16ul>, i32 %conv4" [new_fixedpoint2205/main.cpp:349]   --->   Operation 115 'call' 'B_y' <Predicate = true> <Delay = 4.82> <CoreType = "Generic">   --->   Core 0 '' <Latency = 0> <II = 1> <Delay = 1.00> <Generic> <Opcode : >

State 10 <SV = 9> <Delay = 4.82>
ST_10 : Operation 116 [17/23] (4.82ns)   --->   "%B_x = call i32 @FloatToFixed<16ul>, i32 %conv3" [new_fixedpoint2205/main.cpp:348]   --->   Operation 116 'call' 'B_x' <Predicate = true> <Delay = 4.82> <CoreType = "Generic">   --->   Core 0 '' <Latency = 0> <II = 1> <Delay = 1.00> <Generic> <Opcode : >
ST_10 : Operation 117 [17/23] (4.82ns)   --->   "%B_y = call i32 @FloatToFixed<16ul>, i32 %conv4" [new_fixedpoint2205/main.cpp:349]   --->   Operation 117 'call' 'B_y' <Predicate = true> <Delay = 4.82> <CoreType = "Generic">   --->   Core 0 '' <Latency = 0> <II = 1> <Delay = 1.00> <Generic> <Opcode : >

State 11 <SV = 10> <Delay = 4.82>
ST_11 : Operation 118 [16/23] (4.82ns)   --->   "%B_x = call i32 @FloatToFixed<16ul>, i32 %conv3" [new_fixedpoint2205/main.cpp:348]   --->   Operation 118 'call' 'B_x' <Predicate = true> <Delay = 4.82> <CoreType = "Generic">   --->   Core 0 '' <Latency = 0> <II = 1> <Delay = 1.00> <Generic> <Opcode : >
ST_11 : Operation 119 [16/23] (4.82ns)   --->   "%B_y = call i32 @FloatToFixed<16ul>, i32 %conv4" [new_fixedpoint2205/main.cpp:349]   --->   Operation 119 'call' 'B_y' <Predicate = true> <Delay = 4.82> <CoreType = "Generic">   --->   Core 0 '' <Latency = 0> <II = 1> <Delay = 1.00> <Generic> <Opcode : >

State 12 <SV = 11> <Delay = 4.82>
ST_12 : Operation 120 [15/23] (4.82ns)   --->   "%B_x = call i32 @FloatToFixed<16ul>, i32 %conv3" [new_fixedpoint2205/main.cpp:348]   --->   Operation 120 'call' 'B_x' <Predicate = true> <Delay = 4.82> <CoreType = "Generic">   --->   Core 0 '' <Latency = 0> <II = 1> <Delay = 1.00> <Generic> <Opcode : >
ST_12 : Operation 121 [15/23] (4.82ns)   --->   "%B_y = call i32 @FloatToFixed<16ul>, i32 %conv4" [new_fixedpoint2205/main.cpp:349]   --->   Operation 121 'call' 'B_y' <Predicate = true> <Delay = 4.82> <CoreType = "Generic">   --->   Core 0 '' <Latency = 0> <II = 1> <Delay = 1.00> <Generic> <Opcode : >

State 13 <SV = 12> <Delay = 4.82>
ST_13 : Operation 122 [14/23] (4.82ns)   --->   "%B_x = call i32 @FloatToFixed<16ul>, i32 %conv3" [new_fixedpoint2205/main.cpp:348]   --->   Operation 122 'call' 'B_x' <Predicate = true> <Delay = 4.82> <CoreType = "Generic">   --->   Core 0 '' <Latency = 0> <II = 1> <Delay = 1.00> <Generic> <Opcode : >
ST_13 : Operation 123 [14/23] (4.82ns)   --->   "%B_y = call i32 @FloatToFixed<16ul>, i32 %conv4" [new_fixedpoint2205/main.cpp:349]   --->   Operation 123 'call' 'B_y' <Predicate = true> <Delay = 4.82> <CoreType = "Generic">   --->   Core 0 '' <Latency = 0> <II = 1> <Delay = 1.00> <Generic> <Opcode : >

State 14 <SV = 13> <Delay = 4.82>
ST_14 : Operation 124 [13/23] (4.82ns)   --->   "%B_x = call i32 @FloatToFixed<16ul>, i32 %conv3" [new_fixedpoint2205/main.cpp:348]   --->   Operation 124 'call' 'B_x' <Predicate = true> <Delay = 4.82> <CoreType = "Generic">   --->   Core 0 '' <Latency = 0> <II = 1> <Delay = 1.00> <Generic> <Opcode : >
ST_14 : Operation 125 [13/23] (4.82ns)   --->   "%B_y = call i32 @FloatToFixed<16ul>, i32 %conv4" [new_fixedpoint2205/main.cpp:349]   --->   Operation 125 'call' 'B_y' <Predicate = true> <Delay = 4.82> <CoreType = "Generic">   --->   Core 0 '' <Latency = 0> <II = 1> <Delay = 1.00> <Generic> <Opcode : >

State 15 <SV = 14> <Delay = 4.82>
ST_15 : Operation 126 [12/23] (4.82ns)   --->   "%B_x = call i32 @FloatToFixed<16ul>, i32 %conv3" [new_fixedpoint2205/main.cpp:348]   --->   Operation 126 'call' 'B_x' <Predicate = true> <Delay = 4.82> <CoreType = "Generic">   --->   Core 0 '' <Latency = 0> <II = 1> <Delay = 1.00> <Generic> <Opcode : >
ST_15 : Operation 127 [12/23] (4.82ns)   --->   "%B_y = call i32 @FloatToFixed<16ul>, i32 %conv4" [new_fixedpoint2205/main.cpp:349]   --->   Operation 127 'call' 'B_y' <Predicate = true> <Delay = 4.82> <CoreType = "Generic">   --->   Core 0 '' <Latency = 0> <II = 1> <Delay = 1.00> <Generic> <Opcode : >

State 16 <SV = 15> <Delay = 4.82>
ST_16 : Operation 128 [11/23] (4.82ns)   --->   "%B_x = call i32 @FloatToFixed<16ul>, i32 %conv3" [new_fixedpoint2205/main.cpp:348]   --->   Operation 128 'call' 'B_x' <Predicate = true> <Delay = 4.82> <CoreType = "Generic">   --->   Core 0 '' <Latency = 0> <II = 1> <Delay = 1.00> <Generic> <Opcode : >
ST_16 : Operation 129 [11/23] (4.82ns)   --->   "%B_y = call i32 @FloatToFixed<16ul>, i32 %conv4" [new_fixedpoint2205/main.cpp:349]   --->   Operation 129 'call' 'B_y' <Predicate = true> <Delay = 4.82> <CoreType = "Generic">   --->   Core 0 '' <Latency = 0> <II = 1> <Delay = 1.00> <Generic> <Opcode : >

State 17 <SV = 16> <Delay = 4.82>
ST_17 : Operation 130 [10/23] (4.82ns)   --->   "%B_x = call i32 @FloatToFixed<16ul>, i32 %conv3" [new_fixedpoint2205/main.cpp:348]   --->   Operation 130 'call' 'B_x' <Predicate = true> <Delay = 4.82> <CoreType = "Generic">   --->   Core 0 '' <Latency = 0> <II = 1> <Delay = 1.00> <Generic> <Opcode : >
ST_17 : Operation 131 [10/23] (4.82ns)   --->   "%B_y = call i32 @FloatToFixed<16ul>, i32 %conv4" [new_fixedpoint2205/main.cpp:349]   --->   Operation 131 'call' 'B_y' <Predicate = true> <Delay = 4.82> <CoreType = "Generic">   --->   Core 0 '' <Latency = 0> <II = 1> <Delay = 1.00> <Generic> <Opcode : >

State 18 <SV = 17> <Delay = 4.82>
ST_18 : Operation 132 [9/23] (4.82ns)   --->   "%B_x = call i32 @FloatToFixed<16ul>, i32 %conv3" [new_fixedpoint2205/main.cpp:348]   --->   Operation 132 'call' 'B_x' <Predicate = true> <Delay = 4.82> <CoreType = "Generic">   --->   Core 0 '' <Latency = 0> <II = 1> <Delay = 1.00> <Generic> <Opcode : >
ST_18 : Operation 133 [9/23] (4.82ns)   --->   "%B_y = call i32 @FloatToFixed<16ul>, i32 %conv4" [new_fixedpoint2205/main.cpp:349]   --->   Operation 133 'call' 'B_y' <Predicate = true> <Delay = 4.82> <CoreType = "Generic">   --->   Core 0 '' <Latency = 0> <II = 1> <Delay = 1.00> <Generic> <Opcode : >

State 19 <SV = 18> <Delay = 4.82>
ST_19 : Operation 134 [8/23] (4.82ns)   --->   "%B_x = call i32 @FloatToFixed<16ul>, i32 %conv3" [new_fixedpoint2205/main.cpp:348]   --->   Operation 134 'call' 'B_x' <Predicate = true> <Delay = 4.82> <CoreType = "Generic">   --->   Core 0 '' <Latency = 0> <II = 1> <Delay = 1.00> <Generic> <Opcode : >
ST_19 : Operation 135 [8/23] (4.82ns)   --->   "%B_y = call i32 @FloatToFixed<16ul>, i32 %conv4" [new_fixedpoint2205/main.cpp:349]   --->   Operation 135 'call' 'B_y' <Predicate = true> <Delay = 4.82> <CoreType = "Generic">   --->   Core 0 '' <Latency = 0> <II = 1> <Delay = 1.00> <Generic> <Opcode : >

State 20 <SV = 19> <Delay = 4.82>
ST_20 : Operation 136 [7/23] (4.82ns)   --->   "%B_x = call i32 @FloatToFixed<16ul>, i32 %conv3" [new_fixedpoint2205/main.cpp:348]   --->   Operation 136 'call' 'B_x' <Predicate = true> <Delay = 4.82> <CoreType = "Generic">   --->   Core 0 '' <Latency = 0> <II = 1> <Delay = 1.00> <Generic> <Opcode : >
ST_20 : Operation 137 [7/23] (4.82ns)   --->   "%B_y = call i32 @FloatToFixed<16ul>, i32 %conv4" [new_fixedpoint2205/main.cpp:349]   --->   Operation 137 'call' 'B_y' <Predicate = true> <Delay = 4.82> <CoreType = "Generic">   --->   Core 0 '' <Latency = 0> <II = 1> <Delay = 1.00> <Generic> <Opcode : >

State 21 <SV = 20> <Delay = 4.82>
ST_21 : Operation 138 [6/23] (4.82ns)   --->   "%B_x = call i32 @FloatToFixed<16ul>, i32 %conv3" [new_fixedpoint2205/main.cpp:348]   --->   Operation 138 'call' 'B_x' <Predicate = true> <Delay = 4.82> <CoreType = "Generic">   --->   Core 0 '' <Latency = 0> <II = 1> <Delay = 1.00> <Generic> <Opcode : >
ST_21 : Operation 139 [6/23] (4.82ns)   --->   "%B_y = call i32 @FloatToFixed<16ul>, i32 %conv4" [new_fixedpoint2205/main.cpp:349]   --->   Operation 139 'call' 'B_y' <Predicate = true> <Delay = 4.82> <CoreType = "Generic">   --->   Core 0 '' <Latency = 0> <II = 1> <Delay = 1.00> <Generic> <Opcode : >

State 22 <SV = 21> <Delay = 4.82>
ST_22 : Operation 140 [5/23] (4.82ns)   --->   "%B_x = call i32 @FloatToFixed<16ul>, i32 %conv3" [new_fixedpoint2205/main.cpp:348]   --->   Operation 140 'call' 'B_x' <Predicate = true> <Delay = 4.82> <CoreType = "Generic">   --->   Core 0 '' <Latency = 0> <II = 1> <Delay = 1.00> <Generic> <Opcode : >
ST_22 : Operation 141 [5/23] (4.82ns)   --->   "%B_y = call i32 @FloatToFixed<16ul>, i32 %conv4" [new_fixedpoint2205/main.cpp:349]   --->   Operation 141 'call' 'B_y' <Predicate = true> <Delay = 4.82> <CoreType = "Generic">   --->   Core 0 '' <Latency = 0> <II = 1> <Delay = 1.00> <Generic> <Opcode : >

State 23 <SV = 22> <Delay = 4.82>
ST_23 : Operation 142 [4/23] (4.82ns)   --->   "%B_x = call i32 @FloatToFixed<16ul>, i32 %conv3" [new_fixedpoint2205/main.cpp:348]   --->   Operation 142 'call' 'B_x' <Predicate = true> <Delay = 4.82> <CoreType = "Generic">   --->   Core 0 '' <Latency = 0> <II = 1> <Delay = 1.00> <Generic> <Opcode : >
ST_23 : Operation 143 [4/23] (4.82ns)   --->   "%B_y = call i32 @FloatToFixed<16ul>, i32 %conv4" [new_fixedpoint2205/main.cpp:349]   --->   Operation 143 'call' 'B_y' <Predicate = true> <Delay = 4.82> <CoreType = "Generic">   --->   Core 0 '' <Latency = 0> <II = 1> <Delay = 1.00> <Generic> <Opcode : >

State 24 <SV = 23> <Delay = 4.82>
ST_24 : Operation 144 [3/23] (4.82ns)   --->   "%B_x = call i32 @FloatToFixed<16ul>, i32 %conv3" [new_fixedpoint2205/main.cpp:348]   --->   Operation 144 'call' 'B_x' <Predicate = true> <Delay = 4.82> <CoreType = "Generic">   --->   Core 0 '' <Latency = 0> <II = 1> <Delay = 1.00> <Generic> <Opcode : >
ST_24 : Operation 145 [3/23] (4.82ns)   --->   "%B_y = call i32 @FloatToFixed<16ul>, i32 %conv4" [new_fixedpoint2205/main.cpp:349]   --->   Operation 145 'call' 'B_y' <Predicate = true> <Delay = 4.82> <CoreType = "Generic">   --->   Core 0 '' <Latency = 0> <II = 1> <Delay = 1.00> <Generic> <Opcode : >

State 25 <SV = 24> <Delay = 4.82>
ST_25 : Operation 146 [2/23] (4.82ns)   --->   "%B_x = call i32 @FloatToFixed<16ul>, i32 %conv3" [new_fixedpoint2205/main.cpp:348]   --->   Operation 146 'call' 'B_x' <Predicate = true> <Delay = 4.82> <CoreType = "Generic">   --->   Core 0 '' <Latency = 0> <II = 1> <Delay = 1.00> <Generic> <Opcode : >
ST_25 : Operation 147 [2/23] (4.82ns)   --->   "%B_y = call i32 @FloatToFixed<16ul>, i32 %conv4" [new_fixedpoint2205/main.cpp:349]   --->   Operation 147 'call' 'B_y' <Predicate = true> <Delay = 4.82> <CoreType = "Generic">   --->   Core 0 '' <Latency = 0> <II = 1> <Delay = 1.00> <Generic> <Opcode : >

State 26 <SV = 25> <Delay = 3.25>
ST_26 : Operation 148 [1/23] (3.25ns)   --->   "%B_x = call i32 @FloatToFixed<16ul>, i32 %conv3" [new_fixedpoint2205/main.cpp:348]   --->   Operation 148 'call' 'B_x' <Predicate = true> <Delay = 3.25> <CoreType = "Generic">   --->   Core 0 '' <Latency = 0> <II = 1> <Delay = 1.00> <Generic> <Opcode : >
ST_26 : Operation 149 [1/23] (3.25ns)   --->   "%B_y = call i32 @FloatToFixed<16ul>, i32 %conv4" [new_fixedpoint2205/main.cpp:349]   --->   Operation 149 'call' 'B_y' <Predicate = true> <Delay = 3.25> <CoreType = "Generic">   --->   Core 0 '' <Latency = 0> <II = 1> <Delay = 1.00> <Generic> <Opcode : >

State 27 <SV = 26> <Delay = 6.31>
ST_27 : Operation 150 [1/1] (0.00ns)   --->   "%RRT_Star_Position_x_addr = getelementptr i32 %RRT_Star_Position_x, i64 0, i64 %zext_ln342" [new_fixedpoint2205/main.cpp:348]   --->   Operation 150 'getelementptr' 'RRT_Star_Position_x_addr' <Predicate = true> <Delay = 0.00>
ST_27 : Operation 151 [1/1] (3.25ns)   --->   "%store_ln348 = store i32 %B_x, i14 %RRT_Star_Position_x_addr" [new_fixedpoint2205/main.cpp:348]   --->   Operation 151 'store' 'store_ln348' <Predicate = true> <Delay = 3.25> <CoreInst = "RAM">   --->   Core 82 'RAM' <Latency = 1> <II = 1> <Delay = 3.25> <Storage> <Opcode : 'load' 'store'> <Ports = 2> <Width = 32> <Depth = 10000> <RAM>
ST_27 : Operation 152 [1/1] (0.00ns)   --->   "%RRT_Star_Position_y_addr = getelementptr i32 %RRT_Star_Position_y, i64 0, i64 %zext_ln342" [new_fixedpoint2205/main.cpp:349]   --->   Operation 152 'getelementptr' 'RRT_Star_Position_y_addr' <Predicate = true> <Delay = 0.00>
ST_27 : Operation 153 [1/1] (3.25ns)   --->   "%store_ln349 = store i32 %B_y, i14 %RRT_Star_Position_y_addr" [new_fixedpoint2205/main.cpp:349]   --->   Operation 153 'store' 'store_ln349' <Predicate = true> <Delay = 3.25> <CoreInst = "RAM">   --->   Core 82 'RAM' <Latency = 1> <II = 1> <Delay = 3.25> <Storage> <Opcode : 'load' 'store'> <Ports = 2> <Width = 32> <Depth = 10000> <RAM>
ST_27 : Operation 154 [7/7] (6.31ns)   --->   "%conv_i_i_i = sitofp i32 %B_x" [new_fixedpoint2205/Aux_Lib_hw.hpp:27]   --->   Operation 154 'sitofp' 'conv_i_i_i' <Predicate = true> <Delay = 6.31> <CoreInst = "Int2Float">   --->   Core 62 'Int2Float' <Latency = 6> <II = 1> <Delay = 6.31> <FuncUnit> <Opcode : 'sitofp' 'uitofp'> <InPorts = 1> <OutPorts = 1>
ST_27 : Operation 155 [7/7] (6.31ns)   --->   "%conv_i2_i_i = sitofp i32 %B_y" [new_fixedpoint2205/Aux_Lib_hw.hpp:31]   --->   Operation 155 'sitofp' 'conv_i2_i_i' <Predicate = true> <Delay = 6.31> <CoreInst = "Int2Float">   --->   Core 62 'Int2Float' <Latency = 6> <II = 1> <Delay = 6.31> <FuncUnit> <Opcode : 'sitofp' 'uitofp'> <InPorts = 1> <OutPorts = 1>

State 28 <SV = 27> <Delay = 6.31>
ST_28 : Operation 156 [6/7] (6.31ns)   --->   "%conv_i_i_i = sitofp i32 %B_x" [new_fixedpoint2205/Aux_Lib_hw.hpp:27]   --->   Operation 156 'sitofp' 'conv_i_i_i' <Predicate = true> <Delay = 6.31> <CoreInst = "Int2Float">   --->   Core 62 'Int2Float' <Latency = 6> <II = 1> <Delay = 6.31> <FuncUnit> <Opcode : 'sitofp' 'uitofp'> <InPorts = 1> <OutPorts = 1>
ST_28 : Operation 157 [6/7] (6.31ns)   --->   "%conv_i2_i_i = sitofp i32 %B_y" [new_fixedpoint2205/Aux_Lib_hw.hpp:31]   --->   Operation 157 'sitofp' 'conv_i2_i_i' <Predicate = true> <Delay = 6.31> <CoreInst = "Int2Float">   --->   Core 62 'Int2Float' <Latency = 6> <II = 1> <Delay = 6.31> <FuncUnit> <Opcode : 'sitofp' 'uitofp'> <InPorts = 1> <OutPorts = 1>

State 29 <SV = 28> <Delay = 6.31>
ST_29 : Operation 158 [5/7] (6.31ns)   --->   "%conv_i_i_i = sitofp i32 %B_x" [new_fixedpoint2205/Aux_Lib_hw.hpp:27]   --->   Operation 158 'sitofp' 'conv_i_i_i' <Predicate = true> <Delay = 6.31> <CoreInst = "Int2Float">   --->   Core 62 'Int2Float' <Latency = 6> <II = 1> <Delay = 6.31> <FuncUnit> <Opcode : 'sitofp' 'uitofp'> <InPorts = 1> <OutPorts = 1>
ST_29 : Operation 159 [5/7] (6.31ns)   --->   "%conv_i2_i_i = sitofp i32 %B_y" [new_fixedpoint2205/Aux_Lib_hw.hpp:31]   --->   Operation 159 'sitofp' 'conv_i2_i_i' <Predicate = true> <Delay = 6.31> <CoreInst = "Int2Float">   --->   Core 62 'Int2Float' <Latency = 6> <II = 1> <Delay = 6.31> <FuncUnit> <Opcode : 'sitofp' 'uitofp'> <InPorts = 1> <OutPorts = 1>

State 30 <SV = 29> <Delay = 6.31>
ST_30 : Operation 160 [4/7] (6.31ns)   --->   "%conv_i_i_i = sitofp i32 %B_x" [new_fixedpoint2205/Aux_Lib_hw.hpp:27]   --->   Operation 160 'sitofp' 'conv_i_i_i' <Predicate = true> <Delay = 6.31> <CoreInst = "Int2Float">   --->   Core 62 'Int2Float' <Latency = 6> <II = 1> <Delay = 6.31> <FuncUnit> <Opcode : 'sitofp' 'uitofp'> <InPorts = 1> <OutPorts = 1>
ST_30 : Operation 161 [4/7] (6.31ns)   --->   "%conv_i2_i_i = sitofp i32 %B_y" [new_fixedpoint2205/Aux_Lib_hw.hpp:31]   --->   Operation 161 'sitofp' 'conv_i2_i_i' <Predicate = true> <Delay = 6.31> <CoreInst = "Int2Float">   --->   Core 62 'Int2Float' <Latency = 6> <II = 1> <Delay = 6.31> <FuncUnit> <Opcode : 'sitofp' 'uitofp'> <InPorts = 1> <OutPorts = 1>

State 31 <SV = 30> <Delay = 6.31>
ST_31 : Operation 162 [3/7] (6.31ns)   --->   "%conv_i_i_i = sitofp i32 %B_x" [new_fixedpoint2205/Aux_Lib_hw.hpp:27]   --->   Operation 162 'sitofp' 'conv_i_i_i' <Predicate = true> <Delay = 6.31> <CoreInst = "Int2Float">   --->   Core 62 'Int2Float' <Latency = 6> <II = 1> <Delay = 6.31> <FuncUnit> <Opcode : 'sitofp' 'uitofp'> <InPorts = 1> <OutPorts = 1>
ST_31 : Operation 163 [3/7] (6.31ns)   --->   "%conv_i2_i_i = sitofp i32 %B_y" [new_fixedpoint2205/Aux_Lib_hw.hpp:31]   --->   Operation 163 'sitofp' 'conv_i2_i_i' <Predicate = true> <Delay = 6.31> <CoreInst = "Int2Float">   --->   Core 62 'Int2Float' <Latency = 6> <II = 1> <Delay = 6.31> <FuncUnit> <Opcode : 'sitofp' 'uitofp'> <InPorts = 1> <OutPorts = 1>

State 32 <SV = 31> <Delay = 6.31>
ST_32 : Operation 164 [2/7] (6.31ns)   --->   "%conv_i_i_i = sitofp i32 %B_x" [new_fixedpoint2205/Aux_Lib_hw.hpp:27]   --->   Operation 164 'sitofp' 'conv_i_i_i' <Predicate = true> <Delay = 6.31> <CoreInst = "Int2Float">   --->   Core 62 'Int2Float' <Latency = 6> <II = 1> <Delay = 6.31> <FuncUnit> <Opcode : 'sitofp' 'uitofp'> <InPorts = 1> <OutPorts = 1>
ST_32 : Operation 165 [2/7] (6.31ns)   --->   "%conv_i2_i_i = sitofp i32 %B_y" [new_fixedpoint2205/Aux_Lib_hw.hpp:31]   --->   Operation 165 'sitofp' 'conv_i2_i_i' <Predicate = true> <Delay = 6.31> <CoreInst = "Int2Float">   --->   Core 62 'Int2Float' <Latency = 6> <II = 1> <Delay = 6.31> <FuncUnit> <Opcode : 'sitofp' 'uitofp'> <InPorts = 1> <OutPorts = 1>

State 33 <SV = 32> <Delay = 6.31>
ST_33 : Operation 166 [1/7] (6.31ns)   --->   "%conv_i_i_i = sitofp i32 %B_x" [new_fixedpoint2205/Aux_Lib_hw.hpp:27]   --->   Operation 166 'sitofp' 'conv_i_i_i' <Predicate = true> <Delay = 6.31> <CoreInst = "Int2Float">   --->   Core 62 'Int2Float' <Latency = 6> <II = 1> <Delay = 6.31> <FuncUnit> <Opcode : 'sitofp' 'uitofp'> <InPorts = 1> <OutPorts = 1>
ST_33 : Operation 167 [1/7] (6.31ns)   --->   "%conv_i2_i_i = sitofp i32 %B_y" [new_fixedpoint2205/Aux_Lib_hw.hpp:31]   --->   Operation 167 'sitofp' 'conv_i2_i_i' <Predicate = true> <Delay = 6.31> <CoreInst = "Int2Float">   --->   Core 62 'Int2Float' <Latency = 6> <II = 1> <Delay = 6.31> <FuncUnit> <Opcode : 'sitofp' 'uitofp'> <InPorts = 1> <OutPorts = 1>

State 34 <SV = 33> <Delay = 4.34>
ST_34 : Operation 168 [9/9] (4.34ns)   --->   "%dc = fsub i32 %conv_i_i_read, i32 %conv_i_i_i" [new_fixedpoint2205/Aux_Lib_hw.hpp:35]   --->   Operation 168 'fsub' 'dc' <Predicate = true> <Delay = 4.34> <CoreInst = "FAddSub_fulldsp">   --->   Core 18 'FAddSub_fulldsp' <Latency = 8> <II = 1> <Delay = 4.34> <FuncUnit> <Opcode : 'fadd' 'fsub'> <InPorts = 2> <OutPorts = 1>
ST_34 : Operation 169 [9/9] (4.34ns)   --->   "%dc_1 = fsub i32 %conv9_i_i_read, i32 %conv_i2_i_i" [new_fixedpoint2205/Aux_Lib_hw.hpp:35]   --->   Operation 169 'fsub' 'dc_1' <Predicate = true> <Delay = 4.34> <CoreInst = "FAddSub_fulldsp">   --->   Core 18 'FAddSub_fulldsp' <Latency = 8> <II = 1> <Delay = 4.34> <FuncUnit> <Opcode : 'fadd' 'fsub'> <InPorts = 2> <OutPorts = 1>

State 35 <SV = 34> <Delay = 4.34>
ST_35 : Operation 170 [8/9] (4.34ns)   --->   "%dc = fsub i32 %conv_i_i_read, i32 %conv_i_i_i" [new_fixedpoint2205/Aux_Lib_hw.hpp:35]   --->   Operation 170 'fsub' 'dc' <Predicate = true> <Delay = 4.34> <CoreInst = "FAddSub_fulldsp">   --->   Core 18 'FAddSub_fulldsp' <Latency = 8> <II = 1> <Delay = 4.34> <FuncUnit> <Opcode : 'fadd' 'fsub'> <InPorts = 2> <OutPorts = 1>
ST_35 : Operation 171 [8/9] (4.34ns)   --->   "%dc_1 = fsub i32 %conv9_i_i_read, i32 %conv_i2_i_i" [new_fixedpoint2205/Aux_Lib_hw.hpp:35]   --->   Operation 171 'fsub' 'dc_1' <Predicate = true> <Delay = 4.34> <CoreInst = "FAddSub_fulldsp">   --->   Core 18 'FAddSub_fulldsp' <Latency = 8> <II = 1> <Delay = 4.34> <FuncUnit> <Opcode : 'fadd' 'fsub'> <InPorts = 2> <OutPorts = 1>

State 36 <SV = 35> <Delay = 4.34>
ST_36 : Operation 172 [7/9] (4.34ns)   --->   "%dc = fsub i32 %conv_i_i_read, i32 %conv_i_i_i" [new_fixedpoint2205/Aux_Lib_hw.hpp:35]   --->   Operation 172 'fsub' 'dc' <Predicate = true> <Delay = 4.34> <CoreInst = "FAddSub_fulldsp">   --->   Core 18 'FAddSub_fulldsp' <Latency = 8> <II = 1> <Delay = 4.34> <FuncUnit> <Opcode : 'fadd' 'fsub'> <InPorts = 2> <OutPorts = 1>
ST_36 : Operation 173 [7/9] (4.34ns)   --->   "%dc_1 = fsub i32 %conv9_i_i_read, i32 %conv_i2_i_i" [new_fixedpoint2205/Aux_Lib_hw.hpp:35]   --->   Operation 173 'fsub' 'dc_1' <Predicate = true> <Delay = 4.34> <CoreInst = "FAddSub_fulldsp">   --->   Core 18 'FAddSub_fulldsp' <Latency = 8> <II = 1> <Delay = 4.34> <FuncUnit> <Opcode : 'fadd' 'fsub'> <InPorts = 2> <OutPorts = 1>

State 37 <SV = 36> <Delay = 4.34>
ST_37 : Operation 174 [6/9] (4.34ns)   --->   "%dc = fsub i32 %conv_i_i_read, i32 %conv_i_i_i" [new_fixedpoint2205/Aux_Lib_hw.hpp:35]   --->   Operation 174 'fsub' 'dc' <Predicate = true> <Delay = 4.34> <CoreInst = "FAddSub_fulldsp">   --->   Core 18 'FAddSub_fulldsp' <Latency = 8> <II = 1> <Delay = 4.34> <FuncUnit> <Opcode : 'fadd' 'fsub'> <InPorts = 2> <OutPorts = 1>
ST_37 : Operation 175 [6/9] (4.34ns)   --->   "%dc_1 = fsub i32 %conv9_i_i_read, i32 %conv_i2_i_i" [new_fixedpoint2205/Aux_Lib_hw.hpp:35]   --->   Operation 175 'fsub' 'dc_1' <Predicate = true> <Delay = 4.34> <CoreInst = "FAddSub_fulldsp">   --->   Core 18 'FAddSub_fulldsp' <Latency = 8> <II = 1> <Delay = 4.34> <FuncUnit> <Opcode : 'fadd' 'fsub'> <InPorts = 2> <OutPorts = 1>

State 38 <SV = 37> <Delay = 4.34>
ST_38 : Operation 176 [5/9] (4.34ns)   --->   "%dc = fsub i32 %conv_i_i_read, i32 %conv_i_i_i" [new_fixedpoint2205/Aux_Lib_hw.hpp:35]   --->   Operation 176 'fsub' 'dc' <Predicate = true> <Delay = 4.34> <CoreInst = "FAddSub_fulldsp">   --->   Core 18 'FAddSub_fulldsp' <Latency = 8> <II = 1> <Delay = 4.34> <FuncUnit> <Opcode : 'fadd' 'fsub'> <InPorts = 2> <OutPorts = 1>
ST_38 : Operation 177 [5/9] (4.34ns)   --->   "%dc_1 = fsub i32 %conv9_i_i_read, i32 %conv_i2_i_i" [new_fixedpoint2205/Aux_Lib_hw.hpp:35]   --->   Operation 177 'fsub' 'dc_1' <Predicate = true> <Delay = 4.34> <CoreInst = "FAddSub_fulldsp">   --->   Core 18 'FAddSub_fulldsp' <Latency = 8> <II = 1> <Delay = 4.34> <FuncUnit> <Opcode : 'fadd' 'fsub'> <InPorts = 2> <OutPorts = 1>

State 39 <SV = 38> <Delay = 4.34>
ST_39 : Operation 178 [4/9] (4.34ns)   --->   "%dc = fsub i32 %conv_i_i_read, i32 %conv_i_i_i" [new_fixedpoint2205/Aux_Lib_hw.hpp:35]   --->   Operation 178 'fsub' 'dc' <Predicate = true> <Delay = 4.34> <CoreInst = "FAddSub_fulldsp">   --->   Core 18 'FAddSub_fulldsp' <Latency = 8> <II = 1> <Delay = 4.34> <FuncUnit> <Opcode : 'fadd' 'fsub'> <InPorts = 2> <OutPorts = 1>
ST_39 : Operation 179 [4/9] (4.34ns)   --->   "%dc_1 = fsub i32 %conv9_i_i_read, i32 %conv_i2_i_i" [new_fixedpoint2205/Aux_Lib_hw.hpp:35]   --->   Operation 179 'fsub' 'dc_1' <Predicate = true> <Delay = 4.34> <CoreInst = "FAddSub_fulldsp">   --->   Core 18 'FAddSub_fulldsp' <Latency = 8> <II = 1> <Delay = 4.34> <FuncUnit> <Opcode : 'fadd' 'fsub'> <InPorts = 2> <OutPorts = 1>

State 40 <SV = 39> <Delay = 4.34>
ST_40 : Operation 180 [3/9] (4.34ns)   --->   "%dc = fsub i32 %conv_i_i_read, i32 %conv_i_i_i" [new_fixedpoint2205/Aux_Lib_hw.hpp:35]   --->   Operation 180 'fsub' 'dc' <Predicate = true> <Delay = 4.34> <CoreInst = "FAddSub_fulldsp">   --->   Core 18 'FAddSub_fulldsp' <Latency = 8> <II = 1> <Delay = 4.34> <FuncUnit> <Opcode : 'fadd' 'fsub'> <InPorts = 2> <OutPorts = 1>
ST_40 : Operation 181 [3/9] (4.34ns)   --->   "%dc_1 = fsub i32 %conv9_i_i_read, i32 %conv_i2_i_i" [new_fixedpoint2205/Aux_Lib_hw.hpp:35]   --->   Operation 181 'fsub' 'dc_1' <Predicate = true> <Delay = 4.34> <CoreInst = "FAddSub_fulldsp">   --->   Core 18 'FAddSub_fulldsp' <Latency = 8> <II = 1> <Delay = 4.34> <FuncUnit> <Opcode : 'fadd' 'fsub'> <InPorts = 2> <OutPorts = 1>

State 41 <SV = 40> <Delay = 4.34>
ST_41 : Operation 182 [2/9] (4.34ns)   --->   "%dc = fsub i32 %conv_i_i_read, i32 %conv_i_i_i" [new_fixedpoint2205/Aux_Lib_hw.hpp:35]   --->   Operation 182 'fsub' 'dc' <Predicate = true> <Delay = 4.34> <CoreInst = "FAddSub_fulldsp">   --->   Core 18 'FAddSub_fulldsp' <Latency = 8> <II = 1> <Delay = 4.34> <FuncUnit> <Opcode : 'fadd' 'fsub'> <InPorts = 2> <OutPorts = 1>
ST_41 : Operation 183 [2/9] (4.34ns)   --->   "%dc_1 = fsub i32 %conv9_i_i_read, i32 %conv_i2_i_i" [new_fixedpoint2205/Aux_Lib_hw.hpp:35]   --->   Operation 183 'fsub' 'dc_1' <Predicate = true> <Delay = 4.34> <CoreInst = "FAddSub_fulldsp">   --->   Core 18 'FAddSub_fulldsp' <Latency = 8> <II = 1> <Delay = 4.34> <FuncUnit> <Opcode : 'fadd' 'fsub'> <InPorts = 2> <OutPorts = 1>

State 42 <SV = 41> <Delay = 4.34>
ST_42 : Operation 184 [1/9] (4.34ns)   --->   "%dc = fsub i32 %conv_i_i_read, i32 %conv_i_i_i" [new_fixedpoint2205/Aux_Lib_hw.hpp:35]   --->   Operation 184 'fsub' 'dc' <Predicate = true> <Delay = 4.34> <CoreInst = "FAddSub_fulldsp">   --->   Core 18 'FAddSub_fulldsp' <Latency = 8> <II = 1> <Delay = 4.34> <FuncUnit> <Opcode : 'fadd' 'fsub'> <InPorts = 2> <OutPorts = 1>
ST_42 : Operation 185 [1/9] (4.34ns)   --->   "%dc_1 = fsub i32 %conv9_i_i_read, i32 %conv_i2_i_i" [new_fixedpoint2205/Aux_Lib_hw.hpp:35]   --->   Operation 185 'fsub' 'dc_1' <Predicate = true> <Delay = 4.34> <CoreInst = "FAddSub_fulldsp">   --->   Core 18 'FAddSub_fulldsp' <Latency = 8> <II = 1> <Delay = 4.34> <FuncUnit> <Opcode : 'fadd' 'fsub'> <InPorts = 2> <OutPorts = 1>

State 43 <SV = 42> <Delay = 2.88>
ST_43 : Operation 186 [1/1] (0.00ns)   --->   "%data_V = bitcast i32 %dc" [/wrk/ci/prod/2021.2/rdi_builds/continuous/2021_10_19_3367213/src/shared/hls/clib/src/hls/utils/x_hls_utils.h:315]   --->   Operation 186 'bitcast' 'data_V' <Predicate = true> <Delay = 0.00>
ST_43 : Operation 187 [1/1] (0.00ns)   --->   "%p_Result_s = bitselect i1 @_ssdm_op_BitSelect.i1.i32.i32, i32 %data_V, i32 31"   --->   Operation 187 'bitselect' 'p_Result_s' <Predicate = true> <Delay = 0.00>
ST_43 : Operation 188 [1/1] (0.00ns)   --->   "%tmp_6 = partselect i8 @_ssdm_op_PartSelect.i8.i32.i32.i32, i32 %data_V, i32 23, i32 30"   --->   Operation 188 'partselect' 'tmp_6' <Predicate = true> <Delay = 0.00>
ST_43 : Operation 189 [1/1] (0.00ns)   --->   "%tmp_7 = trunc i32 %data_V"   --->   Operation 189 'trunc' 'tmp_7' <Predicate = true> <Delay = 0.00>
ST_43 : Operation 190 [1/1] (0.00ns)   --->   "%zext_ln344 = zext i8 %tmp_6" [/wrk/ci/prod/2021.2/rdi_builds/continuous/2021_10_19_3367213/src/shared/hls/clib/src/hls/utils/x_hls_utils.h:344]   --->   Operation 190 'zext' 'zext_ln344' <Predicate = true> <Delay = 0.00>
ST_43 : Operation 191 [1/1] (1.91ns)   --->   "%add_ln344 = add i9 %zext_ln344, i9 385" [/wrk/ci/prod/2021.2/rdi_builds/continuous/2021_10_19_3367213/src/shared/hls/clib/src/hls/utils/x_hls_utils.h:344]   --->   Operation 191 'add' 'add_ln344' <Predicate = true> <Delay = 1.91> <CoreInst = "Adder">   --->   Core 1 'Adder' <Latency = 0> <II = 1> <Delay = 2.55> <FuncUnit> <Opcode : 'add' 'sub'> <InPorts = 2> <OutPorts = 1>
ST_43 : Operation 192 [1/1] (0.00ns)   --->   "%isNeg = bitselect i1 @_ssdm_op_BitSelect.i1.i9.i32, i9 %add_ln344, i32 8"   --->   Operation 192 'bitselect' 'isNeg' <Predicate = true> <Delay = 0.00>
ST_43 : Operation 193 [1/1] (1.91ns)   --->   "%sub_ln1364 = sub i8 127, i8 %tmp_6"   --->   Operation 193 'sub' 'sub_ln1364' <Predicate = true> <Delay = 1.91> <CoreInst = "Adder">   --->   Core 1 'Adder' <Latency = 0> <II = 1> <Delay = 2.55> <FuncUnit> <Opcode : 'add' 'sub'> <InPorts = 2> <OutPorts = 1>
ST_43 : Operation 194 [1/1] (0.00ns)   --->   "%sext_ln1364 = sext i8 %sub_ln1364"   --->   Operation 194 'sext' 'sext_ln1364' <Predicate = true> <Delay = 0.00>
ST_43 : Operation 195 [1/1] (0.96ns)   --->   "%ush = select i1 %isNeg, i9 %sext_ln1364, i9 %add_ln344"   --->   Operation 195 'select' 'ush' <Predicate = true> <Delay = 0.96> <CoreInst = "Sel">   --->   Core 73 'Sel' <Latency = 0> <II = 1> <Delay = 0.69> <FuncUnit> <Opcode : 'select'> <InPorts = 3> <OutPorts = 1>
ST_43 : Operation 196 [1/1] (0.00ns)   --->   "%data_V_1 = bitcast i32 %dc_1" [/wrk/ci/prod/2021.2/rdi_builds/continuous/2021_10_19_3367213/src/shared/hls/clib/src/hls/utils/x_hls_utils.h:315]   --->   Operation 196 'bitcast' 'data_V_1' <Predicate = true> <Delay = 0.00>
ST_43 : Operation 197 [1/1] (0.00ns)   --->   "%p_Result_1 = bitselect i1 @_ssdm_op_BitSelect.i1.i32.i32, i32 %data_V_1, i32 31"   --->   Operation 197 'bitselect' 'p_Result_1' <Predicate = true> <Delay = 0.00>
ST_43 : Operation 198 [1/1] (0.00ns)   --->   "%tmp_8 = partselect i8 @_ssdm_op_PartSelect.i8.i32.i32.i32, i32 %data_V_1, i32 23, i32 30"   --->   Operation 198 'partselect' 'tmp_8' <Predicate = true> <Delay = 0.00>
ST_43 : Operation 199 [1/1] (0.00ns)   --->   "%tmp_9 = trunc i32 %data_V_1"   --->   Operation 199 'trunc' 'tmp_9' <Predicate = true> <Delay = 0.00>
ST_43 : Operation 200 [1/1] (0.00ns)   --->   "%zext_ln344_1 = zext i8 %tmp_8" [/wrk/ci/prod/2021.2/rdi_builds/continuous/2021_10_19_3367213/src/shared/hls/clib/src/hls/utils/x_hls_utils.h:344]   --->   Operation 200 'zext' 'zext_ln344_1' <Predicate = true> <Delay = 0.00>
ST_43 : Operation 201 [1/1] (1.91ns)   --->   "%add_ln344_1 = add i9 %zext_ln344_1, i9 385" [/wrk/ci/prod/2021.2/rdi_builds/continuous/2021_10_19_3367213/src/shared/hls/clib/src/hls/utils/x_hls_utils.h:344]   --->   Operation 201 'add' 'add_ln344_1' <Predicate = true> <Delay = 1.91> <CoreInst = "Adder">   --->   Core 1 'Adder' <Latency = 0> <II = 1> <Delay = 2.55> <FuncUnit> <Opcode : 'add' 'sub'> <InPorts = 2> <OutPorts = 1>
ST_43 : Operation 202 [1/1] (0.00ns)   --->   "%isNeg_1 = bitselect i1 @_ssdm_op_BitSelect.i1.i9.i32, i9 %add_ln344_1, i32 8"   --->   Operation 202 'bitselect' 'isNeg_1' <Predicate = true> <Delay = 0.00>
ST_43 : Operation 203 [1/1] (1.91ns)   --->   "%sub_ln1364_1 = sub i8 127, i8 %tmp_8"   --->   Operation 203 'sub' 'sub_ln1364_1' <Predicate = true> <Delay = 1.91> <CoreInst = "Adder">   --->   Core 1 'Adder' <Latency = 0> <II = 1> <Delay = 2.55> <FuncUnit> <Opcode : 'add' 'sub'> <InPorts = 2> <OutPorts = 1>
ST_43 : Operation 204 [1/1] (0.00ns)   --->   "%sext_ln1364_1 = sext i8 %sub_ln1364_1"   --->   Operation 204 'sext' 'sext_ln1364_1' <Predicate = true> <Delay = 0.00>
ST_43 : Operation 205 [1/1] (0.96ns)   --->   "%ush_1 = select i1 %isNeg_1, i9 %sext_ln1364_1, i9 %add_ln344_1"   --->   Operation 205 'select' 'ush_1' <Predicate = true> <Delay = 0.96> <CoreInst = "Sel">   --->   Core 73 'Sel' <Latency = 0> <II = 1> <Delay = 0.69> <FuncUnit> <Opcode : 'select'> <InPorts = 3> <OutPorts = 1>

State 44 <SV = 43> <Delay = 4.42>
ST_44 : Operation 206 [1/1] (0.00ns)   --->   "%mantissa = bitconcatenate i25 @_ssdm_op_BitConcatenate.i25.i1.i23.i1, i1 1, i23 %tmp_7, i1 0"   --->   Operation 206 'bitconcatenate' 'mantissa' <Predicate = true> <Delay = 0.00>
ST_44 : Operation 207 [1/1] (0.00ns)   --->   "%zext_ln15 = zext i25 %mantissa" [/wrk/ci/prod/2021.2/rdi_builds/continuous/2021_10_19_3367213/src/shared/hls/clib/hlsmath/include/FloatingPoint/hls_case_IEEE754.h:15]   --->   Operation 207 'zext' 'zext_ln15' <Predicate = true> <Delay = 0.00>
ST_44 : Operation 208 [1/1] (0.00ns)   --->   "%sext_ln1340 = sext i9 %ush"   --->   Operation 208 'sext' 'sext_ln1340' <Predicate = true> <Delay = 0.00>
ST_44 : Operation 209 [1/1] (0.00ns)   --->   "%zext_ln1340 = zext i32 %sext_ln1340"   --->   Operation 209 'zext' 'zext_ln1340' <Predicate = true> <Delay = 0.00>
ST_44 : Operation 210 [1/1] (0.00ns) (grouped into LUT with out node val)   --->   "%r_V = lshr i79 %zext_ln15, i79 %zext_ln1340"   --->   Operation 210 'lshr' 'r_V' <Predicate = (isNeg)> <Delay = 0.00> <CoreInst = "Shifter">   --->   Core 75 'Shifter' <Latency = 0> <II = 1> <Delay = 4.42> <FuncUnit> <Opcode : 'shl' 'lshr' 'ashr'> <InPorts = 2> <OutPorts = 1>
ST_44 : Operation 211 [1/1] (0.00ns) (grouped into LUT with out node val)   --->   "%r_V_1 = shl i79 %zext_ln15, i79 %zext_ln1340"   --->   Operation 211 'shl' 'r_V_1' <Predicate = (!isNeg)> <Delay = 0.00> <CoreInst = "Shifter">   --->   Core 75 'Shifter' <Latency = 0> <II = 1> <Delay = 4.42> <FuncUnit> <Opcode : 'shl' 'lshr' 'ashr'> <InPorts = 2> <OutPorts = 1>
ST_44 : Operation 212 [1/1] (0.00ns) (grouped into LUT with out node val)   --->   "%tmp = bitselect i1 @_ssdm_op_BitSelect.i1.i79.i32, i79 %r_V, i32 24"   --->   Operation 212 'bitselect' 'tmp' <Predicate = (isNeg)> <Delay = 0.00>
ST_44 : Operation 213 [1/1] (0.00ns) (grouped into LUT with out node val)   --->   "%zext_ln671 = zext i1 %tmp"   --->   Operation 213 'zext' 'zext_ln671' <Predicate = (isNeg)> <Delay = 0.00>
ST_44 : Operation 214 [1/1] (0.00ns) (grouped into LUT with out node val)   --->   "%tmp_s = partselect i32 @_ssdm_op_PartSelect.i32.i79.i32.i32, i79 %r_V_1, i32 24, i32 55"   --->   Operation 214 'partselect' 'tmp_s' <Predicate = (!isNeg)> <Delay = 0.00>
ST_44 : Operation 215 [1/1] (4.42ns) (out node of the LUT)   --->   "%val = select i1 %isNeg, i32 %zext_ln671, i32 %tmp_s"   --->   Operation 215 'select' 'val' <Predicate = true> <Delay = 4.42> <CoreInst = "Sel">   --->   Core 73 'Sel' <Latency = 0> <II = 1> <Delay = 0.69> <FuncUnit> <Opcode : 'select'> <InPorts = 3> <OutPorts = 1>
ST_44 : Operation 216 [1/1] (0.00ns)   --->   "%mantissa_1 = bitconcatenate i25 @_ssdm_op_BitConcatenate.i25.i1.i23.i1, i1 1, i23 %tmp_9, i1 0"   --->   Operation 216 'bitconcatenate' 'mantissa_1' <Predicate = true> <Delay = 0.00>
ST_44 : Operation 217 [1/1] (0.00ns)   --->   "%zext_ln15_1 = zext i25 %mantissa_1" [/wrk/ci/prod/2021.2/rdi_builds/continuous/2021_10_19_3367213/src/shared/hls/clib/hlsmath/include/FloatingPoint/hls_case_IEEE754.h:15]   --->   Operation 217 'zext' 'zext_ln15_1' <Predicate = true> <Delay = 0.00>
ST_44 : Operation 218 [1/1] (0.00ns)   --->   "%sext_ln1340_1 = sext i9 %ush_1"   --->   Operation 218 'sext' 'sext_ln1340_1' <Predicate = true> <Delay = 0.00>
ST_44 : Operation 219 [1/1] (0.00ns)   --->   "%zext_ln1340_1 = zext i32 %sext_ln1340_1"   --->   Operation 219 'zext' 'zext_ln1340_1' <Predicate = true> <Delay = 0.00>
ST_44 : Operation 220 [1/1] (0.00ns) (grouped into LUT with out node val_1)   --->   "%r_V_2 = lshr i79 %zext_ln15_1, i79 %zext_ln1340_1"   --->   Operation 220 'lshr' 'r_V_2' <Predicate = (isNeg_1)> <Delay = 0.00> <CoreInst = "Shifter">   --->   Core 75 'Shifter' <Latency = 0> <II = 1> <Delay = 4.42> <FuncUnit> <Opcode : 'shl' 'lshr' 'ashr'> <InPorts = 2> <OutPorts = 1>
ST_44 : Operation 221 [1/1] (0.00ns) (grouped into LUT with out node val_1)   --->   "%r_V_3 = shl i79 %zext_ln15_1, i79 %zext_ln1340_1"   --->   Operation 221 'shl' 'r_V_3' <Predicate = (!isNeg_1)> <Delay = 0.00> <CoreInst = "Shifter">   --->   Core 75 'Shifter' <Latency = 0> <II = 1> <Delay = 4.42> <FuncUnit> <Opcode : 'shl' 'lshr' 'ashr'> <InPorts = 2> <OutPorts = 1>
ST_44 : Operation 222 [1/1] (0.00ns) (grouped into LUT with out node val_1)   --->   "%tmp_5 = bitselect i1 @_ssdm_op_BitSelect.i1.i79.i32, i79 %r_V_2, i32 24"   --->   Operation 222 'bitselect' 'tmp_5' <Predicate = (isNeg_1)> <Delay = 0.00>
ST_44 : Operation 223 [1/1] (0.00ns) (grouped into LUT with out node val_1)   --->   "%zext_ln671_1 = zext i1 %tmp_5"   --->   Operation 223 'zext' 'zext_ln671_1' <Predicate = (isNeg_1)> <Delay = 0.00>
ST_44 : Operation 224 [1/1] (0.00ns) (grouped into LUT with out node val_1)   --->   "%tmp_2 = partselect i32 @_ssdm_op_PartSelect.i32.i79.i32.i32, i79 %r_V_3, i32 24, i32 55"   --->   Operation 224 'partselect' 'tmp_2' <Predicate = (!isNeg_1)> <Delay = 0.00>
ST_44 : Operation 225 [1/1] (4.42ns) (out node of the LUT)   --->   "%val_1 = select i1 %isNeg_1, i32 %zext_ln671_1, i32 %tmp_2"   --->   Operation 225 'select' 'val_1' <Predicate = true> <Delay = 4.42> <CoreInst = "Sel">   --->   Core 73 'Sel' <Latency = 0> <II = 1> <Delay = 0.69> <FuncUnit> <Opcode : 'select'> <InPorts = 3> <OutPorts = 1>

State 45 <SV = 44> <Delay = 3.25>
ST_45 : Operation 226 [1/1] (2.55ns)   --->   "%result_V_2 = sub i32 0, i32 %val"   --->   Operation 226 'sub' 'result_V_2' <Predicate = (p_Result_s)> <Delay = 2.55> <CoreInst = "Adder">   --->   Core 1 'Adder' <Latency = 0> <II = 1> <Delay = 2.55> <FuncUnit> <Opcode : 'add' 'sub'> <InPorts = 2> <OutPorts = 1>
ST_45 : Operation 227 [1/1] (0.69ns)   --->   "%result_V_5 = select i1 %p_Result_s, i32 %result_V_2, i32 %val" [/wrk/ci/prod/2021.2/rdi_builds/continuous/2021_10_19_3367213/src/shared/hls/clib/hlsmath/include/FloatingPoint/hls_case_IEEE754.h:59]   --->   Operation 227 'select' 'result_V_5' <Predicate = true> <Delay = 0.69> <CoreInst = "Sel">   --->   Core 73 'Sel' <Latency = 0> <II = 1> <Delay = 0.69> <FuncUnit> <Opcode : 'select'> <InPorts = 3> <OutPorts = 1>
ST_45 : Operation 228 [1/1] (2.55ns)   --->   "%result_V_3 = sub i32 0, i32 %val_1"   --->   Operation 228 'sub' 'result_V_3' <Predicate = (p_Result_1)> <Delay = 2.55> <CoreInst = "Adder">   --->   Core 1 'Adder' <Latency = 0> <II = 1> <Delay = 2.55> <FuncUnit> <Opcode : 'add' 'sub'> <InPorts = 2> <OutPorts = 1>
ST_45 : Operation 229 [1/1] (0.69ns)   --->   "%result_V = select i1 %p_Result_1, i32 %result_V_3, i32 %val_1" [/wrk/ci/prod/2021.2/rdi_builds/continuous/2021_10_19_3367213/src/shared/hls/clib/hlsmath/include/FloatingPoint/hls_case_IEEE754.h:59]   --->   Operation 229 'select' 'result_V' <Predicate = true> <Delay = 0.69> <CoreInst = "Sel">   --->   Core 73 'Sel' <Latency = 0> <II = 1> <Delay = 0.69> <FuncUnit> <Opcode : 'select'> <InPorts = 3> <OutPorts = 1>

State 46 <SV = 45> <Delay = 3.95>
ST_46 : Operation 230 [1/1] (0.00ns)   --->   "%sext_ln34 = sext i32 %result_V_5" [new_fixedpoint2205/fixedpt.h:34]   --->   Operation 230 'sext' 'sext_ln34' <Predicate = true> <Delay = 0.00>
ST_46 : Operation 231 [5/5] (3.95ns)   --->   "%mul_ln34 = mul i48 %sext_ln34, i48 %sext_ln34" [new_fixedpoint2205/fixedpt.h:34]   --->   Operation 231 'mul' 'mul_ln34' <Predicate = true> <Delay = 3.95> <CoreInst = "Multiplier">   --->   Core 3 'Multiplier' <Latency = 4> <II = 1> <Delay = 3.95> <FuncUnit> <Opcode : 'mul'> <InPorts = 2> <OutPorts = 1>
ST_46 : Operation 232 [1/1] (0.00ns)   --->   "%sext_ln34_1 = sext i32 %result_V" [new_fixedpoint2205/fixedpt.h:34]   --->   Operation 232 'sext' 'sext_ln34_1' <Predicate = true> <Delay = 0.00>
ST_46 : Operation 233 [5/5] (3.95ns)   --->   "%mul_ln34_1 = mul i48 %sext_ln34_1, i48 %sext_ln34_1" [new_fixedpoint2205/fixedpt.h:34]   --->   Operation 233 'mul' 'mul_ln34_1' <Predicate = true> <Delay = 3.95> <CoreInst = "Multiplier">   --->   Core 3 'Multiplier' <Latency = 4> <II = 1> <Delay = 3.95> <FuncUnit> <Opcode : 'mul'> <InPorts = 2> <OutPorts = 1>

State 47 <SV = 46> <Delay = 3.95>
ST_47 : Operation 234 [4/5] (3.95ns)   --->   "%mul_ln34 = mul i48 %sext_ln34, i48 %sext_ln34" [new_fixedpoint2205/fixedpt.h:34]   --->   Operation 234 'mul' 'mul_ln34' <Predicate = true> <Delay = 3.95> <CoreInst = "Multiplier">   --->   Core 3 'Multiplier' <Latency = 4> <II = 1> <Delay = 3.95> <FuncUnit> <Opcode : 'mul'> <InPorts = 2> <OutPorts = 1>
ST_47 : Operation 235 [4/5] (3.95ns)   --->   "%mul_ln34_1 = mul i48 %sext_ln34_1, i48 %sext_ln34_1" [new_fixedpoint2205/fixedpt.h:34]   --->   Operation 235 'mul' 'mul_ln34_1' <Predicate = true> <Delay = 3.95> <CoreInst = "Multiplier">   --->   Core 3 'Multiplier' <Latency = 4> <II = 1> <Delay = 3.95> <FuncUnit> <Opcode : 'mul'> <InPorts = 2> <OutPorts = 1>

State 48 <SV = 47> <Delay = 3.95>
ST_48 : Operation 236 [3/5] (3.95ns)   --->   "%mul_ln34 = mul i48 %sext_ln34, i48 %sext_ln34" [new_fixedpoint2205/fixedpt.h:34]   --->   Operation 236 'mul' 'mul_ln34' <Predicate = true> <Delay = 3.95> <CoreInst = "Multiplier">   --->   Core 3 'Multiplier' <Latency = 4> <II = 1> <Delay = 3.95> <FuncUnit> <Opcode : 'mul'> <InPorts = 2> <OutPorts = 1>
ST_48 : Operation 237 [3/5] (3.95ns)   --->   "%mul_ln34_1 = mul i48 %sext_ln34_1, i48 %sext_ln34_1" [new_fixedpoint2205/fixedpt.h:34]   --->   Operation 237 'mul' 'mul_ln34_1' <Predicate = true> <Delay = 3.95> <CoreInst = "Multiplier">   --->   Core 3 'Multiplier' <Latency = 4> <II = 1> <Delay = 3.95> <FuncUnit> <Opcode : 'mul'> <InPorts = 2> <OutPorts = 1>

State 49 <SV = 48> <Delay = 3.95>
ST_49 : Operation 238 [2/5] (3.95ns)   --->   "%mul_ln34 = mul i48 %sext_ln34, i48 %sext_ln34" [new_fixedpoint2205/fixedpt.h:34]   --->   Operation 238 'mul' 'mul_ln34' <Predicate = true> <Delay = 3.95> <CoreInst = "Multiplier">   --->   Core 3 'Multiplier' <Latency = 4> <II = 1> <Delay = 3.95> <FuncUnit> <Opcode : 'mul'> <InPorts = 2> <OutPorts = 1>
ST_49 : Operation 239 [2/5] (3.95ns)   --->   "%mul_ln34_1 = mul i48 %sext_ln34_1, i48 %sext_ln34_1" [new_fixedpoint2205/fixedpt.h:34]   --->   Operation 239 'mul' 'mul_ln34_1' <Predicate = true> <Delay = 3.95> <CoreInst = "Multiplier">   --->   Core 3 'Multiplier' <Latency = 4> <II = 1> <Delay = 3.95> <FuncUnit> <Opcode : 'mul'> <InPorts = 2> <OutPorts = 1>

State 50 <SV = 49> <Delay = 3.95>
ST_50 : Operation 240 [1/5] (3.95ns)   --->   "%mul_ln34 = mul i48 %sext_ln34, i48 %sext_ln34" [new_fixedpoint2205/fixedpt.h:34]   --->   Operation 240 'mul' 'mul_ln34' <Predicate = true> <Delay = 3.95> <CoreInst = "Multiplier">   --->   Core 3 'Multiplier' <Latency = 4> <II = 1> <Delay = 3.95> <FuncUnit> <Opcode : 'mul'> <InPorts = 2> <OutPorts = 1>
ST_50 : Operation 241 [1/1] (0.00ns)   --->   "%trunc_ln3 = partselect i32 @_ssdm_op_PartSelect.i32.i48.i32.i32, i48 %mul_ln34, i32 16, i32 47" [new_fixedpoint2205/fixedpt.h:34]   --->   Operation 241 'partselect' 'trunc_ln3' <Predicate = true> <Delay = 0.00>
ST_50 : Operation 242 [1/5] (3.95ns)   --->   "%mul_ln34_1 = mul i48 %sext_ln34_1, i48 %sext_ln34_1" [new_fixedpoint2205/fixedpt.h:34]   --->   Operation 242 'mul' 'mul_ln34_1' <Predicate = true> <Delay = 3.95> <CoreInst = "Multiplier">   --->   Core 3 'Multiplier' <Latency = 4> <II = 1> <Delay = 3.95> <FuncUnit> <Opcode : 'mul'> <InPorts = 2> <OutPorts = 1>
ST_50 : Operation 243 [1/1] (0.00ns)   --->   "%trunc_ln34_1 = partselect i32 @_ssdm_op_PartSelect.i32.i48.i32.i32, i48 %mul_ln34_1, i32 16, i32 47" [new_fixedpoint2205/fixedpt.h:34]   --->   Operation 243 'partselect' 'trunc_ln34_1' <Predicate = true> <Delay = 0.00>

State 51 <SV = 50> <Delay = 2.55>
ST_51 : Operation 244 [1/1] (2.55ns)   --->   "%D = add i32 %trunc_ln34_1, i32 %trunc_ln3" [new_fixedpoint2205/Aux_Lib_hw.hpp:35]   --->   Operation 244 'add' 'D' <Predicate = true> <Delay = 2.55> <CoreInst = "Adder">   --->   Core 1 'Adder' <Latency = 0> <II = 1> <Delay = 2.55> <FuncUnit> <Opcode : 'add' 'sub'> <InPorts = 2> <OutPorts = 1>
ST_51 : Operation 257 [1/1] (0.00ns)   --->   "%input_stream_dest_V_load = load i6 %input_stream_dest_V"   --->   Operation 257 'load' 'input_stream_dest_V_load' <Predicate = (icmp_ln342)> <Delay = 0.00>
ST_51 : Operation 258 [1/1] (0.00ns)   --->   "%input_stream_id_V_load = load i5 %input_stream_id_V"   --->   Operation 258 'load' 'input_stream_id_V_load' <Predicate = (icmp_ln342)> <Delay = 0.00>
ST_51 : Operation 259 [1/1] (0.00ns)   --->   "%input_stream_user_V_load = load i2 %input_stream_user_V"   --->   Operation 259 'load' 'input_stream_user_V_load' <Predicate = (icmp_ln342)> <Delay = 0.00>
ST_51 : Operation 260 [1/1] (0.00ns)   --->   "%output_stream_strb_V_load = load i4 %output_stream_strb_V"   --->   Operation 260 'load' 'output_stream_strb_V_load' <Predicate = (icmp_ln342)> <Delay = 0.00>
ST_51 : Operation 261 [1/1] (0.00ns)   --->   "%output_stream_keep_V_load = load i4 %output_stream_keep_V"   --->   Operation 261 'load' 'output_stream_keep_V_load' <Predicate = (icmp_ln342)> <Delay = 0.00>
ST_51 : Operation 262 [1/1] (0.00ns)   --->   "%Pos_Nearest_Node_load = load i32 %Pos_Nearest_Node"   --->   Operation 262 'load' 'Pos_Nearest_Node_load' <Predicate = (icmp_ln342)> <Delay = 0.00>
ST_51 : Operation 263 [1/1] (0.00ns)   --->   "%write_ln0 = write void @_ssdm_op_Write.ap_auto.i32P0A, i32 %Pos_Nearest_Node_out, i32 %Pos_Nearest_Node_load"   --->   Operation 263 'write' 'write_ln0' <Predicate = (icmp_ln342)> <Delay = 0.00>
ST_51 : Operation 264 [1/1] (0.00ns)   --->   "%write_ln0 = write void @_ssdm_op_Write.ap_auto.i4P0A, i4 %output_stream_keep_V_out, i4 %output_stream_keep_V_load"   --->   Operation 264 'write' 'write_ln0' <Predicate = (icmp_ln342)> <Delay = 0.00>
ST_51 : Operation 265 [1/1] (0.00ns)   --->   "%write_ln0 = write void @_ssdm_op_Write.ap_auto.i4P0A, i4 %output_stream_strb_V_out, i4 %output_stream_strb_V_load"   --->   Operation 265 'write' 'write_ln0' <Predicate = (icmp_ln342)> <Delay = 0.00>
ST_51 : Operation 266 [1/1] (0.00ns)   --->   "%write_ln0 = write void @_ssdm_op_Write.ap_auto.i2P0A, i2 %tmp_user_V_out, i2 %input_stream_user_V_load"   --->   Operation 266 'write' 'write_ln0' <Predicate = (icmp_ln342)> <Delay = 0.00>
ST_51 : Operation 267 [1/1] (0.00ns)   --->   "%write_ln0 = write void @_ssdm_op_Write.ap_auto.i5P0A, i5 %tmp_id_V_out, i5 %input_stream_id_V_load"   --->   Operation 267 'write' 'write_ln0' <Predicate = (icmp_ln342)> <Delay = 0.00>
ST_51 : Operation 268 [1/1] (0.00ns)   --->   "%write_ln0 = write void @_ssdm_op_Write.ap_auto.i6P0A, i6 %tmp_dest_V_out, i6 %input_stream_dest_V_load"   --->   Operation 268 'write' 'write_ln0' <Predicate = (icmp_ln342)> <Delay = 0.00>
ST_51 : Operation 269 [1/1] (0.00ns)   --->   "%ret_ln0 = ret"   --->   Operation 269 'ret' 'ret_ln0' <Predicate = (icmp_ln342)> <Delay = 0.00>

State 52 <SV = 51> <Delay = 4.75>
ST_52 : Operation 245 [1/1] (0.00ns)   --->   "%Pos_Nearest_Node_load_1 = load i32 %Pos_Nearest_Node" [new_fixedpoint2205/main.cpp:361]   --->   Operation 245 'load' 'Pos_Nearest_Node_load_1' <Predicate = (!icmp_ln355)> <Delay = 0.00>
ST_52 : Operation 246 [1/1] (0.00ns)   --->   "%Dist_load = load i32 %Dist" [new_fixedpoint2205/main.cpp:361]   --->   Operation 246 'load' 'Dist_load' <Predicate = true> <Delay = 0.00>
ST_52 : Operation 247 [1/1] (0.00ns)   --->   "%specpipeline_ln13 = specpipeline void @_ssdm_op_SpecPipeline, i32 4294967295, i32 0, i32 0, i32 0, void @empty_10" [/wrk/ci/prod/2021.2/rdi_builds/continuous/2021_10_19_3367213/src/shared/hls/clib/hlsmath/include/FloatingPoint/hls_case_IEEE754.h:13]   --->   Operation 247 'specpipeline' 'specpipeline_ln13' <Predicate = true> <Delay = 0.00>
ST_52 : Operation 248 [1/1] (0.00ns)   --->   "%specloopname_ln13 = specloopname void @_ssdm_op_SpecLoopName, void @empty_14" [/wrk/ci/prod/2021.2/rdi_builds/continuous/2021_10_19_3367213/src/shared/hls/clib/hlsmath/include/FloatingPoint/hls_case_IEEE754.h:13]   --->   Operation 248 'specloopname' 'specloopname_ln13' <Predicate = true> <Delay = 0.00>
ST_52 : Operation 249 [1/1] (2.47ns)   --->   "%icmp_ln361 = icmp_slt  i32 %D, i32 %Dist_load" [new_fixedpoint2205/main.cpp:361]   --->   Operation 249 'icmp' 'icmp_ln361' <Predicate = true> <Delay = 2.47> <CoreInst = "Cmp">   --->   Core 9 'Cmp' <Latency = 0> <II = 1> <Delay = 2.47> <FuncUnit> <Opcode : 'icmp'> <InPorts = 2> <OutPorts = 1>
ST_52 : Operation 250 [1/1] (0.00ns) (grouped into LUT with out node Pos_Nearest_Node_2)   --->   "%Pos_Nearest_Node_1 = select i1 %icmp_ln361, i32 %zext_ln342_1, i32 %Pos_Nearest_Node_load_1" [new_fixedpoint2205/main.cpp:361]   --->   Operation 250 'select' 'Pos_Nearest_Node_1' <Predicate = (!icmp_ln355)> <Delay = 0.00> <CoreInst = "Sel">   --->   Core 73 'Sel' <Latency = 0> <II = 1> <Delay = 0.69> <FuncUnit> <Opcode : 'select'> <InPorts = 3> <OutPorts = 1>
ST_52 : Operation 251 [1/1] (0.00ns) (grouped into LUT with out node Dist_2)   --->   "%Dist_1 = select i1 %icmp_ln361, i32 %D, i32 %Dist_load" [new_fixedpoint2205/main.cpp:361]   --->   Operation 251 'select' 'Dist_1' <Predicate = (!icmp_ln355)> <Delay = 0.00> <CoreInst = "Sel">   --->   Core 73 'Sel' <Latency = 0> <II = 1> <Delay = 0.69> <FuncUnit> <Opcode : 'select'> <InPorts = 3> <OutPorts = 1>
ST_52 : Operation 252 [1/1] (0.69ns) (out node of the LUT)   --->   "%Pos_Nearest_Node_2 = select i1 %icmp_ln355, i32 0, i32 %Pos_Nearest_Node_1" [new_fixedpoint2205/main.cpp:355]   --->   Operation 252 'select' 'Pos_Nearest_Node_2' <Predicate = true> <Delay = 0.69> <CoreInst = "Sel">   --->   Core 73 'Sel' <Latency = 0> <II = 1> <Delay = 0.69> <FuncUnit> <Opcode : 'select'> <InPorts = 3> <OutPorts = 1>
ST_52 : Operation 253 [1/1] (0.69ns) (out node of the LUT)   --->   "%Dist_2 = select i1 %icmp_ln355, i32 %D, i32 %Dist_1" [new_fixedpoint2205/main.cpp:355]   --->   Operation 253 'select' 'Dist_2' <Predicate = true> <Delay = 0.69> <CoreInst = "Sel">   --->   Core 73 'Sel' <Latency = 0> <II = 1> <Delay = 0.69> <FuncUnit> <Opcode : 'select'> <InPorts = 3> <OutPorts = 1>
ST_52 : Operation 254 [1/1] (1.58ns)   --->   "%store_ln355 = store i32 %Dist_2, i32 %Dist" [new_fixedpoint2205/main.cpp:355]   --->   Operation 254 'store' 'store_ln355' <Predicate = true> <Delay = 1.58>
ST_52 : Operation 255 [1/1] (1.58ns)   --->   "%store_ln355 = store i32 %Pos_Nearest_Node_2, i32 %Pos_Nearest_Node" [new_fixedpoint2205/main.cpp:355]   --->   Operation 255 'store' 'store_ln355' <Predicate = true> <Delay = 1.58>
ST_52 : Operation 256 [1/1] (0.00ns)   --->   "%br_ln0 = br void"   --->   Operation 256 'br' 'br_ln0' <Predicate = true> <Delay = 0.00>


============================================================
+ Verbose Summary: Timing violations
============================================================
Target clock period: 6.75ns, clock uncertainty: 1.82ns.

 <State 1>: 4.06ns
The critical path consists of the following:
	'alloca' operation ('i') [27]  (0 ns)
	'load' operation ('i', new_fixedpoint2205/main.cpp:342) on local variable 'i' [37]  (0 ns)
	'add' operation ('add_ln342', new_fixedpoint2205/main.cpp:342) [40]  (1.81 ns)
	'store' operation ('store_ln342', new_fixedpoint2205/main.cpp:342) of variable 'add_ln342', new_fixedpoint2205/main.cpp:342 on local variable 'i' [133]  (1.59 ns)
	blocking operation 0.661 ns on control path)

 <State 2>: 3.52ns
The critical path consists of the following:
	'hptosp' operation ('conv3', new_fixedpoint2205/main.cpp:348) [57]  (3.52 ns)

 <State 3>: 3.52ns
The critical path consists of the following:
	'hptosp' operation ('conv3', new_fixedpoint2205/main.cpp:348) [57]  (3.52 ns)

 <State 4>: 4.53ns
The critical path consists of the following:
	'call' operation ('B._x', new_fixedpoint2205/main.cpp:348) to 'FloatToFixed<16ul>' [58]  (4.53 ns)

 <State 5>: 4.82ns
The critical path consists of the following:
	'call' operation ('B._x', new_fixedpoint2205/main.cpp:348) to 'FloatToFixed<16ul>' [58]  (4.82 ns)

 <State 6>: 4.82ns
The critical path consists of the following:
	'call' operation ('B._x', new_fixedpoint2205/main.cpp:348) to 'FloatToFixed<16ul>' [58]  (4.82 ns)

 <State 7>: 4.82ns
The critical path consists of the following:
	'call' operation ('B._x', new_fixedpoint2205/main.cpp:348) to 'FloatToFixed<16ul>' [58]  (4.82 ns)

 <State 8>: 4.82ns
The critical path consists of the following:
	'call' operation ('B._x', new_fixedpoint2205/main.cpp:348) to 'FloatToFixed<16ul>' [58]  (4.82 ns)

 <State 9>: 4.82ns
The critical path consists of the following:
	'call' operation ('B._x', new_fixedpoint2205/main.cpp:348) to 'FloatToFixed<16ul>' [58]  (4.82 ns)

 <State 10>: 4.82ns
The critical path consists of the following:
	'call' operation ('B._x', new_fixedpoint2205/main.cpp:348) to 'FloatToFixed<16ul>' [58]  (4.82 ns)

 <State 11>: 4.82ns
The critical path consists of the following:
	'call' operation ('B._x', new_fixedpoint2205/main.cpp:348) to 'FloatToFixed<16ul>' [58]  (4.82 ns)

 <State 12>: 4.82ns
The critical path consists of the following:
	'call' operation ('B._x', new_fixedpoint2205/main.cpp:348) to 'FloatToFixed<16ul>' [58]  (4.82 ns)

 <State 13>: 4.82ns
The critical path consists of the following:
	'call' operation ('B._x', new_fixedpoint2205/main.cpp:348) to 'FloatToFixed<16ul>' [58]  (4.82 ns)

 <State 14>: 4.82ns
The critical path consists of the following:
	'call' operation ('B._x', new_fixedpoint2205/main.cpp:348) to 'FloatToFixed<16ul>' [58]  (4.82 ns)

 <State 15>: 4.82ns
The critical path consists of the following:
	'call' operation ('B._x', new_fixedpoint2205/main.cpp:348) to 'FloatToFixed<16ul>' [58]  (4.82 ns)

 <State 16>: 4.82ns
The critical path consists of the following:
	'call' operation ('B._x', new_fixedpoint2205/main.cpp:348) to 'FloatToFixed<16ul>' [58]  (4.82 ns)

 <State 17>: 4.82ns
The critical path consists of the following:
	'call' operation ('B._x', new_fixedpoint2205/main.cpp:348) to 'FloatToFixed<16ul>' [58]  (4.82 ns)

 <State 18>: 4.82ns
The critical path consists of the following:
	'call' operation ('B._x', new_fixedpoint2205/main.cpp:348) to 'FloatToFixed<16ul>' [58]  (4.82 ns)

 <State 19>: 4.82ns
The critical path consists of the following:
	'call' operation ('B._x', new_fixedpoint2205/main.cpp:348) to 'FloatToFixed<16ul>' [58]  (4.82 ns)

 <State 20>: 4.82ns
The critical path consists of the following:
	'call' operation ('B._x', new_fixedpoint2205/main.cpp:348) to 'FloatToFixed<16ul>' [58]  (4.82 ns)

 <State 21>: 4.82ns
The critical path consists of the following:
	'call' operation ('B._x', new_fixedpoint2205/main.cpp:348) to 'FloatToFixed<16ul>' [58]  (4.82 ns)

 <State 22>: 4.82ns
The critical path consists of the following:
	'call' operation ('B._x', new_fixedpoint2205/main.cpp:348) to 'FloatToFixed<16ul>' [58]  (4.82 ns)

 <State 23>: 4.82ns
The critical path consists of the following:
	'call' operation ('B._x', new_fixedpoint2205/main.cpp:348) to 'FloatToFixed<16ul>' [58]  (4.82 ns)

 <State 24>: 4.82ns
The critical path consists of the following:
	'call' operation ('B._x', new_fixedpoint2205/main.cpp:348) to 'FloatToFixed<16ul>' [58]  (4.82 ns)

 <State 25>: 4.82ns
The critical path consists of the following:
	'call' operation ('B._x', new_fixedpoint2205/main.cpp:348) to 'FloatToFixed<16ul>' [58]  (4.82 ns)

 <State 26>: 3.25ns
The critical path consists of the following:
	'call' operation ('B._x', new_fixedpoint2205/main.cpp:348) to 'FloatToFixed<16ul>' [58]  (3.25 ns)

 <State 27>: 6.31ns
The critical path consists of the following:
	'sitofp' operation ('conv_i_i_i', new_fixedpoint2205/Aux_Lib_hw.hpp:27) [70]  (6.31 ns)

 <State 28>: 6.31ns
The critical path consists of the following:
	'sitofp' operation ('conv_i_i_i', new_fixedpoint2205/Aux_Lib_hw.hpp:27) [70]  (6.31 ns)

 <State 29>: 6.31ns
The critical path consists of the following:
	'sitofp' operation ('conv_i_i_i', new_fixedpoint2205/Aux_Lib_hw.hpp:27) [70]  (6.31 ns)

 <State 30>: 6.31ns
The critical path consists of the following:
	'sitofp' operation ('conv_i_i_i', new_fixedpoint2205/Aux_Lib_hw.hpp:27) [70]  (6.31 ns)

 <State 31>: 6.31ns
The critical path consists of the following:
	'sitofp' operation ('conv_i_i_i', new_fixedpoint2205/Aux_Lib_hw.hpp:27) [70]  (6.31 ns)

 <State 32>: 6.31ns
The critical path consists of the following:
	'sitofp' operation ('conv_i_i_i', new_fixedpoint2205/Aux_Lib_hw.hpp:27) [70]  (6.31 ns)

 <State 33>: 6.31ns
The critical path consists of the following:
	'sitofp' operation ('conv_i_i_i', new_fixedpoint2205/Aux_Lib_hw.hpp:27) [70]  (6.31 ns)

 <State 34>: 4.35ns
The critical path consists of the following:
	'fsub' operation ('x', new_fixedpoint2205/Aux_Lib_hw.hpp:35) [71]  (4.35 ns)

 <State 35>: 4.35ns
The critical path consists of the following:
	'fsub' operation ('x', new_fixedpoint2205/Aux_Lib_hw.hpp:35) [71]  (4.35 ns)

 <State 36>: 4.35ns
The critical path consists of the following:
	'fsub' operation ('x', new_fixedpoint2205/Aux_Lib_hw.hpp:35) [71]  (4.35 ns)

 <State 37>: 4.35ns
The critical path consists of the following:
	'fsub' operation ('x', new_fixedpoint2205/Aux_Lib_hw.hpp:35) [71]  (4.35 ns)

 <State 38>: 4.35ns
The critical path consists of the following:
	'fsub' operation ('x', new_fixedpoint2205/Aux_Lib_hw.hpp:35) [71]  (4.35 ns)

 <State 39>: 4.35ns
The critical path consists of the following:
	'fsub' operation ('x', new_fixedpoint2205/Aux_Lib_hw.hpp:35) [71]  (4.35 ns)

 <State 40>: 4.35ns
The critical path consists of the following:
	'fsub' operation ('x', new_fixedpoint2205/Aux_Lib_hw.hpp:35) [71]  (4.35 ns)

 <State 41>: 4.35ns
The critical path consists of the following:
	'fsub' operation ('x', new_fixedpoint2205/Aux_Lib_hw.hpp:35) [71]  (4.35 ns)

 <State 42>: 4.35ns
The critical path consists of the following:
	'fsub' operation ('x', new_fixedpoint2205/Aux_Lib_hw.hpp:35) [71]  (4.35 ns)

 <State 43>: 2.88ns
The critical path consists of the following:
	'sub' operation ('sub_ln1364') [81]  (1.92 ns)
	'select' operation ('ush') [83]  (0.968 ns)

 <State 44>: 4.42ns
The critical path consists of the following:
	'shl' operation ('r.V') [87]  (0 ns)
	'select' operation ('val') [91]  (4.42 ns)

 <State 45>: 3.25ns
The critical path consists of the following:
	'sub' operation ('result.V') [92]  (2.55 ns)
	'select' operation ('result.V', /wrk/ci/prod/2021.2/rdi_builds/continuous/2021_10_19_3367213/src/shared/hls/clib/hlsmath/include/FloatingPoint/hls_case_IEEE754.h:59) [93]  (0.698 ns)

 <State 46>: 3.95ns
The critical path consists of the following:
	'mul' operation ('mul_ln34', new_fixedpoint2205/fixedpt.h:34) [95]  (3.95 ns)

 <State 47>: 3.95ns
The critical path consists of the following:
	'mul' operation ('mul_ln34', new_fixedpoint2205/fixedpt.h:34) [95]  (3.95 ns)

 <State 48>: 3.95ns
The critical path consists of the following:
	'mul' operation ('mul_ln34', new_fixedpoint2205/fixedpt.h:34) [95]  (3.95 ns)

 <State 49>: 3.95ns
The critical path consists of the following:
	'mul' operation ('mul_ln34', new_fixedpoint2205/fixedpt.h:34) [95]  (3.95 ns)

 <State 50>: 3.95ns
The critical path consists of the following:
	'mul' operation ('mul_ln34', new_fixedpoint2205/fixedpt.h:34) [95]  (3.95 ns)

 <State 51>: 2.55ns
The critical path consists of the following:
	'add' operation ('D', new_fixedpoint2205/Aux_Lib_hw.hpp:35) [124]  (2.55 ns)

 <State 52>: 4.76ns
The critical path consists of the following:
	'load' operation ('Dist_load', new_fixedpoint2205/main.cpp:361) on local variable 'Dist' [44]  (0 ns)
	'icmp' operation ('icmp_ln361', new_fixedpoint2205/main.cpp:361) [126]  (2.47 ns)
	'select' operation ('Dist', new_fixedpoint2205/main.cpp:361) [128]  (0 ns)
	'select' operation ('Dist', new_fixedpoint2205/main.cpp:355) [130]  (0.698 ns)
	'store' operation ('store_ln355', new_fixedpoint2205/main.cpp:355) of variable 'Dist', new_fixedpoint2205/main.cpp:355 on local variable 'Dist' [134]  (1.59 ns)


============================================================
+ Verbose Summary: Binding
============================================================
N/A
* FSMD analyzer results:
  - Output states:
 - Input state : 
  - Chain level:
	State 1
	State 2
	State 3
	State 4
	State 5
	State 6
	State 7
	State 8
	State 9
	State 10
	State 11
	State 12
	State 13
	State 14
	State 15
	State 16
	State 17
	State 18
	State 19
	State 20
	State 21
	State 22
	State 23
	State 24
	State 25
	State 26
	State 27
	State 28
	State 29
	State 30
	State 31
	State 32
	State 33
	State 34
	State 35
	State 36
	State 37
	State 38
	State 39
	State 40
	State 41
	State 42
	State 43
	State 44
	State 45
	State 46
	State 47
	State 48
	State 49
	State 50
	State 51
	State 52


============================================================
+ Verbose Summary: Datapath Resource usage 
============================================================
N/A
