

================================================================
== Vitis HLS Report for 'rrt_Pipeline_VITIS_LOOP_396_2'
================================================================
* Date:           Tue May 30 11:08:27 2023

* Version:        2021.2 (Build 3367213 on Tue Oct 19 02:47:39 MDT 2021)
* Project:        new_fixedpoint2205
* Solution:       solution1 (Vivado IP Flow Target)
* Product family: zynq
* Target device:  xc7z020-clg400-1


================================================================
== Performance Estimates
================================================================
+ Timing: 
    * Summary: 
    +--------+---------+----------+------------+
    |  Clock |  Target | Estimated| Uncertainty|
    +--------+---------+----------+------------+
    |ap_clk  |  6.75 ns|  4.140 ns|     1.82 ns|
    +--------+---------+----------+------------+

+ Latency: 
    * Summary: 
    +---------+---------+----------+----------+-----+-----+---------+
    |  Latency (cycles) |  Latency (absolute) |  Interval | Pipeline|
    |   min   |   max   |    min   |    max   | min | max |   Type  |
    +---------+---------+----------+----------+-----+-----+---------+
    |        ?|        ?|         ?|         ?|    ?|    ?|       no|
    +---------+---------+----------+----------+-----+-----+---------+

    + Detail: 
        * Instance: 
        N/A

        * Loop: 
        +--------------------+---------+---------+----------+-----------+-----------+------+----------+
        |                    |  Latency (cycles) | Iteration|  Initiation Interval  | Trip |          |
        |      Loop Name     |   min   |   max   |  Latency |  achieved |   target  | Count| Pipelined|
        +--------------------+---------+---------+----------+-----------+-----------+------+----------+
        |- VITIS_LOOP_396_2  |        ?|        ?|         2|          1|          1|     ?|       yes|
        +--------------------+---------+---------+----------+-----------+-----------+------+----------+

============================================================
+ Verbose Summary: Synthesis Manager
============================================================
InlineROM: 1
ExposeGlobal: 0
============================================================
+ Verbose Summary: CDFG Model
============================================================
IsTopModel: 0
ResetActiveHigh: 1
IsCombinational: 0
IsDatapathOnly: 0
HasWiredReturn: 1
HasMFsm: 2
HasVarLatency: 1
IsPipeline: 0
IsRtlPipelined: 0
IsInstanceOverlapped: 0
IsDontTouch: 0
HasImplIP: 0
IsGatedGlobalClock: 0

+ Individual pipeline summary: 
  * Pipeline-0: initiation interval (II) = 1, depth = 2


============================================================
+ Verbose Summary: Schedule
============================================================
* Number of FSM states : 2
* Pipeline : 1
  Pipeline-0 : II = 1, D = 2, States = { 1 2 }
* Dataflow Pipeline: 0

* FSM state transitions: 
1 --> 2 
2 --> 

* FSM state operations: 

State 1 <SV = 0> <Delay = 4.14>
ST_1 : Operation 5 [1/1] (0.00ns)   --->   "%j_2 = alloca i32 1"   --->   Operation 5 'alloca' 'j_2' <Predicate = true> <Delay = 0.00>
ST_1 : Operation 6 [1/1] (0.00ns)   --->   "%specinterface_ln0 = specinterface void @_ssdm_op_SpecInterface, i6 %XNearStream_V_dest_V, void @empty_12, i32 0, i32 0, void @empty_17, i32 0, i32 0, void @empty_10, void @empty_10, void @empty_10, i32 0, i32 0, i32 0, i32 0, void @empty_10, void @empty_10"   --->   Operation 6 'specinterface' 'specinterface_ln0' <Predicate = true> <Delay = 0.00>
ST_1 : Operation 7 [1/1] (0.00ns)   --->   "%specinterface_ln0 = specinterface void @_ssdm_op_SpecInterface, i5 %XNearStream_V_id_V, void @empty_12, i32 0, i32 0, void @empty_17, i32 0, i32 0, void @empty_10, void @empty_10, void @empty_10, i32 0, i32 0, i32 0, i32 0, void @empty_10, void @empty_10"   --->   Operation 7 'specinterface' 'specinterface_ln0' <Predicate = true> <Delay = 0.00>
ST_1 : Operation 8 [1/1] (0.00ns)   --->   "%specinterface_ln0 = specinterface void @_ssdm_op_SpecInterface, i1 %XNearStream_V_last_V, void @empty_12, i32 0, i32 0, void @empty_17, i32 0, i32 0, void @empty_10, void @empty_10, void @empty_10, i32 0, i32 0, i32 0, i32 0, void @empty_10, void @empty_10"   --->   Operation 8 'specinterface' 'specinterface_ln0' <Predicate = true> <Delay = 0.00>
ST_1 : Operation 9 [1/1] (0.00ns)   --->   "%specinterface_ln0 = specinterface void @_ssdm_op_SpecInterface, i2 %XNearStream_V_user_V, void @empty_12, i32 0, i32 0, void @empty_17, i32 0, i32 0, void @empty_10, void @empty_10, void @empty_10, i32 0, i32 0, i32 0, i32 0, void @empty_10, void @empty_10"   --->   Operation 9 'specinterface' 'specinterface_ln0' <Predicate = true> <Delay = 0.00>
ST_1 : Operation 10 [1/1] (0.00ns)   --->   "%specinterface_ln0 = specinterface void @_ssdm_op_SpecInterface, i4 %XNearStream_V_strb_V, void @empty_12, i32 0, i32 0, void @empty_17, i32 0, i32 0, void @empty_10, void @empty_10, void @empty_10, i32 0, i32 0, i32 0, i32 0, void @empty_10, void @empty_10"   --->   Operation 10 'specinterface' 'specinterface_ln0' <Predicate = true> <Delay = 0.00>
ST_1 : Operation 11 [1/1] (0.00ns)   --->   "%specinterface_ln0 = specinterface void @_ssdm_op_SpecInterface, i4 %XNearStream_V_keep_V, void @empty_12, i32 0, i32 0, void @empty_17, i32 0, i32 0, void @empty_10, void @empty_10, void @empty_10, i32 0, i32 0, i32 0, i32 0, void @empty_10, void @empty_10"   --->   Operation 11 'specinterface' 'specinterface_ln0' <Predicate = true> <Delay = 0.00>
ST_1 : Operation 12 [1/1] (0.00ns)   --->   "%specinterface_ln0 = specinterface void @_ssdm_op_SpecInterface, i32 %XNearStream_V_data_V, void @empty_12, i32 0, i32 0, void @empty_17, i32 0, i32 0, void @empty_10, void @empty_10, void @empty_10, i32 0, i32 0, i32 0, i32 0, void @empty_10, void @empty_10"   --->   Operation 12 'specinterface' 'specinterface_ln0' <Predicate = true> <Delay = 0.00>
ST_1 : Operation 13 [1/1] (0.00ns)   --->   "%tmp_dest_V_reload_read = read i6 @_ssdm_op_Read.ap_auto.i6, i6 %tmp_dest_V_reload"   --->   Operation 13 'read' 'tmp_dest_V_reload_read' <Predicate = true> <Delay = 0.00>
ST_1 : Operation 14 [1/1] (0.00ns)   --->   "%tmp_id_V_reload_read = read i5 @_ssdm_op_Read.ap_auto.i5, i5 %tmp_id_V_reload"   --->   Operation 14 'read' 'tmp_id_V_reload_read' <Predicate = true> <Delay = 0.00>
ST_1 : Operation 15 [1/1] (0.00ns)   --->   "%tmp_user_V_reload_read = read i2 @_ssdm_op_Read.ap_auto.i2, i2 %tmp_user_V_reload"   --->   Operation 15 'read' 'tmp_user_V_reload_read' <Predicate = true> <Delay = 0.00>
ST_1 : Operation 16 [1/1] (0.00ns)   --->   "%output_stream_strb_V_reload_read = read i4 @_ssdm_op_Read.ap_auto.i4, i4 %output_stream_strb_V_reload"   --->   Operation 16 'read' 'output_stream_strb_V_reload_read' <Predicate = true> <Delay = 0.00>
ST_1 : Operation 17 [1/1] (0.00ns)   --->   "%output_stream_keep_V_reload_read = read i4 @_ssdm_op_Read.ap_auto.i4, i4 %output_stream_keep_V_reload"   --->   Operation 17 'read' 'output_stream_keep_V_reload_read' <Predicate = true> <Delay = 0.00>
ST_1 : Operation 18 [1/1] (0.00ns)   --->   "%XNearCnt_read = read i32 @_ssdm_op_Read.ap_auto.i32, i32 %XNearCnt"   --->   Operation 18 'read' 'XNearCnt_read' <Predicate = true> <Delay = 0.00>
ST_1 : Operation 19 [1/1] (0.00ns)   --->   "%add_read = read i32 @_ssdm_op_Read.ap_auto.i32, i32 %add"   --->   Operation 19 'read' 'add_read' <Predicate = true> <Delay = 0.00>
ST_1 : Operation 20 [1/1] (1.58ns)   --->   "%store_ln0 = store i32 0, i32 %j_2"   --->   Operation 20 'store' 'store_ln0' <Predicate = true> <Delay = 1.58>
ST_1 : Operation 21 [1/1] (0.00ns)   --->   "%br_ln0 = br void"   --->   Operation 21 'br' 'br_ln0' <Predicate = true> <Delay = 0.00>
ST_1 : Operation 22 [1/1] (0.00ns)   --->   "%j = load i32 %j_2" [new_fixedpoint2205/main.cpp:396]   --->   Operation 22 'load' 'j' <Predicate = true> <Delay = 0.00>
ST_1 : Operation 23 [1/1] (0.00ns)   --->   "%specpipeline_ln0 = specpipeline void @_ssdm_op_SpecPipeline, i32 4294967295, i32 0, i32 1, i32 0, void @p_str"   --->   Operation 23 'specpipeline' 'specpipeline_ln0' <Predicate = true> <Delay = 0.00>
ST_1 : Operation 24 [1/1] (2.47ns)   --->   "%icmp_ln396 = icmp_eq  i32 %j, i32 %add_read" [new_fixedpoint2205/main.cpp:396]   --->   Operation 24 'icmp' 'icmp_ln396' <Predicate = true> <Delay = 2.47> <CoreInst = "Cmp">   --->   Core 9 'Cmp' <Latency = 0> <II = 1> <Delay = 2.47> <FuncUnit> <Opcode : 'icmp'> <InPorts = 2> <OutPorts = 1>
ST_1 : Operation 25 [1/1] (2.55ns)   --->   "%add_ln396 = add i32 %j, i32 1" [new_fixedpoint2205/main.cpp:396]   --->   Operation 25 'add' 'add_ln396' <Predicate = true> <Delay = 2.55> <CoreInst = "Adder">   --->   Core 1 'Adder' <Latency = 0> <II = 1> <Delay = 2.55> <FuncUnit> <Opcode : 'add' 'sub'> <InPorts = 2> <OutPorts = 1>
ST_1 : Operation 26 [1/1] (0.00ns)   --->   "%br_ln396 = br i1 %icmp_ln396, void %.split, void %.loopexit.loopexit10.exitStub" [new_fixedpoint2205/main.cpp:396]   --->   Operation 26 'br' 'br_ln396' <Predicate = true> <Delay = 0.00>
ST_1 : Operation 27 [1/1] (0.00ns)   --->   "%j_2_cast = zext i32 %j" [new_fixedpoint2205/main.cpp:396]   --->   Operation 27 'zext' 'j_2_cast' <Predicate = (!icmp_ln396)> <Delay = 0.00>
ST_1 : Operation 28 [1/1] (0.00ns)   --->   "%x_near_addr = getelementptr i16 %x_near, i64 0, i64 %j_2_cast" [new_fixedpoint2205/main.cpp:398]   --->   Operation 28 'getelementptr' 'x_near_addr' <Predicate = (!icmp_ln396)> <Delay = 0.00>
ST_1 : Operation 29 [2/2] (3.25ns)   --->   "%output_stream_data_V = load i10 %x_near_addr" [new_fixedpoint2205/main.cpp:398]   --->   Operation 29 'load' 'output_stream_data_V' <Predicate = (!icmp_ln396)> <Delay = 3.25> <CoreInst = "RAM">   --->   Core 82 'RAM' <Latency = 1> <II = 1> <Delay = 3.25> <Storage> <Opcode : 'load' 'store'> <Ports = 2> <Width = 16> <Depth = 1000> <RAM>
ST_1 : Operation 30 [1/1] (2.47ns)   --->   "%output_stream_last_V = icmp_eq  i32 %j, i32 %XNearCnt_read" [new_fixedpoint2205/main.cpp:410]   --->   Operation 30 'icmp' 'output_stream_last_V' <Predicate = (!icmp_ln396)> <Delay = 2.47> <CoreInst = "Cmp">   --->   Core 9 'Cmp' <Latency = 0> <II = 1> <Delay = 2.47> <FuncUnit> <Opcode : 'icmp'> <InPorts = 2> <OutPorts = 1>
ST_1 : Operation 31 [1/1] (1.58ns)   --->   "%store_ln396 = store i32 %add_ln396, i32 %j_2" [new_fixedpoint2205/main.cpp:396]   --->   Operation 31 'store' 'store_ln396' <Predicate = (!icmp_ln396)> <Delay = 1.58>
ST_1 : Operation 37 [1/1] (0.00ns)   --->   "%ret_ln0 = ret"   --->   Operation 37 'ret' 'ret_ln0' <Predicate = (icmp_ln396)> <Delay = 0.00>

State 2 <SV = 1> <Delay = 3.25>
ST_2 : Operation 32 [1/1] (0.00ns)   --->   "%specloopname_ln396 = specloopname void @_ssdm_op_SpecLoopName, void @empty_11" [new_fixedpoint2205/main.cpp:396]   --->   Operation 32 'specloopname' 'specloopname_ln396' <Predicate = true> <Delay = 0.00>
ST_2 : Operation 33 [1/2] (3.25ns)   --->   "%output_stream_data_V = load i10 %x_near_addr" [new_fixedpoint2205/main.cpp:398]   --->   Operation 33 'load' 'output_stream_data_V' <Predicate = true> <Delay = 3.25> <CoreInst = "RAM">   --->   Core 82 'RAM' <Latency = 1> <II = 1> <Delay = 3.25> <Storage> <Opcode : 'load' 'store'> <Ports = 2> <Width = 16> <Depth = 1000> <RAM>
ST_2 : Operation 34 [1/1] (0.00ns)   --->   "%sext_ln204 = sext i16 %output_stream_data_V" [new_fixedpoint2205/main.cpp:204]   --->   Operation 34 'sext' 'sext_ln204' <Predicate = true> <Delay = 0.00>
ST_2 : Operation 35 [1/1] (0.00ns)   --->   "%write_ln304 = write void @_ssdm_op_Write.axis.volatile.i32P0A.i4P0A.i4P0A.i2P0A.i1P0A.i5P0A.i6P0A, i32 %XNearStream_V_data_V, i4 %XNearStream_V_keep_V, i4 %XNearStream_V_strb_V, i2 %XNearStream_V_user_V, i1 %XNearStream_V_last_V, i5 %XNearStream_V_id_V, i6 %XNearStream_V_dest_V, i32 %sext_ln204, i4 %output_stream_keep_V_reload_read, i4 %output_stream_strb_V_reload_read, i2 %tmp_user_V_reload_read, i1 %output_stream_last_V, i5 %tmp_id_V_reload_read, i6 %tmp_dest_V_reload_read"   --->   Operation 35 'write' 'write_ln304' <Predicate = true> <Delay = 0.00> <CoreInst = "axis">   --->   Core 115 'axis' <Latency = 0> <II = 1> <Delay = 1.00> <Adapter> <Opcode : >
ST_2 : Operation 36 [1/1] (0.00ns)   --->   "%br_ln0 = br void"   --->   Operation 36 'br' 'br_ln0' <Predicate = true> <Delay = 0.00>


============================================================
+ Verbose Summary: Timing violations
============================================================
Target clock period: 6.75ns, clock uncertainty: 1.82ns.

 <State 1>: 4.14ns
The critical path consists of the following:
	'alloca' operation ('j') [16]  (0 ns)
	'load' operation ('j', new_fixedpoint2205/main.cpp:396) on local variable 'j' [34]  (0 ns)
	'add' operation ('add_ln396', new_fixedpoint2205/main.cpp:396) [37]  (2.55 ns)
	'store' operation ('store_ln396', new_fixedpoint2205/main.cpp:396) of variable 'add_ln396', new_fixedpoint2205/main.cpp:396 on local variable 'j' [47]  (1.59 ns)

 <State 2>: 3.25ns
The critical path consists of the following:
	'load' operation ('output_stream.data.V', new_fixedpoint2205/main.cpp:398) on array 'x_near' [43]  (3.25 ns)


============================================================
+ Verbose Summary: Binding
============================================================
N/A
* FSMD analyzer results:
  - Output states:
 - Input state : 
  - Chain level:
	State 1
	State 2


============================================================
+ Verbose Summary: Datapath Resource usage 
============================================================
N/A
