

================================================================
== Vitis HLS Report for 'rrt_Pipeline_VITIS_LOOP_112_1'
================================================================
* Date:           Tue May 30 11:08:25 2023

* Version:        2021.2 (Build 3367213 on Tue Oct 19 02:47:39 MDT 2021)
* Project:        new_fixedpoint2205
* Solution:       solution1 (Vivado IP Flow Target)
* Product family: zynq
* Target device:  xc7z020-clg400-1


================================================================
== Performance Estimates
================================================================
+ Timing: 
    * Summary: 
    +--------+---------+----------+------------+
    |  Clock |  Target | Estimated| Uncertainty|
    +--------+---------+----------+------------+
    |ap_clk  |  6.75 ns|  6.312 ns|     1.82 ns|
    +--------+---------+----------+------------+

+ Latency: 
    * Summary: 
    +---------+---------+----------+----------+-----+-----+---------+
    |  Latency (cycles) |  Latency (absolute) |  Interval | Pipeline|
    |   min   |   max   |    min   |    max   | min | max |   Type  |
    +---------+---------+----------+----------+-----+-----+---------+
    |       81|       81|  0.547 us|  0.547 us|   81|   81|       no|
    +---------+---------+----------+----------+-----+-----+---------+

    + Detail: 
        * Instance: 
        N/A

        * Loop: 
        +--------------------+---------+---------+----------+-----------+-----------+------+----------+
        |                    |  Latency (cycles) | Iteration|  Initiation Interval  | Trip |          |
        |      Loop Name     |   min   |   max   |  Latency |  achieved |   target  | Count| Pipelined|
        +--------------------+---------+---------+----------+-----------+-----------+------+----------+
        |- VITIS_LOOP_112_1  |       79|       79|        75|          1|          1|     6|       yes|
        +--------------------+---------+---------+----------+-----------+-----------+------+----------+

============================================================
+ Verbose Summary: Synthesis Manager
============================================================
InlineROM: 1
ExposeGlobal: 0
============================================================
+ Verbose Summary: CDFG Model
============================================================
IsTopModel: 0
ResetActiveHigh: 1
IsCombinational: 0
IsDatapathOnly: 0
HasWiredReturn: 1
HasMFsm: 2
HasVarLatency: 1
IsPipeline: 0
IsRtlPipelined: 0
IsInstanceOverlapped: 0
IsDontTouch: 0
HasImplIP: 0
IsGatedGlobalClock: 0

+ Individual pipeline summary: 
  * Pipeline-0: initiation interval (II) = 1, depth = 75


============================================================
+ Verbose Summary: Schedule
============================================================
* Number of FSM states : 75
* Pipeline : 1
  Pipeline-0 : II = 1, D = 75, States = { 1 2 3 4 5 6 7 8 9 10 11 12 13 14 15 16 17 18 19 20 21 22 23 24 25 26 27 28 29 30 31 32 33 34 35 36 37 38 39 40 41 42 43 44 45 46 47 48 49 50 51 52 53 54 55 56 57 58 59 60 61 62 63 64 65 66 67 68 69 70 71 72 73 74 75 }
* Dataflow Pipeline: 0

* FSM state transitions: 
1 --> 2 
2 --> 3 
3 --> 4 
4 --> 5 
5 --> 6 
6 --> 7 
7 --> 8 
8 --> 9 
9 --> 10 
10 --> 11 
11 --> 12 
12 --> 13 
13 --> 14 
14 --> 15 
15 --> 16 
16 --> 17 
17 --> 18 
18 --> 19 
19 --> 20 
20 --> 21 
21 --> 22 
22 --> 23 
23 --> 24 
24 --> 25 
25 --> 26 
26 --> 27 
27 --> 28 
28 --> 29 
29 --> 30 
30 --> 31 
31 --> 32 
32 --> 33 
33 --> 34 
34 --> 35 
35 --> 36 
36 --> 37 
37 --> 38 
38 --> 39 
39 --> 40 
40 --> 41 
41 --> 42 
42 --> 43 
43 --> 44 
44 --> 45 
45 --> 46 
46 --> 47 
47 --> 48 
48 --> 49 
49 --> 50 
50 --> 51 
51 --> 52 
52 --> 53 
53 --> 54 
54 --> 55 
55 --> 56 
56 --> 57 
57 --> 58 
58 --> 59 
59 --> 60 
60 --> 61 
61 --> 62 
62 --> 63 
63 --> 64 
64 --> 65 
65 --> 66 
66 --> 67 
67 --> 68 
68 --> 69 
69 --> 70 
70 --> 71 
71 --> 72 
72 --> 73 
73 --> 74 
74 --> 75 
75 --> 

* FSM state operations: 

State 1 <SV = 0> <Delay = 6.31>
ST_1 : Operation 78 [1/1] (0.00ns)   --->   "%i_1 = alloca i32 1"   --->   Operation 78 'alloca' 'i_1' <Predicate = true> <Delay = 0.00>
ST_1 : Operation 79 [1/1] (0.00ns)   --->   "%sqrb_read = read i32 @_ssdm_op_Read.ap_auto.i32, i32 %sqrb"   --->   Operation 79 'read' 'sqrb_read' <Predicate = true> <Delay = 0.00>
ST_1 : Operation 80 [1/1] (0.00ns)   --->   "%x_new_pos_Position_y_read = read i32 @_ssdm_op_Read.ap_auto.i32, i32 %x_new_pos_Position_y"   --->   Operation 80 'read' 'x_new_pos_Position_y_read' <Predicate = true> <Delay = 0.00>
ST_1 : Operation 81 [1/1] (0.00ns)   --->   "%x_new_pos_Position_x_read = read i32 @_ssdm_op_Read.ap_auto.i32, i32 %x_new_pos_Position_x"   --->   Operation 81 'read' 'x_new_pos_Position_x_read' <Predicate = true> <Delay = 0.00>
ST_1 : Operation 82 [1/1] (0.00ns)   --->   "%Delta_y_read = read i48 @_ssdm_op_Read.ap_auto.i48, i48 %Delta_y"   --->   Operation 82 'read' 'Delta_y_read' <Predicate = true> <Delay = 0.00>
ST_1 : Operation 83 [1/1] (0.00ns)   --->   "%Delta_x_read = read i48 @_ssdm_op_Read.ap_auto.i48, i48 %Delta_x"   --->   Operation 83 'read' 'Delta_x_read' <Predicate = true> <Delay = 0.00>
ST_1 : Operation 84 [1/1] (1.58ns)   --->   "%store_ln0 = store i3 0, i3 %i_1"   --->   Operation 84 'store' 'store_ln0' <Predicate = true> <Delay = 1.58>
ST_1 : Operation 85 [1/1] (0.00ns)   --->   "%br_ln0 = br void"   --->   Operation 85 'br' 'br_ln0' <Predicate = true> <Delay = 0.00>
ST_1 : Operation 86 [1/1] (0.00ns)   --->   "%i = load i3 %i_1" [new_fixedpoint2205/main.cpp:112->new_fixedpoint2205/main.cpp:380]   --->   Operation 86 'load' 'i' <Predicate = true> <Delay = 0.00>
ST_1 : Operation 87 [1/1] (0.00ns)   --->   "%specpipeline_ln0 = specpipeline void @_ssdm_op_SpecPipeline, i32 4294967295, i32 0, i32 1, i32 0, void @p_str"   --->   Operation 87 'specpipeline' 'specpipeline_ln0' <Predicate = true> <Delay = 0.00>
ST_1 : Operation 88 [1/1] (1.13ns)   --->   "%icmp_ln112 = icmp_eq  i3 %i, i3 6" [new_fixedpoint2205/main.cpp:112->new_fixedpoint2205/main.cpp:380]   --->   Operation 88 'icmp' 'icmp_ln112' <Predicate = true> <Delay = 1.13> <CoreInst = "Cmp">   --->   Core 9 'Cmp' <Latency = 0> <II = 1> <Delay = 2.44> <FuncUnit> <Opcode : 'icmp'> <InPorts = 2> <OutPorts = 1>
ST_1 : Operation 89 [1/1] (0.00ns)   --->   "%empty = speclooptripcount i32 @_ssdm_op_SpecLoopTripCount, i64 6, i64 6, i64 6"   --->   Operation 89 'speclooptripcount' 'empty' <Predicate = true> <Delay = 0.00>
ST_1 : Operation 90 [1/1] (1.65ns)   --->   "%add_ln112 = add i3 %i, i3 1" [new_fixedpoint2205/main.cpp:112->new_fixedpoint2205/main.cpp:380]   --->   Operation 90 'add' 'add_ln112' <Predicate = true> <Delay = 1.65> <CoreInst = "Adder">   --->   Core 1 'Adder' <Latency = 0> <II = 1> <Delay = 2.55> <FuncUnit> <Opcode : 'add' 'sub'> <InPorts = 2> <OutPorts = 1>
ST_1 : Operation 91 [1/1] (0.00ns)   --->   "%br_ln112 = br i1 %icmp_ln112, void %.split.i, void %Obstacle_Freehw.exit.exitStub" [new_fixedpoint2205/main.cpp:112->new_fixedpoint2205/main.cpp:380]   --->   Operation 91 'br' 'br_ln112' <Predicate = true> <Delay = 0.00>
ST_1 : Operation 92 [1/1] (0.00ns)   --->   "%zext_ln114 = zext i3 %i" [new_fixedpoint2205/main.cpp:114->new_fixedpoint2205/main.cpp:380]   --->   Operation 92 'zext' 'zext_ln114' <Predicate = (!icmp_ln112)> <Delay = 0.00>
ST_1 : Operation 93 [7/7] (6.31ns)   --->   "%d_assign_2 = sitofp i32 %zext_ln114" [new_fixedpoint2205/main.cpp:114->new_fixedpoint2205/main.cpp:380]   --->   Operation 93 'sitofp' 'd_assign_2' <Predicate = (!icmp_ln112)> <Delay = 6.31> <CoreInst = "Int2Float">   --->   Core 62 'Int2Float' <Latency = 6> <II = 1> <Delay = 6.31> <FuncUnit> <Opcode : 'sitofp' 'uitofp'> <InPorts = 1> <OutPorts = 1>
ST_1 : Operation 94 [1/1] (1.58ns)   --->   "%store_ln112 = store i3 %add_ln112, i3 %i_1" [new_fixedpoint2205/main.cpp:112->new_fixedpoint2205/main.cpp:380]   --->   Operation 94 'store' 'store_ln112' <Predicate = (!icmp_ln112)> <Delay = 1.58>

State 2 <SV = 1> <Delay = 6.31>
ST_2 : Operation 95 [6/7] (6.31ns)   --->   "%d_assign_2 = sitofp i32 %zext_ln114" [new_fixedpoint2205/main.cpp:114->new_fixedpoint2205/main.cpp:380]   --->   Operation 95 'sitofp' 'd_assign_2' <Predicate = true> <Delay = 6.31> <CoreInst = "Int2Float">   --->   Core 62 'Int2Float' <Latency = 6> <II = 1> <Delay = 6.31> <FuncUnit> <Opcode : 'sitofp' 'uitofp'> <InPorts = 1> <OutPorts = 1>

State 3 <SV = 2> <Delay = 6.31>
ST_3 : Operation 96 [5/7] (6.31ns)   --->   "%d_assign_2 = sitofp i32 %zext_ln114" [new_fixedpoint2205/main.cpp:114->new_fixedpoint2205/main.cpp:380]   --->   Operation 96 'sitofp' 'd_assign_2' <Predicate = true> <Delay = 6.31> <CoreInst = "Int2Float">   --->   Core 62 'Int2Float' <Latency = 6> <II = 1> <Delay = 6.31> <FuncUnit> <Opcode : 'sitofp' 'uitofp'> <InPorts = 1> <OutPorts = 1>

State 4 <SV = 3> <Delay = 6.31>
ST_4 : Operation 97 [4/7] (6.31ns)   --->   "%d_assign_2 = sitofp i32 %zext_ln114" [new_fixedpoint2205/main.cpp:114->new_fixedpoint2205/main.cpp:380]   --->   Operation 97 'sitofp' 'd_assign_2' <Predicate = true> <Delay = 6.31> <CoreInst = "Int2Float">   --->   Core 62 'Int2Float' <Latency = 6> <II = 1> <Delay = 6.31> <FuncUnit> <Opcode : 'sitofp' 'uitofp'> <InPorts = 1> <OutPorts = 1>

State 5 <SV = 4> <Delay = 6.31>
ST_5 : Operation 98 [3/7] (6.31ns)   --->   "%d_assign_2 = sitofp i32 %zext_ln114" [new_fixedpoint2205/main.cpp:114->new_fixedpoint2205/main.cpp:380]   --->   Operation 98 'sitofp' 'd_assign_2' <Predicate = true> <Delay = 6.31> <CoreInst = "Int2Float">   --->   Core 62 'Int2Float' <Latency = 6> <II = 1> <Delay = 6.31> <FuncUnit> <Opcode : 'sitofp' 'uitofp'> <InPorts = 1> <OutPorts = 1>

State 6 <SV = 5> <Delay = 6.31>
ST_6 : Operation 99 [2/7] (6.31ns)   --->   "%d_assign_2 = sitofp i32 %zext_ln114" [new_fixedpoint2205/main.cpp:114->new_fixedpoint2205/main.cpp:380]   --->   Operation 99 'sitofp' 'd_assign_2' <Predicate = true> <Delay = 6.31> <CoreInst = "Int2Float">   --->   Core 62 'Int2Float' <Latency = 6> <II = 1> <Delay = 6.31> <FuncUnit> <Opcode : 'sitofp' 'uitofp'> <InPorts = 1> <OutPorts = 1>

State 7 <SV = 6> <Delay = 6.31>
ST_7 : Operation 100 [1/7] (6.31ns)   --->   "%d_assign_2 = sitofp i32 %zext_ln114" [new_fixedpoint2205/main.cpp:114->new_fixedpoint2205/main.cpp:380]   --->   Operation 100 'sitofp' 'd_assign_2' <Predicate = true> <Delay = 6.31> <CoreInst = "Int2Float">   --->   Core 62 'Int2Float' <Latency = 6> <II = 1> <Delay = 6.31> <FuncUnit> <Opcode : 'sitofp' 'uitofp'> <InPorts = 1> <OutPorts = 1>

State 8 <SV = 7> <Delay = 4.52>
ST_8 : Operation 101 [5/5] (4.35ns)   --->   "%mul_i_i = fmul i32 %d_assign_2, i32 65536" [new_fixedpoint2205/fixedpt.h:7]   --->   Operation 101 'fmul' 'mul_i_i' <Predicate = true> <Delay = 4.35> <CoreInst = "FMul_maxdsp">   --->   Core 30 'FMul_maxdsp' <Latency = 4> <II = 1> <Delay = 4.35> <FuncUnit> <Opcode : 'fmul'> <InPorts = 2> <OutPorts = 1>
ST_8 : Operation 102 [1/1] (0.00ns)   --->   "%bitcast_ln7 = bitcast i32 %d_assign_2" [new_fixedpoint2205/fixedpt.h:7]   --->   Operation 102 'bitcast' 'bitcast_ln7' <Predicate = true> <Delay = 0.00>
ST_8 : Operation 103 [1/1] (0.00ns)   --->   "%tmp = partselect i8 @_ssdm_op_PartSelect.i8.i32.i32.i32, i32 %bitcast_ln7, i32 23, i32 30" [new_fixedpoint2205/fixedpt.h:7]   --->   Operation 103 'partselect' 'tmp' <Predicate = true> <Delay = 0.00>
ST_8 : Operation 104 [1/1] (0.00ns)   --->   "%trunc_ln7 = trunc i32 %bitcast_ln7" [new_fixedpoint2205/fixedpt.h:7]   --->   Operation 104 'trunc' 'trunc_ln7' <Predicate = true> <Delay = 0.00>
ST_8 : Operation 105 [1/1] (1.55ns)   --->   "%icmp_ln7 = icmp_ne  i8 %tmp, i8 255" [new_fixedpoint2205/fixedpt.h:7]   --->   Operation 105 'icmp' 'icmp_ln7' <Predicate = true> <Delay = 1.55> <CoreInst = "Cmp">   --->   Core 9 'Cmp' <Latency = 0> <II = 1> <Delay = 2.44> <FuncUnit> <Opcode : 'icmp'> <InPorts = 2> <OutPorts = 1>
ST_8 : Operation 106 [1/1] (2.44ns)   --->   "%icmp_ln7_1 = icmp_eq  i23 %trunc_ln7, i23 0" [new_fixedpoint2205/fixedpt.h:7]   --->   Operation 106 'icmp' 'icmp_ln7_1' <Predicate = true> <Delay = 2.44> <CoreInst = "Cmp">   --->   Core 9 'Cmp' <Latency = 0> <II = 1> <Delay = 2.44> <FuncUnit> <Opcode : 'icmp'> <InPorts = 2> <OutPorts = 1>
ST_8 : Operation 107 [3/3] (4.52ns)   --->   "%tmp_s = fcmp_oge  i32 %d_assign_2, i32 0" [new_fixedpoint2205/fixedpt.h:7]   --->   Operation 107 'fcmp' 'tmp_s' <Predicate = true> <Delay = 4.52> <CoreInst = "FCompare">   --->   Core 19 'FCompare' <Latency = 2> <II = 1> <Delay = 4.52> <FuncUnit> <Opcode : 'fcmp'> <InPorts = 2> <OutPorts = 1>

State 9 <SV = 8> <Delay = 4.52>
ST_9 : Operation 108 [4/5] (4.35ns)   --->   "%mul_i_i = fmul i32 %d_assign_2, i32 65536" [new_fixedpoint2205/fixedpt.h:7]   --->   Operation 108 'fmul' 'mul_i_i' <Predicate = true> <Delay = 4.35> <CoreInst = "FMul_maxdsp">   --->   Core 30 'FMul_maxdsp' <Latency = 4> <II = 1> <Delay = 4.35> <FuncUnit> <Opcode : 'fmul'> <InPorts = 2> <OutPorts = 1>
ST_9 : Operation 109 [2/3] (4.52ns)   --->   "%tmp_s = fcmp_oge  i32 %d_assign_2, i32 0" [new_fixedpoint2205/fixedpt.h:7]   --->   Operation 109 'fcmp' 'tmp_s' <Predicate = true> <Delay = 4.52> <CoreInst = "FCompare">   --->   Core 19 'FCompare' <Latency = 2> <II = 1> <Delay = 4.52> <FuncUnit> <Opcode : 'fcmp'> <InPorts = 2> <OutPorts = 1>

State 10 <SV = 9> <Delay = 4.52>
ST_10 : Operation 110 [3/5] (4.35ns)   --->   "%mul_i_i = fmul i32 %d_assign_2, i32 65536" [new_fixedpoint2205/fixedpt.h:7]   --->   Operation 110 'fmul' 'mul_i_i' <Predicate = true> <Delay = 4.35> <CoreInst = "FMul_maxdsp">   --->   Core 30 'FMul_maxdsp' <Latency = 4> <II = 1> <Delay = 4.35> <FuncUnit> <Opcode : 'fmul'> <InPorts = 2> <OutPorts = 1>
ST_10 : Operation 111 [1/3] (4.52ns)   --->   "%tmp_s = fcmp_oge  i32 %d_assign_2, i32 0" [new_fixedpoint2205/fixedpt.h:7]   --->   Operation 111 'fcmp' 'tmp_s' <Predicate = true> <Delay = 4.52> <CoreInst = "FCompare">   --->   Core 19 'FCompare' <Latency = 2> <II = 1> <Delay = 4.52> <FuncUnit> <Opcode : 'fcmp'> <InPorts = 2> <OutPorts = 1>

State 11 <SV = 10> <Delay = 4.35>
ST_11 : Operation 112 [2/5] (4.35ns)   --->   "%mul_i_i = fmul i32 %d_assign_2, i32 65536" [new_fixedpoint2205/fixedpt.h:7]   --->   Operation 112 'fmul' 'mul_i_i' <Predicate = true> <Delay = 4.35> <CoreInst = "FMul_maxdsp">   --->   Core 30 'FMul_maxdsp' <Latency = 4> <II = 1> <Delay = 4.35> <FuncUnit> <Opcode : 'fmul'> <InPorts = 2> <OutPorts = 1>

State 12 <SV = 11> <Delay = 4.35>
ST_12 : Operation 113 [1/5] (4.35ns)   --->   "%mul_i_i = fmul i32 %d_assign_2, i32 65536" [new_fixedpoint2205/fixedpt.h:7]   --->   Operation 113 'fmul' 'mul_i_i' <Predicate = true> <Delay = 4.35> <CoreInst = "FMul_maxdsp">   --->   Core 30 'FMul_maxdsp' <Latency = 4> <II = 1> <Delay = 4.35> <FuncUnit> <Opcode : 'fmul'> <InPorts = 2> <OutPorts = 1>

State 13 <SV = 12> <Delay = 4.43>
ST_13 : Operation 114 [2/2] (4.43ns)   --->   "%conv_i_i3 = fpext i32 %mul_i_i" [new_fixedpoint2205/fixedpt.h:7]   --->   Operation 114 'fpext' 'conv_i_i3' <Predicate = true> <Delay = 4.43> <CoreInst = "Float2Double">   --->   Core 64 'Float2Double' <Latency = 1> <II = 1> <Delay = 4.43> <FuncUnit> <Opcode : 'fpext'> <InPorts = 1> <OutPorts = 1>

State 14 <SV = 13> <Delay = 4.43>
ST_14 : Operation 115 [1/2] (4.43ns)   --->   "%conv_i_i3 = fpext i32 %mul_i_i" [new_fixedpoint2205/fixedpt.h:7]   --->   Operation 115 'fpext' 'conv_i_i3' <Predicate = true> <Delay = 4.43> <CoreInst = "Float2Double">   --->   Core 64 'Float2Double' <Latency = 1> <II = 1> <Delay = 4.43> <FuncUnit> <Opcode : 'fpext'> <InPorts = 1> <OutPorts = 1>
ST_14 : Operation 116 [1/1] (0.00ns) (grouped into LUT with out node select_ln7)   --->   "%or_ln7 = or i1 %icmp_ln7_1, i1 %icmp_ln7" [new_fixedpoint2205/fixedpt.h:7]   --->   Operation 116 'or' 'or_ln7' <Predicate = true> <Delay = 0.00> <CoreInst = "LogicGate">   --->   Core 74 'LogicGate' <Latency = 0> <II = 1> <Delay = 0.97> <FuncUnit> <Opcode : 'and' 'or' 'xor'> <InPorts = 2> <OutPorts = 1>
ST_14 : Operation 117 [1/1] (0.00ns) (grouped into LUT with out node select_ln7)   --->   "%and_ln7 = and i1 %or_ln7, i1 %tmp_s" [new_fixedpoint2205/fixedpt.h:7]   --->   Operation 117 'and' 'and_ln7' <Predicate = true> <Delay = 0.00> <CoreInst = "LogicGate">   --->   Core 74 'LogicGate' <Latency = 0> <II = 1> <Delay = 0.97> <FuncUnit> <Opcode : 'and' 'or' 'xor'> <InPorts = 2> <OutPorts = 1>
ST_14 : Operation 118 [1/1] (1.48ns) (out node of the LUT)   --->   "%select_ln7 = select i1 %and_ln7, i64 0.5, i64 -0.5" [new_fixedpoint2205/fixedpt.h:7]   --->   Operation 118 'select' 'select_ln7' <Predicate = true> <Delay = 1.48> <CoreInst = "Sel">   --->   Core 73 'Sel' <Latency = 0> <II = 1> <Delay = 0.69> <FuncUnit> <Opcode : 'select'> <InPorts = 3> <OutPorts = 1>

State 15 <SV = 14> <Delay = 4.82>
ST_15 : Operation 119 [12/12] (4.82ns)   --->   "%dc = dadd i64 %conv_i_i3, i64 %select_ln7" [new_fixedpoint2205/fixedpt.h:7]   --->   Operation 119 'dadd' 'dc' <Predicate = true> <Delay = 4.82> <CoreInst = "DAddSub_fulldsp">   --->   Core 37 'DAddSub_fulldsp' <Latency = 11> <II = 1> <Delay = 4.82> <FuncUnit> <Opcode : 'dadd' 'dsub'> <InPorts = 2> <OutPorts = 1>

State 16 <SV = 15> <Delay = 4.82>
ST_16 : Operation 120 [11/12] (4.82ns)   --->   "%dc = dadd i64 %conv_i_i3, i64 %select_ln7" [new_fixedpoint2205/fixedpt.h:7]   --->   Operation 120 'dadd' 'dc' <Predicate = true> <Delay = 4.82> <CoreInst = "DAddSub_fulldsp">   --->   Core 37 'DAddSub_fulldsp' <Latency = 11> <II = 1> <Delay = 4.82> <FuncUnit> <Opcode : 'dadd' 'dsub'> <InPorts = 2> <OutPorts = 1>

State 17 <SV = 16> <Delay = 4.82>
ST_17 : Operation 121 [10/12] (4.82ns)   --->   "%dc = dadd i64 %conv_i_i3, i64 %select_ln7" [new_fixedpoint2205/fixedpt.h:7]   --->   Operation 121 'dadd' 'dc' <Predicate = true> <Delay = 4.82> <CoreInst = "DAddSub_fulldsp">   --->   Core 37 'DAddSub_fulldsp' <Latency = 11> <II = 1> <Delay = 4.82> <FuncUnit> <Opcode : 'dadd' 'dsub'> <InPorts = 2> <OutPorts = 1>

State 18 <SV = 17> <Delay = 4.82>
ST_18 : Operation 122 [9/12] (4.82ns)   --->   "%dc = dadd i64 %conv_i_i3, i64 %select_ln7" [new_fixedpoint2205/fixedpt.h:7]   --->   Operation 122 'dadd' 'dc' <Predicate = true> <Delay = 4.82> <CoreInst = "DAddSub_fulldsp">   --->   Core 37 'DAddSub_fulldsp' <Latency = 11> <II = 1> <Delay = 4.82> <FuncUnit> <Opcode : 'dadd' 'dsub'> <InPorts = 2> <OutPorts = 1>

State 19 <SV = 18> <Delay = 4.82>
ST_19 : Operation 123 [8/12] (4.82ns)   --->   "%dc = dadd i64 %conv_i_i3, i64 %select_ln7" [new_fixedpoint2205/fixedpt.h:7]   --->   Operation 123 'dadd' 'dc' <Predicate = true> <Delay = 4.82> <CoreInst = "DAddSub_fulldsp">   --->   Core 37 'DAddSub_fulldsp' <Latency = 11> <II = 1> <Delay = 4.82> <FuncUnit> <Opcode : 'dadd' 'dsub'> <InPorts = 2> <OutPorts = 1>

State 20 <SV = 19> <Delay = 4.82>
ST_20 : Operation 124 [7/12] (4.82ns)   --->   "%dc = dadd i64 %conv_i_i3, i64 %select_ln7" [new_fixedpoint2205/fixedpt.h:7]   --->   Operation 124 'dadd' 'dc' <Predicate = true> <Delay = 4.82> <CoreInst = "DAddSub_fulldsp">   --->   Core 37 'DAddSub_fulldsp' <Latency = 11> <II = 1> <Delay = 4.82> <FuncUnit> <Opcode : 'dadd' 'dsub'> <InPorts = 2> <OutPorts = 1>

State 21 <SV = 20> <Delay = 4.82>
ST_21 : Operation 125 [6/12] (4.82ns)   --->   "%dc = dadd i64 %conv_i_i3, i64 %select_ln7" [new_fixedpoint2205/fixedpt.h:7]   --->   Operation 125 'dadd' 'dc' <Predicate = true> <Delay = 4.82> <CoreInst = "DAddSub_fulldsp">   --->   Core 37 'DAddSub_fulldsp' <Latency = 11> <II = 1> <Delay = 4.82> <FuncUnit> <Opcode : 'dadd' 'dsub'> <InPorts = 2> <OutPorts = 1>

State 22 <SV = 21> <Delay = 4.82>
ST_22 : Operation 126 [5/12] (4.82ns)   --->   "%dc = dadd i64 %conv_i_i3, i64 %select_ln7" [new_fixedpoint2205/fixedpt.h:7]   --->   Operation 126 'dadd' 'dc' <Predicate = true> <Delay = 4.82> <CoreInst = "DAddSub_fulldsp">   --->   Core 37 'DAddSub_fulldsp' <Latency = 11> <II = 1> <Delay = 4.82> <FuncUnit> <Opcode : 'dadd' 'dsub'> <InPorts = 2> <OutPorts = 1>

State 23 <SV = 22> <Delay = 4.82>
ST_23 : Operation 127 [4/12] (4.82ns)   --->   "%dc = dadd i64 %conv_i_i3, i64 %select_ln7" [new_fixedpoint2205/fixedpt.h:7]   --->   Operation 127 'dadd' 'dc' <Predicate = true> <Delay = 4.82> <CoreInst = "DAddSub_fulldsp">   --->   Core 37 'DAddSub_fulldsp' <Latency = 11> <II = 1> <Delay = 4.82> <FuncUnit> <Opcode : 'dadd' 'dsub'> <InPorts = 2> <OutPorts = 1>

State 24 <SV = 23> <Delay = 4.82>
ST_24 : Operation 128 [3/12] (4.82ns)   --->   "%dc = dadd i64 %conv_i_i3, i64 %select_ln7" [new_fixedpoint2205/fixedpt.h:7]   --->   Operation 128 'dadd' 'dc' <Predicate = true> <Delay = 4.82> <CoreInst = "DAddSub_fulldsp">   --->   Core 37 'DAddSub_fulldsp' <Latency = 11> <II = 1> <Delay = 4.82> <FuncUnit> <Opcode : 'dadd' 'dsub'> <InPorts = 2> <OutPorts = 1>

State 25 <SV = 24> <Delay = 4.82>
ST_25 : Operation 129 [2/12] (4.82ns)   --->   "%dc = dadd i64 %conv_i_i3, i64 %select_ln7" [new_fixedpoint2205/fixedpt.h:7]   --->   Operation 129 'dadd' 'dc' <Predicate = true> <Delay = 4.82> <CoreInst = "DAddSub_fulldsp">   --->   Core 37 'DAddSub_fulldsp' <Latency = 11> <II = 1> <Delay = 4.82> <FuncUnit> <Opcode : 'dadd' 'dsub'> <InPorts = 2> <OutPorts = 1>

State 26 <SV = 25> <Delay = 4.82>
ST_26 : Operation 130 [1/12] (4.82ns)   --->   "%dc = dadd i64 %conv_i_i3, i64 %select_ln7" [new_fixedpoint2205/fixedpt.h:7]   --->   Operation 130 'dadd' 'dc' <Predicate = true> <Delay = 4.82> <CoreInst = "DAddSub_fulldsp">   --->   Core 37 'DAddSub_fulldsp' <Latency = 11> <II = 1> <Delay = 4.82> <FuncUnit> <Opcode : 'dadd' 'dsub'> <InPorts = 2> <OutPorts = 1>

State 27 <SV = 26> <Delay = 2.33>
ST_27 : Operation 131 [1/1] (0.00ns)   --->   "%data_V = bitcast i64 %dc" [/wrk/ci/prod/2021.2/rdi_builds/continuous/2021_10_19_3367213/src/shared/hls/clib/src/hls/utils/x_hls_utils.h:486]   --->   Operation 131 'bitcast' 'data_V' <Predicate = true> <Delay = 0.00>
ST_27 : Operation 132 [1/1] (0.00ns)   --->   "%p_Result_s = bitselect i1 @_ssdm_op_BitSelect.i1.i64.i32, i64 %data_V, i32 63"   --->   Operation 132 'bitselect' 'p_Result_s' <Predicate = true> <Delay = 0.00>
ST_27 : Operation 133 [1/1] (0.00ns)   --->   "%tmp_15 = partselect i11 @_ssdm_op_PartSelect.i11.i64.i32.i32, i64 %data_V, i32 52, i32 62"   --->   Operation 133 'partselect' 'tmp_15' <Predicate = true> <Delay = 0.00>
ST_27 : Operation 134 [1/1] (0.00ns)   --->   "%tmp_16 = trunc i64 %data_V"   --->   Operation 134 'trunc' 'tmp_16' <Predicate = true> <Delay = 0.00>
ST_27 : Operation 135 [1/1] (0.00ns)   --->   "%zext_ln513 = zext i11 %tmp_15" [/wrk/ci/prod/2021.2/rdi_builds/continuous/2021_10_19_3367213/src/shared/hls/clib/src/hls/utils/x_hls_utils.h:513]   --->   Operation 135 'zext' 'zext_ln513' <Predicate = true> <Delay = 0.00>
ST_27 : Operation 136 [1/1] (1.63ns)   --->   "%add_ln513 = add i12 %zext_ln513, i12 3073" [/wrk/ci/prod/2021.2/rdi_builds/continuous/2021_10_19_3367213/src/shared/hls/clib/src/hls/utils/x_hls_utils.h:513]   --->   Operation 136 'add' 'add_ln513' <Predicate = true> <Delay = 1.63> <CoreInst = "Adder">   --->   Core 1 'Adder' <Latency = 0> <II = 1> <Delay = 2.55> <FuncUnit> <Opcode : 'add' 'sub'> <InPorts = 2> <OutPorts = 1>
ST_27 : Operation 137 [1/1] (0.00ns)   --->   "%isNeg = bitselect i1 @_ssdm_op_BitSelect.i1.i12.i32, i12 %add_ln513, i32 11"   --->   Operation 137 'bitselect' 'isNeg' <Predicate = true> <Delay = 0.00>
ST_27 : Operation 138 [1/1] (1.63ns)   --->   "%sub_ln1364 = sub i11 1023, i11 %tmp_15"   --->   Operation 138 'sub' 'sub_ln1364' <Predicate = true> <Delay = 1.63> <CoreInst = "Adder">   --->   Core 1 'Adder' <Latency = 0> <II = 1> <Delay = 2.55> <FuncUnit> <Opcode : 'add' 'sub'> <InPorts = 2> <OutPorts = 1>
ST_27 : Operation 139 [1/1] (0.00ns)   --->   "%sext_ln1364 = sext i11 %sub_ln1364"   --->   Operation 139 'sext' 'sext_ln1364' <Predicate = true> <Delay = 0.00>
ST_27 : Operation 140 [1/1] (0.69ns)   --->   "%ush = select i1 %isNeg, i12 %sext_ln1364, i12 %add_ln513"   --->   Operation 140 'select' 'ush' <Predicate = true> <Delay = 0.69> <CoreInst = "Sel">   --->   Core 73 'Sel' <Latency = 0> <II = 1> <Delay = 0.69> <FuncUnit> <Opcode : 'select'> <InPorts = 3> <OutPorts = 1>

State 28 <SV = 27> <Delay = 4.61>
ST_28 : Operation 141 [1/1] (0.00ns)   --->   "%mantissa = bitconcatenate i54 @_ssdm_op_BitConcatenate.i54.i1.i52.i1, i1 1, i52 %tmp_16, i1 0"   --->   Operation 141 'bitconcatenate' 'mantissa' <Predicate = true> <Delay = 0.00>
ST_28 : Operation 142 [1/1] (0.00ns)   --->   "%zext_ln15 = zext i54 %mantissa" [/wrk/ci/prod/2021.2/rdi_builds/continuous/2021_10_19_3367213/src/shared/hls/clib/hlsmath/include/FloatingPoint/hls_case_IEEE754.h:15]   --->   Operation 142 'zext' 'zext_ln15' <Predicate = true> <Delay = 0.00>
ST_28 : Operation 143 [1/1] (0.00ns)   --->   "%sext_ln1340 = sext i12 %ush"   --->   Operation 143 'sext' 'sext_ln1340' <Predicate = true> <Delay = 0.00>
ST_28 : Operation 144 [1/1] (0.00ns)   --->   "%zext_ln1340 = zext i32 %sext_ln1340"   --->   Operation 144 'zext' 'zext_ln1340' <Predicate = true> <Delay = 0.00>
ST_28 : Operation 145 [1/1] (0.00ns) (grouped into LUT with out node val)   --->   "%r_V = lshr i137 %zext_ln15, i137 %zext_ln1340"   --->   Operation 145 'lshr' 'r_V' <Predicate = (isNeg)> <Delay = 0.00> <CoreInst = "Shifter">   --->   Core 75 'Shifter' <Latency = 0> <II = 1> <Delay = 4.61> <FuncUnit> <Opcode : 'shl' 'lshr' 'ashr'> <InPorts = 2> <OutPorts = 1>
ST_28 : Operation 146 [1/1] (0.00ns) (grouped into LUT with out node val)   --->   "%r_V_4 = shl i137 %zext_ln15, i137 %zext_ln1340"   --->   Operation 146 'shl' 'r_V_4' <Predicate = (!isNeg)> <Delay = 0.00> <CoreInst = "Shifter">   --->   Core 75 'Shifter' <Latency = 0> <II = 1> <Delay = 4.61> <FuncUnit> <Opcode : 'shl' 'lshr' 'ashr'> <InPorts = 2> <OutPorts = 1>
ST_28 : Operation 147 [1/1] (0.00ns) (grouped into LUT with out node val)   --->   "%tmp_14 = bitselect i1 @_ssdm_op_BitSelect.i1.i137.i32, i137 %r_V, i32 53"   --->   Operation 147 'bitselect' 'tmp_14' <Predicate = (isNeg)> <Delay = 0.00>
ST_28 : Operation 148 [1/1] (0.00ns) (grouped into LUT with out node val)   --->   "%zext_ln671 = zext i1 %tmp_14"   --->   Operation 148 'zext' 'zext_ln671' <Predicate = (isNeg)> <Delay = 0.00>
ST_28 : Operation 149 [1/1] (0.00ns) (grouped into LUT with out node val)   --->   "%tmp_4 = partselect i32 @_ssdm_op_PartSelect.i32.i137.i32.i32, i137 %r_V_4, i32 53, i32 84"   --->   Operation 149 'partselect' 'tmp_4' <Predicate = (!isNeg)> <Delay = 0.00>
ST_28 : Operation 150 [1/1] (4.61ns) (out node of the LUT)   --->   "%val = select i1 %isNeg, i32 %zext_ln671, i32 %tmp_4"   --->   Operation 150 'select' 'val' <Predicate = true> <Delay = 4.61> <CoreInst = "Sel">   --->   Core 73 'Sel' <Latency = 0> <II = 1> <Delay = 0.69> <FuncUnit> <Opcode : 'select'> <InPorts = 3> <OutPorts = 1>

State 29 <SV = 28> <Delay = 3.25>
ST_29 : Operation 151 [1/1] (2.55ns)   --->   "%result_V_6 = sub i32 0, i32 %val"   --->   Operation 151 'sub' 'result_V_6' <Predicate = (p_Result_s)> <Delay = 2.55> <CoreInst = "Adder">   --->   Core 1 'Adder' <Latency = 0> <II = 1> <Delay = 2.55> <FuncUnit> <Opcode : 'add' 'sub'> <InPorts = 2> <OutPorts = 1>
ST_29 : Operation 152 [1/1] (0.69ns)   --->   "%result_V = select i1 %p_Result_s, i32 %result_V_6, i32 %val" [/wrk/ci/prod/2021.2/rdi_builds/continuous/2021_10_19_3367213/src/shared/hls/clib/hlsmath/include/FloatingPoint/hls_case_IEEE754.h:59]   --->   Operation 152 'select' 'result_V' <Predicate = true> <Delay = 0.69> <CoreInst = "Sel">   --->   Core 73 'Sel' <Latency = 0> <II = 1> <Delay = 0.69> <FuncUnit> <Opcode : 'select'> <InPorts = 3> <OutPorts = 1>

State 30 <SV = 29> <Delay = 3.94>
ST_30 : Operation 153 [1/1] (0.00ns)   --->   "%sext_ln34 = sext i32 %result_V" [new_fixedpoint2205/fixedpt.h:34]   --->   Operation 153 'sext' 'sext_ln34' <Predicate = true> <Delay = 0.00>
ST_30 : Operation 154 [3/3] (3.94ns)   --->   "%mul_ln34 = mul i48 %sext_ln34, i48 %Delta_x_read" [new_fixedpoint2205/fixedpt.h:34]   --->   Operation 154 'mul' 'mul_ln34' <Predicate = true> <Delay = 3.94> <CoreInst = "Mul_DSP">   --->   Core 5 'Mul_DSP' <Latency = 2> <II = 1> <Delay = 3.94> <FuncUnit> <Opcode : 'mul'> <InPorts = 2> <OutPorts = 1>
ST_30 : Operation 155 [3/3] (3.94ns)   --->   "%mul_ln34_2 = mul i48 %sext_ln34, i48 %Delta_y_read" [new_fixedpoint2205/fixedpt.h:34]   --->   Operation 155 'mul' 'mul_ln34_2' <Predicate = true> <Delay = 3.94> <CoreInst = "Mul_DSP">   --->   Core 5 'Mul_DSP' <Latency = 2> <II = 1> <Delay = 3.94> <FuncUnit> <Opcode : 'mul'> <InPorts = 2> <OutPorts = 1>

State 31 <SV = 30> <Delay = 3.94>
ST_31 : Operation 156 [2/3] (3.94ns)   --->   "%mul_ln34 = mul i48 %sext_ln34, i48 %Delta_x_read" [new_fixedpoint2205/fixedpt.h:34]   --->   Operation 156 'mul' 'mul_ln34' <Predicate = true> <Delay = 3.94> <CoreInst = "Mul_DSP">   --->   Core 5 'Mul_DSP' <Latency = 2> <II = 1> <Delay = 3.94> <FuncUnit> <Opcode : 'mul'> <InPorts = 2> <OutPorts = 1>
ST_31 : Operation 157 [2/3] (3.94ns)   --->   "%mul_ln34_2 = mul i48 %sext_ln34, i48 %Delta_y_read" [new_fixedpoint2205/fixedpt.h:34]   --->   Operation 157 'mul' 'mul_ln34_2' <Predicate = true> <Delay = 3.94> <CoreInst = "Mul_DSP">   --->   Core 5 'Mul_DSP' <Latency = 2> <II = 1> <Delay = 3.94> <FuncUnit> <Opcode : 'mul'> <InPorts = 2> <OutPorts = 1>

State 32 <SV = 31> <Delay = 3.94>
ST_32 : Operation 158 [1/3] (3.94ns)   --->   "%mul_ln34 = mul i48 %sext_ln34, i48 %Delta_x_read" [new_fixedpoint2205/fixedpt.h:34]   --->   Operation 158 'mul' 'mul_ln34' <Predicate = true> <Delay = 3.94> <CoreInst = "Mul_DSP">   --->   Core 5 'Mul_DSP' <Latency = 2> <II = 1> <Delay = 3.94> <FuncUnit> <Opcode : 'mul'> <InPorts = 2> <OutPorts = 1>
ST_32 : Operation 159 [1/1] (0.00ns)   --->   "%dx = partselect i32 @_ssdm_op_PartSelect.i32.i48.i32.i32, i48 %mul_ln34, i32 16, i32 47" [new_fixedpoint2205/fixedpt.h:34]   --->   Operation 159 'partselect' 'dx' <Predicate = true> <Delay = 0.00>
ST_32 : Operation 160 [1/3] (3.94ns)   --->   "%mul_ln34_2 = mul i48 %sext_ln34, i48 %Delta_y_read" [new_fixedpoint2205/fixedpt.h:34]   --->   Operation 160 'mul' 'mul_ln34_2' <Predicate = true> <Delay = 3.94> <CoreInst = "Mul_DSP">   --->   Core 5 'Mul_DSP' <Latency = 2> <II = 1> <Delay = 3.94> <FuncUnit> <Opcode : 'mul'> <InPorts = 2> <OutPorts = 1>
ST_32 : Operation 161 [1/1] (0.00ns)   --->   "%dy = partselect i32 @_ssdm_op_PartSelect.i32.i48.i32.i32, i48 %mul_ln34_2, i32 16, i32 47" [new_fixedpoint2205/fixedpt.h:34]   --->   Operation 161 'partselect' 'dy' <Predicate = true> <Delay = 0.00>

State 33 <SV = 32> <Delay = 2.55>
ST_33 : Operation 162 [1/1] (2.55ns)   --->   "%add_ln118 = add i32 %dx, i32 %x_new_pos_Position_x_read" [new_fixedpoint2205/main.cpp:118->new_fixedpoint2205/main.cpp:380]   --->   Operation 162 'add' 'add_ln118' <Predicate = true> <Delay = 2.55> <CoreInst = "Adder">   --->   Core 1 'Adder' <Latency = 0> <II = 1> <Delay = 2.55> <FuncUnit> <Opcode : 'add' 'sub'> <InPorts = 2> <OutPorts = 1>
ST_33 : Operation 163 [1/1] (2.55ns)   --->   "%add_ln119 = add i32 %dy, i32 %x_new_pos_Position_y_read" [new_fixedpoint2205/main.cpp:119->new_fixedpoint2205/main.cpp:380]   --->   Operation 163 'add' 'add_ln119' <Predicate = true> <Delay = 2.55> <CoreInst = "Adder">   --->   Core 1 'Adder' <Latency = 0> <II = 1> <Delay = 2.55> <FuncUnit> <Opcode : 'add' 'sub'> <InPorts = 2> <OutPorts = 1>

State 34 <SV = 33> <Delay = 4.92>
ST_34 : Operation 164 [41/41] (4.92ns)   --->   "%tmp_i = call i1 @Collision_detectedhw, i32 %add_ln118, i32 %add_ln119, i32 %sqrb_read" [new_fixedpoint2205/main.cpp:122->new_fixedpoint2205/main.cpp:380]   --->   Operation 164 'call' 'tmp_i' <Predicate = true> <Delay = 4.92> <CoreType = "Generic">   --->   Core 0 '' <Latency = 0> <II = 1> <Delay = 1.00> <Generic> <Opcode : >

State 35 <SV = 34> <Delay = 4.92>
ST_35 : Operation 165 [40/41] (4.92ns)   --->   "%tmp_i = call i1 @Collision_detectedhw, i32 %add_ln118, i32 %add_ln119, i32 %sqrb_read" [new_fixedpoint2205/main.cpp:122->new_fixedpoint2205/main.cpp:380]   --->   Operation 165 'call' 'tmp_i' <Predicate = true> <Delay = 4.92> <CoreType = "Generic">   --->   Core 0 '' <Latency = 0> <II = 1> <Delay = 1.00> <Generic> <Opcode : >

State 36 <SV = 35> <Delay = 4.92>
ST_36 : Operation 166 [39/41] (4.92ns)   --->   "%tmp_i = call i1 @Collision_detectedhw, i32 %add_ln118, i32 %add_ln119, i32 %sqrb_read" [new_fixedpoint2205/main.cpp:122->new_fixedpoint2205/main.cpp:380]   --->   Operation 166 'call' 'tmp_i' <Predicate = true> <Delay = 4.92> <CoreType = "Generic">   --->   Core 0 '' <Latency = 0> <II = 1> <Delay = 1.00> <Generic> <Opcode : >

State 37 <SV = 36> <Delay = 4.92>
ST_37 : Operation 167 [38/41] (4.92ns)   --->   "%tmp_i = call i1 @Collision_detectedhw, i32 %add_ln118, i32 %add_ln119, i32 %sqrb_read" [new_fixedpoint2205/main.cpp:122->new_fixedpoint2205/main.cpp:380]   --->   Operation 167 'call' 'tmp_i' <Predicate = true> <Delay = 4.92> <CoreType = "Generic">   --->   Core 0 '' <Latency = 0> <II = 1> <Delay = 1.00> <Generic> <Opcode : >

State 38 <SV = 37> <Delay = 4.92>
ST_38 : Operation 168 [37/41] (4.92ns)   --->   "%tmp_i = call i1 @Collision_detectedhw, i32 %add_ln118, i32 %add_ln119, i32 %sqrb_read" [new_fixedpoint2205/main.cpp:122->new_fixedpoint2205/main.cpp:380]   --->   Operation 168 'call' 'tmp_i' <Predicate = true> <Delay = 4.92> <CoreType = "Generic">   --->   Core 0 '' <Latency = 0> <II = 1> <Delay = 1.00> <Generic> <Opcode : >

State 39 <SV = 38> <Delay = 4.92>
ST_39 : Operation 169 [36/41] (4.92ns)   --->   "%tmp_i = call i1 @Collision_detectedhw, i32 %add_ln118, i32 %add_ln119, i32 %sqrb_read" [new_fixedpoint2205/main.cpp:122->new_fixedpoint2205/main.cpp:380]   --->   Operation 169 'call' 'tmp_i' <Predicate = true> <Delay = 4.92> <CoreType = "Generic">   --->   Core 0 '' <Latency = 0> <II = 1> <Delay = 1.00> <Generic> <Opcode : >

State 40 <SV = 39> <Delay = 4.92>
ST_40 : Operation 170 [35/41] (4.92ns)   --->   "%tmp_i = call i1 @Collision_detectedhw, i32 %add_ln118, i32 %add_ln119, i32 %sqrb_read" [new_fixedpoint2205/main.cpp:122->new_fixedpoint2205/main.cpp:380]   --->   Operation 170 'call' 'tmp_i' <Predicate = true> <Delay = 4.92> <CoreType = "Generic">   --->   Core 0 '' <Latency = 0> <II = 1> <Delay = 1.00> <Generic> <Opcode : >

State 41 <SV = 40> <Delay = 4.92>
ST_41 : Operation 171 [34/41] (4.92ns)   --->   "%tmp_i = call i1 @Collision_detectedhw, i32 %add_ln118, i32 %add_ln119, i32 %sqrb_read" [new_fixedpoint2205/main.cpp:122->new_fixedpoint2205/main.cpp:380]   --->   Operation 171 'call' 'tmp_i' <Predicate = true> <Delay = 4.92> <CoreType = "Generic">   --->   Core 0 '' <Latency = 0> <II = 1> <Delay = 1.00> <Generic> <Opcode : >

State 42 <SV = 41> <Delay = 4.92>
ST_42 : Operation 172 [33/41] (4.92ns)   --->   "%tmp_i = call i1 @Collision_detectedhw, i32 %add_ln118, i32 %add_ln119, i32 %sqrb_read" [new_fixedpoint2205/main.cpp:122->new_fixedpoint2205/main.cpp:380]   --->   Operation 172 'call' 'tmp_i' <Predicate = true> <Delay = 4.92> <CoreType = "Generic">   --->   Core 0 '' <Latency = 0> <II = 1> <Delay = 1.00> <Generic> <Opcode : >

State 43 <SV = 42> <Delay = 4.92>
ST_43 : Operation 173 [32/41] (4.92ns)   --->   "%tmp_i = call i1 @Collision_detectedhw, i32 %add_ln118, i32 %add_ln119, i32 %sqrb_read" [new_fixedpoint2205/main.cpp:122->new_fixedpoint2205/main.cpp:380]   --->   Operation 173 'call' 'tmp_i' <Predicate = true> <Delay = 4.92> <CoreType = "Generic">   --->   Core 0 '' <Latency = 0> <II = 1> <Delay = 1.00> <Generic> <Opcode : >

State 44 <SV = 43> <Delay = 4.92>
ST_44 : Operation 174 [31/41] (4.92ns)   --->   "%tmp_i = call i1 @Collision_detectedhw, i32 %add_ln118, i32 %add_ln119, i32 %sqrb_read" [new_fixedpoint2205/main.cpp:122->new_fixedpoint2205/main.cpp:380]   --->   Operation 174 'call' 'tmp_i' <Predicate = true> <Delay = 4.92> <CoreType = "Generic">   --->   Core 0 '' <Latency = 0> <II = 1> <Delay = 1.00> <Generic> <Opcode : >

State 45 <SV = 44> <Delay = 4.92>
ST_45 : Operation 175 [30/41] (4.92ns)   --->   "%tmp_i = call i1 @Collision_detectedhw, i32 %add_ln118, i32 %add_ln119, i32 %sqrb_read" [new_fixedpoint2205/main.cpp:122->new_fixedpoint2205/main.cpp:380]   --->   Operation 175 'call' 'tmp_i' <Predicate = true> <Delay = 4.92> <CoreType = "Generic">   --->   Core 0 '' <Latency = 0> <II = 1> <Delay = 1.00> <Generic> <Opcode : >

State 46 <SV = 45> <Delay = 4.92>
ST_46 : Operation 176 [29/41] (4.92ns)   --->   "%tmp_i = call i1 @Collision_detectedhw, i32 %add_ln118, i32 %add_ln119, i32 %sqrb_read" [new_fixedpoint2205/main.cpp:122->new_fixedpoint2205/main.cpp:380]   --->   Operation 176 'call' 'tmp_i' <Predicate = true> <Delay = 4.92> <CoreType = "Generic">   --->   Core 0 '' <Latency = 0> <II = 1> <Delay = 1.00> <Generic> <Opcode : >

State 47 <SV = 46> <Delay = 4.92>
ST_47 : Operation 177 [28/41] (4.92ns)   --->   "%tmp_i = call i1 @Collision_detectedhw, i32 %add_ln118, i32 %add_ln119, i32 %sqrb_read" [new_fixedpoint2205/main.cpp:122->new_fixedpoint2205/main.cpp:380]   --->   Operation 177 'call' 'tmp_i' <Predicate = true> <Delay = 4.92> <CoreType = "Generic">   --->   Core 0 '' <Latency = 0> <II = 1> <Delay = 1.00> <Generic> <Opcode : >

State 48 <SV = 47> <Delay = 4.92>
ST_48 : Operation 178 [27/41] (4.92ns)   --->   "%tmp_i = call i1 @Collision_detectedhw, i32 %add_ln118, i32 %add_ln119, i32 %sqrb_read" [new_fixedpoint2205/main.cpp:122->new_fixedpoint2205/main.cpp:380]   --->   Operation 178 'call' 'tmp_i' <Predicate = true> <Delay = 4.92> <CoreType = "Generic">   --->   Core 0 '' <Latency = 0> <II = 1> <Delay = 1.00> <Generic> <Opcode : >

State 49 <SV = 48> <Delay = 4.92>
ST_49 : Operation 179 [26/41] (4.92ns)   --->   "%tmp_i = call i1 @Collision_detectedhw, i32 %add_ln118, i32 %add_ln119, i32 %sqrb_read" [new_fixedpoint2205/main.cpp:122->new_fixedpoint2205/main.cpp:380]   --->   Operation 179 'call' 'tmp_i' <Predicate = true> <Delay = 4.92> <CoreType = "Generic">   --->   Core 0 '' <Latency = 0> <II = 1> <Delay = 1.00> <Generic> <Opcode : >

State 50 <SV = 49> <Delay = 4.92>
ST_50 : Operation 180 [25/41] (4.92ns)   --->   "%tmp_i = call i1 @Collision_detectedhw, i32 %add_ln118, i32 %add_ln119, i32 %sqrb_read" [new_fixedpoint2205/main.cpp:122->new_fixedpoint2205/main.cpp:380]   --->   Operation 180 'call' 'tmp_i' <Predicate = true> <Delay = 4.92> <CoreType = "Generic">   --->   Core 0 '' <Latency = 0> <II = 1> <Delay = 1.00> <Generic> <Opcode : >

State 51 <SV = 50> <Delay = 4.92>
ST_51 : Operation 181 [24/41] (4.92ns)   --->   "%tmp_i = call i1 @Collision_detectedhw, i32 %add_ln118, i32 %add_ln119, i32 %sqrb_read" [new_fixedpoint2205/main.cpp:122->new_fixedpoint2205/main.cpp:380]   --->   Operation 181 'call' 'tmp_i' <Predicate = true> <Delay = 4.92> <CoreType = "Generic">   --->   Core 0 '' <Latency = 0> <II = 1> <Delay = 1.00> <Generic> <Opcode : >

State 52 <SV = 51> <Delay = 4.92>
ST_52 : Operation 182 [23/41] (4.92ns)   --->   "%tmp_i = call i1 @Collision_detectedhw, i32 %add_ln118, i32 %add_ln119, i32 %sqrb_read" [new_fixedpoint2205/main.cpp:122->new_fixedpoint2205/main.cpp:380]   --->   Operation 182 'call' 'tmp_i' <Predicate = true> <Delay = 4.92> <CoreType = "Generic">   --->   Core 0 '' <Latency = 0> <II = 1> <Delay = 1.00> <Generic> <Opcode : >

State 53 <SV = 52> <Delay = 4.92>
ST_53 : Operation 183 [22/41] (4.92ns)   --->   "%tmp_i = call i1 @Collision_detectedhw, i32 %add_ln118, i32 %add_ln119, i32 %sqrb_read" [new_fixedpoint2205/main.cpp:122->new_fixedpoint2205/main.cpp:380]   --->   Operation 183 'call' 'tmp_i' <Predicate = true> <Delay = 4.92> <CoreType = "Generic">   --->   Core 0 '' <Latency = 0> <II = 1> <Delay = 1.00> <Generic> <Opcode : >

State 54 <SV = 53> <Delay = 4.92>
ST_54 : Operation 184 [21/41] (4.92ns)   --->   "%tmp_i = call i1 @Collision_detectedhw, i32 %add_ln118, i32 %add_ln119, i32 %sqrb_read" [new_fixedpoint2205/main.cpp:122->new_fixedpoint2205/main.cpp:380]   --->   Operation 184 'call' 'tmp_i' <Predicate = true> <Delay = 4.92> <CoreType = "Generic">   --->   Core 0 '' <Latency = 0> <II = 1> <Delay = 1.00> <Generic> <Opcode : >

State 55 <SV = 54> <Delay = 4.92>
ST_55 : Operation 185 [20/41] (4.92ns)   --->   "%tmp_i = call i1 @Collision_detectedhw, i32 %add_ln118, i32 %add_ln119, i32 %sqrb_read" [new_fixedpoint2205/main.cpp:122->new_fixedpoint2205/main.cpp:380]   --->   Operation 185 'call' 'tmp_i' <Predicate = true> <Delay = 4.92> <CoreType = "Generic">   --->   Core 0 '' <Latency = 0> <II = 1> <Delay = 1.00> <Generic> <Opcode : >

State 56 <SV = 55> <Delay = 4.92>
ST_56 : Operation 186 [19/41] (4.92ns)   --->   "%tmp_i = call i1 @Collision_detectedhw, i32 %add_ln118, i32 %add_ln119, i32 %sqrb_read" [new_fixedpoint2205/main.cpp:122->new_fixedpoint2205/main.cpp:380]   --->   Operation 186 'call' 'tmp_i' <Predicate = true> <Delay = 4.92> <CoreType = "Generic">   --->   Core 0 '' <Latency = 0> <II = 1> <Delay = 1.00> <Generic> <Opcode : >

State 57 <SV = 56> <Delay = 4.92>
ST_57 : Operation 187 [18/41] (4.92ns)   --->   "%tmp_i = call i1 @Collision_detectedhw, i32 %add_ln118, i32 %add_ln119, i32 %sqrb_read" [new_fixedpoint2205/main.cpp:122->new_fixedpoint2205/main.cpp:380]   --->   Operation 187 'call' 'tmp_i' <Predicate = true> <Delay = 4.92> <CoreType = "Generic">   --->   Core 0 '' <Latency = 0> <II = 1> <Delay = 1.00> <Generic> <Opcode : >

State 58 <SV = 57> <Delay = 4.92>
ST_58 : Operation 188 [17/41] (4.92ns)   --->   "%tmp_i = call i1 @Collision_detectedhw, i32 %add_ln118, i32 %add_ln119, i32 %sqrb_read" [new_fixedpoint2205/main.cpp:122->new_fixedpoint2205/main.cpp:380]   --->   Operation 188 'call' 'tmp_i' <Predicate = true> <Delay = 4.92> <CoreType = "Generic">   --->   Core 0 '' <Latency = 0> <II = 1> <Delay = 1.00> <Generic> <Opcode : >

State 59 <SV = 58> <Delay = 4.92>
ST_59 : Operation 189 [16/41] (4.92ns)   --->   "%tmp_i = call i1 @Collision_detectedhw, i32 %add_ln118, i32 %add_ln119, i32 %sqrb_read" [new_fixedpoint2205/main.cpp:122->new_fixedpoint2205/main.cpp:380]   --->   Operation 189 'call' 'tmp_i' <Predicate = true> <Delay = 4.92> <CoreType = "Generic">   --->   Core 0 '' <Latency = 0> <II = 1> <Delay = 1.00> <Generic> <Opcode : >

State 60 <SV = 59> <Delay = 4.92>
ST_60 : Operation 190 [15/41] (4.92ns)   --->   "%tmp_i = call i1 @Collision_detectedhw, i32 %add_ln118, i32 %add_ln119, i32 %sqrb_read" [new_fixedpoint2205/main.cpp:122->new_fixedpoint2205/main.cpp:380]   --->   Operation 190 'call' 'tmp_i' <Predicate = true> <Delay = 4.92> <CoreType = "Generic">   --->   Core 0 '' <Latency = 0> <II = 1> <Delay = 1.00> <Generic> <Opcode : >

State 61 <SV = 60> <Delay = 4.92>
ST_61 : Operation 191 [14/41] (4.92ns)   --->   "%tmp_i = call i1 @Collision_detectedhw, i32 %add_ln118, i32 %add_ln119, i32 %sqrb_read" [new_fixedpoint2205/main.cpp:122->new_fixedpoint2205/main.cpp:380]   --->   Operation 191 'call' 'tmp_i' <Predicate = true> <Delay = 4.92> <CoreType = "Generic">   --->   Core 0 '' <Latency = 0> <II = 1> <Delay = 1.00> <Generic> <Opcode : >

State 62 <SV = 61> <Delay = 4.92>
ST_62 : Operation 192 [13/41] (4.92ns)   --->   "%tmp_i = call i1 @Collision_detectedhw, i32 %add_ln118, i32 %add_ln119, i32 %sqrb_read" [new_fixedpoint2205/main.cpp:122->new_fixedpoint2205/main.cpp:380]   --->   Operation 192 'call' 'tmp_i' <Predicate = true> <Delay = 4.92> <CoreType = "Generic">   --->   Core 0 '' <Latency = 0> <II = 1> <Delay = 1.00> <Generic> <Opcode : >

State 63 <SV = 62> <Delay = 4.92>
ST_63 : Operation 193 [12/41] (4.92ns)   --->   "%tmp_i = call i1 @Collision_detectedhw, i32 %add_ln118, i32 %add_ln119, i32 %sqrb_read" [new_fixedpoint2205/main.cpp:122->new_fixedpoint2205/main.cpp:380]   --->   Operation 193 'call' 'tmp_i' <Predicate = true> <Delay = 4.92> <CoreType = "Generic">   --->   Core 0 '' <Latency = 0> <II = 1> <Delay = 1.00> <Generic> <Opcode : >

State 64 <SV = 63> <Delay = 4.92>
ST_64 : Operation 194 [11/41] (4.92ns)   --->   "%tmp_i = call i1 @Collision_detectedhw, i32 %add_ln118, i32 %add_ln119, i32 %sqrb_read" [new_fixedpoint2205/main.cpp:122->new_fixedpoint2205/main.cpp:380]   --->   Operation 194 'call' 'tmp_i' <Predicate = true> <Delay = 4.92> <CoreType = "Generic">   --->   Core 0 '' <Latency = 0> <II = 1> <Delay = 1.00> <Generic> <Opcode : >

State 65 <SV = 64> <Delay = 4.92>
ST_65 : Operation 195 [10/41] (4.92ns)   --->   "%tmp_i = call i1 @Collision_detectedhw, i32 %add_ln118, i32 %add_ln119, i32 %sqrb_read" [new_fixedpoint2205/main.cpp:122->new_fixedpoint2205/main.cpp:380]   --->   Operation 195 'call' 'tmp_i' <Predicate = true> <Delay = 4.92> <CoreType = "Generic">   --->   Core 0 '' <Latency = 0> <II = 1> <Delay = 1.00> <Generic> <Opcode : >

State 66 <SV = 65> <Delay = 4.92>
ST_66 : Operation 196 [9/41] (4.92ns)   --->   "%tmp_i = call i1 @Collision_detectedhw, i32 %add_ln118, i32 %add_ln119, i32 %sqrb_read" [new_fixedpoint2205/main.cpp:122->new_fixedpoint2205/main.cpp:380]   --->   Operation 196 'call' 'tmp_i' <Predicate = true> <Delay = 4.92> <CoreType = "Generic">   --->   Core 0 '' <Latency = 0> <II = 1> <Delay = 1.00> <Generic> <Opcode : >

State 67 <SV = 66> <Delay = 4.92>
ST_67 : Operation 197 [8/41] (4.92ns)   --->   "%tmp_i = call i1 @Collision_detectedhw, i32 %add_ln118, i32 %add_ln119, i32 %sqrb_read" [new_fixedpoint2205/main.cpp:122->new_fixedpoint2205/main.cpp:380]   --->   Operation 197 'call' 'tmp_i' <Predicate = true> <Delay = 4.92> <CoreType = "Generic">   --->   Core 0 '' <Latency = 0> <II = 1> <Delay = 1.00> <Generic> <Opcode : >

State 68 <SV = 67> <Delay = 4.92>
ST_68 : Operation 198 [7/41] (4.92ns)   --->   "%tmp_i = call i1 @Collision_detectedhw, i32 %add_ln118, i32 %add_ln119, i32 %sqrb_read" [new_fixedpoint2205/main.cpp:122->new_fixedpoint2205/main.cpp:380]   --->   Operation 198 'call' 'tmp_i' <Predicate = true> <Delay = 4.92> <CoreType = "Generic">   --->   Core 0 '' <Latency = 0> <II = 1> <Delay = 1.00> <Generic> <Opcode : >

State 69 <SV = 68> <Delay = 4.92>
ST_69 : Operation 199 [6/41] (4.92ns)   --->   "%tmp_i = call i1 @Collision_detectedhw, i32 %add_ln118, i32 %add_ln119, i32 %sqrb_read" [new_fixedpoint2205/main.cpp:122->new_fixedpoint2205/main.cpp:380]   --->   Operation 199 'call' 'tmp_i' <Predicate = true> <Delay = 4.92> <CoreType = "Generic">   --->   Core 0 '' <Latency = 0> <II = 1> <Delay = 1.00> <Generic> <Opcode : >

State 70 <SV = 69> <Delay = 4.92>
ST_70 : Operation 200 [5/41] (4.92ns)   --->   "%tmp_i = call i1 @Collision_detectedhw, i32 %add_ln118, i32 %add_ln119, i32 %sqrb_read" [new_fixedpoint2205/main.cpp:122->new_fixedpoint2205/main.cpp:380]   --->   Operation 200 'call' 'tmp_i' <Predicate = true> <Delay = 4.92> <CoreType = "Generic">   --->   Core 0 '' <Latency = 0> <II = 1> <Delay = 1.00> <Generic> <Opcode : >

State 71 <SV = 70> <Delay = 4.92>
ST_71 : Operation 201 [4/41] (4.92ns)   --->   "%tmp_i = call i1 @Collision_detectedhw, i32 %add_ln118, i32 %add_ln119, i32 %sqrb_read" [new_fixedpoint2205/main.cpp:122->new_fixedpoint2205/main.cpp:380]   --->   Operation 201 'call' 'tmp_i' <Predicate = true> <Delay = 4.92> <CoreType = "Generic">   --->   Core 0 '' <Latency = 0> <II = 1> <Delay = 1.00> <Generic> <Opcode : >

State 72 <SV = 71> <Delay = 4.92>
ST_72 : Operation 202 [3/41] (4.92ns)   --->   "%tmp_i = call i1 @Collision_detectedhw, i32 %add_ln118, i32 %add_ln119, i32 %sqrb_read" [new_fixedpoint2205/main.cpp:122->new_fixedpoint2205/main.cpp:380]   --->   Operation 202 'call' 'tmp_i' <Predicate = true> <Delay = 4.92> <CoreType = "Generic">   --->   Core 0 '' <Latency = 0> <II = 1> <Delay = 1.00> <Generic> <Opcode : >

State 73 <SV = 72> <Delay = 4.92>
ST_73 : Operation 203 [2/41] (4.92ns)   --->   "%tmp_i = call i1 @Collision_detectedhw, i32 %add_ln118, i32 %add_ln119, i32 %sqrb_read" [new_fixedpoint2205/main.cpp:122->new_fixedpoint2205/main.cpp:380]   --->   Operation 203 'call' 'tmp_i' <Predicate = true> <Delay = 4.92> <CoreType = "Generic">   --->   Core 0 '' <Latency = 0> <II = 1> <Delay = 1.00> <Generic> <Opcode : >

State 74 <SV = 73> <Delay = 3.54>
ST_74 : Operation 204 [1/41] (3.54ns)   --->   "%tmp_i = call i1 @Collision_detectedhw, i32 %add_ln118, i32 %add_ln119, i32 %sqrb_read" [new_fixedpoint2205/main.cpp:122->new_fixedpoint2205/main.cpp:380]   --->   Operation 204 'call' 'tmp_i' <Predicate = true> <Delay = 3.54> <CoreType = "Generic">   --->   Core 0 '' <Latency = 0> <II = 1> <Delay = 1.00> <Generic> <Opcode : >
ST_74 : Operation 211 [1/1] (0.00ns)   --->   "%ret_ln0 = ret"   --->   Operation 211 'ret' 'ret_ln0' <Predicate = (icmp_ln112)> <Delay = 0.00>

State 75 <SV = 74> <Delay = 3.30>
ST_75 : Operation 205 [1/1] (0.00ns)   --->   "%trunc_ln114_i_cast = zext i3 %i" [new_fixedpoint2205/main.cpp:112->new_fixedpoint2205/main.cpp:380]   --->   Operation 205 'zext' 'trunc_ln114_i_cast' <Predicate = true> <Delay = 0.00>
ST_75 : Operation 206 [1/1] (0.00ns)   --->   "%specloopname_ln13 = specloopname void @_ssdm_op_SpecLoopName, void @empty_15" [/wrk/ci/prod/2021.2/rdi_builds/continuous/2021_10_19_3367213/src/shared/hls/clib/hlsmath/include/FloatingPoint/hls_case_IEEE754.h:13]   --->   Operation 206 'specloopname' 'specloopname_ln13' <Predicate = true> <Delay = 0.00>
ST_75 : Operation 207 [1/1] (0.97ns)   --->   "%xor_ln122 = xor i1 %tmp_i, i1 1" [new_fixedpoint2205/main.cpp:122->new_fixedpoint2205/main.cpp:380]   --->   Operation 207 'xor' 'xor_ln122' <Predicate = true> <Delay = 0.97> <CoreInst = "LogicGate">   --->   Core 74 'LogicGate' <Latency = 0> <II = 1> <Delay = 0.97> <FuncUnit> <Opcode : 'and' 'or' 'xor'> <InPorts = 2> <OutPorts = 1>
ST_75 : Operation 208 [1/1] (0.00ns)   --->   "%Bool_addr = getelementptr i1 %Bool, i64 0, i64 %trunc_ln114_i_cast" [new_fixedpoint2205/main.cpp:122->new_fixedpoint2205/main.cpp:380]   --->   Operation 208 'getelementptr' 'Bool_addr' <Predicate = true> <Delay = 0.00>
ST_75 : Operation 209 [1/1] (2.32ns)   --->   "%store_ln122 = store i1 %xor_ln122, i3 %Bool_addr" [new_fixedpoint2205/main.cpp:122->new_fixedpoint2205/main.cpp:380]   --->   Operation 209 'store' 'store_ln122' <Predicate = true> <Delay = 2.32> <CoreInst = "RAM">   --->   Core 82 'RAM' <Latency = 1> <II = 1> <Delay = 2.32> <Storage> <Opcode : 'load' 'store'> <Ports = 2> <Width = 1> <Depth = 6> <RAM>
ST_75 : Operation 210 [1/1] (0.00ns)   --->   "%br_ln0 = br void"   --->   Operation 210 'br' 'br_ln0' <Predicate = true> <Delay = 0.00>


============================================================
+ Verbose Summary: Timing violations
============================================================
Target clock period: 6.75ns, clock uncertainty: 1.82ns.

 <State 1>: 6.31ns
The critical path consists of the following:
	'alloca' operation ('i') [7]  (0 ns)
	'load' operation ('i', new_fixedpoint2205/main.cpp:112->new_fixedpoint2205/main.cpp:380) on local variable 'i' [16]  (0 ns)
	'sitofp' operation ('d', new_fixedpoint2205/main.cpp:114->new_fixedpoint2205/main.cpp:380) [26]  (6.31 ns)

 <State 2>: 6.31ns
The critical path consists of the following:
	'sitofp' operation ('d', new_fixedpoint2205/main.cpp:114->new_fixedpoint2205/main.cpp:380) [26]  (6.31 ns)

 <State 3>: 6.31ns
The critical path consists of the following:
	'sitofp' operation ('d', new_fixedpoint2205/main.cpp:114->new_fixedpoint2205/main.cpp:380) [26]  (6.31 ns)

 <State 4>: 6.31ns
The critical path consists of the following:
	'sitofp' operation ('d', new_fixedpoint2205/main.cpp:114->new_fixedpoint2205/main.cpp:380) [26]  (6.31 ns)

 <State 5>: 6.31ns
The critical path consists of the following:
	'sitofp' operation ('d', new_fixedpoint2205/main.cpp:114->new_fixedpoint2205/main.cpp:380) [26]  (6.31 ns)

 <State 6>: 6.31ns
The critical path consists of the following:
	'sitofp' operation ('d', new_fixedpoint2205/main.cpp:114->new_fixedpoint2205/main.cpp:380) [26]  (6.31 ns)

 <State 7>: 6.31ns
The critical path consists of the following:
	'sitofp' operation ('d', new_fixedpoint2205/main.cpp:114->new_fixedpoint2205/main.cpp:380) [26]  (6.31 ns)

 <State 8>: 4.53ns
The critical path consists of the following:
	'fcmp' operation ('tmp_s', new_fixedpoint2205/fixedpt.h:7) [35]  (4.53 ns)

 <State 9>: 4.53ns
The critical path consists of the following:
	'fcmp' operation ('tmp_s', new_fixedpoint2205/fixedpt.h:7) [35]  (4.53 ns)

 <State 10>: 4.53ns
The critical path consists of the following:
	'fcmp' operation ('tmp_s', new_fixedpoint2205/fixedpt.h:7) [35]  (4.53 ns)

 <State 11>: 4.35ns
The critical path consists of the following:
	'fmul' operation ('mul_i_i', new_fixedpoint2205/fixedpt.h:7) [27]  (4.35 ns)

 <State 12>: 4.35ns
The critical path consists of the following:
	'fmul' operation ('mul_i_i', new_fixedpoint2205/fixedpt.h:7) [27]  (4.35 ns)

 <State 13>: 4.44ns
The critical path consists of the following:
	'fpext' operation ('conv_i_i3', new_fixedpoint2205/fixedpt.h:7) [28]  (4.44 ns)

 <State 14>: 4.44ns
The critical path consists of the following:
	'fpext' operation ('conv_i_i3', new_fixedpoint2205/fixedpt.h:7) [28]  (4.44 ns)

 <State 15>: 4.82ns
The critical path consists of the following:
	'dadd' operation ('x', new_fixedpoint2205/fixedpt.h:7) [38]  (4.82 ns)

 <State 16>: 4.82ns
The critical path consists of the following:
	'dadd' operation ('x', new_fixedpoint2205/fixedpt.h:7) [38]  (4.82 ns)

 <State 17>: 4.82ns
The critical path consists of the following:
	'dadd' operation ('x', new_fixedpoint2205/fixedpt.h:7) [38]  (4.82 ns)

 <State 18>: 4.82ns
The critical path consists of the following:
	'dadd' operation ('x', new_fixedpoint2205/fixedpt.h:7) [38]  (4.82 ns)

 <State 19>: 4.82ns
The critical path consists of the following:
	'dadd' operation ('x', new_fixedpoint2205/fixedpt.h:7) [38]  (4.82 ns)

 <State 20>: 4.82ns
The critical path consists of the following:
	'dadd' operation ('x', new_fixedpoint2205/fixedpt.h:7) [38]  (4.82 ns)

 <State 21>: 4.82ns
The critical path consists of the following:
	'dadd' operation ('x', new_fixedpoint2205/fixedpt.h:7) [38]  (4.82 ns)

 <State 22>: 4.82ns
The critical path consists of the following:
	'dadd' operation ('x', new_fixedpoint2205/fixedpt.h:7) [38]  (4.82 ns)

 <State 23>: 4.82ns
The critical path consists of the following:
	'dadd' operation ('x', new_fixedpoint2205/fixedpt.h:7) [38]  (4.82 ns)

 <State 24>: 4.82ns
The critical path consists of the following:
	'dadd' operation ('x', new_fixedpoint2205/fixedpt.h:7) [38]  (4.82 ns)

 <State 25>: 4.82ns
The critical path consists of the following:
	'dadd' operation ('x', new_fixedpoint2205/fixedpt.h:7) [38]  (4.82 ns)

 <State 26>: 4.82ns
The critical path consists of the following:
	'dadd' operation ('x', new_fixedpoint2205/fixedpt.h:7) [38]  (4.82 ns)

 <State 27>: 2.34ns
The critical path consists of the following:
	'add' operation ('sh', /wrk/ci/prod/2021.2/rdi_builds/continuous/2021_10_19_3367213/src/shared/hls/clib/src/hls/utils/x_hls_utils.h:513) [46]  (1.64 ns)
	'select' operation ('ush') [50]  (0.697 ns)

 <State 28>: 4.61ns
The critical path consists of the following:
	'lshr' operation ('r.V') [53]  (0 ns)
	'select' operation ('val') [58]  (4.61 ns)

 <State 29>: 3.25ns
The critical path consists of the following:
	'sub' operation ('result.V') [59]  (2.55 ns)
	'select' operation ('result.V', /wrk/ci/prod/2021.2/rdi_builds/continuous/2021_10_19_3367213/src/shared/hls/clib/hlsmath/include/FloatingPoint/hls_case_IEEE754.h:59) [60]  (0.698 ns)

 <State 30>: 3.95ns
The critical path consists of the following:
	'mul' operation ('mul_ln34', new_fixedpoint2205/fixedpt.h:34) [62]  (3.95 ns)

 <State 31>: 3.95ns
The critical path consists of the following:
	'mul' operation ('mul_ln34', new_fixedpoint2205/fixedpt.h:34) [62]  (3.95 ns)

 <State 32>: 3.95ns
The critical path consists of the following:
	'mul' operation ('mul_ln34', new_fixedpoint2205/fixedpt.h:34) [62]  (3.95 ns)

 <State 33>: 2.55ns
The critical path consists of the following:
	'add' operation ('add_ln118', new_fixedpoint2205/main.cpp:118->new_fixedpoint2205/main.cpp:380) [66]  (2.55 ns)

 <State 34>: 4.93ns
The critical path consists of the following:
	'call' operation ('tmp_i', new_fixedpoint2205/main.cpp:122->new_fixedpoint2205/main.cpp:380) to 'Collision_detectedhw' [68]  (4.93 ns)

 <State 35>: 4.93ns
The critical path consists of the following:
	'call' operation ('tmp_i', new_fixedpoint2205/main.cpp:122->new_fixedpoint2205/main.cpp:380) to 'Collision_detectedhw' [68]  (4.93 ns)

 <State 36>: 4.93ns
The critical path consists of the following:
	'call' operation ('tmp_i', new_fixedpoint2205/main.cpp:122->new_fixedpoint2205/main.cpp:380) to 'Collision_detectedhw' [68]  (4.93 ns)

 <State 37>: 4.93ns
The critical path consists of the following:
	'call' operation ('tmp_i', new_fixedpoint2205/main.cpp:122->new_fixedpoint2205/main.cpp:380) to 'Collision_detectedhw' [68]  (4.93 ns)

 <State 38>: 4.93ns
The critical path consists of the following:
	'call' operation ('tmp_i', new_fixedpoint2205/main.cpp:122->new_fixedpoint2205/main.cpp:380) to 'Collision_detectedhw' [68]  (4.93 ns)

 <State 39>: 4.93ns
The critical path consists of the following:
	'call' operation ('tmp_i', new_fixedpoint2205/main.cpp:122->new_fixedpoint2205/main.cpp:380) to 'Collision_detectedhw' [68]  (4.93 ns)

 <State 40>: 4.93ns
The critical path consists of the following:
	'call' operation ('tmp_i', new_fixedpoint2205/main.cpp:122->new_fixedpoint2205/main.cpp:380) to 'Collision_detectedhw' [68]  (4.93 ns)

 <State 41>: 4.93ns
The critical path consists of the following:
	'call' operation ('tmp_i', new_fixedpoint2205/main.cpp:122->new_fixedpoint2205/main.cpp:380) to 'Collision_detectedhw' [68]  (4.93 ns)

 <State 42>: 4.93ns
The critical path consists of the following:
	'call' operation ('tmp_i', new_fixedpoint2205/main.cpp:122->new_fixedpoint2205/main.cpp:380) to 'Collision_detectedhw' [68]  (4.93 ns)

 <State 43>: 4.93ns
The critical path consists of the following:
	'call' operation ('tmp_i', new_fixedpoint2205/main.cpp:122->new_fixedpoint2205/main.cpp:380) to 'Collision_detectedhw' [68]  (4.93 ns)

 <State 44>: 4.93ns
The critical path consists of the following:
	'call' operation ('tmp_i', new_fixedpoint2205/main.cpp:122->new_fixedpoint2205/main.cpp:380) to 'Collision_detectedhw' [68]  (4.93 ns)

 <State 45>: 4.93ns
The critical path consists of the following:
	'call' operation ('tmp_i', new_fixedpoint2205/main.cpp:122->new_fixedpoint2205/main.cpp:380) to 'Collision_detectedhw' [68]  (4.93 ns)

 <State 46>: 4.93ns
The critical path consists of the following:
	'call' operation ('tmp_i', new_fixedpoint2205/main.cpp:122->new_fixedpoint2205/main.cpp:380) to 'Collision_detectedhw' [68]  (4.93 ns)

 <State 47>: 4.93ns
The critical path consists of the following:
	'call' operation ('tmp_i', new_fixedpoint2205/main.cpp:122->new_fixedpoint2205/main.cpp:380) to 'Collision_detectedhw' [68]  (4.93 ns)

 <State 48>: 4.93ns
The critical path consists of the following:
	'call' operation ('tmp_i', new_fixedpoint2205/main.cpp:122->new_fixedpoint2205/main.cpp:380) to 'Collision_detectedhw' [68]  (4.93 ns)

 <State 49>: 4.93ns
The critical path consists of the following:
	'call' operation ('tmp_i', new_fixedpoint2205/main.cpp:122->new_fixedpoint2205/main.cpp:380) to 'Collision_detectedhw' [68]  (4.93 ns)

 <State 50>: 4.93ns
The critical path consists of the following:
	'call' operation ('tmp_i', new_fixedpoint2205/main.cpp:122->new_fixedpoint2205/main.cpp:380) to 'Collision_detectedhw' [68]  (4.93 ns)

 <State 51>: 4.93ns
The critical path consists of the following:
	'call' operation ('tmp_i', new_fixedpoint2205/main.cpp:122->new_fixedpoint2205/main.cpp:380) to 'Collision_detectedhw' [68]  (4.93 ns)

 <State 52>: 4.93ns
The critical path consists of the following:
	'call' operation ('tmp_i', new_fixedpoint2205/main.cpp:122->new_fixedpoint2205/main.cpp:380) to 'Collision_detectedhw' [68]  (4.93 ns)

 <State 53>: 4.93ns
The critical path consists of the following:
	'call' operation ('tmp_i', new_fixedpoint2205/main.cpp:122->new_fixedpoint2205/main.cpp:380) to 'Collision_detectedhw' [68]  (4.93 ns)

 <State 54>: 4.93ns
The critical path consists of the following:
	'call' operation ('tmp_i', new_fixedpoint2205/main.cpp:122->new_fixedpoint2205/main.cpp:380) to 'Collision_detectedhw' [68]  (4.93 ns)

 <State 55>: 4.93ns
The critical path consists of the following:
	'call' operation ('tmp_i', new_fixedpoint2205/main.cpp:122->new_fixedpoint2205/main.cpp:380) to 'Collision_detectedhw' [68]  (4.93 ns)

 <State 56>: 4.93ns
The critical path consists of the following:
	'call' operation ('tmp_i', new_fixedpoint2205/main.cpp:122->new_fixedpoint2205/main.cpp:380) to 'Collision_detectedhw' [68]  (4.93 ns)

 <State 57>: 4.93ns
The critical path consists of the following:
	'call' operation ('tmp_i', new_fixedpoint2205/main.cpp:122->new_fixedpoint2205/main.cpp:380) to 'Collision_detectedhw' [68]  (4.93 ns)

 <State 58>: 4.93ns
The critical path consists of the following:
	'call' operation ('tmp_i', new_fixedpoint2205/main.cpp:122->new_fixedpoint2205/main.cpp:380) to 'Collision_detectedhw' [68]  (4.93 ns)

 <State 59>: 4.93ns
The critical path consists of the following:
	'call' operation ('tmp_i', new_fixedpoint2205/main.cpp:122->new_fixedpoint2205/main.cpp:380) to 'Collision_detectedhw' [68]  (4.93 ns)

 <State 60>: 4.93ns
The critical path consists of the following:
	'call' operation ('tmp_i', new_fixedpoint2205/main.cpp:122->new_fixedpoint2205/main.cpp:380) to 'Collision_detectedhw' [68]  (4.93 ns)

 <State 61>: 4.93ns
The critical path consists of the following:
	'call' operation ('tmp_i', new_fixedpoint2205/main.cpp:122->new_fixedpoint2205/main.cpp:380) to 'Collision_detectedhw' [68]  (4.93 ns)

 <State 62>: 4.93ns
The critical path consists of the following:
	'call' operation ('tmp_i', new_fixedpoint2205/main.cpp:122->new_fixedpoint2205/main.cpp:380) to 'Collision_detectedhw' [68]  (4.93 ns)

 <State 63>: 4.93ns
The critical path consists of the following:
	'call' operation ('tmp_i', new_fixedpoint2205/main.cpp:122->new_fixedpoint2205/main.cpp:380) to 'Collision_detectedhw' [68]  (4.93 ns)

 <State 64>: 4.93ns
The critical path consists of the following:
	'call' operation ('tmp_i', new_fixedpoint2205/main.cpp:122->new_fixedpoint2205/main.cpp:380) to 'Collision_detectedhw' [68]  (4.93 ns)

 <State 65>: 4.93ns
The critical path consists of the following:
	'call' operation ('tmp_i', new_fixedpoint2205/main.cpp:122->new_fixedpoint2205/main.cpp:380) to 'Collision_detectedhw' [68]  (4.93 ns)

 <State 66>: 4.93ns
The critical path consists of the following:
	'call' operation ('tmp_i', new_fixedpoint2205/main.cpp:122->new_fixedpoint2205/main.cpp:380) to 'Collision_detectedhw' [68]  (4.93 ns)

 <State 67>: 4.93ns
The critical path consists of the following:
	'call' operation ('tmp_i', new_fixedpoint2205/main.cpp:122->new_fixedpoint2205/main.cpp:380) to 'Collision_detectedhw' [68]  (4.93 ns)

 <State 68>: 4.93ns
The critical path consists of the following:
	'call' operation ('tmp_i', new_fixedpoint2205/main.cpp:122->new_fixedpoint2205/main.cpp:380) to 'Collision_detectedhw' [68]  (4.93 ns)

 <State 69>: 4.93ns
The critical path consists of the following:
	'call' operation ('tmp_i', new_fixedpoint2205/main.cpp:122->new_fixedpoint2205/main.cpp:380) to 'Collision_detectedhw' [68]  (4.93 ns)

 <State 70>: 4.93ns
The critical path consists of the following:
	'call' operation ('tmp_i', new_fixedpoint2205/main.cpp:122->new_fixedpoint2205/main.cpp:380) to 'Collision_detectedhw' [68]  (4.93 ns)

 <State 71>: 4.93ns
The critical path consists of the following:
	'call' operation ('tmp_i', new_fixedpoint2205/main.cpp:122->new_fixedpoint2205/main.cpp:380) to 'Collision_detectedhw' [68]  (4.93 ns)

 <State 72>: 4.93ns
The critical path consists of the following:
	'call' operation ('tmp_i', new_fixedpoint2205/main.cpp:122->new_fixedpoint2205/main.cpp:380) to 'Collision_detectedhw' [68]  (4.93 ns)

 <State 73>: 4.93ns
The critical path consists of the following:
	'call' operation ('tmp_i', new_fixedpoint2205/main.cpp:122->new_fixedpoint2205/main.cpp:380) to 'Collision_detectedhw' [68]  (4.93 ns)

 <State 74>: 3.54ns
The critical path consists of the following:
	'call' operation ('tmp_i', new_fixedpoint2205/main.cpp:122->new_fixedpoint2205/main.cpp:380) to 'Collision_detectedhw' [68]  (3.54 ns)

 <State 75>: 3.3ns
The critical path consists of the following:
	'xor' operation ('xor_ln122', new_fixedpoint2205/main.cpp:122->new_fixedpoint2205/main.cpp:380) [69]  (0.978 ns)
	'store' operation ('store_ln122', new_fixedpoint2205/main.cpp:122->new_fixedpoint2205/main.cpp:380) of variable 'xor_ln122', new_fixedpoint2205/main.cpp:122->new_fixedpoint2205/main.cpp:380 on array 'Bool' [71]  (2.32 ns)


============================================================
+ Verbose Summary: Binding
============================================================
N/A
* FSMD analyzer results:
  - Output states:
 - Input state : 
  - Chain level:
	State 1
	State 2
	State 3
	State 4
	State 5
	State 6
	State 7
	State 8
	State 9
	State 10
	State 11
	State 12
	State 13
	State 14
	State 15
	State 16
	State 17
	State 18
	State 19
	State 20
	State 21
	State 22
	State 23
	State 24
	State 25
	State 26
	State 27
	State 28
	State 29
	State 30
	State 31
	State 32
	State 33
	State 34
	State 35
	State 36
	State 37
	State 38
	State 39
	State 40
	State 41
	State 42
	State 43
	State 44
	State 45
	State 46
	State 47
	State 48
	State 49
	State 50
	State 51
	State 52
	State 53
	State 54
	State 55
	State 56
	State 57
	State 58
	State 59
	State 60
	State 61
	State 62
	State 63
	State 64
	State 65
	State 66
	State 67
	State 68
	State 69
	State 70
	State 71
	State 72
	State 73
	State 74
	State 75


============================================================
+ Verbose Summary: Datapath Resource usage 
============================================================
N/A
