

================================================================
== Vitis HLS Report for 'rrt_Pipeline_1'
================================================================
* Date:           Tue May 30 11:08:29 2023

* Version:        2021.2 (Build 3367213 on Tue Oct 19 02:47:39 MDT 2021)
* Project:        new_fixedpoint2205
* Solution:       solution1 (Vivado IP Flow Target)
* Product family: zynq
* Target device:  xc7z020-clg400-1


================================================================
== Performance Estimates
================================================================
+ Timing: 
    * Summary: 
    +--------+---------+----------+------------+
    |  Clock |  Target | Estimated| Uncertainty|
    +--------+---------+----------+------------+
    |ap_clk  |  6.75 ns|  3.797 ns|     1.82 ns|
    +--------+---------+----------+------------+

+ Latency: 
    * Summary: 
    +---------+---------+-----------+-----------+-------+-------+---------+
    |  Latency (cycles) |   Latency (absolute)  |    Interval   | Pipeline|
    |   min   |   max   |    min    |    max    |  min  |  max  |   Type  |
    +---------+---------+-----------+-----------+-------+-------+---------+
    |    10002|    10002|  67.513 us|  67.513 us|  10002|  10002|       no|
    +---------+---------+-----------+-----------+-------+-------+---------+

    + Detail: 
        * Instance: 
        N/A

        * Loop: 
        +----------+---------+---------+----------+-----------+-----------+-------+----------+
        |          |  Latency (cycles) | Iteration|  Initiation Interval  |  Trip |          |
        | Loop Name|   min   |   max   |  Latency |  achieved |   target  | Count | Pipelined|
        +----------+---------+---------+----------+-----------+-----------+-------+----------+
        |- Loop 1  |    10000|    10000|         1|          1|          1|  10000|       yes|
        +----------+---------+---------+----------+-----------+-----------+-------+----------+



================================================================
== Utilization Estimates
================================================================
* Summary: 
+-----------------+---------+-----+--------+-------+-----+
|       Name      | BRAM_18K| DSP |   FF   |  LUT  | URAM|
+-----------------+---------+-----+--------+-------+-----+
|DSP              |        -|    -|       -|      -|    -|
|Expression       |        -|    -|       0|     29|    -|
|FIFO             |        -|    -|       -|      -|    -|
|Instance         |        -|    -|       -|      -|    -|
|Memory           |        -|    -|       -|      -|    -|
|Multiplexer      |        -|    -|       -|     27|    -|
|Register         |        -|    -|      16|      -|    -|
+-----------------+---------+-----+--------+-------+-----+
|Total            |        0|    0|      16|     56|    0|
+-----------------+---------+-----+--------+-------+-----+
|Available        |      280|  220|  106400|  53200|    0|
+-----------------+---------+-----+--------+-------+-----+
|Utilization (%)  |        0|    0|      ~0|     ~0|    0|
+-----------------+---------+-----+--------+-------+-----+

+ Detail: 
    * Instance: 
    N/A

    * DSP: 
    N/A

    * Memory: 
    N/A

    * FIFO: 
    N/A

    * Expression: 
    +---------------------+----------+----+---+----+------------+------------+
    |    Variable Name    | Operation| DSP| FF| LUT| Bitwidth P0| Bitwidth P1|
    +---------------------+----------+----+---+----+------------+------------+
    |add_ln335_fu_84_p2   |         +|   0|  0|  17|          14|           1|
    |icmp_ln335_fu_97_p2  |      icmp|   0|  0|  12|          14|          14|
    +---------------------+----------+----+---+----+------------+------------+
    |Total                |          |   0|  0|  29|          28|          15|
    +---------------------+----------+----+---+----+------------+------------+

    * Multiplexer: 
    +---------------------------------+----+-----------+-----+-----------+
    |               Name              | LUT| Input Size| Bits| Total Bits|
    +---------------------------------+----+-----------+-----+-----------+
    |ap_done_int                      |   9|          2|    1|          2|
    |ap_sig_allocacmp_indvar227_load  |   9|          2|   14|         28|
    |indvar227_fu_30                  |   9|          2|   14|         28|
    +---------------------------------+----+-----------+-----+-----------+
    |Total                            |  27|          6|   29|         58|
    +---------------------------------+----+-----------+-----+-----------+

    * Register: 
    +-----------------+----+----+-----+-----------+
    |       Name      | FF | LUT| Bits| Const Bits|
    +-----------------+----+----+-----+-----------+
    |ap_CS_fsm        |   1|   0|    1|          0|
    |ap_done_reg      |   1|   0|    1|          0|
    |indvar227_fu_30  |  14|   0|   14|          0|
    +-----------------+----+----+-----+-----------+
    |Total            |  16|   0|   16|          0|
    +-----------------+----+----+-----+-----------+



================================================================
== Interface
================================================================
* Summary: 
+---------------------------------+-----+-----+------------+------------------------+--------------+
|            RTL Ports            | Dir | Bits|  Protocol  |      Source Object     |    C Type    |
+---------------------------------+-----+-----+------------+------------------------+--------------+
|ap_clk                           |   in|    1|  ap_ctrl_hs|          rrt_Pipeline_1|  return value|
|ap_rst                           |   in|    1|  ap_ctrl_hs|          rrt_Pipeline_1|  return value|
|ap_start                         |   in|    1|  ap_ctrl_hs|          rrt_Pipeline_1|  return value|
|ap_done                          |  out|    1|  ap_ctrl_hs|          rrt_Pipeline_1|  return value|
|ap_idle                          |  out|    1|  ap_ctrl_hs|          rrt_Pipeline_1|  return value|
|ap_ready                         |  out|    1|  ap_ctrl_hs|          rrt_Pipeline_1|  return value|
|RRT_Star_Position_x_address0     |  out|   14|   ap_memory|     RRT_Star_Position_x|         array|
|RRT_Star_Position_x_ce0          |  out|    1|   ap_memory|     RRT_Star_Position_x|         array|
|RRT_Star_Position_x_we0          |  out|    1|   ap_memory|     RRT_Star_Position_x|         array|
|RRT_Star_Position_x_d0           |  out|   32|   ap_memory|     RRT_Star_Position_x|         array|
|RRT_Star_Position_y_address0     |  out|   14|   ap_memory|     RRT_Star_Position_y|         array|
|RRT_Star_Position_y_ce0          |  out|    1|   ap_memory|     RRT_Star_Position_y|         array|
|RRT_Star_Position_y_we0          |  out|    1|   ap_memory|     RRT_Star_Position_y|         array|
|RRT_Star_Position_y_d0           |  out|   32|   ap_memory|     RRT_Star_Position_y|         array|
|RRT_Star_Location_List_address0  |  out|   14|   ap_memory|  RRT_Star_Location_List|         array|
|RRT_Star_Location_List_ce0       |  out|    1|   ap_memory|  RRT_Star_Location_List|         array|
|RRT_Star_Location_List_we0       |  out|    1|   ap_memory|  RRT_Star_Location_List|         array|
|RRT_Star_Location_List_d0        |  out|   16|   ap_memory|  RRT_Star_Location_List|         array|
+---------------------------------+-----+-----+------------+------------------------+--------------+

============================================================
+ Verbose Summary: Synthesis Manager
============================================================
InlineROM: 1
ExposeGlobal: 0
============================================================
+ Verbose Summary: CDFG Model
============================================================
IsTopModel: 0
ResetActiveHigh: 1
IsCombinational: 2
IsDatapathOnly: 2
HasWiredReturn: 1
HasMFsm: 2
HasVarLatency: 1
IsPipeline: 0
IsRtlPipelined: 0
IsInstanceOverlapped: 0
IsDontTouch: 0
HasImplIP: 0
IsGatedGlobalClock: 0

+ Individual pipeline summary: 
  * Pipeline-0: initiation interval (II) = 1, depth = 1


============================================================
+ Verbose Summary: Schedule
============================================================
* Number of FSM states : 1
* Pipeline : 1
  Pipeline-0 : II = 1, D = 1, States = { 1 }
* Dataflow Pipeline: 0

* FSM state transitions: 
1 --> 

* FSM state operations: 

State 1 <SV = 0> <Delay = 3.79>
ST_1 : Operation 4 [1/1] (0.00ns)   --->   "%indvar227 = alloca i32 1"   --->   Operation 4 'alloca' 'indvar227' <Predicate = true> <Delay = 0.00>
ST_1 : Operation 5 [1/1] (1.58ns)   --->   "%store_ln0 = store i14 0, i14 %indvar227"   --->   Operation 5 'store' 'store_ln0' <Predicate = true> <Delay = 1.58>
ST_1 : Operation 6 [1/1] (0.00ns)   --->   "%br_ln0 = br void %arrayctor.loop226"   --->   Operation 6 'br' 'br_ln0' <Predicate = true> <Delay = 0.00>
ST_1 : Operation 7 [1/1] (0.00ns)   --->   "%indvar227_load = load i14 %indvar227" [new_fixedpoint2205/main.cpp:335]   --->   Operation 7 'load' 'indvar227_load' <Predicate = true> <Delay = 0.00>
ST_1 : Operation 8 [1/1] (0.00ns)   --->   "%specpipeline_ln0 = specpipeline void @_ssdm_op_SpecPipeline, i32 4294967295, i32 0, i32 1, i32 0, void @p_str"   --->   Operation 8 'specpipeline' 'specpipeline_ln0' <Predicate = true> <Delay = 0.00>
ST_1 : Operation 9 [1/1] (1.81ns)   --->   "%add_ln335 = add i14 %indvar227_load, i14 1" [new_fixedpoint2205/main.cpp:335]   --->   Operation 9 'add' 'add_ln335' <Predicate = true> <Delay = 1.81> <CoreInst = "Adder">   --->   Core 1 'Adder' <Latency = 0> <II = 1> <Delay = 1.81> <FuncUnit> <Opcode : 'add' 'sub'> <InPorts = 2> <OutPorts = 1>
ST_1 : Operation 10 [1/1] (0.00ns)   --->   "%zext_ln14 = zext i14 %indvar227_load" [new_fixedpoint2205/RRT_Star_hw.hpp:14]   --->   Operation 10 'zext' 'zext_ln14' <Predicate = true> <Delay = 0.00>
ST_1 : Operation 11 [1/1] (0.00ns)   --->   "%RRT_Star_Position_x_addr = getelementptr i32 %RRT_Star_Position_x, i64 0, i64 %zext_ln14" [new_fixedpoint2205/RRT_Star_hw.hpp:14]   --->   Operation 11 'getelementptr' 'RRT_Star_Position_x_addr' <Predicate = true> <Delay = 0.00>
ST_1 : Operation 12 [1/1] (3.25ns)   --->   "%store_ln14 = store i32 0, i14 %RRT_Star_Position_x_addr" [new_fixedpoint2205/RRT_Star_hw.hpp:14]   --->   Operation 12 'store' 'store_ln14' <Predicate = true> <Delay = 3.25> <CoreInst = "RAM">   --->   Core 82 'RAM' <Latency = 1> <II = 1> <Delay = 3.25> <Storage> <Opcode : 'load' 'store'> <Ports = 2> <Width = 32> <Depth = 10000> <RAM>
ST_1 : Operation 13 [1/1] (0.00ns)   --->   "%RRT_Star_Position_y_addr = getelementptr i32 %RRT_Star_Position_y, i64 0, i64 %zext_ln14" [new_fixedpoint2205/RRT_Star_hw.hpp:15]   --->   Operation 13 'getelementptr' 'RRT_Star_Position_y_addr' <Predicate = true> <Delay = 0.00>
ST_1 : Operation 14 [1/1] (3.25ns)   --->   "%store_ln15 = store i32 0, i14 %RRT_Star_Position_y_addr" [new_fixedpoint2205/RRT_Star_hw.hpp:15]   --->   Operation 14 'store' 'store_ln15' <Predicate = true> <Delay = 3.25> <CoreInst = "RAM">   --->   Core 82 'RAM' <Latency = 1> <II = 1> <Delay = 3.25> <Storage> <Opcode : 'load' 'store'> <Ports = 2> <Width = 32> <Depth = 10000> <RAM>
ST_1 : Operation 15 [1/1] (0.00ns)   --->   "%RRT_Star_Location_List_addr = getelementptr i16 %RRT_Star_Location_List, i64 0, i64 %zext_ln14" [new_fixedpoint2205/RRT_Star_hw.hpp:87]   --->   Operation 15 'getelementptr' 'RRT_Star_Location_List_addr' <Predicate = true> <Delay = 0.00>
ST_1 : Operation 16 [1/1] (3.25ns)   --->   "%store_ln87 = store i16 0, i14 %RRT_Star_Location_List_addr" [new_fixedpoint2205/RRT_Star_hw.hpp:87]   --->   Operation 16 'store' 'store_ln87' <Predicate = true> <Delay = 3.25> <CoreInst = "RAM">   --->   Core 82 'RAM' <Latency = 1> <II = 1> <Delay = 3.25> <Storage> <Opcode : 'load' 'store'> <Ports = 2> <Width = 16> <Depth = 10000> <RAM>
ST_1 : Operation 17 [1/1] (2.20ns)   --->   "%icmp_ln335 = icmp_eq  i14 %indvar227_load, i14 9999" [new_fixedpoint2205/main.cpp:335]   --->   Operation 17 'icmp' 'icmp_ln335' <Predicate = true> <Delay = 2.20> <CoreInst = "Cmp">   --->   Core 9 'Cmp' <Latency = 0> <II = 1> <Delay = 2.20> <FuncUnit> <Opcode : 'icmp'> <InPorts = 2> <OutPorts = 1>
ST_1 : Operation 18 [1/1] (0.00ns)   --->   "%empty = speclooptripcount i32 @_ssdm_op_SpecLoopTripCount, i64 10000, i64 10000, i64 10000"   --->   Operation 18 'speclooptripcount' 'empty' <Predicate = true> <Delay = 0.00>
ST_1 : Operation 19 [1/1] (0.00ns)   --->   "%br_ln335 = br i1 %icmp_ln335, void %arrayctor.loop226.arrayctor.loop226_crit_edge, void %.lr.ph466.exitStub" [new_fixedpoint2205/main.cpp:335]   --->   Operation 19 'br' 'br_ln335' <Predicate = true> <Delay = 0.00>
ST_1 : Operation 20 [1/1] (1.58ns)   --->   "%store_ln335 = store i14 %add_ln335, i14 %indvar227" [new_fixedpoint2205/main.cpp:335]   --->   Operation 20 'store' 'store_ln335' <Predicate = (!icmp_ln335)> <Delay = 1.58>
ST_1 : Operation 21 [1/1] (0.00ns)   --->   "%br_ln335 = br void %arrayctor.loop226" [new_fixedpoint2205/main.cpp:335]   --->   Operation 21 'br' 'br_ln335' <Predicate = (!icmp_ln335)> <Delay = 0.00>
ST_1 : Operation 22 [1/1] (0.00ns)   --->   "%ret_ln0 = ret"   --->   Operation 22 'ret' 'ret_ln0' <Predicate = (icmp_ln335)> <Delay = 0.00>


============================================================
+ Verbose Summary: Binding
============================================================
STG Binding: 
---------------- STG Properties BEGIN ----------------
- Is combinational: 0
- Is one-state seq: 0
- Is datapath-only: 0
- Is pipelined: 0
- Is top level: 0
Port [ Return ] is wired: 1; IO mode=ap_ctrl_hs:ce=0
Port [ RRT_Star_Position_x]:  wired=1; compound=1; hidden=0; nouse=0; global=0; static=0; extern=0; dir=1; type=1; pingpong=0; private_global=0; MemPort=[03]; IO mode=ap_memory:ce=0
Port [ RRT_Star_Position_y]:  wired=1; compound=1; hidden=0; nouse=0; global=0; static=0; extern=0; dir=1; type=1; pingpong=0; private_global=0; MemPort=[03]; IO mode=ap_memory:ce=0
Port [ RRT_Star_Location_List]:  wired=1; compound=1; hidden=0; nouse=0; global=0; static=0; extern=0; dir=1; type=1; pingpong=0; private_global=0; MemPort=[03]; IO mode=ap_memory:ce=0
---------------- STG Properties END ------------------

---------------- Datapath Model BEGIN ----------------

<LifeTime>
<method=bitvector/>
indvar227                   (alloca           ) [ 01]
store_ln0                   (store            ) [ 00]
br_ln0                      (br               ) [ 00]
indvar227_load              (load             ) [ 00]
specpipeline_ln0            (specpipeline     ) [ 00]
add_ln335                   (add              ) [ 00]
zext_ln14                   (zext             ) [ 00]
RRT_Star_Position_x_addr    (getelementptr    ) [ 00]
store_ln14                  (store            ) [ 00]
RRT_Star_Position_y_addr    (getelementptr    ) [ 00]
store_ln15                  (store            ) [ 00]
RRT_Star_Location_List_addr (getelementptr    ) [ 00]
store_ln87                  (store            ) [ 00]
icmp_ln335                  (icmp             ) [ 01]
empty                       (speclooptripcount) [ 00]
br_ln335                    (br               ) [ 00]
store_ln335                 (store            ) [ 00]
br_ln335                    (br               ) [ 00]
ret_ln0                     (ret              ) [ 00]
</LifeTime>

<model>

<comp_list>
<comp id="0" class="1000" name="RRT_Star_Position_x">
<pin_list>
<pin id="1" dir="1" index="0" bw="1" slack="0"/>
</pin_list>
<bind>
<StgValue><ssdm name="RRT_Star_Position_x"/><MemPortTyVec>0 3 </MemPortTyVec>
</StgValue>
</bind>
</comp>

<comp id="2" class="1000" name="RRT_Star_Position_y">
<pin_list>
<pin id="3" dir="1" index="0" bw="1" slack="0"/>
</pin_list>
<bind>
<StgValue><ssdm name="RRT_Star_Position_y"/><MemPortTyVec>0 3 </MemPortTyVec>
</StgValue>
</bind>
</comp>

<comp id="4" class="1000" name="RRT_Star_Location_List">
<pin_list>
<pin id="5" dir="1" index="0" bw="1" slack="0"/>
</pin_list>
<bind>
<StgValue><ssdm name="RRT_Star_Location_List"/><MemPortTyVec>0 3 </MemPortTyVec>
</StgValue>
</bind>
</comp>

<comp id="6" class="1001" name="const_6">
<pin_list>
<pin id="7" dir="1" index="0" bw="1" slack="0"/>
</pin_list>
<bind>
<StgValue><ssdm name=""/></StgValue>
</bind>
</comp>

<comp id="8" class="1001" name="const_8">
<pin_list>
<pin id="9" dir="1" index="0" bw="1" slack="0"/>
</pin_list>
<bind>
<StgValue><ssdm name=""/></StgValue>
</bind>
</comp>

<comp id="10" class="1001" name="const_10">
<pin_list>
<pin id="11" dir="1" index="0" bw="1" slack="2147483647"/>
</pin_list>
<bind>
<StgValue><ssdm name="_ssdm_op_SpecPipeline"/></StgValue>
</bind>
</comp>

<comp id="12" class="1001" name="const_12">
<pin_list>
<pin id="13" dir="1" index="0" bw="1" slack="2147483647"/>
</pin_list>
<bind>
<StgValue><ssdm name=""/></StgValue>
</bind>
</comp>

<comp id="14" class="1001" name="const_14">
<pin_list>
<pin id="15" dir="1" index="0" bw="1" slack="0"/>
</pin_list>
<bind>
<StgValue><ssdm name=""/></StgValue>
</bind>
</comp>

<comp id="16" class="1001" name="const_16">
<pin_list>
<pin id="17" dir="1" index="0" bw="1" slack="2147483647"/>
</pin_list>
<bind>
<StgValue><ssdm name="p_str"/></StgValue>
</bind>
</comp>

<comp id="18" class="1001" name="const_18">
<pin_list>
<pin id="19" dir="1" index="0" bw="1" slack="0"/>
</pin_list>
<bind>
<StgValue><ssdm name=""/></StgValue>
</bind>
</comp>

<comp id="20" class="1001" name="const_20">
<pin_list>
<pin id="21" dir="1" index="0" bw="1" slack="0"/>
</pin_list>
<bind>
<StgValue><ssdm name=""/></StgValue>
</bind>
</comp>

<comp id="22" class="1001" name="const_22">
<pin_list>
<pin id="23" dir="1" index="0" bw="1" slack="0"/>
</pin_list>
<bind>
<StgValue><ssdm name=""/></StgValue>
</bind>
</comp>

<comp id="24" class="1001" name="const_24">
<pin_list>
<pin id="25" dir="1" index="0" bw="1" slack="0"/>
</pin_list>
<bind>
<StgValue><ssdm name=""/></StgValue>
</bind>
</comp>

<comp id="26" class="1001" name="const_26">
<pin_list>
<pin id="27" dir="1" index="0" bw="1" slack="2147483647"/>
</pin_list>
<bind>
<StgValue><ssdm name="_ssdm_op_SpecLoopTripCount"/></StgValue>
</bind>
</comp>

<comp id="28" class="1001" name="const_28">
<pin_list>
<pin id="29" dir="1" index="0" bw="1" slack="2147483647"/>
</pin_list>
<bind>
<StgValue><ssdm name=""/></StgValue>
</bind>
</comp>

<comp id="30" class="1004" name="indvar227_fu_30">
<pin_list>
<pin id="31" dir="0" index="0" bw="1" slack="0"/>
<pin id="32" dir="1" index="1" bw="14" slack="0"/>
</pin_list>
<bind>
<opcode="alloca(26) " fcode="alloca"/>
<opset="indvar227/1 "/>
</bind>
</comp>

<comp id="34" class="1004" name="RRT_Star_Position_x_addr_gep_fu_34">
<pin_list>
<pin id="35" dir="0" index="0" bw="32" slack="0"/>
<pin id="36" dir="0" index="1" bw="1" slack="0"/>
<pin id="37" dir="0" index="2" bw="14" slack="0"/>
<pin id="38" dir="1" index="3" bw="14" slack="0"/>
</pin_list>
<bind>
<opcode="getelementptr(29) " fcode="getelementptr"/>
<opset="RRT_Star_Position_x_addr/1 "/>
</bind>
</comp>

<comp id="41" class="1004" name="store_ln14_access_fu_41">
<pin_list>
<pin id="42" dir="0" index="0" bw="14" slack="0"/>
<pin id="43" dir="0" index="1" bw="32" slack="0"/>
<pin id="44" dir="0" index="2" bw="0" slack="2147483647"/>
<pin id="45" dir="1" index="3" bw="32" slack="2147483647"/>
</pin_list>
<bind>
<opcode="store(28) " fcode="store"/>
<opset="store_ln14/1 "/>
</bind>
</comp>

<comp id="48" class="1004" name="RRT_Star_Position_y_addr_gep_fu_48">
<pin_list>
<pin id="49" dir="0" index="0" bw="32" slack="0"/>
<pin id="50" dir="0" index="1" bw="1" slack="0"/>
<pin id="51" dir="0" index="2" bw="14" slack="0"/>
<pin id="52" dir="1" index="3" bw="14" slack="0"/>
</pin_list>
<bind>
<opcode="getelementptr(29) " fcode="getelementptr"/>
<opset="RRT_Star_Position_y_addr/1 "/>
</bind>
</comp>

<comp id="55" class="1004" name="store_ln15_access_fu_55">
<pin_list>
<pin id="56" dir="0" index="0" bw="14" slack="0"/>
<pin id="57" dir="0" index="1" bw="32" slack="0"/>
<pin id="58" dir="0" index="2" bw="0" slack="2147483647"/>
<pin id="59" dir="1" index="3" bw="32" slack="2147483647"/>
</pin_list>
<bind>
<opcode="store(28) " fcode="store"/>
<opset="store_ln15/1 "/>
</bind>
</comp>

<comp id="62" class="1004" name="RRT_Star_Location_List_addr_gep_fu_62">
<pin_list>
<pin id="63" dir="0" index="0" bw="16" slack="0"/>
<pin id="64" dir="0" index="1" bw="1" slack="0"/>
<pin id="65" dir="0" index="2" bw="14" slack="0"/>
<pin id="66" dir="1" index="3" bw="14" slack="0"/>
</pin_list>
<bind>
<opcode="getelementptr(29) " fcode="getelementptr"/>
<opset="RRT_Star_Location_List_addr/1 "/>
</bind>
</comp>

<comp id="69" class="1004" name="store_ln87_access_fu_69">
<pin_list>
<pin id="70" dir="0" index="0" bw="14" slack="0"/>
<pin id="71" dir="0" index="1" bw="16" slack="0"/>
<pin id="72" dir="0" index="2" bw="0" slack="2147483647"/>
<pin id="73" dir="1" index="3" bw="16" slack="2147483647"/>
</pin_list>
<bind>
<opcode="store(28) " fcode="store"/>
<opset="store_ln87/1 "/>
</bind>
</comp>

<comp id="76" class="1004" name="store_ln0_store_fu_76">
<pin_list>
<pin id="77" dir="0" index="0" bw="1" slack="0"/>
<pin id="78" dir="0" index="1" bw="14" slack="0"/>
<pin id="79" dir="1" index="2" bw="0" slack="2147483647"/>
</pin_list>
<bind>
<opcode="store(28) " fcode="store"/>
<opset="store_ln0/1 "/>
</bind>
</comp>

<comp id="81" class="1004" name="indvar227_load_load_fu_81">
<pin_list>
<pin id="82" dir="0" index="0" bw="14" slack="0"/>
<pin id="83" dir="1" index="1" bw="14" slack="0"/>
</pin_list>
<bind>
<opcode="load(27) " fcode="load"/>
<opset="indvar227_load/1 "/>
</bind>
</comp>

<comp id="84" class="1004" name="add_ln335_fu_84">
<pin_list>
<pin id="85" dir="0" index="0" bw="14" slack="0"/>
<pin id="86" dir="0" index="1" bw="1" slack="0"/>
<pin id="87" dir="1" index="2" bw="14" slack="0"/>
</pin_list>
<bind>
<opcode="add(8) " fcode="add"/>
<opset="add_ln335/1 "/>
</bind>
</comp>

<comp id="90" class="1004" name="zext_ln14_fu_90">
<pin_list>
<pin id="91" dir="0" index="0" bw="14" slack="0"/>
<pin id="92" dir="1" index="1" bw="64" slack="0"/>
</pin_list>
<bind>
<opcode="zext(34) " fcode="zext"/>
<opset="zext_ln14/1 "/>
</bind>
</comp>

<comp id="97" class="1004" name="icmp_ln335_fu_97">
<pin_list>
<pin id="98" dir="0" index="0" bw="14" slack="0"/>
<pin id="99" dir="0" index="1" bw="14" slack="0"/>
<pin id="100" dir="1" index="2" bw="1" slack="2147483647"/>
</pin_list>
<bind>
<opcode="icmp(45) " fcode="icmp"/>
<opset="icmp_ln335/1 "/>
</bind>
</comp>

<comp id="103" class="1004" name="store_ln335_store_fu_103">
<pin_list>
<pin id="104" dir="0" index="0" bw="14" slack="0"/>
<pin id="105" dir="0" index="1" bw="14" slack="0"/>
<pin id="106" dir="1" index="2" bw="0" slack="2147483647"/>
</pin_list>
<bind>
<opcode="store(28) " fcode="store"/>
<opset="store_ln335/1 "/>
</bind>
</comp>

<comp id="108" class="1005" name="indvar227_reg_108">
<pin_list>
<pin id="109" dir="0" index="0" bw="14" slack="0"/>
<pin id="110" dir="1" index="1" bw="14" slack="0"/>
</pin_list>
<bind>
<opset="indvar227 "/>
</bind>
</comp>

</comp_list>

<net_list>
<net id="33"><net_src comp="6" pin="0"/><net_sink comp="30" pin=0"/></net>

<net id="39"><net_src comp="0" pin="0"/><net_sink comp="34" pin=0"/></net>

<net id="40"><net_src comp="20" pin="0"/><net_sink comp="34" pin=1"/></net>

<net id="46"><net_src comp="14" pin="0"/><net_sink comp="41" pin=1"/></net>

<net id="47"><net_src comp="34" pin="3"/><net_sink comp="41" pin=0"/></net>

<net id="53"><net_src comp="2" pin="0"/><net_sink comp="48" pin=0"/></net>

<net id="54"><net_src comp="20" pin="0"/><net_sink comp="48" pin=1"/></net>

<net id="60"><net_src comp="14" pin="0"/><net_sink comp="55" pin=1"/></net>

<net id="61"><net_src comp="48" pin="3"/><net_sink comp="55" pin=0"/></net>

<net id="67"><net_src comp="4" pin="0"/><net_sink comp="62" pin=0"/></net>

<net id="68"><net_src comp="20" pin="0"/><net_sink comp="62" pin=1"/></net>

<net id="74"><net_src comp="22" pin="0"/><net_sink comp="69" pin=1"/></net>

<net id="75"><net_src comp="62" pin="3"/><net_sink comp="69" pin=0"/></net>

<net id="80"><net_src comp="8" pin="0"/><net_sink comp="76" pin=0"/></net>

<net id="88"><net_src comp="81" pin="1"/><net_sink comp="84" pin=0"/></net>

<net id="89"><net_src comp="18" pin="0"/><net_sink comp="84" pin=1"/></net>

<net id="93"><net_src comp="81" pin="1"/><net_sink comp="90" pin=0"/></net>

<net id="94"><net_src comp="90" pin="1"/><net_sink comp="34" pin=2"/></net>

<net id="95"><net_src comp="90" pin="1"/><net_sink comp="48" pin=2"/></net>

<net id="96"><net_src comp="90" pin="1"/><net_sink comp="62" pin=2"/></net>

<net id="101"><net_src comp="81" pin="1"/><net_sink comp="97" pin=0"/></net>

<net id="102"><net_src comp="24" pin="0"/><net_sink comp="97" pin=1"/></net>

<net id="107"><net_src comp="84" pin="2"/><net_sink comp="103" pin=0"/></net>

<net id="111"><net_src comp="30" pin="1"/><net_sink comp="108" pin=0"/></net>

<net id="112"><net_src comp="108" pin="1"/><net_sink comp="76" pin=1"/></net>

<net id="113"><net_src comp="108" pin="1"/><net_sink comp="81" pin=0"/></net>

<net id="114"><net_src comp="108" pin="1"/><net_sink comp="103" pin=1"/></net>

</net_list>

</model> 
---------------- Datapath Model END ------------------

* FSMD analyzer results:
  - Output states:
	Port: RRT_Star_Position_x | {1 }
	Port: RRT_Star_Position_y | {1 }
	Port: RRT_Star_Location_List | {1 }
 - Input state : 
  - Chain level:
	State 1
		store_ln0 : 1
		indvar227_load : 1
		add_ln335 : 2
		zext_ln14 : 2
		RRT_Star_Position_x_addr : 3
		store_ln14 : 4
		RRT_Star_Position_y_addr : 3
		store_ln15 : 4
		RRT_Star_Location_List_addr : 3
		store_ln87 : 4
		icmp_ln335 : 2
		br_ln335 : 3
		store_ln335 : 3


============================================================
+ Verbose Summary: Datapath Resource usage 
============================================================

* Functional unit list:
|----------|------------------|---------|---------|
| Operation|  Functional Unit |    FF   |   LUT   |
|----------|------------------|---------|---------|
|    add   |  add_ln335_fu_84 |    0    |    17   |
|----------|------------------|---------|---------|
|   icmp   | icmp_ln335_fu_97 |    0    |    12   |
|----------|------------------|---------|---------|
|   zext   |  zext_ln14_fu_90 |    0    |    0    |
|----------|------------------|---------|---------|
|   Total  |                  |    0    |    29   |
|----------|------------------|---------|---------|

Memories:
N/A

* Register list:
+-----------------+--------+
|                 |   FF   |
+-----------------+--------+
|indvar227_reg_108|   14   |
+-----------------+--------+
|      Total      |   14   |
+-----------------+--------+

* Multiplexer (MUX) list: 
|--------|------|------|------|--------|
|  Comp  |  Pin | Size |  BW  | S x BW |
|--------|------|------|------|--------|
|  Total |      |      |      |    0   |
|--------|------|------|------|--------|



* Summary:
+-----------+--------+--------+
|           |   FF   |   LUT  |
+-----------+--------+--------+
|  Function |    0   |   29   |
|   Memory  |    -   |    -   |
|Multiplexer|    -   |    -   |
|  Register |   14   |    -   |
+-----------+--------+--------+
|   Total   |   14   |   29   |
+-----------+--------+--------+
