

================================================================
== Synthesis Summary Report of 'rrt'
================================================================
+ General Information: 
    * Date:           Tue May 30 11:08:33 2023
    * Version:        2021.2 (Build 3367213 on Tue Oct 19 02:47:39 MDT 2021)
    * Project:        new_fixedpoint2205
    * Solution:       solution1 (Vivado IP Flow Target)
    * Product family: zynq
    * Target device:  xc7z020-clg400-1
    

+ Performance & Resource Estimates: 
    
    PS: '+' for module; 'o' for loop; '*' for dataflow
    +----------------------------------+--------+-------+---------+-----------+----------+---------+-------+----------+----------+-----------+-------------+-------------+-----+
    |              Modules             |  Issue |       | Latency |  Latency  | Iteration|         |  Trip |          |          |           |             |             |     |
    |              & Loops             |  Type  | Slack | (cycles)|    (ns)   |  Latency | Interval| Count | Pipelined|   BRAM   |    DSP    |      FF     |     LUT     | URAM|
    +----------------------------------+--------+-------+---------+-----------+----------+---------+-------+----------+----------+-----------+-------------+-------------+-----+
    |+ rrt                             |  Timing|  -1.38|        -|          -|         -|        -|      -|        no|  81 (28%)|  150 (68%)|  30901 (29%)|  30250 (56%)|    -|
    | + rrt_Pipeline_1                 |       -|   1.13|    10002|  6.751e+04|         -|    10002|      -|        no|         -|          -|     16 (~0%)|     56 (~0%)|    -|
    |  o Loop 1                        |       -|   4.93|    10000|  6.750e+04|         1|        1|  10000|       yes|         -|          -|            -|            -|    -|
    | + FloatToFixed_16ul_s            |      II|   0.11|       21|    141.750|         -|        1|      -|       yes|         -|     6 (2%)|    1514 (1%)|    2750 (5%)|    -|
    | + FloatToFixed_16ul_s            |      II|   0.11|       21|    141.750|         -|        1|      -|       yes|         -|     6 (2%)|    1514 (1%)|    2750 (5%)|    -|
    | + FloatToFixed_16ul_s            |      II|   0.11|       21|    141.750|         -|        1|      -|       yes|         -|     6 (2%)|    1514 (1%)|    2750 (5%)|    -|
    | + rrt_Pipeline_VITIS_LOOP_342_1  |  Timing|  -1.38|        -|          -|         -|        -|      -|        no|         -|          -|    1100 (1%)|    1679 (3%)|    -|
    |  o VITIS_LOOP_342_1              |       -|   4.93|        -|          -|        52|        1|      -|       yes|         -|          -|            -|            -|    -|
    |   + FloatToFixed_16ul_s          |      II|   0.11|       21|    141.750|         -|        1|      -|       yes|         -|     6 (2%)|    1514 (1%)|    2750 (5%)|    -|
    |   + FloatToFixed_16ul_s          |      II|   0.11|       21|    141.750|         -|        1|      -|       yes|         -|     6 (2%)|    1514 (1%)|    2750 (5%)|    -|
    | + rrt_Pipeline_VITIS_LOOP_47_1   |       -|   0.59|       50|    337.500|         -|       50|      -|        no|         -|          -|    353 (~0%)|    319 (~0%)|    -|
    |  o VITIS_LOOP_47_1               |      II|   4.93|       48|    324.000|         3|        2|     24|       yes|         -|          -|            -|            -|    -|
    | + rrt_Pipeline_VITIS_LOOP_112_1  |  Timing|  -1.38|       81|    546.750|         -|       81|      -|        no|         -|   96 (43%)|  17713 (16%)|  10718 (20%)|    -|
    |  o VITIS_LOOP_112_1              |       -|   4.93|       79|    533.250|        75|        1|      6|       yes|         -|          -|            -|            -|    -|
    |   + Collision_detectedhw         |  Timing|  -1.38|       39|    263.250|         -|        1|      -|       yes|         -|   90 (40%)|  16778 (15%)|   9206 (17%)|    -|
    |    + p_hls_fptosi_float_i32      |      II|   0.51|        2|     13.500|         -|        1|      -|       yes|         -|          -|    126 (~0%)|     630 (1%)|    -|
    |    + p_hls_fptosi_float_i32      |      II|   0.51|        2|     13.500|         -|        1|      -|       yes|         -|          -|    126 (~0%)|     630 (1%)|    -|
    |    + p_hls_fptosi_float_i32      |      II|   0.51|        2|     13.500|         -|        1|      -|       yes|         -|          -|    126 (~0%)|     630 (1%)|    -|
    |    + p_hls_fptosi_float_i32      |      II|   0.51|        2|     13.500|         -|        1|      -|       yes|         -|          -|    126 (~0%)|     630 (1%)|    -|
    | + rrt_Pipeline_VITIS_LOOP_420_3  |       -|   1.60|       12|     81.000|         -|       12|      -|        no|         -|          -|      8 (~0%)|     80 (~0%)|    -|
    |  o VITIS_LOOP_420_3              |       -|   4.93|       10|     67.500|         2|        1|     10|       yes|         -|          -|            -|            -|    -|
    | + Nearhw                         |  Timing|  -1.38|        -|          -|         -|        -|      -|        no|         -|          -|    763 (~0%)|    1537 (2%)|    -|
    |  o VITIS_LOOP_141_1              |       -|   4.93|        -|          -|        30|        1|      -|       yes|         -|          -|            -|            -|    -|
    | + rrt_Pipeline_VITIS_LOOP_47_12  |       -|   0.59|       50|    337.500|         -|       50|      -|        no|         -|          -|    353 (~0%)|    319 (~0%)|    -|
    |  o VITIS_LOOP_47_1               |      II|   4.93|       48|    324.000|         3|        2|     24|       yes|         -|          -|            -|            -|    -|
    | + rrt_Pipeline_VITIS_LOOP_396_2  |       -|   0.79|        -|          -|         -|        -|      -|        no|         -|          -|     36 (~0%)|    124 (~0%)|    -|
    |  o VITIS_LOOP_396_2              |       -|   4.93|        -|          -|         2|        1|      -|       yes|         -|          -|            -|            -|    -|
    +----------------------------------+--------+-------+---------+-----------+----------+---------+-------+----------+----------+-----------+-------------+-------------+-----+


================================================================
== HW Interfaces
================================================================
* S_AXILITE Interfaces
+----------------+------------+---------------+--------+----------+
| Interface      | Data Width | Address Width | Offset | Register |
+----------------+------------+---------------+--------+----------+
| s_axi_CTRL_BUS | 32         | 7             | 24     | 0        |
+----------------+------------+---------------+--------+----------+

* S_AXILITE Registers
+----------------+-----------------+--------+-------+--------+----------------------------------+----------------------------------------------------------+
| Interface      | Register        | Offset | Width | Access | Description                      | Bit Fields                                               |
+----------------+-----------------+--------+-------+--------+----------------------------------+----------------------------------------------------------+
| s_axi_CTRL_BUS | CTRL            | 0x00   | 32    | RW     | Control signals                  | 0=AP_START 1=AP_DONE 2=AP_IDLE 3=AP_READY 7=AUTO_RESTART |
| s_axi_CTRL_BUS | GIER            | 0x04   | 32    | RW     | Global Interrupt Enable Register | 0=Enable                                                 |
| s_axi_CTRL_BUS | IP_IER          | 0x08   | 32    | RW     | IP Interrupt Enable Register     | 0=CHAN0_INT_EN 1=CHAN1_INT_EN 5=CHAN2_INT_EN             |
| s_axi_CTRL_BUS | IP_ISR          | 0x0c   | 32    | RW     | IP Interrupt Status Register     | 0=CHAN0_INT_ST 1=CHAN1_INT_ST 5=CHAN2_INT_ST             |
| s_axi_CTRL_BUS | ap_return       | 0x10   | 32    | R      | Data signal of ap_return         |                                                          |
| s_axi_CTRL_BUS | xrandx          | 0x18   | 32    | W      | Data signal of xrandx            |                                                          |
| s_axi_CTRL_BUS | xrandy          | 0x20   | 32    | W      | Data signal of xrandy            |                                                          |
| s_axi_CTRL_BUS | N               | 0x28   | 32    | W      | Data signal of N                 |                                                          |
| s_axi_CTRL_BUS | Squared_r_n     | 0x30   | 32    | W      | Data signal of Squared_r_n       |                                                          |
| s_axi_CTRL_BUS | Squared_R_Robot | 0x38   | 32    | W      | Data signal of Squared_R_Robot   |                                                          |
+----------------+-----------------+--------+-------+--------+----------------------------------+----------------------------------------------------------+

* AXIS
+--------------+---------------+-------+-------+-----+-------+-------+--------+-------+-------+--------+
| Interface    | Register Mode | TDATA | TDEST | TID | TKEEP | TLAST | TREADY | TSTRB | TUSER | TVALID |
+--------------+---------------+-------+-------+-----+-------+-------+--------+-------+-------+--------+
| XNearStream  | both          | 32    | 6     | 5   | 4     | 1     | 1      | 4     | 2     | 1      |
| dataInStream | both          | 64    | 6     | 5   | 8     | 1     | 1      | 8     | 2     | 1      |
+--------------+---------------+-------+-------+-----+-------+-------+--------+-------+-------+--------+

* TOP LEVEL CONTROL
+-----------+------------+-----------+
| Interface | Type       | Ports     |
+-----------+------------+-----------+
| ap_clk    | clock      | ap_clk    |
| ap_rst_n  | reset      | ap_rst_n  |
| interrupt | interrupt  | interrupt |
| ap_ctrl   | ap_ctrl_hs |           |
+-----------+------------+-----------+


================================================================
== SW I/O Information
================================================================
* Top Function Arguments
+-----------------+-----------+--------------------------------------------+
| Argument        | Direction | Datatype                                   |
+-----------------+-----------+--------------------------------------------+
| dataInStream    | in        | stream<hls::axis<ap_int<64>, 2, 5, 6>, 0>& |
| xrandx          | in        | float                                      |
| xrandy          | in        | float                                      |
| N               | in        | int                                        |
| oup             | out       | float*                                     |
| Squared_r_n     | in        | float                                      |
| Squared_R_Robot | in        | float                                      |
| XNearStream     | out       | stream<hls::axis<ap_int<32>, 2, 5, 6>, 0>& |
| return          | out       | bool                                       |
+-----------------+-----------+--------------------------------------------+

* SW-to-HW Mapping
+-----------------+----------------+-----------+-------------------------------------------+
| Argument        | HW Interface   | HW Type   | HW Info                                   |
+-----------------+----------------+-----------+-------------------------------------------+
| dataInStream    | dataInStream   | interface |                                           |
| xrandx          | s_axi_CTRL_BUS | register  | name=xrandx offset=0x18 range=32          |
| xrandy          | s_axi_CTRL_BUS | register  | name=xrandy offset=0x20 range=32          |
| N               | s_axi_CTRL_BUS | register  | name=N offset=0x28 range=32               |
| oup             | s_axi_CTRL_BUS | memory    | name=oup offset=64 range=32               |
| Squared_r_n     | s_axi_CTRL_BUS | register  | name=Squared_r_n offset=0x30 range=32     |
| Squared_R_Robot | s_axi_CTRL_BUS | register  | name=Squared_R_Robot offset=0x38 range=32 |
| XNearStream     | XNearStream    | interface |                                           |
| return          | s_axi_CTRL_BUS | register  | name=ap_return offset=0x10 range=32       |
+-----------------+----------------+-----------+-------------------------------------------+


================================================================
== M_AXI Burst Information
================================================================
 Note: All burst requests might be further partitioned into multiple requests during RTL generation based on max_read_burst_length or max_write_burst_length settings.

  No burst in design

================================================================
== Bind Op Report
================================================================
+----------------------------------------+-----+--------+--------------+------+---------+---------+
| Name                                   | DSP | Pragma | Variable     | Op   | Impl    | Latency |
+----------------------------------------+-----+--------+--------------+------+---------+---------+
| + rrt                                  | 150 |        |              |      |         |         |
|   dadd_64ns_64ns_64_12_full_dsp_0_U148 | 3   |        | sub          | dadd | fulldsp | 11      |
|   fsub_32ns_32ns_32_9_full_dsp_1_U141  | 2   |        | dc           | fsub | fulldsp | 8       |
|   add_ln344_fu_659_p2                  | -   |        | add_ln344    | add  | fabric  | 0       |
|   sub_ln1364_fu_673_p2                 | -   |        | sub_ln1364   | sub  | fabric  | 0       |
|   result_V_8_fu_874_p2                 | -   |        | result_V_8   | sub  | fabric  | 0       |
|   mul_32s_32s_48_5_1_U149              | 3   |        | mul_ln34     | mul  | auto    | 4       |
|   fsub_32ns_32ns_32_9_full_dsp_1_U142  | 2   |        | dc_2         | fsub | fulldsp | 8       |
|   add_ln344_1_fu_720_p2                | -   |        | add_ln344_1  | add  | fabric  | 0       |
|   sub_ln1364_2_fu_734_p2               | -   |        | sub_ln1364_2 | sub  | fabric  | 0       |
|   result_V_11_fu_885_p2                | -   |        | result_V_11  | sub  | fabric  | 0       |
|   mul_32s_32s_48_5_1_U150              | 3   |        | mul_ln34_4   | mul  | auto    | 4       |
|   r_fu_934_p2                          | -   |        | r            | add  | fabric  | 0       |
|   sub_ln65_fu_968_p2                   | -   |        | sub_ln65     | sub  | fabric  | 0       |
|   mul_32s_32s_48_5_1_U152              | 3   |        | mul_ln34_5   | mul  | auto    | 4       |
|   add_ln65_fu_1023_p2                  | -   |        | add_ln65     | add  | fabric  | 0       |
|   sub_ln67_fu_973_p2                   | -   |        | sub_ln67     | sub  | fabric  | 0       |
|   mul_32s_32s_48_5_1_U153              | 3   |        | mul_ln34_6   | mul  | auto    | 4       |
|   add_ln67_fu_1028_p2                  | -   |        | add_ln67     | add  | fabric  | 0       |
|   fmul_32ns_32ns_32_5_max_dsp_0_U143   | 3   |        | div_i        | fmul | maxdsp  | 4       |
|   fmul_32ns_32ns_32_5_max_dsp_0_U143   | 3   |        | div_i1       | fmul | maxdsp  | 4       |
|   grp_fu_594_p2                        | -   |        | sub_ln109    | sub  | fabric  | 0       |
|   mul_48s_50ns_97_3_1_x_U154           | 4   |        | mul_ln39     | mul  | dsp     | 2       |
|   sub_ln39_fu_1117_p2                  | -   |        | sub_ln39     | sub  | fabric  | 0       |
|   sub_ln39_1_fu_1150_p2                | -   |        | sub_ln39_1   | sub  | fabric  | 0       |
|   grp_fu_599_p2                        | -   |        | sub_ln110    | sub  | fabric  | 0       |
|   mul_48s_50ns_97_3_1_x_U155           | 4   |        | mul_ln39_1   | mul  | dsp     | 2       |
|   sub_ln39_2_fu_1122_p2                | -   |        | sub_ln39_2   | sub  | fabric  | 0       |
|   sub_ln39_3_fu_1187_p2                | -   |        | sub_ln39_3   | sub  | fabric  | 0       |
|   grp_fu_594_p2                        | -   |        | sub_ln161    | sub  | fabric  | 0       |
|   mul_32s_32s_48_5_1_U156              | 3   |        | mul_ln34_2   | mul  | auto    | 4       |
|   grp_fu_599_p2                        | -   |        | sub_ln161_1  | sub  | fabric  | 0       |
|   mul_32s_32s_48_5_1_U157              | 3   |        | mul_ln34_3   | mul  | auto    | 4       |
|   Dist_sqr_fu_1306_p2                  | -   |        | Dist_sqr     | add  | fabric  | 0       |
|   fmul_32ns_32ns_32_5_max_dsp_0_U143   | 3   |        | c_min_local  | fmul | maxdsp  | 4       |
|   add_fu_1301_p2                       | -   |        | add          | add  | fabric  | 0       |
|  + rrt_Pipeline_1                      | 0   |        |              |      |         |         |
|    add_ln335_fu_84_p2                  | -   |        | add_ln335    | add  | fabric  | 0       |
|   + FloatToFixed_16ul_s                | 6   |        |              |      |         |         |
|     fmul_32ns_32ns_32_5_max_dsp_0_U1   | 3   |        | mul          | fmul | maxdsp  | 4       |
|     dadd_64ns_64ns_64_12_full_dsp_0_U4 | 3   |        | dc           | dadd | fulldsp | 11      |
|     add_ln513_fu_157_p2                | -   |        | add_ln513    | add  | fabric  | 0       |
|     sub_ln1364_fu_171_p2               | -   |        | sub_ln1364   | sub  | fabric  | 0       |
|     result_V_23_fu_250_p2              | -   |        | result_V_23  | sub  | fabric  | 0       |
|   + FloatToFixed_16ul_s                | 6   |        |              |      |         |         |
|     fmul_32ns_32ns_32_5_max_dsp_0_U1   | 3   |        | mul          | fmul | maxdsp  | 4       |
|     dadd_64ns_64ns_64_12_full_dsp_0_U4 | 3   |        | dc           | dadd | fulldsp | 11      |
|     add_ln513_fu_157_p2                | -   |        | add_ln513    | add  | fabric  | 0       |
|     sub_ln1364_fu_171_p2               | -   |        | sub_ln1364   | sub  | fabric  | 0       |
|     result_V_23_fu_250_p2              | -   |        | result_V_23  | sub  | fabric  | 0       |
|   + FloatToFixed_16ul_s                | 6   |        |              |      |         |         |
|     fmul_32ns_32ns_32_5_max_dsp_0_U1   | 3   |        | mul          | fmul | maxdsp  | 4       |
|     dadd_64ns_64ns_64_12_full_dsp_0_U4 | 3   |        | dc           | dadd | fulldsp | 11      |
|     add_ln513_fu_157_p2                | -   |        | add_ln513    | add  | fabric  | 0       |
|     sub_ln1364_fu_171_p2               | -   |        | sub_ln1364   | sub  | fabric  | 0       |
|     result_V_23_fu_250_p2              | -   |        | result_V_23  | sub  | fabric  | 0       |
|  + rrt_Pipeline_VITIS_LOOP_342_1       | 0   |        |              |      |         |         |
|    add_ln342_fu_331_p2                 | -   |        | add_ln342    | add  | fabric  | 0       |
|    add_ln344_fu_469_p2                 | -   |        | add_ln344    | add  | fabric  | 0       |
|    sub_ln1364_fu_483_p2                | -   |        | sub_ln1364   | sub  | fabric  | 0       |
|    result_V_2_fu_684_p2                | -   |        | result_V_2   | sub  | fabric  | 0       |
|    add_ln344_1_fu_530_p2               | -   |        | add_ln344_1  | add  | fabric  | 0       |
|    sub_ln1364_1_fu_544_p2              | -   |        | sub_ln1364_1 | sub  | fabric  | 0       |
|    result_V_3_fu_695_p2                | -   |        | result_V_3   | sub  | fabric  | 0       |
|    D_fu_744_p2                         | -   |        | D            | add  | fabric  | 0       |
|   + FloatToFixed_16ul_s                | 6   |        |              |      |         |         |
|     fmul_32ns_32ns_32_5_max_dsp_0_U1   | 3   |        | mul          | fmul | maxdsp  | 4       |
|     dadd_64ns_64ns_64_12_full_dsp_0_U4 | 3   |        | dc           | dadd | fulldsp | 11      |
|     add_ln513_fu_157_p2                | -   |        | add_ln513    | add  | fabric  | 0       |
|     sub_ln1364_fu_171_p2               | -   |        | sub_ln1364   | sub  | fabric  | 0       |
|     result_V_23_fu_250_p2              | -   |        | result_V_23  | sub  | fabric  | 0       |
|   + FloatToFixed_16ul_s                | 6   |        |              |      |         |         |
|     fmul_32ns_32ns_32_5_max_dsp_0_U1   | 3   |        | mul          | fmul | maxdsp  | 4       |
|     dadd_64ns_64ns_64_12_full_dsp_0_U4 | 3   |        | dc           | dadd | fulldsp | 11      |
|     add_ln513_fu_157_p2                | -   |        | add_ln513    | add  | fabric  | 0       |
|     sub_ln1364_fu_171_p2               | -   |        | sub_ln1364   | sub  | fabric  | 0       |
|     result_V_23_fu_250_p2              | -   |        | result_V_23  | sub  | fabric  | 0       |
|  + rrt_Pipeline_VITIS_LOOP_47_1        | 0   |        |              |      |         |         |
|    t_fu_100_p2                         | -   |        | t            | add  | fabric  | 0       |
|    add_ln43_fu_132_p2                  | -   |        | add_ln43     | sub  | tadder  | 0       |
|    r_3_fu_147_p2                       | -   |        | r_3          | sub  | tadder  | 0       |
|    q_fu_153_p2                         | -   |        | q            | add  | fabric  | 0       |
|  + rrt_Pipeline_VITIS_LOOP_112_1       | 96  |        |              |      |         |         |
|    add_ln112_fu_188_p2                 | -   |        | add_ln112    | add  | fabric  | 0       |
|    add_ln513_fu_279_p2                 | -   |        | add_ln513    | add  | fabric  | 0       |
|    sub_ln1364_fu_293_p2                | -   |        | sub_ln1364   | sub  | fabric  | 0       |
|    result_V_6_fu_372_p2                | -   |        | result_V_6   | sub  | fabric  | 0       |
|    mul_32s_48s_48_3_1_U89              | 3   |        | mul_ln34     | mul  | dsp     | 2       |
|    mul_32s_48s_48_3_1_U90              | 3   |        | mul_ln34_2   | mul  | dsp     | 2       |
|    add_ln118_fu_416_p2                 | -   |        | add_ln118    | add  | fabric  | 0       |
|    add_ln119_fu_420_p2                 | -   |        | add_ln119    | add  | fabric  | 0       |
|   + Collision_detectedhw               | 90  |        |              |      |         |         |
|     fadd_32ns_32ns_32_9_full_dsp_1_U44 | 2   |        | sub_i        | fadd | fulldsp | 8       |
|     add_ln34_fu_214_p2                 | -   |        | add_ln34     | add  | fabric  | 0       |
|     fadd_32ns_32ns_32_9_full_dsp_1_U45 | 2   |        | sub12_i      | fadd | fulldsp | 8       |
|     mul_48s_50ns_97_3_1_U50            | 4   |        | mul_ln39     | mul  | dsp     | 2       |
|     sub_ln39_fu_484_p2                 | -   |        | sub_ln39     | sub  | fabric  | 0       |
|     sub_ln39_4_fu_519_p2               | -   |        | sub_ln39_4   | sub  | fabric  | 0       |
|     sub_ln40_2_fu_1128_p2              | -   |        | sub_ln40_2   | sub  | fabric  | 0       |
|     mul_32s_32s_48_5_1_x_U61           | 3   |        | mul_ln34_9   | mul  | auto    | 4       |
|     grp_fu_178_p2                      | -   |        | sub_ln40_3   | sub  | fabric  | 0       |
|     mul_32s_32s_48_5_1_x_U62           | 3   |        | mul_ln34_10  | mul  | auto    | 4       |
|     add_ln40_1_fu_1556_p2              | -   |        | add_ln40_1   | add  | fabric  | 0       |
|     sub_ln40_fu_1133_p2                | -   |        | sub_ln40     | sub  | fabric  | 0       |
|     mul_32s_32s_48_5_1_x_U63           | 3   |        | mul_ln34     | mul  | auto    | 4       |
|     grp_fu_178_p2                      | -   |        | sub_ln40_1   | sub  | fabric  | 0       |
|     mul_32s_32s_48_5_1_x_U64           | 3   |        | mul_ln34_8   | mul  | auto    | 4       |
|     add_ln40_fu_1560_p2                | -   |        | add_ln40     | add  | fabric  | 0       |
|     add_ln34_1_fu_643_p2               | -   |        | add_ln34_1   | add  | fabric  | 0       |
|     mul_48s_50ns_97_3_1_U54            | 4   |        | mul_ln39_2   | mul  | dsp     | 2       |
|     sub_ln39_5_fu_990_p2               | -   |        | sub_ln39_5   | sub  | fabric  | 0       |
|     sub_ln39_6_fu_1038_p2              | -   |        | sub_ln39_6   | sub  | fabric  | 0       |
|     mul_24s_32s_48_5_1_U58             | 2   |        | mul_ln34_7   | mul  | auto    | 4       |
|     sub_ln91_fu_1588_p2                | -   |        | sub_ln91     | sub  | fabric  | 0       |
|     fadd_32ns_32ns_32_9_full_dsp_1_U46 | 2   |        | sub_i_1      | fadd | fulldsp | 8       |
|     sub_ln34_fu_249_p2                 | -   |        | sub_ln34     | sub  | tadder  | 0       |
|     sub_ln34_1_fu_262_p2               | -   |        | sub_ln34_1   | sub  | tadder  | 0       |
|     mul_48s_50ns_97_3_1_U51            | 4   |        | mul_ln39_3   | mul  | dsp     | 2       |
|     sub_ln39_7_fu_489_p2               | -   |        | sub_ln39_7   | sub  | fabric  | 0       |
|     sub_ln39_8_fu_540_p2               | -   |        | sub_ln39_8   | sub  | fabric  | 0       |
|     sub_ln40_4_fu_1146_p2              | -   |        | sub_ln40_4   | sub  | fabric  | 0       |
|     mul_32s_32s_48_5_1_x_U65           | 3   |        | mul_ln34_12  | mul  | auto    | 4       |
|     sub_ln40_6_fu_1151_p2              | -   |        | sub_ln40_6   | sub  | fabric  | 0       |
|     mul_32s_32s_48_5_1_x_U66           | 3   |        | mul_ln34_14  | mul  | auto    | 4       |
|     add_ln40_5_fu_1564_p2              | -   |        | add_ln40_5   | add  | fabric  | 0       |
|     sub_ln40_5_fu_1156_p2              | -   |        | sub_ln40_5   | sub  | fabric  | 0       |
|     mul_32s_32s_48_5_1_x_U67           | 3   |        | mul_ln34_13  | mul  | auto    | 4       |
|     add_ln40_4_fu_1568_p2              | -   |        | add_ln40_4   | add  | fabric  | 0       |
|     sub_ln34_2_fu_715_p2               | -   |        | sub_ln34_2   | sub  | tadder  | 0       |
|     sub_ln34_3_fu_728_p2               | -   |        | sub_ln34_3   | sub  | tadder  | 0       |
|     sub_ln118_fu_896_p2                | -   |        | sub_ln118    | sub  | fabric  | 0       |
|     mul_48s_50ns_97_3_1_U57            | 4   |        | mul_ln39_4   | mul  | dsp     | 2       |
|     sub_ln39_9_fu_1051_p2              | -   |        | sub_ln39_9   | sub  | fabric  | 0       |
|     sub_ln39_10_fu_1184_p2             | -   |        | sub_ln39_10  | sub  | fabric  | 0       |
|     mul_24s_32s_48_5_1_U68             | 2   |        | mul_ln34_11  | mul  | auto    | 4       |
|     sub_ln91_1_fu_1593_p2              | -   |        | sub_ln91_1   | sub  | fabric  | 0       |
|     sub_ln34_4_fu_297_p2               | -   |        | sub_ln34_4   | sub  | tadder  | 0       |
|     sub_ln34_5_fu_310_p2               | -   |        | sub_ln34_5   | sub  | tadder  | 0       |
|     fadd_32ns_32ns_32_9_full_dsp_1_U47 | 2   |        | sub12_i_2    | fadd | fulldsp | 8       |
|     mul_48s_50ns_97_3_1_U52            | 4   |        | mul_ln39_5   | mul  | dsp     | 2       |
|     sub_ln39_11_fu_494_p2              | -   |        | sub_ln39_11  | sub  | fabric  | 0       |
|     sub_ln39_12_fu_561_p2              | -   |        | sub_ln39_12  | sub  | fabric  | 0       |
|     sub_ln40_9_fu_1197_p2              | -   |        | sub_ln40_9   | sub  | fabric  | 0       |
|     mul_32s_32s_48_5_1_x_U69           | 3   |        | mul_ln34_18  | mul  | auto    | 4       |
|     grp_fu_183_p2                      | -   |        | sub_ln40_10  | sub  | fabric  | 0       |
|     mul_32s_32s_48_5_1_x_U70           | 3   |        | mul_ln34_19  | mul  | auto    | 4       |
|     add_ln40_6_fu_1572_p2              | -   |        | add_ln40_6   | add  | fabric  | 0       |
|     sub_ln40_7_fu_1202_p2              | -   |        | sub_ln40_7   | sub  | fabric  | 0       |
|     mul_32s_32s_48_5_1_x_U71           | 3   |        | mul_ln34_16  | mul  | auto    | 4       |
|     grp_fu_183_p2                      | -   |        | sub_ln40_8   | sub  | fabric  | 0       |
|     mul_32s_32s_48_5_1_x_U72           | 3   |        | mul_ln34_17  | mul  | auto    | 4       |
|     add_ln40_2_fu_1576_p2              | -   |        | add_ln40_2   | add  | fabric  | 0       |
|     sub_ln34_6_fu_792_p2               | -   |        | sub_ln34_6   | sub  | tadder  | 0       |
|     sub_ln34_7_fu_805_p2               | -   |        | sub_ln34_7   | sub  | tadder  | 0       |
|     mul_48s_50ns_97_3_1_U55            | 4   |        | mul_ln39_6   | mul  | dsp     | 2       |
|     sub_ln39_13_fu_1005_p2             | -   |        | sub_ln39_13  | sub  | fabric  | 0       |
|     sub_ln39_14_fu_1079_p2             | -   |        | sub_ln39_14  | sub  | fabric  | 0       |
|     mul_24s_32s_48_5_1_U59             | 2   |        | mul_ln34_15  | mul  | auto    | 4       |
|     sub_ln91_2_fu_1598_p2              | -   |        | sub_ln91_2   | sub  | fabric  | 0       |
|     add_ln34_2_fu_352_p2               | -   |        | add_ln34_2   | add  | fabric  | 0       |
|     mul_48s_50ns_97_3_1_U53            | 4   |        | mul_ln39_7   | mul  | dsp     | 2       |
|     sub_ln39_15_fu_499_p2              | -   |        | sub_ln39_15  | sub  | fabric  | 0       |
|     sub_ln39_16_fu_582_p2              | -   |        | sub_ln39_16  | sub  | fabric  | 0       |
|     sub_ln40_11_fu_1215_p2             | -   |        | sub_ln40_11  | sub  | fabric  | 0       |
|     mul_32s_32s_48_5_1_x_U73           | 3   |        | mul_ln34_21  | mul  | auto    | 4       |
|     sub_ln40_13_fu_1220_p2             | -   |        | sub_ln40_13  | sub  | fabric  | 0       |
|     mul_32s_32s_48_5_1_x_U74           | 3   |        | mul_ln34_23  | mul  | auto    | 4       |
|     add_ln40_7_fu_1580_p2              | -   |        | add_ln40_7   | add  | fabric  | 0       |
|     sub_ln40_12_fu_1225_p2             | -   |        | sub_ln40_12  | sub  | fabric  | 0       |
|     mul_32s_32s_48_5_1_x_U75           | 3   |        | mul_ln34_22  | mul  | auto    | 4       |
|     add_ln40_3_fu_1584_p2              | -   |        | add_ln40_3   | add  | fabric  | 0       |
|     sub_ln118_1_fu_866_p2              | -   |        | sub_ln118_1  | sub  | fabric  | 0       |
|     mul_48s_50ns_97_3_1_U56            | 4   |        | mul_ln39_8   | mul  | dsp     | 2       |
|     sub_ln39_17_fu_1010_p2             | -   |        | sub_ln39_17  | sub  | fabric  | 0       |
|     sub_ln39_18_fu_1115_p2             | -   |        | sub_ln39_18  | sub  | fabric  | 0       |
|     mul_24s_32s_48_5_1_U60             | 2   |        | mul_ln34_20  | mul  | auto    | 4       |
|     sub_ln91_3_fu_1603_p2              | -   |        | sub_ln91_3   | sub  | fabric  | 0       |
|    + p_hls_fptosi_float_i32            | 0   |        |              |      |         |         |
|      add_ln344_fu_74_p2                | -   |        | add_ln344    | add  | fabric  | 0       |
|      sub_ln1364_fu_88_p2               | -   |        | sub_ln1364   | sub  | fabric  | 0       |
|      result_V_14_fu_167_p2             | -   |        | result_V_14  | sub  | fabric  | 0       |
|    + p_hls_fptosi_float_i32            | 0   |        |              |      |         |         |
|      add_ln344_fu_74_p2                | -   |        | add_ln344    | add  | fabric  | 0       |
|      sub_ln1364_fu_88_p2               | -   |        | sub_ln1364   | sub  | fabric  | 0       |
|      result_V_14_fu_167_p2             | -   |        | result_V_14  | sub  | fabric  | 0       |
|    + p_hls_fptosi_float_i32            | 0   |        |              |      |         |         |
|      add_ln344_fu_74_p2                | -   |        | add_ln344    | add  | fabric  | 0       |
|      sub_ln1364_fu_88_p2               | -   |        | sub_ln1364   | sub  | fabric  | 0       |
|      result_V_14_fu_167_p2             | -   |        | result_V_14  | sub  | fabric  | 0       |
|    + p_hls_fptosi_float_i32            | 0   |        |              |      |         |         |
|      add_ln344_fu_74_p2                | -   |        | add_ln344    | add  | fabric  | 0       |
|      sub_ln1364_fu_88_p2               | -   |        | sub_ln1364   | sub  | fabric  | 0       |
|      result_V_14_fu_167_p2             | -   |        | result_V_14  | sub  | fabric  | 0       |
|  + rrt_Pipeline_VITIS_LOOP_420_3       | 0   |        |              |      |         |         |
|    j_2_fu_142_p2                       | -   |        | j_2          | add  | fabric  | 0       |
|  + Nearhw                              | 0   |        |              |      |         |         |
|    add_ln141_fu_205_p2                 | -   |        | add_ln141    | add  | fabric  | 0       |
|    add_ln344_fu_251_p2                 | -   |        | add_ln344    | add  | fabric  | 0       |
|    sub_ln1364_fu_265_p2                | -   |        | sub_ln1364   | sub  | fabric  | 0       |
|    result_V_17_fu_466_p2               | -   |        | result_V_17  | sub  | fabric  | 0       |
|    add_ln344_2_fu_312_p2               | -   |        | add_ln344_2  | add  | fabric  | 0       |
|    sub_ln1364_2_fu_326_p2              | -   |        | sub_ln1364_2 | sub  | fabric  | 0       |
|    result_V_20_fu_477_p2               | -   |        | result_V_20  | sub  | fabric  | 0       |
|    D_fu_526_p2                         | -   |        | D            | add  | fabric  | 0       |
|    add_ln152_fu_542_p2                 | -   |        | add_ln152    | add  | fabric  | 0       |
|  + rrt_Pipeline_VITIS_LOOP_47_12       | 0   |        |              |      |         |         |
|    t_fu_100_p2                         | -   |        | t            | add  | fabric  | 0       |
|    add_ln43_fu_132_p2                  | -   |        | add_ln43     | sub  | tadder  | 0       |
|    r_1_fu_147_p2                       | -   |        | r_1          | sub  | tadder  | 0       |
|    q_1_fu_153_p2                       | -   |        | q_1          | add  | fabric  | 0       |
|  + rrt_Pipeline_VITIS_LOOP_396_2       | 0   |        |              |      |         |         |
|    add_ln396_fu_164_p2                 | -   |        | add_ln396    | add  | fabric  | 0       |
+----------------------------------------+-----+--------+--------------+------+---------+---------+


================================================================
== Bind Storage Report
================================================================
+----------------------------------+------+------+--------+------------------------+---------+------+---------+
| Name                             | BRAM | URAM | Pragma | Variable               | Storage | Impl | Latency |
+----------------------------------+------+------+--------+------------------------+---------+------+---------+
| + rrt                            | 81   | 0    |        |                        |         |      |         |
|   sitofp_32ns_32_7_no_dsp_1_U144 | -    | -    |        | Bool                   | ram_s2p | auto | 1       |
|   x_near_U                       | 1    | -    |        | x_near                 | ram_1p  | auto | 1       |
|   RRT_Star_Position_x_U          | 32   | -    |        | RRT_Star_Position_x    | ram_1p  | auto | 1       |
|   RRT_Star_Position_y_U          | 32   | -    |        | RRT_Star_Position_y    | ram_1p  | auto | 1       |
|   RRT_Star_Location_List_U       | 16   | -    |        | RRT_Star_Location_List | ram_1p  | auto | 1       |
+----------------------------------+------+------+--------+------------------------+---------+------+---------+


================================================================
== User Pragma Report
================================================================
* Valid Pragma Syntax
+-----------+------------------------------------------------+---------------------------------------------------------+
| Type      | Options                                        | Location                                                |
+-----------+------------------------------------------------+---------------------------------------------------------+
| interface | axis register both port=dataInStream           | new_fixedpoint2205/main.cpp:185 in rrt, dataInStream    |
| interface | s_axilite port=xrandx bundle=CTRL_BUS          | new_fixedpoint2205/main.cpp:186 in rrt, xrandx          |
| interface | s_axilite port=xrandy bundle=CTRL_BUS          | new_fixedpoint2205/main.cpp:187 in rrt, xrandy          |
| interface | s_axilite port=N bundle=CTRL_BUS               | new_fixedpoint2205/main.cpp:188 in rrt, N               |
| interface | s_axilite port=oup bundle=CTRL_BUS             | new_fixedpoint2205/main.cpp:190 in rrt, oup             |
| interface | s_axilite port=Squared_r_n bundle=CTRL_BUS     | new_fixedpoint2205/main.cpp:191 in rrt, Squared_r_n     |
| interface | s_axilite port=Squared_R_Robot bundle=CTRL_BUS | new_fixedpoint2205/main.cpp:192 in rrt, Squared_R_Robot |
| interface | axis register both port=XNearStream            | new_fixedpoint2205/main.cpp:194 in rrt, XNearStream     |
| interface | s_axilite port=return bundle=CTRL_BUS          | new_fixedpoint2205/main.cpp:195 in rrt, return          |
| pipeline  |                                                | new_fixedpoint2205/main.cpp:344 in rrt                  |
+-----------+------------------------------------------------+---------------------------------------------------------+


