

================================================================
== Vitis HLS Report for 'FloatToFixed_16ul_s'
================================================================
* Date:           Tue May 30 11:08:28 2023

* Version:        2021.2 (Build 3367213 on Tue Oct 19 02:47:39 MDT 2021)
* Project:        new_fixedpoint2205
* Solution:       solution1 (Vivado IP Flow Target)
* Product family: zynq
* Target device:  xc7z020-clg400-1


================================================================
== Performance Estimates
================================================================
+ Timing: 
    * Summary: 
    +--------+---------+----------+------------+
    |  Clock |  Target | Estimated| Uncertainty|
    +--------+---------+----------+------------+
    |ap_clk  |  6.75 ns|  4.820 ns|     1.82 ns|
    +--------+---------+----------+------------+

+ Latency: 
    * Summary: 
    +---------+---------+----------+----------+-----+-----+---------+
    |  Latency (cycles) |  Latency (absolute) |  Interval | Pipeline|
    |   min   |   max   |    min   |    max   | min | max |   Type  |
    +---------+---------+----------+----------+-----+-----+---------+
    |       21|       21|  0.142 us|  0.142 us|    1|    1|      yes|
    +---------+---------+----------+----------+-----+-----+---------+

    + Detail: 
        * Instance: 
        N/A

        * Loop: 
        N/A



================================================================
== Utilization Estimates
================================================================
* Summary: 
+-----------------+---------+-----+--------+-------+-----+
|       Name      | BRAM_18K| DSP |   FF   |  LUT  | URAM|
+-----------------+---------+-----+--------+-------+-----+
|DSP              |        -|    -|       -|      -|    -|
|Expression       |        -|    -|       0|   1153|    -|
|FIFO             |        -|    -|       -|      -|    -|
|Instance         |        -|    6|     994|   1487|    -|
|Memory           |        -|    -|       -|      -|    -|
|Multiplexer      |        -|    -|       -|     14|    -|
|Register         |        -|    -|     520|     96|    -|
+-----------------+---------+-----+--------+-------+-----+
|Total            |        0|    6|    1514|   2750|    0|
+-----------------+---------+-----+--------+-------+-----+
|Available        |      280|  220|  106400|  53200|    0|
+-----------------+---------+-----+--------+-------+-----+
|Utilization (%)  |        0|    2|       1|      5|    0|
+-----------------+---------+-----+--------+-------+-----+

+ Detail: 
    * Instance: 
    +------------------------------------+---------------------------------+---------+----+-----+------+-----+
    |              Instance              |              Module             | BRAM_18K| DSP|  FF |  LUT | URAM|
    +------------------------------------+---------------------------------+---------+----+-----+------+-----+
    |dadd_64ns_64ns_64_12_full_dsp_0_U4  |dadd_64ns_64ns_64_12_full_dsp_0  |        0|   3|  843|  1162|    0|
    |fcmp_32ns_32ns_1_3_no_dsp_0_U3      |fcmp_32ns_32ns_1_3_no_dsp_0      |        0|   0|    0|     0|    0|
    |fmul_32ns_32ns_32_5_max_dsp_0_U1    |fmul_32ns_32ns_32_5_max_dsp_0    |        0|   3|  151|   325|    0|
    |fpext_32ns_64_2_no_dsp_0_U2         |fpext_32ns_64_2_no_dsp_0         |        0|   0|    0|     0|    0|
    +------------------------------------+---------------------------------+---------+----+-----+------+-----+
    |Total                               |                                 |        0|   6|  994|  1487|    0|
    +------------------------------------+---------------------------------+---------+----+-----+------+-----+

    * DSP: 
    N/A

    * Memory: 
    N/A

    * FIFO: 
    N/A

    * Expression: 
    +-----------------------+----------+----+---+-----+------------+------------+
    |     Variable Name     | Operation| DSP| FF| LUT | Bitwidth P0| Bitwidth P1|
    +-----------------------+----------+----+---+-----+------------+------------+
    |add_ln513_fu_157_p2    |         +|   0|  0|   12|          12|          11|
    |result_V_23_fu_250_p2  |         -|   0|  0|   39|           1|          32|
    |sub_ln1364_fu_171_p2   |         -|   0|  0|   12|          10|          11|
    |and_ln7_fu_115_p2      |       and|   0|  0|    2|           1|           1|
    |icmp_ln7_2_fu_105_p2   |      icmp|   0|  0|   15|          23|           1|
    |icmp_ln7_fu_99_p2      |      icmp|   0|  0|   11|           8|           2|
    |r_V_fu_209_p2          |      lshr|   0|  0|  460|         137|         137|
    |or_ln7_fu_111_p2       |        or|   0|  0|    2|           1|           1|
    |result_V_fu_255_p3     |    select|   0|  0|   32|           1|          32|
    |select_ln7_fu_120_p3   |    select|   0|  0|   64|           1|          62|
    |ush_fu_181_p3          |    select|   0|  0|   12|           1|          12|
    |val_fu_243_p3          |    select|   0|  0|   32|           1|          32|
    |r_V_12_fu_215_p2       |       shl|   0|  0|  460|         137|         137|
    +-----------------------+----------+----+---+-----+------------+------------+
    |Total                  |          |   0|  0| 1153|         334|         471|
    +-----------------------+----------+----+---+-----+------------+------------+

    * Multiplexer: 
    +-----------+----+-----------+-----+-----------+
    |    Name   | LUT| Input Size| Bits| Total Bits|
    +-----------+----+-----------+-----+-----------+
    |ap_return  |  14|          3|   32|         96|
    +-----------+----+-----------+-----+-----------+
    |Total      |  14|          3|   32|         96|
    +-----------+----+-----------+-----+-----------+

    * Register: 
    +-----------------------------------+----+----+-----+-----------+
    |                Name               | FF | LUT| Bits| Const Bits|
    +-----------------------------------+----+----+-----+-----------+
    |ap_ce_reg                          |   1|   0|    1|          0|
    |ap_return_int_reg                  |  32|   0|   32|          0|
    |conv_reg_287                       |  64|   0|   64|          0|
    |d_int_reg                          |  32|   0|   32|          0|
    |dc_reg_297                         |  64|   0|   64|          0|
    |icmp_ln7_2_reg_272                 |   1|   0|    1|          0|
    |icmp_ln7_reg_267                   |   1|   0|    1|          0|
    |isNeg_reg_312                      |   1|   0|    1|          0|
    |mul_reg_282                        |  32|   0|   32|          0|
    |p_Result_s_reg_302                 |   1|   0|    1|          0|
    |p_Result_s_reg_302_pp0_iter20_reg  |   1|   0|    1|          0|
    |select_ln7_reg_292                 |   1|   0|   64|         63|
    |tmp_3_reg_277                      |   1|   0|    1|          0|
    |tmp_45_reg_307                     |  52|   0|   52|          0|
    |ush_reg_317                        |  12|   0|   12|          0|
    |val_reg_322                        |  32|   0|   32|          0|
    |icmp_ln7_2_reg_272                 |  64|  32|    1|          0|
    |icmp_ln7_reg_267                   |  64|  32|    1|          0|
    |tmp_3_reg_277                      |  64|  32|    1|          0|
    +-----------------------------------+----+----+-----+-----------+
    |Total                              | 520|  96|  394|         63|
    +-----------------------------------+----+----+-----+-----------+



================================================================
== Interface
================================================================
* Summary: 
+-----------+-----+-----+------------+--------------------+--------------+
| RTL Ports | Dir | Bits|  Protocol  |    Source Object   |    C Type    |
+-----------+-----+-----+------------+--------------------+--------------+
|ap_clk     |   in|    1|  ap_ctrl_hs|  FloatToFixed<16ul>|  return value|
|ap_rst     |   in|    1|  ap_ctrl_hs|  FloatToFixed<16ul>|  return value|
|ap_return  |  out|   32|  ap_ctrl_hs|  FloatToFixed<16ul>|  return value|
|ap_ce      |   in|    1|  ap_ctrl_hs|  FloatToFixed<16ul>|  return value|
|d          |   in|   32|     ap_none|                   d|        scalar|
+-----------+-----+-----+------------+--------------------+--------------+

