

================================================================
== Vitis HLS Report for 'Nearhw'
================================================================
* Date:           Tue May 30 11:08:31 2023

* Version:        2021.2 (Build 3367213 on Tue Oct 19 02:47:39 MDT 2021)
* Project:        new_fixedpoint2205
* Solution:       solution1 (Vivado IP Flow Target)
* Product family: zynq
* Target device:  xc7z020-clg400-1


================================================================
== Performance Estimates
================================================================
+ Timing: 
    * Summary: 
    +--------+---------+----------+------------+
    |  Clock |  Target | Estimated| Uncertainty|
    +--------+---------+----------+------------+
    |ap_clk  |  6.75 ns|  6.312 ns|     1.82 ns|
    +--------+---------+----------+------------+

+ Latency: 
    * Summary: 
    +---------+---------+----------+----------+-----+-----+---------+
    |  Latency (cycles) |  Latency (absolute) |  Interval | Pipeline|
    |   min   |   max   |    min   |    max   | min | max |   Type  |
    +---------+---------+----------+----------+-----+-----+---------+
    |        ?|        ?|         ?|         ?|    ?|    ?|       no|
    +---------+---------+----------+----------+-----+-----+---------+

    + Detail: 
        * Instance: 
        N/A

        * Loop: 
        +--------------------+---------+---------+----------+-----------+-----------+------+----------+
        |                    |  Latency (cycles) | Iteration|  Initiation Interval  | Trip |          |
        |      Loop Name     |   min   |   max   |  Latency |  achieved |   target  | Count| Pipelined|
        +--------------------+---------+---------+----------+-----------+-----------+------+----------+
        |- VITIS_LOOP_141_1  |        ?|        ?|        30|          1|          1|     ?|       yes|
        +--------------------+---------+---------+----------+-----------+-----------+------+----------+



================================================================
== Utilization Estimates
================================================================
* Summary: 
+-----------------+---------+-----+--------+-------+-----+
|       Name      | BRAM_18K| DSP |   FF   |  LUT  | URAM|
+-----------------+---------+-----+--------+-------+-----+
|DSP              |        -|    -|       -|      -|    -|
|Expression       |        -|    -|       0|   1379|    -|
|FIFO             |        -|    -|       -|      -|    -|
|Instance         |        -|    -|       -|      -|    -|
|Memory           |        -|    -|       -|      -|    -|
|Multiplexer      |        -|    -|       -|    126|    -|
|Register         |        -|    -|     763|     32|    -|
+-----------------+---------+-----+--------+-------+-----+
|Total            |        0|    0|     763|   1537|    0|
+-----------------+---------+-----+--------+-------+-----+
|Available        |      280|  220|  106400|  53200|    0|
+-----------------+---------+-----+--------+-------+-----+
|Utilization (%)  |        0|    0|      ~0|      2|    0|
+-----------------+---------+-----+--------+-------+-----+

+ Detail: 
    * Instance: 
    N/A

    * DSP: 
    N/A

    * Memory: 
    N/A

    * FIFO: 
    N/A

    * Expression: 
    +-------------------------+----------+----+---+-----+------------+------------+
    |      Variable Name      | Operation| DSP| FF| LUT | Bitwidth P0| Bitwidth P1|
    +-------------------------+----------+----+---+-----+------------+------------+
    |D_fu_526_p2              |         +|   0|  0|   39|          32|          32|
    |add_ln141_fu_205_p2      |         +|   0|  0|   17|          14|           1|
    |add_ln152_fu_542_p2      |         +|   0|  0|   39|          32|           1|
    |add_ln344_2_fu_312_p2    |         +|   0|  0|   14|           9|           8|
    |add_ln344_fu_251_p2      |         +|   0|  0|   14|           9|           8|
    |result_V_17_fu_466_p2    |         -|   0|  0|   39|           1|          32|
    |result_V_20_fu_477_p2    |         -|   0|  0|   39|           1|          32|
    |sub_ln1364_2_fu_326_p2   |         -|   0|  0|   15|           7|           8|
    |sub_ln1364_fu_265_p2     |         -|   0|  0|   15|           7|           8|
    |icmp_ln141_fu_200_p2     |      icmp|   0|  0|   12|          14|          14|
    |icmp_ln149_fu_530_p2     |      icmp|   0|  0|   18|          32|          32|
    |r_V_10_fu_425_p2         |      lshr|   0|  0|  242|          79|          79|
    |r_V_fu_364_p2            |      lshr|   0|  0|  242|          79|          79|
    |result_V_21_fu_482_p3    |    select|   0|  0|   32|           1|          32|
    |result_V_fu_471_p3       |    select|   0|  0|   32|           1|          32|
    |ush_3_fu_336_p3          |    select|   0|  0|    9|           1|           9|
    |ush_fu_275_p3            |    select|   0|  0|    9|           1|           9|
    |val_3_fu_459_p3          |    select|   0|  0|   32|           1|          32|
    |val_fu_398_p3            |    select|   0|  0|   32|           1|          32|
    |r_V_11_fu_431_p2         |       shl|   0|  0|  242|          79|          79|
    |r_V_9_fu_370_p2          |       shl|   0|  0|  242|          79|          79|
    |ap_enable_pp0            |       xor|   0|  0|    2|           1|           2|
    |ap_enable_reg_pp0_iter1  |       xor|   0|  0|    2|           2|           1|
    +-------------------------+----------+----+---+-----+------------+------------+
    |Total                    |          |   0|  0| 1379|         483|         641|
    +-------------------------+----------+----+---+-----+------------+------------+

    * Multiplexer: 
    +--------------------------+----+-----------+-----+-----------+
    |           Name           | LUT| Input Size| Bits| Total Bits|
    +--------------------------+----+-----------+-----+-----------+
    |X_near_count_0_fu_86      |   9|          2|   32|         64|
    |ap_NS_fsm                 |  53|         10|    1|         10|
    |ap_enable_reg_pp0_iter1   |   9|          2|    1|          2|
    |ap_enable_reg_pp0_iter29  |   9|          2|    1|          2|
    |empty_fu_82               |   9|          2|   32|         64|
    |grp_fu_174_p0             |  14|          3|   32|         96|
    |grp_fu_178_p0             |  14|          3|   32|         96|
    |i_fu_78                   |   9|          2|   14|         28|
    +--------------------------+----+-----------+-----+-----------+
    |Total                     | 126|         26|  145|        362|
    +--------------------------+----+-----------+-----+-----------+

    * Register: 
    +-----------------------------------+----+----+-----+-----------+
    |                Name               | FF | LUT| Bits| Const Bits|
    +-----------------------------------+----+----+-----+-----------+
    |B_x_reg_630                        |  32|   0|   32|          0|
    |B_y_reg_635                        |  32|   0|   32|          0|
    |D_reg_744                          |  32|   0|   32|          0|
    |RRT_Star_Pos_1_load_reg_758        |  16|   0|   16|          0|
    |X_near_count_0_fu_86               |  32|   0|   32|          0|
    |ap_CS_fsm                          |   9|   0|    9|          0|
    |ap_enable_reg_pp0_iter0            |   1|   0|    1|          0|
    |ap_enable_reg_pp0_iter1            |   1|   0|    1|          0|
    |ap_enable_reg_pp0_iter10           |   1|   0|    1|          0|
    |ap_enable_reg_pp0_iter11           |   1|   0|    1|          0|
    |ap_enable_reg_pp0_iter12           |   1|   0|    1|          0|
    |ap_enable_reg_pp0_iter13           |   1|   0|    1|          0|
    |ap_enable_reg_pp0_iter14           |   1|   0|    1|          0|
    |ap_enable_reg_pp0_iter15           |   1|   0|    1|          0|
    |ap_enable_reg_pp0_iter16           |   1|   0|    1|          0|
    |ap_enable_reg_pp0_iter17           |   1|   0|    1|          0|
    |ap_enable_reg_pp0_iter18           |   1|   0|    1|          0|
    |ap_enable_reg_pp0_iter19           |   1|   0|    1|          0|
    |ap_enable_reg_pp0_iter2            |   1|   0|    1|          0|
    |ap_enable_reg_pp0_iter20           |   1|   0|    1|          0|
    |ap_enable_reg_pp0_iter21           |   1|   0|    1|          0|
    |ap_enable_reg_pp0_iter22           |   1|   0|    1|          0|
    |ap_enable_reg_pp0_iter23           |   1|   0|    1|          0|
    |ap_enable_reg_pp0_iter24           |   1|   0|    1|          0|
    |ap_enable_reg_pp0_iter25           |   1|   0|    1|          0|
    |ap_enable_reg_pp0_iter26           |   1|   0|    1|          0|
    |ap_enable_reg_pp0_iter27           |   1|   0|    1|          0|
    |ap_enable_reg_pp0_iter28           |   1|   0|    1|          0|
    |ap_enable_reg_pp0_iter29           |   1|   0|    1|          0|
    |ap_enable_reg_pp0_iter3            |   1|   0|    1|          0|
    |ap_enable_reg_pp0_iter4            |   1|   0|    1|          0|
    |ap_enable_reg_pp0_iter5            |   1|   0|    1|          0|
    |ap_enable_reg_pp0_iter6            |   1|   0|    1|          0|
    |ap_enable_reg_pp0_iter7            |   1|   0|    1|          0|
    |ap_enable_reg_pp0_iter8            |   1|   0|    1|          0|
    |ap_enable_reg_pp0_iter9            |   1|   0|    1|          0|
    |conv9_i_i_reg_607                  |  32|   0|   32|          0|
    |conv_i2_i_i_reg_645                |  32|   0|   32|          0|
    |conv_i_i_i_reg_640                 |  32|   0|   32|          0|
    |conv_i_i_reg_602                   |  32|   0|   32|          0|
    |dc_3_reg_655                       |  32|   0|   32|          0|
    |dc_reg_650                         |  32|   0|   32|          0|
    |empty_fu_82                        |  32|   0|   32|          0|
    |i_cast_reg_615                     |  14|   0|   64|         50|
    |i_fu_78                            |  14|   0|   14|          0|
    |icmp_ln149_reg_749                 |   1|   0|    1|          0|
    |icmp_ln149_reg_749_pp0_iter28_reg  |   1|   0|    1|          0|
    |isNeg_3_reg_690                    |   1|   0|    1|          0|
    |isNeg_reg_670                      |   1|   0|    1|          0|
    |p_Result_3_reg_680                 |   1|   0|    1|          0|
    |p_Result_3_reg_680_pp0_iter19_reg  |   1|   0|    1|          0|
    |p_Result_s_reg_660                 |   1|   0|    1|          0|
    |p_Result_s_reg_660_pp0_iter19_reg  |   1|   0|    1|          0|
    |result_V_21_reg_717                |  32|   0|   32|          0|
    |result_V_reg_712                   |  32|   0|   32|          0|
    |tmp_41_reg_665                     |  23|   0|   23|          0|
    |tmp_43_reg_685                     |  23|   0|   23|          0|
    |trunc_ln34_4_reg_739               |  32|   0|   32|          0|
    |trunc_ln_reg_734                   |  32|   0|   32|          0|
    |ush_3_reg_695                      |   9|   0|    9|          0|
    |ush_reg_675                        |   9|   0|    9|          0|
    |val_3_reg_706                      |  32|   0|   32|          0|
    |val_reg_700                        |  32|   0|   32|          0|
    |i_cast_reg_615                     |  64|  32|   64|         50|
    +-----------------------------------+----+----+-----+-----------+
    |Total                              | 763|  32|  813|        100|
    +-----------------------------------+----+----+-----+-----------+



================================================================
== Interface
================================================================
* Summary: 
+---------------------------+-----+-----+------------+------------------+--------------+
|         RTL Ports         | Dir | Bits|  Protocol  |   Source Object  |    C Type    |
+---------------------------+-----+-----+------------+------------------+--------------+
|ap_clk                     |   in|    1|  ap_ctrl_hs|            Nearhw|  return value|
|ap_rst                     |   in|    1|  ap_ctrl_hs|            Nearhw|  return value|
|ap_start                   |   in|    1|  ap_ctrl_hs|            Nearhw|  return value|
|ap_done                    |  out|    1|  ap_ctrl_hs|            Nearhw|  return value|
|ap_idle                    |  out|    1|  ap_ctrl_hs|            Nearhw|  return value|
|ap_ready                   |  out|    1|  ap_ctrl_hs|            Nearhw|  return value|
|ap_return                  |  out|   32|  ap_ctrl_hs|            Nearhw|  return value|
|grp_fu_537_p_din0          |  out|   32|  ap_ctrl_hs|            Nearhw|  return value|
|grp_fu_537_p_din1          |  out|   32|  ap_ctrl_hs|            Nearhw|  return value|
|grp_fu_537_p_opcode        |  out|    2|  ap_ctrl_hs|            Nearhw|  return value|
|grp_fu_537_p_dout0         |   in|   32|  ap_ctrl_hs|            Nearhw|  return value|
|grp_fu_537_p_ce            |  out|    1|  ap_ctrl_hs|            Nearhw|  return value|
|grp_fu_541_p_din0          |  out|   32|  ap_ctrl_hs|            Nearhw|  return value|
|grp_fu_541_p_din1          |  out|   32|  ap_ctrl_hs|            Nearhw|  return value|
|grp_fu_541_p_opcode        |  out|    2|  ap_ctrl_hs|            Nearhw|  return value|
|grp_fu_541_p_dout0         |   in|   32|  ap_ctrl_hs|            Nearhw|  return value|
|grp_fu_541_p_ce            |  out|    1|  ap_ctrl_hs|            Nearhw|  return value|
|grp_fu_550_p_din0          |  out|   32|  ap_ctrl_hs|            Nearhw|  return value|
|grp_fu_550_p_dout0         |   in|   32|  ap_ctrl_hs|            Nearhw|  return value|
|grp_fu_550_p_ce            |  out|    1|  ap_ctrl_hs|            Nearhw|  return value|
|grp_fu_553_p_din0          |  out|   32|  ap_ctrl_hs|            Nearhw|  return value|
|grp_fu_553_p_dout0         |   in|   32|  ap_ctrl_hs|            Nearhw|  return value|
|grp_fu_553_p_ce            |  out|    1|  ap_ctrl_hs|            Nearhw|  return value|
|grp_fu_1261_p_din0         |  out|   32|  ap_ctrl_hs|            Nearhw|  return value|
|grp_fu_1261_p_din1         |  out|   32|  ap_ctrl_hs|            Nearhw|  return value|
|grp_fu_1261_p_dout0        |   in|   48|  ap_ctrl_hs|            Nearhw|  return value|
|grp_fu_1261_p_ce           |  out|    1|  ap_ctrl_hs|            Nearhw|  return value|
|grp_fu_1271_p_din0         |  out|   32|  ap_ctrl_hs|            Nearhw|  return value|
|grp_fu_1271_p_din1         |  out|   32|  ap_ctrl_hs|            Nearhw|  return value|
|grp_fu_1271_p_dout0        |   in|   48|  ap_ctrl_hs|            Nearhw|  return value|
|grp_fu_1271_p_ce           |  out|    1|  ap_ctrl_hs|            Nearhw|  return value|
|X_near_address0            |  out|   10|   ap_memory|            X_near|         array|
|X_near_ce0                 |  out|    1|   ap_memory|            X_near|         array|
|X_near_we0                 |  out|    1|   ap_memory|            X_near|         array|
|X_near_d0                  |  out|   16|   ap_memory|            X_near|         array|
|RRT_Star_Pos_0_0_address0  |  out|   14|   ap_memory|  RRT_Star_Pos_0_0|         array|
|RRT_Star_Pos_0_0_ce0       |  out|    1|   ap_memory|  RRT_Star_Pos_0_0|         array|
|RRT_Star_Pos_0_0_q0        |   in|   32|   ap_memory|  RRT_Star_Pos_0_0|         array|
|RRT_Star_Pos_0_1_address0  |  out|   14|   ap_memory|  RRT_Star_Pos_0_1|         array|
|RRT_Star_Pos_0_1_ce0       |  out|    1|   ap_memory|  RRT_Star_Pos_0_1|         array|
|RRT_Star_Pos_0_1_q0        |   in|   32|   ap_memory|  RRT_Star_Pos_0_1|         array|
|RRT_Star_Pos_1_address0    |  out|   14|   ap_memory|    RRT_Star_Pos_1|         array|
|RRT_Star_Pos_1_ce0         |  out|    1|   ap_memory|    RRT_Star_Pos_1|         array|
|RRT_Star_Pos_1_q0          |   in|   16|   ap_memory|    RRT_Star_Pos_1|         array|
|p_read                     |   in|   32|     ap_none|            p_read|        scalar|
|p_read1                    |   in|   32|     ap_none|           p_read1|        scalar|
|Squared_r_n                |   in|   32|     ap_none|       Squared_r_n|        scalar|
|N                          |   in|   14|     ap_none|                 N|        scalar|
+---------------------------+-----+-----+------------+------------------+--------------+

