

================================================================
== Vitis HLS Report for 'p_hls_fptosi_float_i32'
================================================================
* Date:           Tue May 30 11:08:29 2023

* Version:        2021.2 (Build 3367213 on Tue Oct 19 02:47:39 MDT 2021)
* Project:        new_fixedpoint2205
* Solution:       solution1 (Vivado IP Flow Target)
* Product family: zynq
* Target device:  xc7z020-clg400-1


================================================================
== Performance Estimates
================================================================
+ Timing: 
    * Summary: 
    +--------+---------+----------+------------+
    |  Clock |  Target | Estimated| Uncertainty|
    +--------+---------+----------+------------+
    |ap_clk  |  6.75 ns|  4.420 ns|     1.82 ns|
    +--------+---------+----------+------------+

+ Latency: 
    * Summary: 
    +---------+---------+-----------+-----------+-----+-----+---------+
    |  Latency (cycles) |   Latency (absolute)  |  Interval | Pipeline|
    |   min   |   max   |    min    |    max    | min | max |   Type  |
    +---------+---------+-----------+-----------+-----+-----+---------+
    |        2|        2|  13.500 ns|  13.500 ns|    1|    1|      yes|
    +---------+---------+-----------+-----------+-----+-----+---------+

    + Detail: 
        * Instance: 
        N/A

        * Loop: 
        N/A



================================================================
== Utilization Estimates
================================================================
* Summary: 
+-----------------+---------+-----+--------+-------+-----+
|       Name      | BRAM_18K| DSP |   FF   |  LUT  | URAM|
+-----------------+---------+-----+--------+-------+-----+
|DSP              |        -|    -|       -|      -|    -|
|Expression       |        -|    -|       0|    616|    -|
|FIFO             |        -|    -|       -|      -|    -|
|Instance         |        -|    -|       -|      -|    -|
|Memory           |        -|    -|       -|      -|    -|
|Multiplexer      |        -|    -|       -|     14|    -|
|Register         |        -|    -|     126|      -|    -|
+-----------------+---------+-----+--------+-------+-----+
|Total            |        0|    0|     126|    630|    0|
+-----------------+---------+-----+--------+-------+-----+
|Available        |      280|  220|  106400|  53200|    0|
+-----------------+---------+-----+--------+-------+-----+
|Utilization (%)  |        0|    0|      ~0|      1|    0|
+-----------------+---------+-----+--------+-------+-----+

+ Detail: 
    * Instance: 
    N/A

    * DSP: 
    N/A

    * Memory: 
    N/A

    * FIFO: 
    N/A

    * Expression: 
    +-----------------------+----------+----+---+-----+------------+------------+
    |     Variable Name     | Operation| DSP| FF| LUT | Bitwidth P0| Bitwidth P1|
    +-----------------------+----------+----+---+-----+------------+------------+
    |add_ln344_fu_74_p2     |         +|   0|  0|   14|           9|           8|
    |result_V_14_fu_167_p2  |         -|   0|  0|   36|           1|          29|
    |sub_ln1364_fu_88_p2    |         -|   0|  0|   15|           7|           8|
    |r_V_fu_126_p2          |      lshr|   0|  0|  242|          79|          79|
    |result_V_fu_172_p3     |    select|   0|  0|   29|           1|          29|
    |ush_fu_98_p3           |    select|   0|  0|    9|           1|           9|
    |val_fu_160_p3          |    select|   0|  0|   29|           1|          29|
    |r_V_8_fu_132_p2        |       shl|   0|  0|  242|          79|          79|
    +-----------------------+----------+----+---+-----+------------+------------+
    |Total                  |          |   0|  0|  616|         178|         270|
    +-----------------------+----------+----+---+-----+------------+------------+

    * Multiplexer: 
    +-----------+----+-----------+-----+-----------+
    |    Name   | LUT| Input Size| Bits| Total Bits|
    +-----------+----+-----------+-----+-----------+
    |ap_return  |  14|          3|   29|         87|
    +-----------+----+-----------+-----+-----------+
    |Total      |  14|          3|   29|         87|
    +-----------+----+-----------+-----+-----------+

    * Register: 
    +----------------------------------+----+----+-----+-----------+
    |               Name               | FF | LUT| Bits| Const Bits|
    +----------------------------------+----+----+-----+-----------+
    |ap_ce_reg                         |   1|   0|    1|          0|
    |ap_return_int_reg                 |  29|   0|   29|          0|
    |isNeg_reg_188                     |   1|   0|    1|          0|
    |p_Result_s_reg_178                |   1|   0|    1|          0|
    |p_Result_s_reg_178_pp0_iter1_reg  |   1|   0|    1|          0|
    |tmp_34_reg_183                    |  23|   0|   23|          0|
    |ush_reg_193                       |   9|   0|    9|          0|
    |val_reg_198                       |  29|   0|   29|          0|
    |x_int_reg                         |  32|   0|   32|          0|
    +----------------------------------+----+----+-----+-----------+
    |Total                             | 126|   0|  126|          0|
    +----------------------------------+----+----+-----+-----------+



================================================================
== Interface
================================================================
* Summary: 
+-----------+-----+-----+------------+------------------------+--------------+
| RTL Ports | Dir | Bits|  Protocol  |      Source Object     |    C Type    |
+-----------+-----+-----+------------+------------------------+--------------+
|ap_clk     |   in|    1|  ap_ctrl_hs|  __hls_fptosi_float_i32|  return value|
|ap_rst     |   in|    1|  ap_ctrl_hs|  __hls_fptosi_float_i32|  return value|
|ap_return  |  out|   29|  ap_ctrl_hs|  __hls_fptosi_float_i32|  return value|
|ap_ce      |   in|    1|  ap_ctrl_hs|  __hls_fptosi_float_i32|  return value|
|x          |   in|   32|     ap_none|                       x|        scalar|
+-----------+-----+-----+------------+------------------------+--------------+

