

================================================================
== Vitis HLS Report for 'rrt_Pipeline_VITIS_LOOP_47_12'
================================================================
* Date:           Tue May 30 11:08:31 2023

* Version:        2021.2 (Build 3367213 on Tue Oct 19 02:47:39 MDT 2021)
* Project:        new_fixedpoint2205
* Solution:       solution1 (Vivado IP Flow Target)
* Product family: zynq
* Target device:  xc7z020-clg400-1


================================================================
== Performance Estimates
================================================================
+ Timing: 
    * Summary: 
    +--------+---------+----------+------------+
    |  Clock |  Target | Estimated| Uncertainty|
    +--------+---------+----------+------------+
    |ap_clk  |  6.75 ns|  4.342 ns|     1.82 ns|
    +--------+---------+----------+------------+

+ Latency: 
    * Summary: 
    +---------+---------+----------+----------+-----+-----+---------+
    |  Latency (cycles) |  Latency (absolute) |  Interval | Pipeline|
    |   min   |   max   |    min   |    max   | min | max |   Type  |
    +---------+---------+----------+----------+-----+-----+---------+
    |       50|       50|  0.338 us|  0.338 us|   50|   50|       no|
    +---------+---------+----------+----------+-----+-----+---------+

    + Detail: 
        * Instance: 
        N/A

        * Loop: 
        +-------------------+---------+---------+----------+-----------+-----------+------+----------+
        |                   |  Latency (cycles) | Iteration|  Initiation Interval  | Trip |          |
        |     Loop Name     |   min   |   max   |  Latency |  achieved |   target  | Count| Pipelined|
        +-------------------+---------+---------+----------+-----------+-----------+------+----------+
        |- VITIS_LOOP_47_1  |       48|       48|         3|          2|          1|    24|       yes|
        +-------------------+---------+---------+----------+-----------+-----------+------+----------+



================================================================
== Utilization Estimates
================================================================
* Summary: 
+-----------------+---------+-----+--------+-------+-----+
|       Name      | BRAM_18K| DSP |   FF   |  LUT  | URAM|
+-----------------+---------+-----+--------+-------+-----+
|DSP              |        -|    -|       -|      -|    -|
|Expression       |        -|    -|       0|    242|    -|
|FIFO             |        -|    -|       -|      -|    -|
|Instance         |        -|    -|       -|      -|    -|
|Memory           |        -|    -|       -|      -|    -|
|Multiplexer      |        -|    -|       -|     77|    -|
|Register         |        -|    -|     353|      -|    -|
+-----------------+---------+-----+--------+-------+-----+
|Total            |        0|    0|     353|    319|    0|
+-----------------+---------+-----+--------+-------+-----+
|Available        |      280|  220|  106400|  53200|    0|
+-----------------+---------+-----+--------+-------+-----+
|Utilization (%)  |        0|    0|      ~0|     ~0|    0|
+-----------------+---------+-----+--------+-------+-----+

+ Detail: 
    * Instance: 
    N/A

    * DSP: 
    N/A

    * Memory: 
    N/A

    * FIFO: 
    N/A

    * Expression: 
    +-----------------------+----------+----+---+----+------------+------------+
    |     Variable Name     | Operation| DSP| FF| LUT| Bitwidth P0| Bitwidth P1|
    +-----------------------+----------+----+---+----+------------+------------+
    |add_ln43_fu_132_p2     |         +|   0|  0|  31|          31|          31|
    |q_1_fu_153_p2          |         +|   0|  0|  39|          32|          32|
    |t_fu_100_p2            |         +|   0|  0|  39|          32|          32|
    |r_1_fu_147_p2          |         -|   0|  0|  31|          31|          31|
    |icmp_ln47_fu_83_p2     |      icmp|   0|  0|  17|          31|           7|
    |icmp_ln50_fu_136_p2    |      icmp|   0|  0|  18|          32|          32|
    |q_2_fu_157_p3          |    select|   0|  0|  32|           1|          32|
    |select_ln50_fu_164_p3  |    select|   0|  0|  31|           1|          31|
    |ap_enable_pp0          |       xor|   0|  0|   2|           1|           2|
    |xor_ln50_fu_141_p2     |       xor|   0|  0|   2|           1|           2|
    +-----------------------+----------+----+---+----+------------+------------+
    |Total                  |          |   0|  0| 242|         193|         232|
    +-----------------------+----------+----+---+----+------------+------------+

    * Multiplexer: 
    +-------------------------+----+-----------+-----+-----------+
    |           Name          | LUT| Input Size| Bits| Total Bits|
    +-------------------------+----+-----------+-----+-----------+
    |ap_NS_fsm                |  14|          3|    1|          3|
    |ap_done_int              |   9|          2|    1|          2|
    |ap_enable_reg_pp0_iter0  |   9|          2|    1|          2|
    |ap_enable_reg_pp0_iter1  |   9|          2|    1|          2|
    |ap_sig_allocacmp_q_load  |   9|          2|   32|         64|
    |b_fu_44                  |   9|          2|   31|         62|
    |q_fu_48                  |   9|          2|   32|         64|
    |r_fu_40                  |   9|          2|   32|         64|
    +-------------------------+----+-----------+-----+-----------+
    |Total                    |  77|         17|  131|        263|
    +-------------------------+----+-----------+-----+-----------+

    * Register: 
    +-----------------------------+----+----+-----+-----------+
    |             Name            | FF | LUT| Bits| Const Bits|
    +-----------------------------+----+----+-----+-----------+
    |ap_CS_fsm                    |   2|   0|    2|          0|
    |ap_done_reg                  |   1|   0|    1|          0|
    |ap_enable_reg_pp0_iter0_reg  |   1|   0|    1|          0|
    |ap_enable_reg_pp0_iter1      |   1|   0|    1|          0|
    |b_1_reg_212                  |  31|   0|   31|          0|
    |b_cast_reg_226               |  31|   0|   32|          1|
    |b_fu_44                      |  31|   0|   31|          0|
    |empty_37_reg_242             |  31|   0|   31|          0|
    |icmp_ln47_reg_217            |   1|   0|    1|          0|
    |q_2_reg_257                  |  32|   0|   32|          0|
    |q_fu_48                      |  32|   0|   32|          0|
    |q_load_reg_221               |  32|   0|   32|          0|
    |r_1_reg_252                  |  31|   0|   31|          0|
    |r_fu_40                      |  32|   0|   32|          0|
    |t_reg_236                    |  32|   0|   32|          0|
    |trunc_ln49_reg_231           |  31|   0|   31|          0|
    |xor_ln50_reg_247             |   1|   0|    1|          0|
    +-----------------------------+----+----+-----+-----------+
    |Total                        | 353|   0|  354|          1|
    +-----------------------------+----+----+-----+-----------+



================================================================
== Interface
================================================================
* Summary: 
+--------------+-----+-----+------------+-------------------------------+--------------+
|   RTL Ports  | Dir | Bits|  Protocol  |         Source Object         |    C Type    |
+--------------+-----+-----+------------+-------------------------------+--------------+
|ap_clk        |   in|    1|  ap_ctrl_hs|  rrt_Pipeline_VITIS_LOOP_47_12|  return value|
|ap_rst        |   in|    1|  ap_ctrl_hs|  rrt_Pipeline_VITIS_LOOP_47_12|  return value|
|ap_start      |   in|    1|  ap_ctrl_hs|  rrt_Pipeline_VITIS_LOOP_47_12|  return value|
|ap_done       |  out|    1|  ap_ctrl_hs|  rrt_Pipeline_VITIS_LOOP_47_12|  return value|
|ap_idle       |  out|    1|  ap_ctrl_hs|  rrt_Pipeline_VITIS_LOOP_47_12|  return value|
|ap_ready      |  out|    1|  ap_ctrl_hs|  rrt_Pipeline_VITIS_LOOP_47_12|  return value|
|Dist_sqr      |   in|   32|     ap_none|                       Dist_sqr|        scalar|
|q_out         |  out|   32|      ap_vld|                          q_out|       pointer|
|q_out_ap_vld  |  out|    1|      ap_vld|                          q_out|       pointer|
+--------------+-----+-----+------------+-------------------------------+--------------+

