

================================================================
== Vitis HLS Report for 'rrt_Pipeline_VITIS_LOOP_342_1'
================================================================
* Date:           Tue May 30 11:08:29 2023

* Version:        2021.2 (Build 3367213 on Tue Oct 19 02:47:39 MDT 2021)
* Project:        new_fixedpoint2205
* Solution:       solution1 (Vivado IP Flow Target)
* Product family: zynq
* Target device:  xc7z020-clg400-1


================================================================
== Performance Estimates
================================================================
+ Timing: 
    * Summary: 
    +--------+---------+----------+------------+
    |  Clock |  Target | Estimated| Uncertainty|
    +--------+---------+----------+------------+
    |ap_clk  |  6.75 ns|  6.312 ns|     1.82 ns|
    +--------+---------+----------+------------+

+ Latency: 
    * Summary: 
    +---------+---------+----------+----------+-----+-----+---------+
    |  Latency (cycles) |  Latency (absolute) |  Interval | Pipeline|
    |   min   |   max   |    min   |    max   | min | max |   Type  |
    +---------+---------+----------+----------+-----+-----+---------+
    |        ?|        ?|         ?|         ?|    ?|    ?|       no|
    +---------+---------+----------+----------+-----+-----+---------+

    + Detail: 
        * Instance: 
        +--------------------------------+---------------------+---------+---------+----------+----------+-----+-----+---------+
        |                                |                     |  Latency (cycles) |  Latency (absolute) |  Interval | Pipeline|
        |            Instance            |        Module       |   min   |   max   |    min   |    max   | min | max |   Type  |
        +--------------------------------+---------------------+---------+---------+----------+----------+-----+-----+---------+
        |grp_FloatToFixed_16ul_s_fu_273  |FloatToFixed_16ul_s  |       21|       21|  0.142 us|  0.142 us|    1|    1|      yes|
        |grp_FloatToFixed_16ul_s_fu_278  |FloatToFixed_16ul_s  |       21|       21|  0.142 us|  0.142 us|    1|    1|      yes|
        +--------------------------------+---------------------+---------+---------+----------+----------+-----+-----+---------+

        * Loop: 
        +--------------------+---------+---------+----------+-----------+-----------+------+----------+
        |                    |  Latency (cycles) | Iteration|  Initiation Interval  | Trip |          |
        |      Loop Name     |   min   |   max   |  Latency |  achieved |   target  | Count| Pipelined|
        +--------------------+---------+---------+----------+-----------+-----------+------+----------+
        |- VITIS_LOOP_342_1  |        ?|        ?|        52|          1|          1|     ?|       yes|
        +--------------------+---------+---------+----------+-----------+-----------+------+----------+



================================================================
== Utilization Estimates
================================================================
* Summary: 
+-----------------+---------+-----+--------+-------+-----+
|       Name      | BRAM_18K| DSP |   FF   |  LUT  | URAM|
+-----------------+---------+-----+--------+-------+-----+
|DSP              |        -|    -|       -|      -|    -|
|Expression       |        -|    -|       0|   1488|    -|
|FIFO             |        -|    -|       -|      -|    -|
|Instance         |        -|    -|       -|      -|    -|
|Memory           |        -|    -|       -|      -|    -|
|Multiplexer      |        -|    -|       -|     63|    -|
|Register         |        -|    -|    1100|    128|    -|
+-----------------+---------+-----+--------+-------+-----+
|Total            |        0|    0|    1100|   1679|    0|
+-----------------+---------+-----+--------+-------+-----+
|Available        |      280|  220|  106400|  53200|    0|
+-----------------+---------+-----+--------+-------+-----+
|Utilization (%)  |        0|    0|       1|      3|    0|
+-----------------+---------+-----+--------+-------+-----+

+ Detail: 
    * Instance: 
    +-------------------------------+---------------------------+---------+----+---+----+-----+
    |            Instance           |           Module          | BRAM_18K| DSP| FF| LUT| URAM|
    +-------------------------------+---------------------------+---------+----+---+----+-----+
    |hptosp_16ns_32_2_no_dsp_1_U17  |hptosp_16ns_32_2_no_dsp_1  |        0|   0|  0|   0|    0|
    |hptosp_16ns_32_2_no_dsp_1_U18  |hptosp_16ns_32_2_no_dsp_1  |        0|   0|  0|   0|    0|
    +-------------------------------+---------------------------+---------+----+---+----+-----+
    |Total                          |                           |        0|   0|  0|   0|    0|
    +-------------------------------+---------------------------+---------+----+---+----+-----+

    * DSP: 
    N/A

    * Memory: 
    N/A

    * FIFO: 
    N/A

    * Expression: 
    +----------------------------------+----------+----+---+-----+------------+------------+
    |           Variable Name          | Operation| DSP| FF| LUT | Bitwidth P0| Bitwidth P1|
    +----------------------------------+----------+----+---+-----+------------+------------+
    |D_fu_744_p2                       |         +|   0|  0|   39|          32|          32|
    |add_ln342_fu_331_p2               |         +|   0|  0|   17|          14|           1|
    |add_ln344_1_fu_530_p2             |         +|   0|  0|   14|           9|           8|
    |add_ln344_fu_469_p2               |         +|   0|  0|   14|           9|           8|
    |result_V_2_fu_684_p2              |         -|   0|  0|   39|           1|          32|
    |result_V_3_fu_695_p2              |         -|   0|  0|   39|           1|          32|
    |sub_ln1364_1_fu_544_p2            |         -|   0|  0|   15|           7|           8|
    |sub_ln1364_fu_483_p2              |         -|   0|  0|   15|           7|           8|
    |ap_block_pp0_stage0_00001         |       and|   0|  0|    2|           1|           1|
    |ap_block_state1_pp0_stage0_iter0  |       and|   0|  0|    2|           1|           1|
    |icmp_ln342_fu_325_p2              |      icmp|   0|  0|   18|          32|          32|
    |icmp_ln355_fu_435_p2              |      icmp|   0|  0|   12|          14|           1|
    |icmp_ln361_fu_754_p2              |      icmp|   0|  0|   18|          32|          32|
    |r_V_2_fu_643_p2                   |      lshr|   0|  0|  242|          79|          79|
    |r_V_fu_582_p2                     |      lshr|   0|  0|  242|          79|          79|
    |Dist_1_fu_766_p3                  |    select|   0|  0|   32|           1|          32|
    |Dist_2_fu_780_p3                  |    select|   0|  0|   32|           1|          32|
    |Pos_Nearest_Node_1_fu_759_p3      |    select|   0|  0|   32|           1|          32|
    |Pos_Nearest_Node_2_fu_773_p3      |    select|   0|  0|   32|           1|           1|
    |result_V_5_fu_689_p3              |    select|   0|  0|   32|           1|          32|
    |result_V_fu_700_p3                |    select|   0|  0|   32|           1|          32|
    |ush_1_fu_554_p3                   |    select|   0|  0|    9|           1|           9|
    |ush_fu_493_p3                     |    select|   0|  0|    9|           1|           9|
    |val_1_fu_677_p3                   |    select|   0|  0|   32|           1|          32|
    |val_fu_616_p3                     |    select|   0|  0|   32|           1|          32|
    |r_V_1_fu_588_p2                   |       shl|   0|  0|  242|          79|          79|
    |r_V_3_fu_649_p2                   |       shl|   0|  0|  242|          79|          79|
    |ap_enable_pp0                     |       xor|   0|  0|    2|           1|           2|
    +----------------------------------+----------+----+---+-----+------------+------------+
    |Total                             |          |   0|  0| 1488|         487|         757|
    +----------------------------------+----------+----+---+-----+------------+------------+

    * Multiplexer: 
    +--------------------------+----+-----------+-----+-----------+
    |           Name           | LUT| Input Size| Bits| Total Bits|
    +--------------------------+----+-----------+-----+-----------+
    |Dist_fu_148               |   9|          2|   32|         64|
    |Pos_Nearest_Node_fu_144   |   9|          2|   32|         64|
    |ap_done_int               |   9|          2|    1|          2|
    |ap_enable_reg_pp0_iter1   |   9|          2|    1|          2|
    |ap_sig_allocacmp_i_1      |   9|          2|   14|         28|
    |dataInStream_TDATA_blk_n  |   9|          2|    1|          2|
    |i_fu_152                  |   9|          2|   14|         28|
    +--------------------------+----+-----------+-----+-----------+
    |Total                     |  63|         14|   95|        190|
    +--------------------------+----+-----------+-----+-----------+

    * Register: 
    +-----------------------------------+----+----+-----+-----------+
    |                Name               | FF | LUT| Bits| Const Bits|
    +-----------------------------------+----+----+-----+-----------+
    |B_x_reg_944                        |  32|   0|   32|          0|
    |B_y_reg_950                        |  32|   0|   32|          0|
    |D_reg_1060                         |  32|   0|   32|          0|
    |Dist_fu_148                        |  32|   0|   32|          0|
    |Pos_Nearest_Node_fu_144            |  32|   0|   32|          0|
    |ap_CS_fsm                          |   1|   0|    1|          0|
    |ap_done_reg                        |   1|   0|    1|          0|
    |ap_enable_reg_pp0_iter1            |   1|   0|    1|          0|
    |ap_enable_reg_pp0_iter10           |   1|   0|    1|          0|
    |ap_enable_reg_pp0_iter11           |   1|   0|    1|          0|
    |ap_enable_reg_pp0_iter12           |   1|   0|    1|          0|
    |ap_enable_reg_pp0_iter13           |   1|   0|    1|          0|
    |ap_enable_reg_pp0_iter14           |   1|   0|    1|          0|
    |ap_enable_reg_pp0_iter15           |   1|   0|    1|          0|
    |ap_enable_reg_pp0_iter16           |   1|   0|    1|          0|
    |ap_enable_reg_pp0_iter17           |   1|   0|    1|          0|
    |ap_enable_reg_pp0_iter18           |   1|   0|    1|          0|
    |ap_enable_reg_pp0_iter19           |   1|   0|    1|          0|
    |ap_enable_reg_pp0_iter2            |   1|   0|    1|          0|
    |ap_enable_reg_pp0_iter20           |   1|   0|    1|          0|
    |ap_enable_reg_pp0_iter21           |   1|   0|    1|          0|
    |ap_enable_reg_pp0_iter22           |   1|   0|    1|          0|
    |ap_enable_reg_pp0_iter23           |   1|   0|    1|          0|
    |ap_enable_reg_pp0_iter24           |   1|   0|    1|          0|
    |ap_enable_reg_pp0_iter25           |   1|   0|    1|          0|
    |ap_enable_reg_pp0_iter26           |   1|   0|    1|          0|
    |ap_enable_reg_pp0_iter27           |   1|   0|    1|          0|
    |ap_enable_reg_pp0_iter28           |   1|   0|    1|          0|
    |ap_enable_reg_pp0_iter29           |   1|   0|    1|          0|
    |ap_enable_reg_pp0_iter3            |   1|   0|    1|          0|
    |ap_enable_reg_pp0_iter30           |   1|   0|    1|          0|
    |ap_enable_reg_pp0_iter31           |   1|   0|    1|          0|
    |ap_enable_reg_pp0_iter32           |   1|   0|    1|          0|
    |ap_enable_reg_pp0_iter33           |   1|   0|    1|          0|
    |ap_enable_reg_pp0_iter34           |   1|   0|    1|          0|
    |ap_enable_reg_pp0_iter35           |   1|   0|    1|          0|
    |ap_enable_reg_pp0_iter36           |   1|   0|    1|          0|
    |ap_enable_reg_pp0_iter37           |   1|   0|    1|          0|
    |ap_enable_reg_pp0_iter38           |   1|   0|    1|          0|
    |ap_enable_reg_pp0_iter39           |   1|   0|    1|          0|
    |ap_enable_reg_pp0_iter4            |   1|   0|    1|          0|
    |ap_enable_reg_pp0_iter40           |   1|   0|    1|          0|
    |ap_enable_reg_pp0_iter41           |   1|   0|    1|          0|
    |ap_enable_reg_pp0_iter42           |   1|   0|    1|          0|
    |ap_enable_reg_pp0_iter43           |   1|   0|    1|          0|
    |ap_enable_reg_pp0_iter44           |   1|   0|    1|          0|
    |ap_enable_reg_pp0_iter45           |   1|   0|    1|          0|
    |ap_enable_reg_pp0_iter46           |   1|   0|    1|          0|
    |ap_enable_reg_pp0_iter47           |   1|   0|    1|          0|
    |ap_enable_reg_pp0_iter48           |   1|   0|    1|          0|
    |ap_enable_reg_pp0_iter49           |   1|   0|    1|          0|
    |ap_enable_reg_pp0_iter5            |   1|   0|    1|          0|
    |ap_enable_reg_pp0_iter50           |   1|   0|    1|          0|
    |ap_enable_reg_pp0_iter51           |   1|   0|    1|          0|
    |ap_enable_reg_pp0_iter6            |   1|   0|    1|          0|
    |ap_enable_reg_pp0_iter7            |   1|   0|    1|          0|
    |ap_enable_reg_pp0_iter8            |   1|   0|    1|          0|
    |ap_enable_reg_pp0_iter9            |   1|   0|    1|          0|
    |ap_loop_exit_ready_pp0_iter10_reg  |   1|   0|    1|          0|
    |ap_loop_exit_ready_pp0_iter11_reg  |   1|   0|    1|          0|
    |ap_loop_exit_ready_pp0_iter12_reg  |   1|   0|    1|          0|
    |ap_loop_exit_ready_pp0_iter13_reg  |   1|   0|    1|          0|
    |ap_loop_exit_ready_pp0_iter14_reg  |   1|   0|    1|          0|
    |ap_loop_exit_ready_pp0_iter15_reg  |   1|   0|    1|          0|
    |ap_loop_exit_ready_pp0_iter16_reg  |   1|   0|    1|          0|
    |ap_loop_exit_ready_pp0_iter17_reg  |   1|   0|    1|          0|
    |ap_loop_exit_ready_pp0_iter18_reg  |   1|   0|    1|          0|
    |ap_loop_exit_ready_pp0_iter19_reg  |   1|   0|    1|          0|
    |ap_loop_exit_ready_pp0_iter1_reg   |   1|   0|    1|          0|
    |ap_loop_exit_ready_pp0_iter20_reg  |   1|   0|    1|          0|
    |ap_loop_exit_ready_pp0_iter21_reg  |   1|   0|    1|          0|
    |ap_loop_exit_ready_pp0_iter22_reg  |   1|   0|    1|          0|
    |ap_loop_exit_ready_pp0_iter23_reg  |   1|   0|    1|          0|
    |ap_loop_exit_ready_pp0_iter24_reg  |   1|   0|    1|          0|
    |ap_loop_exit_ready_pp0_iter25_reg  |   1|   0|    1|          0|
    |ap_loop_exit_ready_pp0_iter26_reg  |   1|   0|    1|          0|
    |ap_loop_exit_ready_pp0_iter27_reg  |   1|   0|    1|          0|
    |ap_loop_exit_ready_pp0_iter28_reg  |   1|   0|    1|          0|
    |ap_loop_exit_ready_pp0_iter29_reg  |   1|   0|    1|          0|
    |ap_loop_exit_ready_pp0_iter2_reg   |   1|   0|    1|          0|
    |ap_loop_exit_ready_pp0_iter30_reg  |   1|   0|    1|          0|
    |ap_loop_exit_ready_pp0_iter31_reg  |   1|   0|    1|          0|
    |ap_loop_exit_ready_pp0_iter32_reg  |   1|   0|    1|          0|
    |ap_loop_exit_ready_pp0_iter33_reg  |   1|   0|    1|          0|
    |ap_loop_exit_ready_pp0_iter34_reg  |   1|   0|    1|          0|
    |ap_loop_exit_ready_pp0_iter35_reg  |   1|   0|    1|          0|
    |ap_loop_exit_ready_pp0_iter36_reg  |   1|   0|    1|          0|
    |ap_loop_exit_ready_pp0_iter37_reg  |   1|   0|    1|          0|
    |ap_loop_exit_ready_pp0_iter38_reg  |   1|   0|    1|          0|
    |ap_loop_exit_ready_pp0_iter39_reg  |   1|   0|    1|          0|
    |ap_loop_exit_ready_pp0_iter3_reg   |   1|   0|    1|          0|
    |ap_loop_exit_ready_pp0_iter40_reg  |   1|   0|    1|          0|
    |ap_loop_exit_ready_pp0_iter41_reg  |   1|   0|    1|          0|
    |ap_loop_exit_ready_pp0_iter42_reg  |   1|   0|    1|          0|
    |ap_loop_exit_ready_pp0_iter43_reg  |   1|   0|    1|          0|
    |ap_loop_exit_ready_pp0_iter44_reg  |   1|   0|    1|          0|
    |ap_loop_exit_ready_pp0_iter45_reg  |   1|   0|    1|          0|
    |ap_loop_exit_ready_pp0_iter46_reg  |   1|   0|    1|          0|
    |ap_loop_exit_ready_pp0_iter47_reg  |   1|   0|    1|          0|
    |ap_loop_exit_ready_pp0_iter48_reg  |   1|   0|    1|          0|
    |ap_loop_exit_ready_pp0_iter49_reg  |   1|   0|    1|          0|
    |ap_loop_exit_ready_pp0_iter4_reg   |   1|   0|    1|          0|
    |ap_loop_exit_ready_pp0_iter50_reg  |   1|   0|    1|          0|
    |ap_loop_exit_ready_pp0_iter5_reg   |   1|   0|    1|          0|
    |ap_loop_exit_ready_pp0_iter6_reg   |   1|   0|    1|          0|
    |ap_loop_exit_ready_pp0_iter7_reg   |   1|   0|    1|          0|
    |ap_loop_exit_ready_pp0_iter8_reg   |   1|   0|    1|          0|
    |ap_loop_exit_ready_pp0_iter9_reg   |   1|   0|    1|          0|
    |conv3_reg_934                      |  32|   0|   32|          0|
    |conv4_reg_939                      |  32|   0|   32|          0|
    |conv_i2_i_i_reg_961                |  32|   0|   32|          0|
    |conv_i_i_i_reg_956                 |  32|   0|   32|          0|
    |dc_1_reg_971                       |  32|   0|   32|          0|
    |dc_reg_966                         |  32|   0|   32|          0|
    |i_1_reg_882                        |  14|   0|   14|          0|
    |i_fu_152                           |  14|   0|   14|          0|
    |icmp_ln342_reg_893                 |   1|   0|    1|          0|
    |icmp_ln355_reg_928                 |   1|   0|    1|          0|
    |input_stream_dest_V_fu_124         |   6|   0|    6|          0|
    |input_stream_id_V_fu_128           |   5|   0|    5|          0|
    |input_stream_user_V_fu_132         |   2|   0|    2|          0|
    |isNeg_1_reg_1006                   |   1|   0|    1|          0|
    |isNeg_reg_986                      |   1|   0|    1|          0|
    |output_stream_keep_V_fu_140        |   4|   0|    4|          0|
    |output_stream_strb_V_fu_136        |   4|   0|    4|          0|
    |p_Result_1_reg_996                 |   1|   0|    1|          0|
    |p_Result_1_reg_996_pp0_iter43_reg  |   1|   0|    1|          0|
    |p_Result_s_reg_976                 |   1|   0|    1|          0|
    |p_Result_s_reg_976_pp0_iter43_reg  |   1|   0|    1|          0|
    |result_V_5_reg_1028                |  32|   0|   32|          0|
    |result_V_reg_1033                  |  32|   0|   32|          0|
    |tmp_7_reg_981                      |  23|   0|   23|          0|
    |tmp_9_reg_1001                     |  23|   0|   23|          0|
    |trunc_ln1_reg_902                  |  16|   0|   16|          0|
    |trunc_ln2_reg_907                  |  16|   0|   16|          0|
    |trunc_ln348_reg_897                |  16|   0|   16|          0|
    |trunc_ln34_1_reg_1055              |  32|   0|   32|          0|
    |trunc_ln3_reg_1050                 |  32|   0|   32|          0|
    |ush_1_reg_1011                     |   9|   0|    9|          0|
    |ush_reg_991                        |   9|   0|    9|          0|
    |val_1_reg_1022                     |  32|   0|   32|          0|
    |val_reg_1016                       |  32|   0|   32|          0|
    |zext_ln342_1_reg_888               |  14|   0|   32|         18|
    |zext_ln342_reg_912                 |  14|   0|   64|         50|
    |icmp_ln342_reg_893                 |  64|  32|    1|          0|
    |icmp_ln355_reg_928                 |  64|  32|    1|          0|
    |zext_ln342_1_reg_888               |  64|  32|   32|         18|
    |zext_ln342_reg_912                 |  64|  32|   64|         50|
    +-----------------------------------+----+----+-----+-----------+
    |Total                              |1100| 128| 1010|        136|
    +-----------------------------------+----+----+-----+-----------+



================================================================
== Interface
================================================================
* Summary: 
+----------------------------------------+-----+-----+------------+-------------------------------+--------------+
|                RTL Ports               | Dir | Bits|  Protocol  |         Source Object         |    C Type    |
+----------------------------------------+-----+-----+------------+-------------------------------+--------------+
|ap_clk                                  |   in|    1|  ap_ctrl_hs|  rrt_Pipeline_VITIS_LOOP_342_1|  return value|
|ap_rst                                  |   in|    1|  ap_ctrl_hs|  rrt_Pipeline_VITIS_LOOP_342_1|  return value|
|ap_start                                |   in|    1|  ap_ctrl_hs|  rrt_Pipeline_VITIS_LOOP_342_1|  return value|
|ap_done                                 |  out|    1|  ap_ctrl_hs|  rrt_Pipeline_VITIS_LOOP_342_1|  return value|
|ap_idle                                 |  out|    1|  ap_ctrl_hs|  rrt_Pipeline_VITIS_LOOP_342_1|  return value|
|ap_ready                                |  out|    1|  ap_ctrl_hs|  rrt_Pipeline_VITIS_LOOP_342_1|  return value|
|grp_FloatToFixed_16ul_s_fu_409_p_din1   |  out|   32|  ap_ctrl_hs|  rrt_Pipeline_VITIS_LOOP_342_1|  return value|
|grp_FloatToFixed_16ul_s_fu_409_p_dout0  |   in|   32|  ap_ctrl_hs|  rrt_Pipeline_VITIS_LOOP_342_1|  return value|
|grp_FloatToFixed_16ul_s_fu_409_p_ce     |  out|    1|  ap_ctrl_hs|  rrt_Pipeline_VITIS_LOOP_342_1|  return value|
|grp_FloatToFixed_16ul_s_fu_414_p_din1   |  out|   32|  ap_ctrl_hs|  rrt_Pipeline_VITIS_LOOP_342_1|  return value|
|grp_FloatToFixed_16ul_s_fu_414_p_dout0  |   in|   32|  ap_ctrl_hs|  rrt_Pipeline_VITIS_LOOP_342_1|  return value|
|grp_FloatToFixed_16ul_s_fu_414_p_ce     |  out|    1|  ap_ctrl_hs|  rrt_Pipeline_VITIS_LOOP_342_1|  return value|
|grp_fu_537_p_din0                       |  out|   32|  ap_ctrl_hs|  rrt_Pipeline_VITIS_LOOP_342_1|  return value|
|grp_fu_537_p_din1                       |  out|   32|  ap_ctrl_hs|  rrt_Pipeline_VITIS_LOOP_342_1|  return value|
|grp_fu_537_p_opcode                     |  out|    2|  ap_ctrl_hs|  rrt_Pipeline_VITIS_LOOP_342_1|  return value|
|grp_fu_537_p_dout0                      |   in|   32|  ap_ctrl_hs|  rrt_Pipeline_VITIS_LOOP_342_1|  return value|
|grp_fu_537_p_ce                         |  out|    1|  ap_ctrl_hs|  rrt_Pipeline_VITIS_LOOP_342_1|  return value|
|grp_fu_541_p_din0                       |  out|   32|  ap_ctrl_hs|  rrt_Pipeline_VITIS_LOOP_342_1|  return value|
|grp_fu_541_p_din1                       |  out|   32|  ap_ctrl_hs|  rrt_Pipeline_VITIS_LOOP_342_1|  return value|
|grp_fu_541_p_opcode                     |  out|    2|  ap_ctrl_hs|  rrt_Pipeline_VITIS_LOOP_342_1|  return value|
|grp_fu_541_p_dout0                      |   in|   32|  ap_ctrl_hs|  rrt_Pipeline_VITIS_LOOP_342_1|  return value|
|grp_fu_541_p_ce                         |  out|    1|  ap_ctrl_hs|  rrt_Pipeline_VITIS_LOOP_342_1|  return value|
|grp_fu_550_p_din0                       |  out|   32|  ap_ctrl_hs|  rrt_Pipeline_VITIS_LOOP_342_1|  return value|
|grp_fu_550_p_dout0                      |   in|   32|  ap_ctrl_hs|  rrt_Pipeline_VITIS_LOOP_342_1|  return value|
|grp_fu_550_p_ce                         |  out|    1|  ap_ctrl_hs|  rrt_Pipeline_VITIS_LOOP_342_1|  return value|
|grp_fu_553_p_din0                       |  out|   32|  ap_ctrl_hs|  rrt_Pipeline_VITIS_LOOP_342_1|  return value|
|grp_fu_553_p_dout0                      |   in|   32|  ap_ctrl_hs|  rrt_Pipeline_VITIS_LOOP_342_1|  return value|
|grp_fu_553_p_ce                         |  out|    1|  ap_ctrl_hs|  rrt_Pipeline_VITIS_LOOP_342_1|  return value|
|grp_fu_1261_p_din0                      |  out|   32|  ap_ctrl_hs|  rrt_Pipeline_VITIS_LOOP_342_1|  return value|
|grp_fu_1261_p_din1                      |  out|   32|  ap_ctrl_hs|  rrt_Pipeline_VITIS_LOOP_342_1|  return value|
|grp_fu_1261_p_dout0                     |   in|   48|  ap_ctrl_hs|  rrt_Pipeline_VITIS_LOOP_342_1|  return value|
|grp_fu_1261_p_ce                        |  out|    1|  ap_ctrl_hs|  rrt_Pipeline_VITIS_LOOP_342_1|  return value|
|grp_fu_1271_p_din0                      |  out|   32|  ap_ctrl_hs|  rrt_Pipeline_VITIS_LOOP_342_1|  return value|
|grp_fu_1271_p_din1                      |  out|   32|  ap_ctrl_hs|  rrt_Pipeline_VITIS_LOOP_342_1|  return value|
|grp_fu_1271_p_dout0                     |   in|   48|  ap_ctrl_hs|  rrt_Pipeline_VITIS_LOOP_342_1|  return value|
|grp_fu_1271_p_ce                        |  out|    1|  ap_ctrl_hs|  rrt_Pipeline_VITIS_LOOP_342_1|  return value|
|dataInStream_TVALID                     |   in|    1|        axis|          dataInStream_V_data_V|       pointer|
|dataInStream_TDATA                      |   in|   64|        axis|          dataInStream_V_data_V|       pointer|
|N                                       |   in|   32|     ap_none|                              N|        scalar|
|dataInStream_TREADY                     |  out|    1|        axis|          dataInStream_V_dest_V|       pointer|
|dataInStream_TDEST                      |   in|    6|        axis|          dataInStream_V_dest_V|       pointer|
|dataInStream_TKEEP                      |   in|    8|        axis|          dataInStream_V_keep_V|       pointer|
|dataInStream_TSTRB                      |   in|    8|        axis|          dataInStream_V_strb_V|       pointer|
|dataInStream_TUSER                      |   in|    2|        axis|          dataInStream_V_user_V|       pointer|
|dataInStream_TLAST                      |   in|    1|        axis|          dataInStream_V_last_V|       pointer|
|dataInStream_TID                        |   in|    5|        axis|            dataInStream_V_id_V|       pointer|
|RRT_Star_Position_x_address0            |  out|   14|   ap_memory|            RRT_Star_Position_x|         array|
|RRT_Star_Position_x_ce0                 |  out|    1|   ap_memory|            RRT_Star_Position_x|         array|
|RRT_Star_Position_x_we0                 |  out|    1|   ap_memory|            RRT_Star_Position_x|         array|
|RRT_Star_Position_x_d0                  |  out|   32|   ap_memory|            RRT_Star_Position_x|         array|
|RRT_Star_Position_y_address0            |  out|   14|   ap_memory|            RRT_Star_Position_y|         array|
|RRT_Star_Position_y_ce0                 |  out|    1|   ap_memory|            RRT_Star_Position_y|         array|
|RRT_Star_Position_y_we0                 |  out|    1|   ap_memory|            RRT_Star_Position_y|         array|
|RRT_Star_Position_y_d0                  |  out|   32|   ap_memory|            RRT_Star_Position_y|         array|
|RRT_Star_Location_List_address0         |  out|   14|   ap_memory|         RRT_Star_Location_List|         array|
|RRT_Star_Location_List_ce0              |  out|    1|   ap_memory|         RRT_Star_Location_List|         array|
|RRT_Star_Location_List_we0              |  out|    1|   ap_memory|         RRT_Star_Location_List|         array|
|RRT_Star_Location_List_d0               |  out|   16|   ap_memory|         RRT_Star_Location_List|         array|
|conv_i_i                                |   in|   32|     ap_none|                       conv_i_i|        scalar|
|conv9_i_i                               |   in|   32|     ap_none|                      conv9_i_i|        scalar|
|Pos_Nearest_Node_out                    |  out|   32|      ap_vld|           Pos_Nearest_Node_out|       pointer|
|Pos_Nearest_Node_out_ap_vld             |  out|    1|      ap_vld|           Pos_Nearest_Node_out|       pointer|
|output_stream_keep_V_out                |  out|    4|      ap_vld|       output_stream_keep_V_out|       pointer|
|output_stream_keep_V_out_ap_vld         |  out|    1|      ap_vld|       output_stream_keep_V_out|       pointer|
|output_stream_strb_V_out                |  out|    4|      ap_vld|       output_stream_strb_V_out|       pointer|
|output_stream_strb_V_out_ap_vld         |  out|    1|      ap_vld|       output_stream_strb_V_out|       pointer|
|tmp_user_V_out                          |  out|    2|      ap_vld|                 tmp_user_V_out|       pointer|
|tmp_user_V_out_ap_vld                   |  out|    1|      ap_vld|                 tmp_user_V_out|       pointer|
|tmp_id_V_out                            |  out|    5|      ap_vld|                   tmp_id_V_out|       pointer|
|tmp_id_V_out_ap_vld                     |  out|    1|      ap_vld|                   tmp_id_V_out|       pointer|
|tmp_dest_V_out                          |  out|    6|      ap_vld|                 tmp_dest_V_out|       pointer|
|tmp_dest_V_out_ap_vld                   |  out|    1|      ap_vld|                 tmp_dest_V_out|       pointer|
+----------------------------------------+-----+-----+------------+-------------------------------+--------------+

