

================================================================
== Vitis HLS Report for 'rrt_Pipeline_VITIS_LOOP_420_3'
================================================================
* Date:           Tue May 30 11:08:31 2023

* Version:        2021.2 (Build 3367213 on Tue Oct 19 02:47:39 MDT 2021)
* Project:        new_fixedpoint2205
* Solution:       solution1 (Vivado IP Flow Target)
* Product family: zynq
* Target device:  xc7z020-clg400-1


================================================================
== Performance Estimates
================================================================
+ Timing: 
    * Summary: 
    +--------+---------+----------+------------+
    |  Clock |  Target | Estimated| Uncertainty|
    +--------+---------+----------+------------+
    |ap_clk  |  6.75 ns|  3.323 ns|     1.82 ns|
    +--------+---------+----------+------------+

+ Latency: 
    * Summary: 
    +---------+---------+-----------+-----------+-----+-----+---------+
    |  Latency (cycles) |   Latency (absolute)  |  Interval | Pipeline|
    |   min   |   max   |    min    |    max    | min | max |   Type  |
    +---------+---------+-----------+-----------+-----+-----+---------+
    |       12|       12|  81.000 ns|  81.000 ns|   12|   12|       no|
    +---------+---------+-----------+-----------+-----+-----+---------+

    + Detail: 
        * Instance: 
        N/A

        * Loop: 
        +--------------------+---------+---------+----------+-----------+-----------+------+----------+
        |                    |  Latency (cycles) | Iteration|  Initiation Interval  | Trip |          |
        |      Loop Name     |   min   |   max   |  Latency |  achieved |   target  | Count| Pipelined|
        +--------------------+---------+---------+----------+-----------+-----------+------+----------+
        |- VITIS_LOOP_420_3  |       10|       10|         2|          1|          1|    10|       yes|
        +--------------------+---------+---------+----------+-----------+-----------+------+----------+



================================================================
== Utilization Estimates
================================================================
* Summary: 
+-----------------+---------+-----+--------+-------+-----+
|       Name      | BRAM_18K| DSP |   FF   |  LUT  | URAM|
+-----------------+---------+-----+--------+-------+-----+
|DSP              |        -|    -|       -|      -|    -|
|Expression       |        -|    -|       0|     35|    -|
|FIFO             |        -|    -|       -|      -|    -|
|Instance         |        -|    -|       -|      -|    -|
|Memory           |        -|    -|       -|      -|    -|
|Multiplexer      |        -|    -|       -|     45|    -|
|Register         |        -|    -|       8|      -|    -|
+-----------------+---------+-----+--------+-------+-----+
|Total            |        0|    0|       8|     80|    0|
+-----------------+---------+-----+--------+-------+-----+
|Available        |      280|  220|  106400|  53200|    0|
+-----------------+---------+-----+--------+-------+-----+
|Utilization (%)  |        0|    0|      ~0|     ~0|    0|
+-----------------+---------+-----+--------+-------+-----+

+ Detail: 
    * Instance: 
    N/A

    * DSP: 
    N/A

    * Memory: 
    N/A

    * FIFO: 
    N/A

    * Expression: 
    +--------------------------------+----------+----+---+----+------------+------------+
    |          Variable Name         | Operation| DSP| FF| LUT| Bitwidth P0| Bitwidth P1|
    +--------------------------------+----------+----+---+----+------------+------------+
    |j_2_fu_142_p2                   |         +|   0|  0|  13|           4|           1|
    |ap_block_pp0_stage0_01001       |       and|   0|  0|   2|           1|           1|
    |icmp_ln420_fu_136_p2            |      icmp|   0|  0|   9|           4|           4|
    |output_stream_last_V_fu_148_p2  |      icmp|   0|  0|   9|           4|           4|
    |ap_enable_pp0                   |       xor|   0|  0|   2|           1|           2|
    +--------------------------------+----------+----+---+----+------------+------------+
    |Total                           |          |   0|  0|  35|          14|          12|
    +--------------------------------+----------+----+---+----+------------+------------+

    * Multiplexer: 
    +-------------------------+----+-----------+-----+-----------+
    |           Name          | LUT| Input Size| Bits| Total Bits|
    +-------------------------+----+-----------+-----+-----------+
    |XNearStream_TDATA_blk_n  |   9|          2|    1|          2|
    |ap_done_int              |   9|          2|    1|          2|
    |ap_enable_reg_pp0_iter1  |   9|          2|    1|          2|
    |ap_sig_allocacmp_j_1     |   9|          2|    4|          8|
    |j_fu_68                  |   9|          2|    4|          8|
    +-------------------------+----+-----------+-----+-----------+
    |Total                    |  45|         10|   11|         22|
    +-------------------------+----+-----------+-----+-----------+

    * Register: 
    +------------------------------+---+----+-----+-----------+
    |             Name             | FF| LUT| Bits| Const Bits|
    +------------------------------+---+----+-----+-----------+
    |ap_CS_fsm                     |  1|   0|    1|          0|
    |ap_done_reg                   |  1|   0|    1|          0|
    |ap_enable_reg_pp0_iter1       |  1|   0|    1|          0|
    |j_fu_68                       |  4|   0|    4|          0|
    |output_stream_last_V_reg_194  |  1|   0|    1|          0|
    +------------------------------+---+----+-----+-----------+
    |Total                         |  8|   0|    8|          0|
    +------------------------------+---+----+-----+-----------+



================================================================
== Interface
================================================================
* Summary: 
+-----------------------------+-----+-----+------------+-------------------------------+--------------+
|          RTL Ports          | Dir | Bits|  Protocol  |         Source Object         |    C Type    |
+-----------------------------+-----+-----+------------+-------------------------------+--------------+
|ap_clk                       |   in|    1|  ap_ctrl_hs|  rrt_Pipeline_VITIS_LOOP_420_3|  return value|
|ap_rst                       |   in|    1|  ap_ctrl_hs|  rrt_Pipeline_VITIS_LOOP_420_3|  return value|
|ap_start                     |   in|    1|  ap_ctrl_hs|  rrt_Pipeline_VITIS_LOOP_420_3|  return value|
|ap_done                      |  out|    1|  ap_ctrl_hs|  rrt_Pipeline_VITIS_LOOP_420_3|  return value|
|ap_idle                      |  out|    1|  ap_ctrl_hs|  rrt_Pipeline_VITIS_LOOP_420_3|  return value|
|ap_ready                     |  out|    1|  ap_ctrl_hs|  rrt_Pipeline_VITIS_LOOP_420_3|  return value|
|XNearStream_TREADY           |   in|    1|        axis|           XNearStream_V_data_V|       pointer|
|XNearStream_TDATA            |  out|   32|        axis|           XNearStream_V_data_V|       pointer|
|output_stream_keep_V_reload  |   in|    4|     ap_none|    output_stream_keep_V_reload|        scalar|
|output_stream_strb_V_reload  |   in|    4|     ap_none|    output_stream_strb_V_reload|        scalar|
|tmp_user_V_reload            |   in|    2|     ap_none|              tmp_user_V_reload|        scalar|
|tmp_id_V_reload              |   in|    5|     ap_none|                tmp_id_V_reload|        scalar|
|tmp_dest_V_reload            |   in|    6|     ap_none|              tmp_dest_V_reload|        scalar|
|XNearStream_TVALID           |  out|    1|        axis|           XNearStream_V_dest_V|       pointer|
|XNearStream_TDEST            |  out|    6|        axis|           XNearStream_V_dest_V|       pointer|
|XNearStream_TKEEP            |  out|    4|        axis|           XNearStream_V_keep_V|       pointer|
|XNearStream_TSTRB            |  out|    4|        axis|           XNearStream_V_strb_V|       pointer|
|XNearStream_TUSER            |  out|    2|        axis|           XNearStream_V_user_V|       pointer|
|XNearStream_TLAST            |  out|    1|        axis|           XNearStream_V_last_V|       pointer|
|XNearStream_TID              |  out|    5|        axis|             XNearStream_V_id_V|       pointer|
+-----------------------------+-----+-----+------------+-------------------------------+--------------+

