

================================================================
== Vitis HLS Report for 'rrt'
================================================================
* Date:           Tue May 30 11:08:32 2023

* Version:        2021.2 (Build 3367213 on Tue Oct 19 02:47:39 MDT 2021)
* Project:        new_fixedpoint2205
* Solution:       solution1 (Vivado IP Flow Target)
* Product family: zynq
* Target device:  xc7z020-clg400-1


================================================================
== Performance Estimates
================================================================
+ Timing: 
    * Summary: 
    +--------+---------+----------+------------+
    |  Clock |  Target | Estimated| Uncertainty|
    +--------+---------+----------+------------+
    |ap_clk  |  6.75 ns|  6.312 ns|     1.82 ns|
    +--------+---------+----------+------------+

+ Latency: 
    * Summary: 
    +---------+---------+----------+----------+-----+-----+---------+
    |  Latency (cycles) |  Latency (absolute) |  Interval | Pipeline|
    |   min   |   max   |    min   |    max   | min | max |   Type  |
    +---------+---------+----------+----------+-----+-----+---------+
    |        ?|        ?|         ?|         ?|    ?|    ?|       no|
    +---------+---------+----------+----------+-----+-----+---------+

    + Detail: 
        * Instance: 
        +------------------------------------------+-------------------------------+---------+---------+-----------+-----------+-------+-------+---------+
        |                                          |                               |  Latency (cycles) |   Latency (absolute)  |    Interval   | Pipeline|
        |                 Instance                 |             Module            |   min   |   max   |    min    |    max    |  min  |  max  |   Type  |
        +------------------------------------------+-------------------------------+---------+---------+-----------+-----------+-------+-------+---------+
        |grp_rrt_Pipeline_1_fu_399                 |rrt_Pipeline_1                 |    10002|    10002|  67.513 us|  67.513 us|  10002|  10002|       no|
        |grp_FloatToFixed_16ul_s_fu_409            |FloatToFixed_16ul_s            |       21|       21|   0.142 us|   0.142 us|      1|      1|      yes|
        |grp_FloatToFixed_16ul_s_fu_414            |FloatToFixed_16ul_s            |       21|       21|   0.142 us|   0.142 us|      1|      1|      yes|
        |grp_FloatToFixed_16ul_s_fu_419            |FloatToFixed_16ul_s            |       21|       21|   0.142 us|   0.142 us|      1|      1|      yes|
        |grp_rrt_Pipeline_VITIS_LOOP_342_1_fu_424  |rrt_Pipeline_VITIS_LOOP_342_1  |        ?|        ?|          ?|          ?|      ?|      ?|       no|
        |grp_rrt_Pipeline_VITIS_LOOP_47_1_fu_454   |rrt_Pipeline_VITIS_LOOP_47_1   |       50|       50|   0.338 us|   0.338 us|     50|     50|       no|
        |grp_rrt_Pipeline_VITIS_LOOP_112_1_fu_460  |rrt_Pipeline_VITIS_LOOP_112_1  |       81|       81|   0.547 us|   0.547 us|     81|     81|       no|
        |grp_rrt_Pipeline_VITIS_LOOP_420_3_fu_470  |rrt_Pipeline_VITIS_LOOP_420_3  |       12|       12|  81.000 ns|  81.000 ns|     12|     12|       no|
        |grp_Nearhw_fu_493                         |Nearhw                         |        ?|        ?|          ?|          ?|      ?|      ?|       no|
        |grp_rrt_Pipeline_VITIS_LOOP_47_12_fu_505  |rrt_Pipeline_VITIS_LOOP_47_12  |       50|       50|   0.338 us|   0.338 us|     50|     50|       no|
        |grp_rrt_Pipeline_VITIS_LOOP_396_2_fu_511  |rrt_Pipeline_VITIS_LOOP_396_2  |        ?|        ?|          ?|          ?|      ?|      ?|       no|
        +------------------------------------------+-------------------------------+---------+---------+-----------+-----------+-------+-------+---------+

        * Loop: 
        N/A



================================================================
== Utilization Estimates
================================================================
* Summary: 
+-----------------+---------+-----+--------+-------+-----+
|       Name      | BRAM_18K| DSP |   FF   |  LUT  | URAM|
+-----------------+---------+-----+--------+-------+-----+
|DSP              |        -|    -|       -|      -|    -|
|Expression       |        -|    -|       0|   2209|    -|
|FIFO             |        -|    -|       -|      -|    -|
|Instance         |        0|  150|   28604|  26196|    -|
|Memory           |       81|    -|       2|      1|    0|
|Multiplexer      |        -|    -|       -|   1844|    -|
|Register         |        -|    -|    2295|      -|    -|
+-----------------+---------+-----+--------+-------+-----+
|Total            |       81|  150|   30901|  30250|    0|
+-----------------+---------+-----+--------+-------+-----+
|Available        |      280|  220|  106400|  53200|    0|
+-----------------+---------+-----+--------+-------+-----+
|Utilization (%)  |       28|   68|      29|     56|    0|
+-----------------+---------+-----+--------+-------+-----+

+ Detail: 
    * Instance: 
    +------------------------------------------+---------------------------------+---------+----+-------+-------+-----+
    |                 Instance                 |              Module             | BRAM_18K| DSP|   FF  |  LUT  | URAM|
    +------------------------------------------+---------------------------------+---------+----+-------+-------+-----+
    |CTRL_BUS_s_axi_U                          |CTRL_BUS_s_axi                   |        0|   0|    314|    434|    0|
    |grp_FloatToFixed_16ul_s_fu_409            |FloatToFixed_16ul_s              |        0|   6|   1514|   2750|    0|
    |grp_FloatToFixed_16ul_s_fu_414            |FloatToFixed_16ul_s              |        0|   6|   1514|   2750|    0|
    |grp_FloatToFixed_16ul_s_fu_419            |FloatToFixed_16ul_s              |        0|   6|   1514|   2750|    0|
    |grp_Nearhw_fu_493                         |Nearhw                           |        0|   0|    763|   1537|    0|
    |dadd_64ns_64ns_64_12_full_dsp_0_U148      |dadd_64ns_64ns_64_12_full_dsp_0  |        0|   3|    843|   1162|    0|
    |fmul_32ns_32ns_32_5_max_dsp_0_U143        |fmul_32ns_32ns_32_5_max_dsp_0    |        0|   3|    151|    325|    0|
    |fpext_32ns_64_2_no_dsp_0_U147             |fpext_32ns_64_2_no_dsp_0         |        0|   0|      0|      0|    0|
    |fptrunc_64ns_32_3_no_dsp_1_U146           |fptrunc_64ns_32_3_no_dsp_1       |        0|   0|      0|      0|    0|
    |fsub_32ns_32ns_32_9_full_dsp_1_U141       |fsub_32ns_32ns_32_9_full_dsp_1   |        0|   2|    324|    424|    0|
    |fsub_32ns_32ns_32_9_full_dsp_1_U142       |fsub_32ns_32ns_32_9_full_dsp_1   |        0|   2|    324|    424|    0|
    |mul_32s_32s_48_5_1_U149                   |mul_32s_32s_48_5_1               |        0|   3|    215|      1|    0|
    |mul_32s_32s_48_5_1_U150                   |mul_32s_32s_48_5_1               |        0|   3|    215|      1|    0|
    |mul_32s_32s_48_5_1_U152                   |mul_32s_32s_48_5_1               |        0|   3|    215|      1|    0|
    |mul_32s_32s_48_5_1_U153                   |mul_32s_32s_48_5_1               |        0|   3|    215|      1|    0|
    |mul_32s_32s_48_5_1_U156                   |mul_32s_32s_48_5_1               |        0|   3|    215|      1|    0|
    |mul_32s_32s_48_5_1_U157                   |mul_32s_32s_48_5_1               |        0|   3|    215|      1|    0|
    |mul_48s_50ns_97_3_1_x_U154                |mul_48s_50ns_97_3_1_x            |        0|   4|     34|     47|    0|
    |mul_48s_50ns_97_3_1_x_U155                |mul_48s_50ns_97_3_1_x            |        0|   4|     34|     47|    0|
    |grp_rrt_Pipeline_1_fu_399                 |rrt_Pipeline_1                   |        0|   0|     16|     56|    0|
    |grp_rrt_Pipeline_VITIS_LOOP_112_1_fu_460  |rrt_Pipeline_VITIS_LOOP_112_1    |        0|  96|  17713|  10718|    0|
    |grp_rrt_Pipeline_VITIS_LOOP_342_1_fu_424  |rrt_Pipeline_VITIS_LOOP_342_1    |        0|   0|   1100|   1679|    0|
    |grp_rrt_Pipeline_VITIS_LOOP_396_2_fu_511  |rrt_Pipeline_VITIS_LOOP_396_2    |        0|   0|     36|    124|    0|
    |grp_rrt_Pipeline_VITIS_LOOP_420_3_fu_470  |rrt_Pipeline_VITIS_LOOP_420_3    |        0|   0|      8|     80|    0|
    |grp_rrt_Pipeline_VITIS_LOOP_47_1_fu_454   |rrt_Pipeline_VITIS_LOOP_47_1     |        0|   0|    353|    319|    0|
    |grp_rrt_Pipeline_VITIS_LOOP_47_12_fu_505  |rrt_Pipeline_VITIS_LOOP_47_12    |        0|   0|    353|    319|    0|
    |sitofp_32ns_32_7_no_dsp_1_U144            |sitofp_32ns_32_7_no_dsp_1        |        0|   0|      0|      0|    0|
    |sitofp_32ns_32_7_no_dsp_1_U145            |sitofp_32ns_32_7_no_dsp_1        |        0|   0|      0|      0|    0|
    |udiv_33s_24ns_32_37_seq_1_U151            |udiv_33s_24ns_32_37_seq_1        |        0|   0|    406|    245|    0|
    +------------------------------------------+---------------------------------+---------+----+-------+-------+-----+
    |Total                                     |                                 |        0| 150|  28604|  26196|    0|
    +------------------------------------------+---------------------------------+---------+----+-------+-------+-----+

    * DSP: 
    N/A

    * Memory: 
    +--------------------------+--------------------------------------+---------+---+----+-----+-------+-----+------+-------------+
    |          Memory          |                Module                | BRAM_18K| FF| LUT| URAM| Words | Bits| Banks| W*Bits*Banks|
    +--------------------------+--------------------------------------+---------+---+----+-----+-------+-----+------+-------------+
    |Bool_U                    |Bool_RAM_AUTO_1R1W                    |        0|  2|   1|    0|      6|    1|     1|            6|
    |RRT_Star_Location_List_U  |RRT_Star_Location_List_RAM_AUTO_1R1W  |       16|  0|   0|    0|  10000|   16|     1|       160000|
    |RRT_Star_Position_x_U     |RRT_Star_Position_x_RAM_AUTO_1R1W     |       32|  0|   0|    0|  10000|   32|     1|       320000|
    |RRT_Star_Position_y_U     |RRT_Star_Position_x_RAM_AUTO_1R1W     |       32|  0|   0|    0|  10000|   32|     1|       320000|
    |x_near_U                  |x_near_RAM_AUTO_1R1W                  |        1|  0|   0|    0|   1000|   16|     1|        16000|
    +--------------------------+--------------------------------------+---------+---+----+-----+-------+-----+------+-------------+
    |Total                     |                                      |       81|  2|   1|    0|  31006|   97|     5|       816006|
    +--------------------------+--------------------------------------+---------+---+----+-----+-------+-----+------+-------------+

    * FIFO: 
    N/A

    * Expression: 
    +-------------------------------------------------------------+----------+----+---+-----+------------+------------+
    |                        Variable Name                        | Operation| DSP| FF| LUT | Bitwidth P0| Bitwidth P1|
    +-------------------------------------------------------------+----------+----+---+-----+------------+------------+
    |Dist_sqr_fu_1306_p2                                          |         +|   0|  0|   39|          32|          32|
    |add_fu_1301_p2                                               |         +|   0|  0|   39|          32|           1|
    |add_ln344_1_fu_720_p2                                        |         +|   0|  0|   14|           9|           8|
    |add_ln344_fu_659_p2                                          |         +|   0|  0|   14|           9|           8|
    |add_ln65_fu_1023_p2                                          |         +|   0|  0|   39|          32|          32|
    |add_ln67_fu_1028_p2                                          |         +|   0|  0|   39|          32|          32|
    |r_fu_934_p2                                                  |         +|   0|  0|   39|          32|          32|
    |grp_fu_594_p2                                                |         -|   0|  0|   39|          32|          32|
    |grp_fu_599_p2                                                |         -|   0|  0|   39|          32|          32|
    |result_V_11_fu_885_p2                                        |         -|   0|  0|   39|           1|          32|
    |result_V_8_fu_874_p2                                         |         -|   0|  0|   39|           1|          32|
    |sub_ln1364_2_fu_734_p2                                       |         -|   0|  0|   15|           7|           8|
    |sub_ln1364_fu_673_p2                                         |         -|   0|  0|   15|           7|           8|
    |sub_ln39_1_fu_1150_p2                                        |         -|   0|  0|   55|           1|          48|
    |sub_ln39_2_fu_1122_p2                                        |         -|   0|  0|  104|           1|          97|
    |sub_ln39_3_fu_1187_p2                                        |         -|   0|  0|   55|           1|          48|
    |sub_ln39_fu_1117_p2                                          |         -|   0|  0|  104|           1|          97|
    |sub_ln65_fu_968_p2                                           |         -|   0|  0|   39|          32|          32|
    |sub_ln67_fu_973_p2                                           |         -|   0|  0|   39|          32|          32|
    |and_ln131_1_fu_1211_p2                                       |       and|   0|  0|    2|           1|           1|
    |and_ln131_2_fu_1216_p2                                       |       and|   0|  0|    2|           1|           1|
    |and_ln131_3_fu_1221_p2                                       |       and|   0|  0|    2|           1|           1|
    |and_ln131_fu_1206_p2                                         |       and|   0|  0|    2|           1|           1|
    |grp_rrt_Pipeline_VITIS_LOOP_396_2_fu_511_XNearStream_TREADY  |       and|   0|  0|    2|           1|           1|
    |grp_rrt_Pipeline_VITIS_LOOP_420_3_fu_470_XNearStream_TREADY  |       and|   0|  0|    2|           1|           1|
    |is_obstacle_free_fu_1226_p2                                  |       and|   0|  0|    2|           1|           1|
    |icmp_ln59_fu_962_p2                                          |      icmp|   0|  0|   18|          32|          25|
    |r_V_6_fu_833_p2                                              |      lshr|   0|  0|  242|          79|          79|
    |r_V_fu_772_p2                                                |      lshr|   0|  0|  242|          79|          79|
    |ap_block_state140_on_subcall_done                            |        or|   0|  0|    2|           1|           1|
    |Delta_x_fu_1156_p3                                           |    select|   0|  0|   48|           1|          48|
    |Delta_y_fu_1193_p3                                           |    select|   0|  0|   48|           1|          48|
    |result_V_13_fu_890_p3                                        |    select|   0|  0|   32|           1|          32|
    |result_V_fu_879_p3                                           |    select|   0|  0|   32|           1|          32|
    |select_ln39_2_fu_1180_p3                                     |    select|   0|  0|   48|           1|          48|
    |select_ln39_fu_1143_p3                                       |    select|   0|  0|   48|           1|          48|
    |ush_2_fu_744_p3                                              |    select|   0|  0|    9|           1|           9|
    |ush_fu_683_p3                                                |    select|   0|  0|    9|           1|           9|
    |val_2_fu_867_p3                                              |    select|   0|  0|   32|           1|          32|
    |val_fu_806_p3                                                |    select|   0|  0|   32|           1|          32|
    |x_new_pos_Position_x_fu_1033_p3                              |    select|   0|  0|   32|           1|          32|
    |x_new_pos_Position_y_fu_1039_p3                              |    select|   0|  0|   32|           1|          32|
    |r_V_5_fu_778_p2                                              |       shl|   0|  0|  242|          79|          79|
    |r_V_7_fu_839_p2                                              |       shl|   0|  0|  242|          79|          79|
    +-------------------------------------------------------------+----------+----+---+-----+------------+------------+
    |Total                                                        |          |   0|  0| 2209|         694|        1394|
    +-------------------------------------------------------------+----------+----+---+-----+------------+------------+

    * Multiplexer: 
    +--------------------------------------+-----+-----------+-----+-----------+
    |                 Name                 | LUT | Input Size| Bits| Total Bits|
    +--------------------------------------+-----+-----------+-----+-----------+
    |Bool_address0                         |   25|          5|    3|         15|
    |Bool_address1                         |   20|          4|    3|         12|
    |Bool_ce0                              |   14|          3|    1|          3|
    |Bool_we0                              |    9|          2|    1|          2|
    |RRT_Star_Location_List_address0       |   20|          4|   14|         56|
    |RRT_Star_Location_List_ce0            |   20|          4|    1|          4|
    |RRT_Star_Location_List_d0             |   14|          3|   16|         48|
    |RRT_Star_Location_List_we0            |   14|          3|    1|          3|
    |RRT_Star_Position_x_address0          |   31|          6|   14|         84|
    |RRT_Star_Position_x_ce0               |   25|          5|    1|          5|
    |RRT_Star_Position_x_d0                |   14|          3|   32|         96|
    |RRT_Star_Position_x_we0               |   14|          3|    1|          3|
    |RRT_Star_Position_y_address0          |   31|          6|   14|         84|
    |RRT_Star_Position_y_ce0               |   25|          5|    1|          5|
    |RRT_Star_Position_y_d0                |   14|          3|   32|         96|
    |RRT_Star_Position_y_we0               |   14|          3|    1|          3|
    |XNearStream_TDATA_int_regslice        |   14|          3|   32|         96|
    |XNearStream_TDEST_int_regslice        |   14|          3|    6|         18|
    |XNearStream_TID_int_regslice          |   14|          3|    5|         15|
    |XNearStream_TKEEP_int_regslice        |   14|          3|    4|         12|
    |XNearStream_TLAST_int_regslice        |   14|          3|    1|          3|
    |XNearStream_TSTRB_int_regslice        |   14|          3|    4|         12|
    |XNearStream_TUSER_int_regslice        |   14|          3|    2|          6|
    |XNearStream_TVALID_int_regslice       |   14|          3|    1|          3|
    |ap_NS_fsm                             |  822|        154|    1|        154|
    |dataInStream_TREADY_int_regslice      |    9|          2|    1|          2|
    |grp_FloatToFixed_16ul_s_fu_409_ap_ce  |   14|          3|    1|          3|
    |grp_FloatToFixed_16ul_s_fu_409_d      |   20|          4|   32|        128|
    |grp_FloatToFixed_16ul_s_fu_414_ap_ce  |   14|          3|    1|          3|
    |grp_FloatToFixed_16ul_s_fu_414_d      |   14|          3|   32|         96|
    |grp_fu_1261_ce                        |   14|          3|    1|          3|
    |grp_fu_1261_p0                        |   20|          4|   32|        128|
    |grp_fu_1261_p1                        |   20|          4|   32|        128|
    |grp_fu_1271_ce                        |   14|          3|    1|          3|
    |grp_fu_1271_p0                        |   20|          4|   32|        128|
    |grp_fu_1271_p1                        |   20|          4|   32|        128|
    |grp_fu_537_ce                         |   14|          3|    1|          3|
    |grp_fu_537_p0                         |   20|          4|   32|        128|
    |grp_fu_537_p1                         |   20|          4|   32|        128|
    |grp_fu_541_ce                         |   14|          3|    1|          3|
    |grp_fu_541_p0                         |   20|          4|   32|        128|
    |grp_fu_541_p1                         |   20|          4|   32|        128|
    |grp_fu_545_ce                         |    9|          2|    1|          2|
    |grp_fu_545_p0                         |   20|          4|   32|        128|
    |grp_fu_545_p1                         |   14|          3|   32|         96|
    |grp_fu_550_ce                         |   20|          4|    1|          4|
    |grp_fu_550_p0                         |   53|         10|   32|        320|
    |grp_fu_553_ce                         |   14|          3|    1|          3|
    |grp_fu_553_p0                         |   25|          5|   32|        160|
    |grp_fu_559_ce                         |   14|          3|    1|          3|
    |grp_fu_559_p0                         |   14|          3|   32|         96|
    |grp_fu_562_ce                         |    9|          2|    1|          2|
    |grp_fu_562_p0                         |   14|          3|   64|        192|
    |grp_fu_562_p1                         |   14|          3|   64|        192|
    |oup_address0                          |   31|          6|    3|         18|
    |oup_d0                                |   31|          6|   32|        192|
    |x_near_address0                       |   14|          3|   10|         30|
    |x_near_ce0                            |   14|          3|    1|          3|
    |x_near_we0                            |    9|          2|    1|          2|
    +--------------------------------------+-----+-----------+-----+-----------+
    |Total                                 | 1844|        364|  859|       3549|
    +--------------------------------------+-----+-----------+-----+-----------+

    * Register: 
    +-------------------------------------------------------+-----+----+-----+-----------+
    |                          Name                         |  FF | LUT| Bits| Const Bits|
    +-------------------------------------------------------+-----+----+-----+-----------+
    |Bool_load_1_reg_1724                                   |    1|   0|    1|          0|
    |Bool_load_2_reg_1739                                   |    1|   0|    1|          0|
    |Bool_load_3_reg_1744                                   |    1|   0|    1|          0|
    |Bool_load_reg_1719                                     |    1|   0|    1|          0|
    |Delta_x_reg_1699                                       |   48|   0|   48|          0|
    |Delta_y_reg_1704                                       |   48|   0|   48|          0|
    |Dist_sqr_reg_1817                                      |   32|   0|   32|          0|
    |N_read_reg_1344                                        |   32|   0|   32|          0|
    |RRT_Star_Position_x_addr_reg_1460                      |   14|   0|   14|          0|
    |RRT_Star_Position_y_addr_reg_1465                      |   14|   0|   14|          0|
    |Squared_R_Robot_read_reg_1334                          |   32|   0|   32|          0|
    |Squared_r_n_read_reg_1339                              |   32|   0|   32|          0|
    |XNearCnt_reg_1778                                      |   32|   0|   32|          0|
    |add_reg_1812                                           |   32|   0|   32|          0|
    |ap_CS_fsm                                              |  153|   0|  153|          0|
    |bitcast_ln369_reg_1470                                 |   32|   0|   32|          0|
    |bitcast_ln395_reg_1797                                 |   32|   0|   32|          0|
    |conv1_reg_1422                                         |   32|   0|   32|          0|
    |conv9_i_i_i_reg_1475                                   |   32|   0|   32|          0|
    |conv9_i_i_reg_1451                                     |   32|   0|   32|          0|
    |conv_reg_1412                                          |   64|   0|   64|          0|
    |dc_2_reg_1485                                          |   32|   0|   32|          0|
    |dc_reg_1480                                            |   32|   0|   32|          0|
    |empty_reg_1407                                         |   14|   0|   14|          0|
    |grp_Nearhw_fu_493_ap_start_reg                         |    1|   0|    1|          0|
    |grp_rrt_Pipeline_1_fu_399_ap_start_reg                 |    1|   0|    1|          0|
    |grp_rrt_Pipeline_VITIS_LOOP_112_1_fu_460_ap_start_reg  |    1|   0|    1|          0|
    |grp_rrt_Pipeline_VITIS_LOOP_342_1_fu_424_ap_start_reg  |    1|   0|    1|          0|
    |grp_rrt_Pipeline_VITIS_LOOP_396_2_fu_511_ap_start_reg  |    1|   0|    1|          0|
    |grp_rrt_Pipeline_VITIS_LOOP_420_3_fu_470_ap_start_reg  |    1|   0|    1|          0|
    |grp_rrt_Pipeline_VITIS_LOOP_47_12_fu_505_ap_start_reg  |    1|   0|    1|          0|
    |grp_rrt_Pipeline_VITIS_LOOP_47_1_fu_454_ap_start_reg   |    1|   0|    1|          0|
    |icmp_ln59_reg_1584                                     |    1|   0|    1|          0|
    |isNeg_2_reg_1520                                       |    1|   0|    1|          0|
    |isNeg_reg_1500                                         |    1|   0|    1|          0|
    |is_obstacle_free_reg_1759                              |    1|   0|    1|          0|
    |mul_ln39_1_reg_1679                                    |   97|   0|   97|          0|
    |mul_ln39_reg_1669                                      |   97|   0|   97|          0|
    |p_Result_2_reg_1510                                    |    1|   0|    1|          0|
    |p_Result_s_reg_1490                                    |    1|   0|    1|          0|
    |r_reg_1574                                             |   32|   0|   32|          0|
    |reg_567                                                |   32|   0|   32|          0|
    |reg_574                                                |   32|   0|   32|          0|
    |reg_579                                                |   32|   0|   32|          0|
    |reg_584                                                |   32|   0|   32|          0|
    |reg_590                                                |   32|   0|   32|          0|
    |reg_604                                                |   32|   0|   32|          0|
    |reg_608                                                |   32|   0|   32|          0|
    |result_V_13_reg_1547                                   |   32|   0|   32|          0|
    |result_V_reg_1542                                      |   32|   0|   32|          0|
    |sqrb_reg_1446                                          |   32|   0|   32|          0|
    |sqrn_reg_1441                                          |   32|   0|   32|          0|
    |sub_ln39_2_reg_1694                                    |   97|   0|   97|          0|
    |sub_ln39_reg_1689                                      |   97|   0|   97|          0|
    |sub_ln65_reg_1595                                      |   32|   0|   32|          0|
    |sub_ln67_reg_1600                                      |   32|   0|   32|          0|
    |sub_reg_1417                                           |   64|   0|   64|          0|
    |tmp_23_reg_1647                                        |    1|   0|    1|          0|
    |tmp_25_reg_1674                                        |   30|   0|   30|          0|
    |tmp_26_reg_1653                                        |    1|   0|    1|          0|
    |tmp_28_reg_1684                                        |   30|   0|   30|          0|
    |tmp_30_reg_1495                                        |   23|   0|   23|          0|
    |tmp_32_reg_1515                                        |   23|   0|   23|          0|
    |trunc_ln34_2_reg_1802                                  |   32|   0|   32|          0|
    |trunc_ln34_3_reg_1807                                  |   32|   0|   32|          0|
    |trunc_ln34_4_reg_1564                                  |   32|   0|   32|          0|
    |trunc_ln34_5_reg_1569                                  |   32|   0|   32|          0|
    |trunc_ln34_6_reg_1621                                  |   32|   0|   32|          0|
    |trunc_ln34_7_reg_1626                                  |   32|   0|   32|          0|
    |udiv_ln39_reg_1590                                     |   32|   0|   32|          0|
    |ush_2_reg_1525                                         |    9|   0|    9|          0|
    |ush_reg_1505                                           |    9|   0|    9|          0|
    |val_2_reg_1536                                         |   32|   0|   32|          0|
    |val_reg_1530                                           |   32|   0|   32|          0|
    |x_new_pos_Position_x_reg_1631                          |   32|   0|   32|          0|
    |x_new_pos_Position_y_reg_1639                          |   32|   0|   32|          0|
    |x_rand_Position_x_reg_1427                             |   32|   0|   32|          0|
    |x_rand_Position_y_reg_1434                             |   32|   0|   32|          0|
    |xrandx_read_reg_1354                                   |   32|   0|   32|          0|
    |xrandy_read_reg_1349                                   |   32|   0|   32|          0|
    +-------------------------------------------------------+-----+----+-----+-----------+
    |Total                                                  | 2295|   0| 2295|          0|
    +-------------------------------------------------------+-----+----+-----+-----------+



================================================================
== Interface
================================================================
* Summary: 
+------------------------+-----+-----+------------+-----------------------+--------------+
|        RTL Ports       | Dir | Bits|  Protocol  |     Source Object     |    C Type    |
+------------------------+-----+-----+------------+-----------------------+--------------+
|s_axi_CTRL_BUS_AWVALID  |   in|    1|       s_axi|               CTRL_BUS|        scalar|
|s_axi_CTRL_BUS_AWREADY  |  out|    1|       s_axi|               CTRL_BUS|        scalar|
|s_axi_CTRL_BUS_AWADDR   |   in|    7|       s_axi|               CTRL_BUS|        scalar|
|s_axi_CTRL_BUS_WVALID   |   in|    1|       s_axi|               CTRL_BUS|        scalar|
|s_axi_CTRL_BUS_WREADY   |  out|    1|       s_axi|               CTRL_BUS|        scalar|
|s_axi_CTRL_BUS_WDATA    |   in|   32|       s_axi|               CTRL_BUS|        scalar|
|s_axi_CTRL_BUS_WSTRB    |   in|    4|       s_axi|               CTRL_BUS|        scalar|
|s_axi_CTRL_BUS_ARVALID  |   in|    1|       s_axi|               CTRL_BUS|        scalar|
|s_axi_CTRL_BUS_ARREADY  |  out|    1|       s_axi|               CTRL_BUS|        scalar|
|s_axi_CTRL_BUS_ARADDR   |   in|    7|       s_axi|               CTRL_BUS|        scalar|
|s_axi_CTRL_BUS_RVALID   |  out|    1|       s_axi|               CTRL_BUS|        scalar|
|s_axi_CTRL_BUS_RREADY   |   in|    1|       s_axi|               CTRL_BUS|        scalar|
|s_axi_CTRL_BUS_RDATA    |  out|   32|       s_axi|               CTRL_BUS|        scalar|
|s_axi_CTRL_BUS_RRESP    |  out|    2|       s_axi|               CTRL_BUS|        scalar|
|s_axi_CTRL_BUS_BVALID   |  out|    1|       s_axi|               CTRL_BUS|        scalar|
|s_axi_CTRL_BUS_BREADY   |   in|    1|       s_axi|               CTRL_BUS|        scalar|
|s_axi_CTRL_BUS_BRESP    |  out|    2|       s_axi|               CTRL_BUS|        scalar|
|ap_local_block          |  out|    1|  ap_ctrl_hs|                    rrt|  return value|
|ap_clk                  |   in|    1|  ap_ctrl_hs|                    rrt|  return value|
|ap_rst_n                |   in|    1|  ap_ctrl_hs|                    rrt|  return value|
|interrupt               |  out|    1|  ap_ctrl_hs|                    rrt|  return value|
|dataInStream_TDATA      |   in|   64|        axis|  dataInStream_V_data_V|       pointer|
|dataInStream_TVALID     |   in|    1|        axis|  dataInStream_V_dest_V|       pointer|
|dataInStream_TREADY     |  out|    1|        axis|  dataInStream_V_dest_V|       pointer|
|dataInStream_TDEST      |   in|    6|        axis|  dataInStream_V_dest_V|       pointer|
|dataInStream_TKEEP      |   in|    8|        axis|  dataInStream_V_keep_V|       pointer|
|dataInStream_TSTRB      |   in|    8|        axis|  dataInStream_V_strb_V|       pointer|
|dataInStream_TUSER      |   in|    2|        axis|  dataInStream_V_user_V|       pointer|
|dataInStream_TLAST      |   in|    1|        axis|  dataInStream_V_last_V|       pointer|
|dataInStream_TID        |   in|    5|        axis|    dataInStream_V_id_V|       pointer|
|XNearStream_TDATA       |  out|   32|        axis|   XNearStream_V_data_V|       pointer|
|XNearStream_TVALID      |  out|    1|        axis|   XNearStream_V_dest_V|       pointer|
|XNearStream_TREADY      |   in|    1|        axis|   XNearStream_V_dest_V|       pointer|
|XNearStream_TDEST       |  out|    6|        axis|   XNearStream_V_dest_V|       pointer|
|XNearStream_TKEEP       |  out|    4|        axis|   XNearStream_V_keep_V|       pointer|
|XNearStream_TSTRB       |  out|    4|        axis|   XNearStream_V_strb_V|       pointer|
|XNearStream_TUSER       |  out|    2|        axis|   XNearStream_V_user_V|       pointer|
|XNearStream_TLAST       |  out|    1|        axis|   XNearStream_V_last_V|       pointer|
|XNearStream_TID         |  out|    5|        axis|     XNearStream_V_id_V|       pointer|
+------------------------+-----+-----+------------+-----------------------+--------------+

