

================================================================
== Vitis HLS Report for 'rrt_Pipeline_VITIS_LOOP_112_1'
================================================================
* Date:           Tue May 30 11:08:30 2023

* Version:        2021.2 (Build 3367213 on Tue Oct 19 02:47:39 MDT 2021)
* Project:        new_fixedpoint2205
* Solution:       solution1 (Vivado IP Flow Target)
* Product family: zynq
* Target device:  xc7z020-clg400-1


================================================================
== Performance Estimates
================================================================
+ Timing: 
    * Summary: 
    +--------+---------+----------+------------+
    |  Clock |  Target | Estimated| Uncertainty|
    +--------+---------+----------+------------+
    |ap_clk  |  6.75 ns|  6.312 ns|     1.82 ns|
    +--------+---------+----------+------------+

+ Latency: 
    * Summary: 
    +---------+---------+----------+----------+-----+-----+---------+
    |  Latency (cycles) |  Latency (absolute) |  Interval | Pipeline|
    |   min   |   max   |    min   |    max   | min | max |   Type  |
    +---------+---------+----------+----------+-----+-----+---------+
    |       81|       81|  0.547 us|  0.547 us|   81|   81|       no|
    +---------+---------+----------+----------+-----+-----+---------+

    + Detail: 
        * Instance: 
        +---------------------------------+----------------------+---------+---------+----------+----------+-----+-----+---------+
        |                                 |                      |  Latency (cycles) |  Latency (absolute) |  Interval | Pipeline|
        |             Instance            |        Module        |   min   |   max   |    min   |    max   | min | max |   Type  |
        +---------------------------------+----------------------+---------+---------+----------+----------+-----+-----+---------+
        |grp_Collision_detectedhw_fu_147  |Collision_detectedhw  |       39|       39|  0.263 us|  0.263 us|    1|    1|      yes|
        +---------------------------------+----------------------+---------+---------+----------+----------+-----+-----+---------+

        * Loop: 
        +--------------------+---------+---------+----------+-----------+-----------+------+----------+
        |                    |  Latency (cycles) | Iteration|  Initiation Interval  | Trip |          |
        |      Loop Name     |   min   |   max   |  Latency |  achieved |   target  | Count| Pipelined|
        +--------------------+---------+---------+----------+-----------+-----------+------+----------+
        |- VITIS_LOOP_112_1  |       79|       79|        75|          1|          1|     6|       yes|
        +--------------------+---------+---------+----------+-----------+-----------+------+----------+



================================================================
== Utilization Estimates
================================================================
* Summary: 
+-----------------+---------+-----+--------+-------+-----+
|       Name      | BRAM_18K| DSP |   FF   |  LUT  | URAM|
+-----------------+---------+-----+--------+-------+-----+
|DSP              |        -|    -|       -|      -|    -|
|Expression       |        -|    -|       0|   1254|    -|
|FIFO             |        -|    -|       -|      -|    -|
|Instance         |        -|   96|   16846|   9300|    -|
|Memory           |        -|    -|       -|      -|    -|
|Multiplexer      |        -|    -|       -|     36|    -|
|Register         |        -|    -|     867|    128|    -|
+-----------------+---------+-----+--------+-------+-----+
|Total            |        0|   96|   17713|  10718|    0|
+-----------------+---------+-----+--------+-------+-----+
|Available        |      280|  220|  106400|  53200|    0|
+-----------------+---------+-----+--------+-------+-----+
|Utilization (%)  |        0|   43|      16|     20|    0|
+-----------------+---------+-----+--------+-------+-----+

+ Detail: 
    * Instance: 
    +---------------------------------+-----------------------------+---------+----+-------+------+-----+
    |             Instance            |            Module           | BRAM_18K| DSP|   FF  |  LUT | URAM|
    +---------------------------------+-----------------------------+---------+----+-------+------+-----+
    |grp_Collision_detectedhw_fu_147  |Collision_detectedhw         |        0|  90|  16778|  9206|    0|
    |fcmp_32ns_32ns_1_3_no_dsp_0_U87  |fcmp_32ns_32ns_1_3_no_dsp_0  |        0|   0|      0|     0|    0|
    |mul_32s_48s_48_3_1_U89           |mul_32s_48s_48_3_1           |        0|   3|     34|    47|    0|
    |mul_32s_48s_48_3_1_U90           |mul_32s_48s_48_3_1           |        0|   3|     34|    47|    0|
    |sitofp_32ns_32_7_no_dsp_1_U85    |sitofp_32ns_32_7_no_dsp_1    |        0|   0|      0|     0|    0|
    +---------------------------------+-----------------------------+---------+----+-------+------+-----+
    |Total                            |                             |        0|  96|  16846|  9300|    0|
    +---------------------------------+-----------------------------+---------+----+-------+------+-----+

    * DSP: 
    N/A

    * Memory: 
    N/A

    * FIFO: 
    N/A

    * Expression: 
    +----------------------+----------+----+---+-----+------------+------------+
    |     Variable Name    | Operation| DSP| FF| LUT | Bitwidth P0| Bitwidth P1|
    +----------------------+----------+----+---+-----+------------+------------+
    |add_ln112_fu_188_p2   |         +|   0|  0|   11|           3|           1|
    |add_ln118_fu_416_p2   |         +|   0|  0|   39|          32|          32|
    |add_ln119_fu_420_p2   |         +|   0|  0|   39|          32|          32|
    |add_ln513_fu_279_p2   |         +|   0|  0|   12|          12|          11|
    |result_V_6_fu_372_p2  |         -|   0|  0|   39|           1|          32|
    |sub_ln1364_fu_293_p2  |         -|   0|  0|   12|          10|          11|
    |and_ln7_fu_237_p2     |       and|   0|  0|    2|           1|           1|
    |icmp_ln112_fu_182_p2  |      icmp|   0|  0|    8|           3|           3|
    |icmp_ln7_1_fu_227_p2  |      icmp|   0|  0|   15|          23|           1|
    |icmp_ln7_fu_221_p2    |      icmp|   0|  0|   11|           8|           2|
    |r_V_fu_331_p2         |      lshr|   0|  0|  460|         137|         137|
    |or_ln7_fu_233_p2      |        or|   0|  0|    2|           1|           1|
    |result_V_fu_377_p3    |    select|   0|  0|   32|           1|          32|
    |select_ln7_fu_242_p3  |    select|   0|  0|   64|           1|          62|
    |ush_fu_303_p3         |    select|   0|  0|   12|           1|          12|
    |val_fu_365_p3         |    select|   0|  0|   32|           1|          32|
    |r_V_4_fu_337_p2       |       shl|   0|  0|  460|         137|         137|
    |Bool_d0               |       xor|   0|  0|    2|           1|           2|
    |ap_enable_pp0         |       xor|   0|  0|    2|           1|           2|
    +----------------------+----------+----+---+-----+------------+------------+
    |Total                 |          |   0|  0| 1254|         406|         543|
    +----------------------+----------+----+---+-----+------------+------------+

    * Multiplexer: 
    +-------------------------+----+-----------+-----+-----------+
    |           Name          | LUT| Input Size| Bits| Total Bits|
    +-------------------------+----+-----------+-----+-----------+
    |ap_done_int              |   9|          2|    1|          2|
    |ap_enable_reg_pp0_iter1  |   9|          2|    1|          2|
    |ap_sig_allocacmp_i       |   9|          2|    3|          6|
    |i_1_fu_100               |   9|          2|    3|          6|
    +-------------------------+----+-----------+-----+-----------+
    |Total                    |  36|          8|    8|         16|
    +-------------------------+----+-----------+-----+-----------+

    * Register: 
    +-----------------------------------+----+----+-----+-----------+
    |                Name               | FF | LUT| Bits| Const Bits|
    +-----------------------------------+----+----+-----+-----------+
    |add_ln118_reg_569                  |  32|   0|   32|          0|
    |add_ln119_reg_574                  |  32|   0|   32|          0|
    |ap_CS_fsm                          |   1|   0|    1|          0|
    |ap_done_reg                        |   1|   0|    1|          0|
    |ap_enable_reg_pp0_iter1            |   1|   0|    1|          0|
    |ap_enable_reg_pp0_iter10           |   1|   0|    1|          0|
    |ap_enable_reg_pp0_iter11           |   1|   0|    1|          0|
    |ap_enable_reg_pp0_iter12           |   1|   0|    1|          0|
    |ap_enable_reg_pp0_iter13           |   1|   0|    1|          0|
    |ap_enable_reg_pp0_iter14           |   1|   0|    1|          0|
    |ap_enable_reg_pp0_iter15           |   1|   0|    1|          0|
    |ap_enable_reg_pp0_iter16           |   1|   0|    1|          0|
    |ap_enable_reg_pp0_iter17           |   1|   0|    1|          0|
    |ap_enable_reg_pp0_iter18           |   1|   0|    1|          0|
    |ap_enable_reg_pp0_iter19           |   1|   0|    1|          0|
    |ap_enable_reg_pp0_iter2            |   1|   0|    1|          0|
    |ap_enable_reg_pp0_iter20           |   1|   0|    1|          0|
    |ap_enable_reg_pp0_iter21           |   1|   0|    1|          0|
    |ap_enable_reg_pp0_iter22           |   1|   0|    1|          0|
    |ap_enable_reg_pp0_iter23           |   1|   0|    1|          0|
    |ap_enable_reg_pp0_iter24           |   1|   0|    1|          0|
    |ap_enable_reg_pp0_iter25           |   1|   0|    1|          0|
    |ap_enable_reg_pp0_iter26           |   1|   0|    1|          0|
    |ap_enable_reg_pp0_iter27           |   1|   0|    1|          0|
    |ap_enable_reg_pp0_iter28           |   1|   0|    1|          0|
    |ap_enable_reg_pp0_iter29           |   1|   0|    1|          0|
    |ap_enable_reg_pp0_iter3            |   1|   0|    1|          0|
    |ap_enable_reg_pp0_iter30           |   1|   0|    1|          0|
    |ap_enable_reg_pp0_iter31           |   1|   0|    1|          0|
    |ap_enable_reg_pp0_iter32           |   1|   0|    1|          0|
    |ap_enable_reg_pp0_iter33           |   1|   0|    1|          0|
    |ap_enable_reg_pp0_iter34           |   1|   0|    1|          0|
    |ap_enable_reg_pp0_iter35           |   1|   0|    1|          0|
    |ap_enable_reg_pp0_iter36           |   1|   0|    1|          0|
    |ap_enable_reg_pp0_iter37           |   1|   0|    1|          0|
    |ap_enable_reg_pp0_iter38           |   1|   0|    1|          0|
    |ap_enable_reg_pp0_iter39           |   1|   0|    1|          0|
    |ap_enable_reg_pp0_iter4            |   1|   0|    1|          0|
    |ap_enable_reg_pp0_iter40           |   1|   0|    1|          0|
    |ap_enable_reg_pp0_iter41           |   1|   0|    1|          0|
    |ap_enable_reg_pp0_iter42           |   1|   0|    1|          0|
    |ap_enable_reg_pp0_iter43           |   1|   0|    1|          0|
    |ap_enable_reg_pp0_iter44           |   1|   0|    1|          0|
    |ap_enable_reg_pp0_iter45           |   1|   0|    1|          0|
    |ap_enable_reg_pp0_iter46           |   1|   0|    1|          0|
    |ap_enable_reg_pp0_iter47           |   1|   0|    1|          0|
    |ap_enable_reg_pp0_iter48           |   1|   0|    1|          0|
    |ap_enable_reg_pp0_iter49           |   1|   0|    1|          0|
    |ap_enable_reg_pp0_iter5            |   1|   0|    1|          0|
    |ap_enable_reg_pp0_iter50           |   1|   0|    1|          0|
    |ap_enable_reg_pp0_iter51           |   1|   0|    1|          0|
    |ap_enable_reg_pp0_iter52           |   1|   0|    1|          0|
    |ap_enable_reg_pp0_iter53           |   1|   0|    1|          0|
    |ap_enable_reg_pp0_iter54           |   1|   0|    1|          0|
    |ap_enable_reg_pp0_iter55           |   1|   0|    1|          0|
    |ap_enable_reg_pp0_iter56           |   1|   0|    1|          0|
    |ap_enable_reg_pp0_iter57           |   1|   0|    1|          0|
    |ap_enable_reg_pp0_iter58           |   1|   0|    1|          0|
    |ap_enable_reg_pp0_iter59           |   1|   0|    1|          0|
    |ap_enable_reg_pp0_iter6            |   1|   0|    1|          0|
    |ap_enable_reg_pp0_iter60           |   1|   0|    1|          0|
    |ap_enable_reg_pp0_iter61           |   1|   0|    1|          0|
    |ap_enable_reg_pp0_iter62           |   1|   0|    1|          0|
    |ap_enable_reg_pp0_iter63           |   1|   0|    1|          0|
    |ap_enable_reg_pp0_iter64           |   1|   0|    1|          0|
    |ap_enable_reg_pp0_iter65           |   1|   0|    1|          0|
    |ap_enable_reg_pp0_iter66           |   1|   0|    1|          0|
    |ap_enable_reg_pp0_iter67           |   1|   0|    1|          0|
    |ap_enable_reg_pp0_iter68           |   1|   0|    1|          0|
    |ap_enable_reg_pp0_iter69           |   1|   0|    1|          0|
    |ap_enable_reg_pp0_iter7            |   1|   0|    1|          0|
    |ap_enable_reg_pp0_iter70           |   1|   0|    1|          0|
    |ap_enable_reg_pp0_iter71           |   1|   0|    1|          0|
    |ap_enable_reg_pp0_iter72           |   1|   0|    1|          0|
    |ap_enable_reg_pp0_iter73           |   1|   0|    1|          0|
    |ap_enable_reg_pp0_iter74           |   1|   0|    1|          0|
    |ap_enable_reg_pp0_iter8            |   1|   0|    1|          0|
    |ap_enable_reg_pp0_iter9            |   1|   0|    1|          0|
    |ap_loop_exit_ready_pp0_iter10_reg  |   1|   0|    1|          0|
    |ap_loop_exit_ready_pp0_iter11_reg  |   1|   0|    1|          0|
    |ap_loop_exit_ready_pp0_iter12_reg  |   1|   0|    1|          0|
    |ap_loop_exit_ready_pp0_iter13_reg  |   1|   0|    1|          0|
    |ap_loop_exit_ready_pp0_iter14_reg  |   1|   0|    1|          0|
    |ap_loop_exit_ready_pp0_iter15_reg  |   1|   0|    1|          0|
    |ap_loop_exit_ready_pp0_iter16_reg  |   1|   0|    1|          0|
    |ap_loop_exit_ready_pp0_iter17_reg  |   1|   0|    1|          0|
    |ap_loop_exit_ready_pp0_iter18_reg  |   1|   0|    1|          0|
    |ap_loop_exit_ready_pp0_iter19_reg  |   1|   0|    1|          0|
    |ap_loop_exit_ready_pp0_iter1_reg   |   1|   0|    1|          0|
    |ap_loop_exit_ready_pp0_iter20_reg  |   1|   0|    1|          0|
    |ap_loop_exit_ready_pp0_iter21_reg  |   1|   0|    1|          0|
    |ap_loop_exit_ready_pp0_iter22_reg  |   1|   0|    1|          0|
    |ap_loop_exit_ready_pp0_iter23_reg  |   1|   0|    1|          0|
    |ap_loop_exit_ready_pp0_iter24_reg  |   1|   0|    1|          0|
    |ap_loop_exit_ready_pp0_iter25_reg  |   1|   0|    1|          0|
    |ap_loop_exit_ready_pp0_iter26_reg  |   1|   0|    1|          0|
    |ap_loop_exit_ready_pp0_iter27_reg  |   1|   0|    1|          0|
    |ap_loop_exit_ready_pp0_iter28_reg  |   1|   0|    1|          0|
    |ap_loop_exit_ready_pp0_iter29_reg  |   1|   0|    1|          0|
    |ap_loop_exit_ready_pp0_iter2_reg   |   1|   0|    1|          0|
    |ap_loop_exit_ready_pp0_iter30_reg  |   1|   0|    1|          0|
    |ap_loop_exit_ready_pp0_iter31_reg  |   1|   0|    1|          0|
    |ap_loop_exit_ready_pp0_iter32_reg  |   1|   0|    1|          0|
    |ap_loop_exit_ready_pp0_iter33_reg  |   1|   0|    1|          0|
    |ap_loop_exit_ready_pp0_iter34_reg  |   1|   0|    1|          0|
    |ap_loop_exit_ready_pp0_iter35_reg  |   1|   0|    1|          0|
    |ap_loop_exit_ready_pp0_iter36_reg  |   1|   0|    1|          0|
    |ap_loop_exit_ready_pp0_iter37_reg  |   1|   0|    1|          0|
    |ap_loop_exit_ready_pp0_iter38_reg  |   1|   0|    1|          0|
    |ap_loop_exit_ready_pp0_iter39_reg  |   1|   0|    1|          0|
    |ap_loop_exit_ready_pp0_iter3_reg   |   1|   0|    1|          0|
    |ap_loop_exit_ready_pp0_iter40_reg  |   1|   0|    1|          0|
    |ap_loop_exit_ready_pp0_iter41_reg  |   1|   0|    1|          0|
    |ap_loop_exit_ready_pp0_iter42_reg  |   1|   0|    1|          0|
    |ap_loop_exit_ready_pp0_iter43_reg  |   1|   0|    1|          0|
    |ap_loop_exit_ready_pp0_iter44_reg  |   1|   0|    1|          0|
    |ap_loop_exit_ready_pp0_iter45_reg  |   1|   0|    1|          0|
    |ap_loop_exit_ready_pp0_iter46_reg  |   1|   0|    1|          0|
    |ap_loop_exit_ready_pp0_iter47_reg  |   1|   0|    1|          0|
    |ap_loop_exit_ready_pp0_iter48_reg  |   1|   0|    1|          0|
    |ap_loop_exit_ready_pp0_iter49_reg  |   1|   0|    1|          0|
    |ap_loop_exit_ready_pp0_iter4_reg   |   1|   0|    1|          0|
    |ap_loop_exit_ready_pp0_iter50_reg  |   1|   0|    1|          0|
    |ap_loop_exit_ready_pp0_iter51_reg  |   1|   0|    1|          0|
    |ap_loop_exit_ready_pp0_iter52_reg  |   1|   0|    1|          0|
    |ap_loop_exit_ready_pp0_iter53_reg  |   1|   0|    1|          0|
    |ap_loop_exit_ready_pp0_iter54_reg  |   1|   0|    1|          0|
    |ap_loop_exit_ready_pp0_iter55_reg  |   1|   0|    1|          0|
    |ap_loop_exit_ready_pp0_iter56_reg  |   1|   0|    1|          0|
    |ap_loop_exit_ready_pp0_iter57_reg  |   1|   0|    1|          0|
    |ap_loop_exit_ready_pp0_iter58_reg  |   1|   0|    1|          0|
    |ap_loop_exit_ready_pp0_iter59_reg  |   1|   0|    1|          0|
    |ap_loop_exit_ready_pp0_iter5_reg   |   1|   0|    1|          0|
    |ap_loop_exit_ready_pp0_iter60_reg  |   1|   0|    1|          0|
    |ap_loop_exit_ready_pp0_iter61_reg  |   1|   0|    1|          0|
    |ap_loop_exit_ready_pp0_iter62_reg  |   1|   0|    1|          0|
    |ap_loop_exit_ready_pp0_iter63_reg  |   1|   0|    1|          0|
    |ap_loop_exit_ready_pp0_iter64_reg  |   1|   0|    1|          0|
    |ap_loop_exit_ready_pp0_iter65_reg  |   1|   0|    1|          0|
    |ap_loop_exit_ready_pp0_iter66_reg  |   1|   0|    1|          0|
    |ap_loop_exit_ready_pp0_iter67_reg  |   1|   0|    1|          0|
    |ap_loop_exit_ready_pp0_iter68_reg  |   1|   0|    1|          0|
    |ap_loop_exit_ready_pp0_iter69_reg  |   1|   0|    1|          0|
    |ap_loop_exit_ready_pp0_iter6_reg   |   1|   0|    1|          0|
    |ap_loop_exit_ready_pp0_iter70_reg  |   1|   0|    1|          0|
    |ap_loop_exit_ready_pp0_iter71_reg  |   1|   0|    1|          0|
    |ap_loop_exit_ready_pp0_iter72_reg  |   1|   0|    1|          0|
    |ap_loop_exit_ready_pp0_iter73_reg  |   1|   0|    1|          0|
    |ap_loop_exit_ready_pp0_iter7_reg   |   1|   0|    1|          0|
    |ap_loop_exit_ready_pp0_iter8_reg   |   1|   0|    1|          0|
    |ap_loop_exit_ready_pp0_iter9_reg   |   1|   0|    1|          0|
    |conv_i_i3_reg_507                  |  64|   0|   64|          0|
    |d_assign_2_reg_480                 |  32|   0|   32|          0|
    |dc_reg_517                         |  64|   0|   64|          0|
    |dx_reg_559                         |  32|   0|   32|          0|
    |dy_reg_564                         |  32|   0|   32|          0|
    |i_1_fu_100                         |   3|   0|    3|          0|
    |i_reg_466                          |   3|   0|    3|          0|
    |icmp_ln7_1_reg_492                 |   1|   0|    1|          0|
    |icmp_ln7_reg_487                   |   1|   0|    1|          0|
    |isNeg_reg_532                      |   1|   0|    1|          0|
    |mul_i_i_reg_502                    |  32|   0|   32|          0|
    |p_Result_s_reg_522                 |   1|   0|    1|          0|
    |p_Result_s_reg_522_pp0_iter27_reg  |   1|   0|    1|          0|
    |result_V_reg_548                   |  32|   0|   32|          0|
    |select_ln7_reg_512                 |   1|   0|   64|         63|
    |tmp_16_reg_527                     |  52|   0|   52|          0|
    |tmp_i_reg_579                      |   1|   0|    1|          0|
    |tmp_s_reg_497                      |   1|   0|    1|          0|
    |ush_reg_537                        |  12|   0|   12|          0|
    |val_reg_542                        |  32|   0|   32|          0|
    |i_reg_466                          |  64|  32|    3|          0|
    |icmp_ln7_1_reg_492                 |  64|  32|    1|          0|
    |icmp_ln7_reg_487                   |  64|  32|    1|          0|
    |tmp_s_reg_497                      |  64|  32|    1|          0|
    +-----------------------------------+----+----+-----+-----------+
    |Total                              | 867| 128|  680|         63|
    +-----------------------------------+----+----+-----+-----------+



================================================================
== Interface
================================================================
* Summary: 
+----------------------+-----+-----+------------+-------------------------------+--------------+
|       RTL Ports      | Dir | Bits|  Protocol  |         Source Object         |    C Type    |
+----------------------+-----+-----+------------+-------------------------------+--------------+
|ap_clk                |   in|    1|  ap_ctrl_hs|  rrt_Pipeline_VITIS_LOOP_112_1|  return value|
|ap_rst                |   in|    1|  ap_ctrl_hs|  rrt_Pipeline_VITIS_LOOP_112_1|  return value|
|ap_start              |   in|    1|  ap_ctrl_hs|  rrt_Pipeline_VITIS_LOOP_112_1|  return value|
|ap_done               |  out|    1|  ap_ctrl_hs|  rrt_Pipeline_VITIS_LOOP_112_1|  return value|
|ap_idle               |  out|    1|  ap_ctrl_hs|  rrt_Pipeline_VITIS_LOOP_112_1|  return value|
|ap_ready              |  out|    1|  ap_ctrl_hs|  rrt_Pipeline_VITIS_LOOP_112_1|  return value|
|grp_fu_545_p_din0     |  out|   32|  ap_ctrl_hs|  rrt_Pipeline_VITIS_LOOP_112_1|  return value|
|grp_fu_545_p_din1     |  out|   32|  ap_ctrl_hs|  rrt_Pipeline_VITIS_LOOP_112_1|  return value|
|grp_fu_545_p_dout0    |   in|   32|  ap_ctrl_hs|  rrt_Pipeline_VITIS_LOOP_112_1|  return value|
|grp_fu_545_p_ce       |  out|    1|  ap_ctrl_hs|  rrt_Pipeline_VITIS_LOOP_112_1|  return value|
|grp_fu_559_p_din0     |  out|   32|  ap_ctrl_hs|  rrt_Pipeline_VITIS_LOOP_112_1|  return value|
|grp_fu_559_p_dout0    |   in|   64|  ap_ctrl_hs|  rrt_Pipeline_VITIS_LOOP_112_1|  return value|
|grp_fu_559_p_ce       |  out|    1|  ap_ctrl_hs|  rrt_Pipeline_VITIS_LOOP_112_1|  return value|
|grp_fu_562_p_din0     |  out|   64|  ap_ctrl_hs|  rrt_Pipeline_VITIS_LOOP_112_1|  return value|
|grp_fu_562_p_din1     |  out|   64|  ap_ctrl_hs|  rrt_Pipeline_VITIS_LOOP_112_1|  return value|
|grp_fu_562_p_opcode   |  out|    2|  ap_ctrl_hs|  rrt_Pipeline_VITIS_LOOP_112_1|  return value|
|grp_fu_562_p_dout0    |   in|   64|  ap_ctrl_hs|  rrt_Pipeline_VITIS_LOOP_112_1|  return value|
|grp_fu_562_p_ce       |  out|    1|  ap_ctrl_hs|  rrt_Pipeline_VITIS_LOOP_112_1|  return value|
|Delta_x               |   in|   48|     ap_none|                        Delta_x|        scalar|
|Delta_y               |   in|   48|     ap_none|                        Delta_y|        scalar|
|x_new_pos_Position_x  |   in|   32|     ap_none|           x_new_pos_Position_x|        scalar|
|x_new_pos_Position_y  |   in|   32|     ap_none|           x_new_pos_Position_y|        scalar|
|sqrb                  |   in|   32|     ap_none|                           sqrb|        scalar|
|Bool_address0         |  out|    3|   ap_memory|                           Bool|         array|
|Bool_ce0              |  out|    1|   ap_memory|                           Bool|         array|
|Bool_we0              |  out|    1|   ap_memory|                           Bool|         array|
|Bool_d0               |  out|    1|   ap_memory|                           Bool|         array|
+----------------------+-----+-----+------------+-------------------------------+--------------+

