

================================================================
== Vitis HLS Report for 'rrt_Pipeline_VITIS_LOOP_396_2'
================================================================
* Date:           Tue May 30 11:08:31 2023

* Version:        2021.2 (Build 3367213 on Tue Oct 19 02:47:39 MDT 2021)
* Project:        new_fixedpoint2205
* Solution:       solution1 (Vivado IP Flow Target)
* Product family: zynq
* Target device:  xc7z020-clg400-1


================================================================
== Performance Estimates
================================================================
+ Timing: 
    * Summary: 
    +--------+---------+----------+------------+
    |  Clock |  Target | Estimated| Uncertainty|
    +--------+---------+----------+------------+
    |ap_clk  |  6.75 ns|  4.140 ns|     1.82 ns|
    +--------+---------+----------+------------+

+ Latency: 
    * Summary: 
    +---------+---------+----------+----------+-----+-----+---------+
    |  Latency (cycles) |  Latency (absolute) |  Interval | Pipeline|
    |   min   |   max   |    min   |    max   | min | max |   Type  |
    +---------+---------+----------+----------+-----+-----+---------+
    |        ?|        ?|         ?|         ?|    ?|    ?|       no|
    +---------+---------+----------+----------+-----+-----+---------+

    + Detail: 
        * Instance: 
        N/A

        * Loop: 
        +--------------------+---------+---------+----------+-----------+-----------+------+----------+
        |                    |  Latency (cycles) | Iteration|  Initiation Interval  | Trip |          |
        |      Loop Name     |   min   |   max   |  Latency |  achieved |   target  | Count| Pipelined|
        +--------------------+---------+---------+----------+-----------+-----------+------+----------+
        |- VITIS_LOOP_396_2  |        ?|        ?|         2|          1|          1|     ?|       yes|
        +--------------------+---------+---------+----------+-----------+-----------+------+----------+



================================================================
== Utilization Estimates
================================================================
* Summary: 
+-----------------+---------+-----+--------+-------+-----+
|       Name      | BRAM_18K| DSP |   FF   |  LUT  | URAM|
+-----------------+---------+-----+--------+-------+-----+
|DSP              |        -|    -|       -|      -|    -|
|Expression       |        -|    -|       0|     79|    -|
|FIFO             |        -|    -|       -|      -|    -|
|Instance         |        -|    -|       -|      -|    -|
|Memory           |        -|    -|       -|      -|    -|
|Multiplexer      |        -|    -|       -|     45|    -|
|Register         |        -|    -|      36|      -|    -|
+-----------------+---------+-----+--------+-------+-----+
|Total            |        0|    0|      36|    124|    0|
+-----------------+---------+-----+--------+-------+-----+
|Available        |      280|  220|  106400|  53200|    0|
+-----------------+---------+-----+--------+-------+-----+
|Utilization (%)  |        0|    0|      ~0|     ~0|    0|
+-----------------+---------+-----+--------+-------+-----+

+ Detail: 
    * Instance: 
    N/A

    * DSP: 
    N/A

    * Memory: 
    N/A

    * FIFO: 
    N/A

    * Expression: 
    +--------------------------------+----------+----+---+----+------------+------------+
    |          Variable Name         | Operation| DSP| FF| LUT| Bitwidth P0| Bitwidth P1|
    +--------------------------------+----------+----+---+----+------------+------------+
    |add_ln396_fu_164_p2             |         +|   0|  0|  39|          32|           1|
    |ap_block_pp0_stage0_01001       |       and|   0|  0|   2|           1|           1|
    |icmp_ln396_fu_158_p2            |      icmp|   0|  0|  18|          32|          32|
    |output_stream_last_V_fu_175_p2  |      icmp|   0|  0|  18|          32|          32|
    |ap_enable_pp0                   |       xor|   0|  0|   2|           1|           2|
    +--------------------------------+----------+----+---+----+------------+------------+
    |Total                           |          |   0|  0|  79|          98|          68|
    +--------------------------------+----------+----+---+----+------------+------------+

    * Multiplexer: 
    +-------------------------+----+-----------+-----+-----------+
    |           Name          | LUT| Input Size| Bits| Total Bits|
    +-------------------------+----+-----------+-----+-----------+
    |XNearStream_TDATA_blk_n  |   9|          2|    1|          2|
    |ap_done_int              |   9|          2|    1|          2|
    |ap_enable_reg_pp0_iter1  |   9|          2|    1|          2|
    |ap_sig_allocacmp_j       |   9|          2|   32|         64|
    |j_2_fu_66                |   9|          2|   32|         64|
    +-------------------------+----+-----------+-----+-----------+
    |Total                    |  45|         10|   67|        134|
    +-------------------------+----+-----------+-----+-----------+

    * Register: 
    +------------------------------+----+----+-----+-----------+
    |             Name             | FF | LUT| Bits| Const Bits|
    +------------------------------+----+----+-----+-----------+
    |ap_CS_fsm                     |   1|   0|    1|          0|
    |ap_done_reg                   |   1|   0|    1|          0|
    |ap_enable_reg_pp0_iter1       |   1|   0|    1|          0|
    |j_2_fu_66                     |  32|   0|   32|          0|
    |output_stream_last_V_reg_231  |   1|   0|    1|          0|
    +------------------------------+----+----+-----+-----------+
    |Total                         |  36|   0|   36|          0|
    +------------------------------+----+----+-----+-----------+



================================================================
== Interface
================================================================
* Summary: 
+-----------------------------+-----+-----+------------+-------------------------------+--------------+
|          RTL Ports          | Dir | Bits|  Protocol  |         Source Object         |    C Type    |
+-----------------------------+-----+-----+------------+-------------------------------+--------------+
|ap_clk                       |   in|    1|  ap_ctrl_hs|  rrt_Pipeline_VITIS_LOOP_396_2|  return value|
|ap_rst                       |   in|    1|  ap_ctrl_hs|  rrt_Pipeline_VITIS_LOOP_396_2|  return value|
|ap_start                     |   in|    1|  ap_ctrl_hs|  rrt_Pipeline_VITIS_LOOP_396_2|  return value|
|ap_done                      |  out|    1|  ap_ctrl_hs|  rrt_Pipeline_VITIS_LOOP_396_2|  return value|
|ap_idle                      |  out|    1|  ap_ctrl_hs|  rrt_Pipeline_VITIS_LOOP_396_2|  return value|
|ap_ready                     |  out|    1|  ap_ctrl_hs|  rrt_Pipeline_VITIS_LOOP_396_2|  return value|
|XNearStream_TREADY           |   in|    1|        axis|           XNearStream_V_data_V|       pointer|
|XNearStream_TDATA            |  out|   32|        axis|           XNearStream_V_data_V|       pointer|
|add                          |   in|   32|     ap_none|                            add|        scalar|
|x_near_address0              |  out|   10|   ap_memory|                         x_near|         array|
|x_near_ce0                   |  out|    1|   ap_memory|                         x_near|         array|
|x_near_q0                    |   in|   16|   ap_memory|                         x_near|         array|
|XNearCnt                     |   in|   32|     ap_none|                       XNearCnt|        scalar|
|output_stream_keep_V_reload  |   in|    4|     ap_none|    output_stream_keep_V_reload|        scalar|
|output_stream_strb_V_reload  |   in|    4|     ap_none|    output_stream_strb_V_reload|        scalar|
|tmp_user_V_reload            |   in|    2|     ap_none|              tmp_user_V_reload|        scalar|
|tmp_id_V_reload              |   in|    5|     ap_none|                tmp_id_V_reload|        scalar|
|tmp_dest_V_reload            |   in|    6|     ap_none|              tmp_dest_V_reload|        scalar|
|XNearStream_TVALID           |  out|    1|        axis|           XNearStream_V_dest_V|       pointer|
|XNearStream_TDEST            |  out|    6|        axis|           XNearStream_V_dest_V|       pointer|
|XNearStream_TKEEP            |  out|    4|        axis|           XNearStream_V_keep_V|       pointer|
|XNearStream_TSTRB            |  out|    4|        axis|           XNearStream_V_strb_V|       pointer|
|XNearStream_TUSER            |  out|    2|        axis|           XNearStream_V_user_V|       pointer|
|XNearStream_TLAST            |  out|    1|        axis|           XNearStream_V_last_V|       pointer|
|XNearStream_TID              |  out|    5|        axis|             XNearStream_V_id_V|       pointer|
+-----------------------------+-----+-----+------------+-------------------------------+--------------+

