

================================================================
== Vitis HLS Report for 'rrt_Pipeline_1'
================================================================
* Date:           Tue May 30 11:08:29 2023

* Version:        2021.2 (Build 3367213 on Tue Oct 19 02:47:39 MDT 2021)
* Project:        new_fixedpoint2205
* Solution:       solution1 (Vivado IP Flow Target)
* Product family: zynq
* Target device:  xc7z020-clg400-1


================================================================
== Performance Estimates
================================================================
+ Timing: 
    * Summary: 
    +--------+---------+----------+------------+
    |  Clock |  Target | Estimated| Uncertainty|
    +--------+---------+----------+------------+
    |ap_clk  |  6.75 ns|  3.797 ns|     1.82 ns|
    +--------+---------+----------+------------+

+ Latency: 
    * Summary: 
    +---------+---------+-----------+-----------+-------+-------+---------+
    |  Latency (cycles) |   Latency (absolute)  |    Interval   | Pipeline|
    |   min   |   max   |    min    |    max    |  min  |  max  |   Type  |
    +---------+---------+-----------+-----------+-------+-------+---------+
    |    10002|    10002|  67.513 us|  67.513 us|  10002|  10002|       no|
    +---------+---------+-----------+-----------+-------+-------+---------+

    + Detail: 
        * Instance: 
        N/A

        * Loop: 
        +----------+---------+---------+----------+-----------+-----------+-------+----------+
        |          |  Latency (cycles) | Iteration|  Initiation Interval  |  Trip |          |
        | Loop Name|   min   |   max   |  Latency |  achieved |   target  | Count | Pipelined|
        +----------+---------+---------+----------+-----------+-----------+-------+----------+
        |- Loop 1  |    10000|    10000|         1|          1|          1|  10000|       yes|
        +----------+---------+---------+----------+-----------+-----------+-------+----------+



================================================================
== Utilization Estimates
================================================================
* Summary: 
+-----------------+---------+-----+--------+-------+-----+
|       Name      | BRAM_18K| DSP |   FF   |  LUT  | URAM|
+-----------------+---------+-----+--------+-------+-----+
|DSP              |        -|    -|       -|      -|    -|
|Expression       |        -|    -|       0|     29|    -|
|FIFO             |        -|    -|       -|      -|    -|
|Instance         |        -|    -|       -|      -|    -|
|Memory           |        -|    -|       -|      -|    -|
|Multiplexer      |        -|    -|       -|     27|    -|
|Register         |        -|    -|      16|      -|    -|
+-----------------+---------+-----+--------+-------+-----+
|Total            |        0|    0|      16|     56|    0|
+-----------------+---------+-----+--------+-------+-----+
|Available        |      280|  220|  106400|  53200|    0|
+-----------------+---------+-----+--------+-------+-----+
|Utilization (%)  |        0|    0|      ~0|     ~0|    0|
+-----------------+---------+-----+--------+-------+-----+

+ Detail: 
    * Instance: 
    N/A

    * DSP: 
    N/A

    * Memory: 
    N/A

    * FIFO: 
    N/A

    * Expression: 
    +---------------------+----------+----+---+----+------------+------------+
    |    Variable Name    | Operation| DSP| FF| LUT| Bitwidth P0| Bitwidth P1|
    +---------------------+----------+----+---+----+------------+------------+
    |add_ln335_fu_84_p2   |         +|   0|  0|  17|          14|           1|
    |icmp_ln335_fu_97_p2  |      icmp|   0|  0|  12|          14|          14|
    +---------------------+----------+----+---+----+------------+------------+
    |Total                |          |   0|  0|  29|          28|          15|
    +---------------------+----------+----+---+----+------------+------------+

    * Multiplexer: 
    +---------------------------------+----+-----------+-----+-----------+
    |               Name              | LUT| Input Size| Bits| Total Bits|
    +---------------------------------+----+-----------+-----+-----------+
    |ap_done_int                      |   9|          2|    1|          2|
    |ap_sig_allocacmp_indvar227_load  |   9|          2|   14|         28|
    |indvar227_fu_30                  |   9|          2|   14|         28|
    +---------------------------------+----+-----------+-----+-----------+
    |Total                            |  27|          6|   29|         58|
    +---------------------------------+----+-----------+-----+-----------+

    * Register: 
    +-----------------+----+----+-----+-----------+
    |       Name      | FF | LUT| Bits| Const Bits|
    +-----------------+----+----+-----+-----------+
    |ap_CS_fsm        |   1|   0|    1|          0|
    |ap_done_reg      |   1|   0|    1|          0|
    |indvar227_fu_30  |  14|   0|   14|          0|
    +-----------------+----+----+-----+-----------+
    |Total            |  16|   0|   16|          0|
    +-----------------+----+----+-----+-----------+



================================================================
== Interface
================================================================
* Summary: 
+---------------------------------+-----+-----+------------+------------------------+--------------+
|            RTL Ports            | Dir | Bits|  Protocol  |      Source Object     |    C Type    |
+---------------------------------+-----+-----+------------+------------------------+--------------+
|ap_clk                           |   in|    1|  ap_ctrl_hs|          rrt_Pipeline_1|  return value|
|ap_rst                           |   in|    1|  ap_ctrl_hs|          rrt_Pipeline_1|  return value|
|ap_start                         |   in|    1|  ap_ctrl_hs|          rrt_Pipeline_1|  return value|
|ap_done                          |  out|    1|  ap_ctrl_hs|          rrt_Pipeline_1|  return value|
|ap_idle                          |  out|    1|  ap_ctrl_hs|          rrt_Pipeline_1|  return value|
|ap_ready                         |  out|    1|  ap_ctrl_hs|          rrt_Pipeline_1|  return value|
|RRT_Star_Position_x_address0     |  out|   14|   ap_memory|     RRT_Star_Position_x|         array|
|RRT_Star_Position_x_ce0          |  out|    1|   ap_memory|     RRT_Star_Position_x|         array|
|RRT_Star_Position_x_we0          |  out|    1|   ap_memory|     RRT_Star_Position_x|         array|
|RRT_Star_Position_x_d0           |  out|   32|   ap_memory|     RRT_Star_Position_x|         array|
|RRT_Star_Position_y_address0     |  out|   14|   ap_memory|     RRT_Star_Position_y|         array|
|RRT_Star_Position_y_ce0          |  out|    1|   ap_memory|     RRT_Star_Position_y|         array|
|RRT_Star_Position_y_we0          |  out|    1|   ap_memory|     RRT_Star_Position_y|         array|
|RRT_Star_Position_y_d0           |  out|   32|   ap_memory|     RRT_Star_Position_y|         array|
|RRT_Star_Location_List_address0  |  out|   14|   ap_memory|  RRT_Star_Location_List|         array|
|RRT_Star_Location_List_ce0       |  out|    1|   ap_memory|  RRT_Star_Location_List|         array|
|RRT_Star_Location_List_we0       |  out|    1|   ap_memory|  RRT_Star_Location_List|         array|
|RRT_Star_Location_List_d0        |  out|   16|   ap_memory|  RRT_Star_Location_List|         array|
+---------------------------------+-----+-----+------------+------------------------+--------------+

